2026-07-02 00:50:01 | === run 'gptbert_small_adaptive_v2' | device=mps | config=small (33.0M params) ===
2026-07-02 00:50:01 | seq_len=128 batch=32 grad_accum=4 (eff batch 128) | lr=0.0005 | epochs=10
2026-07-02 00:50:01 | blocks/epoch=126,267 | steps/epoch=986 | max_steps=9,860 | ~163M tokens over 10 epochs
2026-07-02 00:50:01 | live log: /Users/admin1/Downloads/babylm-eval/checkpoints/gptbert_small_adaptive_v2/train.log
2026-07-02 00:50:01 | optimizer: AdamW (lr=0.0005)
2026-07-02 00:50:01 | ADAPTIVE MASKING ON | period=200 lambda=0.2 | mask rate 0.4->0.15 (renormalized per-token)
2026-07-02 00:50:07 | [0:00:05] [------------------------]   0.0% | step      1/9860 | ep 0 | causal | loss  9.899 | lr 2.54e-06 |   0.01M words |  2921 tok/s | ETA 15:21:39
2026-07-02 00:51:35 | [0:01:34] [------------------------]   0.2% | step     20/9860 | ep 0 | masked | loss  8.736 | lr 5.08e-05 |   0.20M words |  3478 tok/s | ETA 12:52:40
2026-07-02 00:53:12 | [0:03:10] [------------------------]   0.4% | step     40/9860 | ep 0 | masked | loss  7.755 | lr 1.02e-04 |   0.40M words |  3440 tok/s | ETA 12:59:36
2026-07-02 00:54:49 | [0:04:48] [------------------------]   0.6% | step     60/9860 | ep 0 | masked | loss  6.872 | lr 1.52e-04 |   0.60M words |  3409 tok/s | ETA 13:05:03
2026-07-02 00:56:27 | [0:06:25] [------------------------]   0.8% | step     80/9860 | ep 0 | masked | loss  6.233 | lr 2.03e-04 |   0.80M words |  3400 tok/s | ETA 13:05:30
2026-07-02 00:58:05 | [0:08:03] [------------------------]   1.0% | step    100/9860 | ep 0 | masked | loss  6.008 | lr 2.54e-04 |   1.00M words |  3389 tok/s | ETA 13:06:26
2026-07-02 00:58:05 |   >> saved checkpoint chck_1M at 1.00M words
2026-07-02 00:59:43 | [0:09:41] [------------------------]   1.2% | step    120/9860 | ep 0 | masked | loss  5.663 | lr 3.05e-04 |   1.20M words |  3379 tok/s | ETA 13:07:08
2026-07-02 01:01:20 | [0:11:19] [------------------------]   1.4% | step    140/9860 | ep 0 | masked | loss  5.043 | lr 3.55e-04 |   1.41M words |  3377 tok/s | ETA 13:05:57
2026-07-02 01:02:57 | [0:12:56] [------------------------]   1.6% | step    160/9860 | ep 0 | masked | loss  5.462 | lr 4.06e-04 |   1.61M words |  3378 tok/s | ETA 13:04:10
2026-07-02 01:04:35 | [0:14:33] [------------------------]   1.8% | step    180/9860 | ep 0 | masked | loss  5.020 | lr 4.57e-04 |   1.81M words |  3375 tok/s | ETA 13:03:10
2026-07-02 01:06:13 |   adaptive-mask @200: w[min=0.000 max=0.474] target 0.395
2026-07-02 01:06:13 | [0:16:11] [------------------------]   2.0% | step    200/9860 | ep 0 | masked | loss  5.121 | lr 5.00e-04 |   2.01M words |  3373 tok/s | ETA 13:02:07
2026-07-02 01:06:13 |   >> saved checkpoint chck_2M at 2.01M words
2026-07-02 01:07:51 | [0:17:49] [------------------------]   2.2% | step    220/9860 | ep 0 | masked | loss  5.440 | lr 5.00e-04 |   2.21M words |  3370 tok/s | ETA 13:01:10
2026-07-02 01:09:28 | [0:19:27] [------------------------]   2.4% | step    240/9860 | ep 0 | causal | loss  4.821 | lr 5.00e-04 |   2.41M words |  3369 tok/s | ETA 12:59:44
2026-07-02 01:11:06 | [0:21:04] [------------------------]   2.6% | step    260/9860 | ep 0 | masked | loss  5.068 | lr 5.00e-04 |   2.61M words |  3368 tok/s | ETA 12:58:17
2026-07-02 01:12:44 | [0:22:42] [------------------------]   2.8% | step    280/9860 | ep 0 | masked | loss  4.902 | lr 5.00e-04 |   2.81M words |  3367 tok/s | ETA 12:57:02
2026-07-02 01:14:16 |   >> saved checkpoint chck_3M at 3.00M words
2026-07-02 01:14:21 | [0:24:20] [------------------------]   3.0% | step    300/9860 | ep 0 | masked | loss  5.196 | lr 5.00e-04 |   3.01M words |  3366 tok/s | ETA 12:55:29
2026-07-02 01:15:58 | [0:25:57] [------------------------]   3.2% | step    320/9860 | ep 0 | masked | loss  5.008 | lr 5.00e-04 |   3.21M words |  3367 tok/s | ETA 12:53:41
2026-07-02 01:17:36 | [0:27:34] [------------------------]   3.4% | step    340/9860 | ep 0 | masked | loss  5.176 | lr 5.00e-04 |   3.41M words |  3366 tok/s | ETA 12:52:18
2026-07-02 01:19:13 | [0:29:12] [------------------------]   3.7% | step    360/9860 | ep 0 | masked | loss  5.112 | lr 5.00e-04 |   3.61M words |  3366 tok/s | ETA 12:50:42
2026-07-02 01:20:51 | [0:30:50] [------------------------]   3.9% | step    380/9860 | ep 0 | masked | loss  4.773 | lr 5.00e-04 |   3.81M words |  3365 tok/s | ETA 12:49:14
2026-07-02 01:22:25 |   >> saved checkpoint chck_4M at 4.00M words
2026-07-02 01:22:30 |   adaptive-mask @400: w[min=0.000 max=0.548] target 0.390
2026-07-02 01:22:30 | [0:32:28] [------------------------]   4.1% | step    400/9860 | ep 0 | masked | loss  4.963 | lr 4.99e-04 |   4.01M words |  3363 tok/s | ETA 12:48:08
2026-07-02 01:24:07 | [0:34:06] [#-----------------------]   4.3% | step    420/9860 | ep 0 | masked | loss  5.192 | lr 4.99e-04 |   4.22M words |  3363 tok/s | ETA 12:46:30
2026-07-02 01:25:45 | [0:35:44] [#-----------------------]   4.5% | step    440/9860 | ep 0 | masked | loss  4.975 | lr 4.99e-04 |   4.42M words |  3362 tok/s | ETA 12:45:07
2026-07-02 01:27:23 | [0:37:21] [#-----------------------]   4.7% | step    460/9860 | ep 0 | masked | loss  5.198 | lr 4.99e-04 |   4.62M words |  3362 tok/s | ETA 12:43:30
2026-07-02 01:29:00 | [0:38:59] [#-----------------------]   4.9% | step    480/9860 | ep 0 | masked | loss  5.018 | lr 4.99e-04 |   4.82M words |  3362 tok/s | ETA 12:41:48
2026-07-02 01:30:34 |   >> saved checkpoint chck_5M at 5.01M words
2026-07-02 01:30:39 | [0:40:37] [#-----------------------]   5.1% | step    500/9860 | ep 0 | masked | loss  5.183 | lr 4.99e-04 |   5.02M words |  3361 tok/s | ETA 12:40:34
2026-07-02 01:32:17 | [0:42:15] [#-----------------------]   5.3% | step    520/9860 | ep 0 | masked | loss  4.907 | lr 4.99e-04 |   5.22M words |  3360 tok/s | ETA 12:39:06
2026-07-02 01:33:55 | [0:43:53] [#-----------------------]   5.5% | step    540/9860 | ep 0 | masked | loss  4.892 | lr 4.98e-04 |   5.42M words |  3359 tok/s | ETA 12:37:33
2026-07-02 01:35:32 | [0:45:30] [#-----------------------]   5.7% | step    560/9860 | ep 0 | masked | loss  5.280 | lr 4.98e-04 |   5.62M words |  3360 tok/s | ETA 12:35:49
2026-07-02 01:37:10 | [0:47:08] [#-----------------------]   5.9% | step    580/9860 | ep 0 | causal | loss  4.202 | lr 4.98e-04 |   5.82M words |  3359 tok/s | ETA 12:34:22
2026-07-02 01:38:38 |   >> saved checkpoint chck_6M at 6.00M words
2026-07-02 01:38:48 |   adaptive-mask @600: w[min=0.000 max=0.585] target 0.385
2026-07-02 01:38:48 | [0:48:46] [#-----------------------]   6.1% | step    600/9860 | ep 0 | masked | loss  4.996 | lr 4.98e-04 |   6.02M words |  3359 tok/s | ETA 12:32:48
2026-07-02 01:40:25 | [0:50:24] [#-----------------------]   6.3% | step    620/9860 | ep 0 | masked | loss  5.246 | lr 4.98e-04 |   6.22M words |  3359 tok/s | ETA 12:31:11
2026-07-02 01:42:03 | [0:52:01] [#-----------------------]   6.5% | step    640/9860 | ep 0 | masked | loss  5.125 | lr 4.97e-04 |   6.42M words |  3359 tok/s | ETA 12:29:33
2026-07-02 01:43:40 | [0:53:39] [#-----------------------]   6.7% | step    660/9860 | ep 0 | masked | loss  4.829 | lr 4.97e-04 |   6.62M words |  3359 tok/s | ETA 12:27:55
2026-07-02 01:45:18 | [0:55:17] [#-----------------------]   6.9% | step    680/9860 | ep 0 | masked | loss  5.279 | lr 4.97e-04 |   6.82M words |  3359 tok/s | ETA 12:26:23
2026-07-02 01:46:46 |   >> saved checkpoint chck_7M at 7.00M words
2026-07-02 01:46:56 | [0:56:55] [#-----------------------]   7.1% | step    700/9860 | ep 0 | masked | loss  5.336 | lr 4.97e-04 |   7.03M words |  3358 tok/s | ETA 12:24:49
2026-07-02 01:48:33 | [0:58:32] [#-----------------------]   7.3% | step    720/9860 | ep 0 | masked | loss  4.847 | lr 4.96e-04 |   7.23M words |  3359 tok/s | ETA 12:23:07
2026-07-02 01:50:11 | [1:00:10] [#-----------------------]   7.5% | step    740/9860 | ep 0 | masked | loss  5.072 | lr 4.96e-04 |   7.43M words |  3358 tok/s | ETA 12:21:31
2026-07-02 01:51:49 | [1:01:47] [#-----------------------]   7.7% | step    760/9860 | ep 0 | masked | loss  5.160 | lr 4.96e-04 |   7.63M words |  3358 tok/s | ETA 12:19:55
2026-07-02 01:53:26 | [1:03:24] [#-----------------------]   7.9% | step    780/9860 | ep 0 | masked | loss  5.052 | lr 4.96e-04 |   7.83M words |  3359 tok/s | ETA 12:18:12
2026-07-02 01:54:54 |   >> saved checkpoint chck_8M at 8.01M words
2026-07-02 01:55:04 |   adaptive-mask @800: w[min=0.000 max=0.603] target 0.380
2026-07-02 01:55:04 | [1:05:02] [#-----------------------]   8.1% | step    800/9860 | ep 0 | masked | loss  4.683 | lr 4.95e-04 |   8.03M words |  3359 tok/s | ETA 12:16:36
2026-07-02 01:56:41 | [1:06:39] [#-----------------------]   8.3% | step    820/9860 | ep 0 | masked | loss  5.069 | lr 4.95e-04 |   8.23M words |  3359 tok/s | ETA 12:14:56
2026-07-02 01:58:18 | [1:08:17] [##----------------------]   8.5% | step    840/9860 | ep 0 | masked | loss  4.925 | lr 4.95e-04 |   8.43M words |  3359 tok/s | ETA 12:13:18
2026-07-02 01:59:56 | [1:09:55] [##----------------------]   8.7% | step    860/9860 | ep 0 | masked | loss  5.039 | lr 4.94e-04 |   8.63M words |  3359 tok/s | ETA 12:11:42
2026-07-02 02:01:34 | [1:11:32] [##----------------------]   8.9% | step    880/9860 | ep 0 | masked | loss  5.084 | lr 4.94e-04 |   8.83M words |  3359 tok/s | ETA 12:10:06
2026-07-02 02:02:57 |   >> saved checkpoint chck_9M at 9.00M words
2026-07-02 02:03:12 | [1:13:10] [##----------------------]   9.1% | step    900/9860 | ep 0 | masked | loss  5.218 | lr 4.93e-04 |   9.03M words |  3358 tok/s | ETA 12:08:33
2026-07-02 02:04:48 | [1:14:46] [##----------------------]   9.3% | step    920/9860 | ep 0 | masked | loss  4.994 | lr 4.93e-04 |   9.23M words |  3359 tok/s | ETA 12:06:41
2026-07-02 02:06:25 | [1:16:24] [##----------------------]   9.5% | step    940/9860 | ep 0 | masked | loss  4.951 | lr 4.93e-04 |   9.43M words |  3359 tok/s | ETA 12:05:03
2026-07-02 02:08:03 | [1:18:01] [##----------------------]   9.7% | step    960/9860 | ep 0 | masked | loss  4.701 | lr 4.92e-04 |   9.63M words |  3359 tok/s | ETA 12:03:25
2026-07-02 02:09:40 | [1:19:39] [##----------------------]   9.9% | step    980/9860 | ep 0 | masked | loss  4.607 | lr 4.92e-04 |   9.84M words |  3360 tok/s | ETA 12:01:46
2026-07-02 02:11:05 |   >> saved checkpoint chck_10M at 10.01M words
2026-07-02 02:11:20 |   adaptive-mask @1000: w[min=0.000 max=0.612] target 0.375
2026-07-02 02:11:20 | [1:21:18] [##----------------------]  10.1% | step   1000/9860 | ep 1 | masked | loss  5.008 | lr 4.92e-04 |  10.04M words |  3359 tok/s | ETA 12:00:25
2026-07-02 02:12:58 | [1:22:56] [##----------------------]  10.3% | step   1020/9860 | ep 1 | masked | loss  4.934 | lr 4.91e-04 |  10.24M words |  3359 tok/s | ETA 11:58:49
2026-07-02 02:14:35 | [1:24:34] [##----------------------]  10.5% | step   1040/9860 | ep 1 | masked | loss  5.117 | lr 4.91e-04 |  10.44M words |  3359 tok/s | ETA 11:57:13
2026-07-02 02:16:13 | [1:26:11] [##----------------------]  10.8% | step   1060/9860 | ep 1 | masked | loss  5.020 | lr 4.90e-04 |  10.64M words |  3359 tok/s | ETA 11:55:33
2026-07-02 02:17:50 | [1:27:48] [##----------------------]  11.0% | step   1080/9860 | ep 1 | masked | loss  4.816 | lr 4.90e-04 |  10.84M words |  3359 tok/s | ETA 11:53:54
2026-07-02 02:19:27 | [1:29:25] [##----------------------]  11.2% | step   1100/9860 | ep 1 | masked | loss  4.741 | lr 4.89e-04 |  11.04M words |  3360 tok/s | ETA 11:52:10
2026-07-02 02:21:04 | [1:31:02] [##----------------------]  11.4% | step   1120/9860 | ep 1 | masked | loss  4.935 | lr 4.89e-04 |  11.24M words |  3360 tok/s | ETA 11:50:30
2026-07-02 02:22:42 | [1:32:40] [##----------------------]  11.6% | step   1140/9860 | ep 1 | masked | loss  4.563 | lr 4.88e-04 |  11.44M words |  3360 tok/s | ETA 11:48:52
2026-07-02 02:24:19 | [1:34:17] [##----------------------]  11.8% | step   1160/9860 | ep 1 | masked | loss  4.388 | lr 4.88e-04 |  11.64M words |  3360 tok/s | ETA 11:47:11
2026-07-02 02:25:56 | [1:35:54] [##----------------------]  12.0% | step   1180/9860 | ep 1 | masked | loss  4.662 | lr 4.87e-04 |  11.84M words |  3360 tok/s | ETA 11:45:32
2026-07-02 02:27:33 |   adaptive-mask @1200: w[min=0.000 max=0.619] target 0.370
2026-07-02 02:27:33 | [1:37:32] [##----------------------]  12.2% | step   1200/9860 | ep 1 | masked | loss  4.442 | lr 4.87e-04 |  12.05M words |  3360 tok/s | ETA 11:43:52
2026-07-02 02:29:11 | [1:39:09] [##----------------------]  12.4% | step   1220/9860 | ep 1 | masked | loss  4.703 | lr 4.86e-04 |  12.25M words |  3360 tok/s | ETA 11:42:16
2026-07-02 02:30:48 | [1:40:47] [###---------------------]  12.6% | step   1240/9860 | ep 1 | masked | loss  4.580 | lr 4.86e-04 |  12.45M words |  3360 tok/s | ETA 11:40:38
2026-07-02 02:32:26 | [1:42:24] [###---------------------]  12.8% | step   1260/9860 | ep 1 | masked | loss  4.973 | lr 4.85e-04 |  12.65M words |  3360 tok/s | ETA 11:39:01
2026-07-02 02:34:04 | [1:44:02] [###---------------------]  13.0% | step   1280/9860 | ep 1 | masked | loss  4.910 | lr 4.85e-04 |  12.85M words |  3360 tok/s | ETA 11:37:24
2026-07-02 02:35:41 | [1:45:39] [###---------------------]  13.2% | step   1300/9860 | ep 1 | masked | loss  4.531 | lr 4.84e-04 |  13.05M words |  3360 tok/s | ETA 11:35:44
2026-07-02 02:37:18 | [1:47:17] [###---------------------]  13.4% | step   1320/9860 | ep 1 | masked | loss  4.882 | lr 4.84e-04 |  13.25M words |  3360 tok/s | ETA 11:34:06
2026-07-02 02:38:55 | [1:48:54] [###---------------------]  13.6% | step   1340/9860 | ep 1 | masked | loss  4.719 | lr 4.83e-04 |  13.45M words |  3361 tok/s | ETA 11:32:26
2026-07-02 02:40:33 | [1:50:32] [###---------------------]  13.8% | step   1360/9860 | ep 1 | masked | loss  4.773 | lr 4.82e-04 |  13.65M words |  3360 tok/s | ETA 11:30:51
2026-07-02 02:42:10 | [1:52:09] [###---------------------]  14.0% | step   1380/9860 | ep 1 | masked | loss  4.447 | lr 4.82e-04 |  13.85M words |  3361 tok/s | ETA 11:29:11
2026-07-02 02:43:47 |   adaptive-mask @1400: w[min=0.000 max=0.620] target 0.365
2026-07-02 02:43:47 | [1:53:46] [###---------------------]  14.2% | step   1400/9860 | ep 1 | causal | loss  3.869 | lr 4.81e-04 |  14.05M words |  3361 tok/s | ETA 11:27:28
2026-07-02 02:45:23 | [1:55:22] [###---------------------]  14.4% | step   1420/9860 | ep 1 | masked | loss  4.711 | lr 4.80e-04 |  14.25M words |  3362 tok/s | ETA 11:25:42
2026-07-02 02:46:59 | [1:56:58] [###---------------------]  14.6% | step   1440/9860 | ep 1 | masked | loss  4.621 | lr 4.80e-04 |  14.45M words |  3362 tok/s | ETA 11:23:56
2026-07-02 02:48:36 | [1:58:35] [###---------------------]  14.8% | step   1460/9860 | ep 1 | causal | loss  4.104 | lr 4.79e-04 |  14.65M words |  3362 tok/s | ETA 11:22:17
2026-07-02 02:50:14 | [2:00:13] [###---------------------]  15.0% | step   1480/9860 | ep 1 | masked | loss  4.453 | lr 4.79e-04 |  14.86M words |  3362 tok/s | ETA 11:20:43
2026-07-02 02:51:53 | [2:01:51] [###---------------------]  15.2% | step   1500/9860 | ep 1 | masked | loss  4.810 | lr 4.78e-04 |  15.06M words |  3362 tok/s | ETA 11:19:10
2026-07-02 02:53:30 | [2:03:29] [###---------------------]  15.4% | step   1520/9860 | ep 1 | masked | loss  4.668 | lr 4.77e-04 |  15.26M words |  3362 tok/s | ETA 11:17:32
2026-07-02 02:55:07 | [2:05:05] [###---------------------]  15.6% | step   1540/9860 | ep 1 | masked | loss  4.496 | lr 4.77e-04 |  15.46M words |  3362 tok/s | ETA 11:15:51
2026-07-02 02:56:44 | [2:06:42] [###---------------------]  15.8% | step   1560/9860 | ep 1 | causal | loss  3.764 | lr 4.76e-04 |  15.66M words |  3362 tok/s | ETA 11:14:10
2026-07-02 02:58:21 | [2:08:19] [###---------------------]  16.0% | step   1580/9860 | ep 1 | masked | loss  4.518 | lr 4.75e-04 |  15.86M words |  3362 tok/s | ETA 11:12:31
2026-07-02 02:59:58 |   adaptive-mask @1600: w[min=0.000 max=0.619] target 0.359
2026-07-02 02:59:58 | [2:09:57] [###---------------------]  16.2% | step   1600/9860 | ep 1 | masked | loss  4.761 | lr 4.74e-04 |  16.06M words |  3362 tok/s | ETA 11:10:54
2026-07-02 03:01:36 | [2:11:34] [###---------------------]  16.4% | step   1620/9860 | ep 1 | masked | loss  4.213 | lr 4.74e-04 |  16.26M words |  3363 tok/s | ETA 11:09:14
2026-07-02 03:03:14 | [2:13:12] [###---------------------]  16.6% | step   1640/9860 | ep 1 | masked | loss  4.191 | lr 4.73e-04 |  16.46M words |  3362 tok/s | ETA 11:07:40
2026-07-02 03:04:51 | [2:14:49] [####--------------------]  16.8% | step   1660/9860 | ep 1 | masked | loss  4.462 | lr 4.72e-04 |  16.66M words |  3362 tok/s | ETA 11:06:02
2026-07-02 03:06:28 | [2:16:27] [####--------------------]  17.0% | step   1680/9860 | ep 1 | masked | loss  4.283 | lr 4.72e-04 |  16.86M words |  3362 tok/s | ETA 11:04:24
2026-07-02 03:08:06 | [2:18:04] [####--------------------]  17.2% | step   1700/9860 | ep 1 | masked | loss  4.172 | lr 4.71e-04 |  17.06M words |  3362 tok/s | ETA 11:02:46
2026-07-02 03:09:43 | [2:19:42] [####--------------------]  17.4% | step   1720/9860 | ep 1 | masked | loss  4.204 | lr 4.70e-04 |  17.26M words |  3362 tok/s | ETA 11:01:08
2026-07-02 03:11:21 | [2:21:19] [####--------------------]  17.6% | step   1740/9860 | ep 1 | masked | loss  4.643 | lr 4.69e-04 |  17.46M words |  3362 tok/s | ETA 10:59:32
2026-07-02 03:12:58 | [2:22:56] [####--------------------]  17.8% | step   1760/9860 | ep 1 | masked | loss  4.638 | lr 4.68e-04 |  17.67M words |  3363 tok/s | ETA 10:57:51
2026-07-02 03:14:34 | [2:24:33] [####--------------------]  18.1% | step   1780/9860 | ep 1 | masked | loss  4.147 | lr 4.68e-04 |  17.87M words |  3363 tok/s | ETA 10:56:10
2026-07-02 03:16:12 |   adaptive-mask @1800: w[min=0.000 max=0.618] target 0.354
2026-07-02 03:16:12 | [2:26:10] [####--------------------]  18.3% | step   1800/9860 | ep 1 | masked | loss  4.547 | lr 4.67e-04 |  18.07M words |  3363 tok/s | ETA 10:54:32
2026-07-02 03:17:49 | [2:27:47] [####--------------------]  18.5% | step   1820/9860 | ep 1 | masked | loss  4.419 | lr 4.66e-04 |  18.27M words |  3363 tok/s | ETA 10:52:55
2026-07-02 03:19:27 | [2:29:26] [####--------------------]  18.7% | step   1840/9860 | ep 1 | masked | loss  4.105 | lr 4.65e-04 |  18.47M words |  3363 tok/s | ETA 10:51:21
2026-07-02 03:21:05 | [2:31:03] [####--------------------]  18.9% | step   1860/9860 | ep 1 | masked | loss  4.141 | lr 4.64e-04 |  18.67M words |  3363 tok/s | ETA 10:49:44
2026-07-02 03:22:42 | [2:32:40] [####--------------------]  19.1% | step   1880/9860 | ep 1 | masked | loss  4.452 | lr 4.64e-04 |  18.87M words |  3363 tok/s | ETA 10:48:05
2026-07-02 03:24:19 | [2:34:18] [####--------------------]  19.3% | step   1900/9860 | ep 1 | masked | loss  4.486 | lr 4.63e-04 |  19.07M words |  3363 tok/s | ETA 10:46:28
2026-07-02 03:25:57 | [2:35:55] [####--------------------]  19.5% | step   1920/9860 | ep 1 | masked | loss  4.460 | lr 4.62e-04 |  19.27M words |  3363 tok/s | ETA 10:44:50
2026-07-02 03:27:34 | [2:37:33] [####--------------------]  19.7% | step   1940/9860 | ep 1 | masked | loss  4.371 | lr 4.61e-04 |  19.47M words |  3363 tok/s | ETA 10:43:12
2026-07-02 03:29:11 | [2:39:10] [####--------------------]  19.9% | step   1960/9860 | ep 1 | masked | loss  4.188 | lr 4.60e-04 |  19.67M words |  3363 tok/s | ETA 10:41:33
2026-07-02 03:30:50 | [2:40:48] [####--------------------]  20.1% | step   1980/9860 | ep 2 | masked | loss  4.247 | lr 4.59e-04 |  19.88M words |  3363 tok/s | ETA 10:40:00
2026-07-02 03:31:53 |   >> saved checkpoint chck_20M at 20.01M words
2026-07-02 03:32:28 |   adaptive-mask @2000: w[min=0.000 max=0.616] target 0.349
2026-07-02 03:32:28 | [2:42:26] [####--------------------]  20.3% | step   2000/9860 | ep 2 | masked | loss  4.383 | lr 4.58e-04 |  20.08M words |  3363 tok/s | ETA 10:38:24
2026-07-02 03:34:05 | [2:44:04] [####--------------------]  20.5% | step   2020/9860 | ep 2 | masked | loss  4.233 | lr 4.57e-04 |  20.28M words |  3363 tok/s | ETA 10:36:47
2026-07-02 03:35:42 | [2:45:41] [####--------------------]  20.7% | step   2040/9860 | ep 2 | masked | loss  3.922 | lr 4.56e-04 |  20.48M words |  3363 tok/s | ETA 10:35:08
2026-07-02 03:37:19 | [2:47:18] [#####-------------------]  20.9% | step   2060/9860 | ep 2 | masked | loss  3.930 | lr 4.56e-04 |  20.68M words |  3363 tok/s | ETA 10:33:28
2026-07-02 03:38:56 | [2:48:55] [#####-------------------]  21.1% | step   2080/9860 | ep 2 | masked | loss  4.039 | lr 4.55e-04 |  20.88M words |  3363 tok/s | ETA 10:31:49
2026-07-02 03:40:34 | [2:50:32] [#####-------------------]  21.3% | step   2100/9860 | ep 2 | masked | loss  4.341 | lr 4.54e-04 |  21.08M words |  3363 tok/s | ETA 10:30:12
2026-07-02 03:42:11 | [2:52:10] [#####-------------------]  21.5% | step   2120/9860 | ep 2 | masked | loss  4.149 | lr 4.53e-04 |  21.28M words |  3363 tok/s | ETA 10:28:34
2026-07-02 03:43:48 | [2:53:47] [#####-------------------]  21.7% | step   2140/9860 | ep 2 | masked | loss  4.046 | lr 4.52e-04 |  21.48M words |  3363 tok/s | ETA 10:26:56
2026-07-02 03:45:26 | [2:55:25] [#####-------------------]  21.9% | step   2160/9860 | ep 2 | masked | loss  4.025 | lr 4.51e-04 |  21.68M words |  3363 tok/s | ETA 10:25:19
2026-07-02 03:47:04 | [2:57:03] [#####-------------------]  22.1% | step   2180/9860 | ep 2 | masked | loss  4.102 | lr 4.50e-04 |  21.88M words |  3363 tok/s | ETA 10:23:45
2026-07-02 03:48:42 |   adaptive-mask @2200: w[min=0.000 max=0.614] target 0.344
2026-07-02 03:48:42 | [2:58:41] [#####-------------------]  22.3% | step   2200/9860 | ep 2 | masked | loss  3.893 | lr 4.49e-04 |  22.08M words |  3363 tok/s | ETA 10:22:09
2026-07-02 03:50:20 | [3:00:18] [#####-------------------]  22.5% | step   2220/9860 | ep 2 | causal | loss  3.557 | lr 4.48e-04 |  22.28M words |  3363 tok/s | ETA 10:20:32
2026-07-02 03:51:57 | [3:01:55] [#####-------------------]  22.7% | step   2240/9860 | ep 2 | masked | loss  4.332 | lr 4.47e-04 |  22.49M words |  3363 tok/s | ETA 10:18:53
2026-07-02 03:53:34 | [3:03:33] [#####-------------------]  22.9% | step   2260/9860 | ep 2 | masked | loss  4.029 | lr 4.46e-04 |  22.69M words |  3363 tok/s | ETA 10:17:15
2026-07-02 03:55:10 | [3:05:09] [#####-------------------]  23.1% | step   2280/9860 | ep 2 | masked | loss  4.363 | lr 4.45e-04 |  22.89M words |  3363 tok/s | ETA 10:15:33
2026-07-02 03:56:48 | [3:06:46] [#####-------------------]  23.3% | step   2300/9860 | ep 2 | masked | loss  4.408 | lr 4.44e-04 |  23.09M words |  3363 tok/s | ETA 10:13:55
2026-07-02 03:58:25 | [3:08:23] [#####-------------------]  23.5% | step   2320/9860 | ep 2 | masked | loss  4.281 | lr 4.43e-04 |  23.29M words |  3363 tok/s | ETA 10:12:16
2026-07-02 04:00:01 | [3:09:59] [#####-------------------]  23.7% | step   2340/9860 | ep 2 | masked | loss  4.102 | lr 4.42e-04 |  23.49M words |  3364 tok/s | ETA 10:10:35
2026-07-02 04:01:38 | [3:11:37] [#####-------------------]  23.9% | step   2360/9860 | ep 2 | masked | loss  4.222 | lr 4.41e-04 |  23.69M words |  3364 tok/s | ETA 10:08:58
2026-07-02 04:03:15 | [3:13:14] [#####-------------------]  24.1% | step   2380/9860 | ep 2 | masked | loss  4.076 | lr 4.40e-04 |  23.89M words |  3364 tok/s | ETA 10:07:19
2026-07-02 04:04:52 |   adaptive-mask @2400: w[min=0.000 max=0.612] target 0.339
2026-07-02 04:04:52 | [3:14:51] [#####-------------------]  24.3% | step   2400/9860 | ep 2 | masked | loss  4.268 | lr 4.39e-04 |  24.09M words |  3364 tok/s | ETA 10:05:40
2026-07-02 04:06:30 | [3:16:29] [#####-------------------]  24.5% | step   2420/9860 | ep 2 | masked | loss  3.892 | lr 4.38e-04 |  24.29M words |  3364 tok/s | ETA 10:04:04
2026-07-02 04:08:08 | [3:18:06] [#####-------------------]  24.7% | step   2440/9860 | ep 2 | masked | loss  3.829 | lr 4.36e-04 |  24.49M words |  3364 tok/s | ETA 10:02:26
2026-07-02 04:09:44 | [3:19:43] [#####-------------------]  24.9% | step   2460/9860 | ep 2 | masked | loss  4.301 | lr 4.35e-04 |  24.69M words |  3364 tok/s | ETA 10:00:47
2026-07-02 04:11:21 | [3:21:20] [######------------------]  25.2% | step   2480/9860 | ep 2 | masked | loss  4.131 | lr 4.34e-04 |  24.89M words |  3364 tok/s | ETA 9:59:07
2026-07-02 04:12:58 | [3:22:57] [######------------------]  25.4% | step   2500/9860 | ep 2 | masked | loss  3.841 | lr 4.33e-04 |  25.09M words |  3364 tok/s | ETA 9:57:29
2026-07-02 04:14:36 | [3:24:34] [######------------------]  25.6% | step   2520/9860 | ep 2 | masked | loss  4.357 | lr 4.32e-04 |  25.30M words |  3364 tok/s | ETA 9:55:52
2026-07-02 04:16:13 | [3:26:12] [######------------------]  25.8% | step   2540/9860 | ep 2 | masked | loss  4.147 | lr 4.31e-04 |  25.50M words |  3364 tok/s | ETA 9:54:15
2026-07-02 04:17:51 | [3:27:50] [######------------------]  26.0% | step   2560/9860 | ep 2 | masked | loss  4.128 | lr 4.30e-04 |  25.70M words |  3364 tok/s | ETA 9:52:40
2026-07-02 04:19:29 | [3:29:28] [######------------------]  26.2% | step   2580/9860 | ep 2 | masked | loss  3.749 | lr 4.29e-04 |  25.90M words |  3364 tok/s | ETA 9:51:04
2026-07-02 04:21:07 |   adaptive-mask @2600: w[min=0.000 max=0.606] target 0.334
2026-07-02 04:21:07 | [3:31:05] [######------------------]  26.4% | step   2600/9860 | ep 2 | masked | loss  4.084 | lr 4.28e-04 |  26.10M words |  3364 tok/s | ETA 9:49:26
2026-07-02 04:22:44 | [3:32:43] [######------------------]  26.6% | step   2620/9860 | ep 2 | masked | loss  4.199 | lr 4.26e-04 |  26.30M words |  3364 tok/s | ETA 9:47:48
2026-07-02 04:24:22 | [3:34:20] [######------------------]  26.8% | step   2640/9860 | ep 2 | masked | loss  4.123 | lr 4.25e-04 |  26.50M words |  3364 tok/s | ETA 9:46:12
2026-07-02 04:26:00 | [3:35:58] [######------------------]  27.0% | step   2660/9860 | ep 2 | masked | loss  3.962 | lr 4.24e-04 |  26.70M words |  3364 tok/s | ETA 9:44:36
2026-07-02 04:27:38 | [3:37:36] [######------------------]  27.2% | step   2680/9860 | ep 2 | masked | loss  4.027 | lr 4.23e-04 |  26.90M words |  3364 tok/s | ETA 9:43:00
2026-07-02 04:29:15 | [3:39:13] [######------------------]  27.4% | step   2700/9860 | ep 2 | masked | loss  4.096 | lr 4.22e-04 |  27.10M words |  3364 tok/s | ETA 9:41:22
2026-07-02 04:30:52 | [3:40:51] [######------------------]  27.6% | step   2720/9860 | ep 2 | masked | loss  4.239 | lr 4.21e-04 |  27.30M words |  3364 tok/s | ETA 9:39:43
2026-07-02 04:32:30 | [3:42:28] [######------------------]  27.8% | step   2740/9860 | ep 2 | masked | loss  3.999 | lr 4.19e-04 |  27.50M words |  3364 tok/s | ETA 9:38:06
2026-07-02 04:34:07 | [3:44:06] [######------------------]  28.0% | step   2760/9860 | ep 2 | masked | loss  4.075 | lr 4.18e-04 |  27.70M words |  3364 tok/s | ETA 9:36:30
2026-07-02 04:35:44 | [3:45:43] [######------------------]  28.2% | step   2780/9860 | ep 2 | masked | loss  4.182 | lr 4.17e-04 |  27.90M words |  3364 tok/s | ETA 9:34:51
2026-07-02 04:37:21 |   adaptive-mask @2800: w[min=0.000 max=0.603] target 0.329
2026-07-02 04:37:21 | [3:47:20] [######------------------]  28.4% | step   2800/9860 | ep 2 | masked | loss  3.894 | lr 4.16e-04 |  28.11M words |  3364 tok/s | ETA 9:33:12
2026-07-02 04:38:58 | [3:48:57] [######------------------]  28.6% | step   2820/9860 | ep 2 | masked | loss  3.670 | lr 4.14e-04 |  28.31M words |  3364 tok/s | ETA 9:31:34
2026-07-02 04:40:35 | [3:50:34] [######------------------]  28.8% | step   2840/9860 | ep 2 | masked | loss  4.113 | lr 4.13e-04 |  28.51M words |  3364 tok/s | ETA 9:29:55
2026-07-02 04:42:11 | [3:52:10] [######------------------]  29.0% | step   2860/9860 | ep 2 | causal | loss  3.458 | lr 4.12e-04 |  28.71M words |  3364 tok/s | ETA 9:28:15
2026-07-02 04:43:49 | [3:53:47] [#######-----------------]  29.2% | step   2880/9860 | ep 2 | masked | loss  4.031 | lr 4.11e-04 |  28.91M words |  3364 tok/s | ETA 9:26:37
2026-07-02 04:45:25 | [3:55:24] [#######-----------------]  29.4% | step   2900/9860 | ep 2 | masked | loss  4.012 | lr 4.10e-04 |  29.11M words |  3365 tok/s | ETA 9:24:58
2026-07-02 04:47:02 | [3:57:00] [#######-----------------]  29.6% | step   2920/9860 | ep 2 | masked | loss  4.056 | lr 4.08e-04 |  29.31M words |  3365 tok/s | ETA 9:23:18
2026-07-02 04:48:39 | [3:58:37] [#######-----------------]  29.8% | step   2940/9860 | ep 2 | masked | loss  4.116 | lr 4.07e-04 |  29.51M words |  3365 tok/s | ETA 9:21:40
2026-07-02 04:50:17 | [4:00:15] [#######-----------------]  30.0% | step   2960/9860 | ep 3 | masked | loss  4.081 | lr 4.06e-04 |  29.71M words |  3365 tok/s | ETA 9:20:04
2026-07-02 04:51:54 | [4:01:53] [#######-----------------]  30.2% | step   2980/9860 | ep 3 | masked | loss  3.904 | lr 4.04e-04 |  29.91M words |  3365 tok/s | ETA 9:18:26
2026-07-02 04:52:38 |   >> saved checkpoint chck_30M at 30.00M words
2026-07-02 04:53:32 |   adaptive-mask @3000: w[min=0.000 max=0.598] target 0.324
2026-07-02 04:53:32 | [4:03:30] [#######-----------------]  30.4% | step   3000/9860 | ep 3 | masked | loss  3.894 | lr 4.03e-04 |  30.11M words |  3365 tok/s | ETA 9:16:49
2026-07-02 04:55:09 | [4:05:08] [#######-----------------]  30.6% | step   3020/9860 | ep 3 | masked | loss  4.069 | lr 4.02e-04 |  30.32M words |  3365 tok/s | ETA 9:15:13
2026-07-02 04:56:48 | [4:06:46] [#######-----------------]  30.8% | step   3040/9860 | ep 3 | masked | loss  4.068 | lr 4.01e-04 |  30.52M words |  3365 tok/s | ETA 9:13:37
2026-07-02 04:58:24 | [4:08:22] [#######-----------------]  31.0% | step   3060/9860 | ep 3 | causal | loss  3.334 | lr 3.99e-04 |  30.72M words |  3365 tok/s | ETA 9:11:57
2026-07-02 05:00:01 | [4:10:00] [#######-----------------]  31.2% | step   3080/9860 | ep 3 | masked | loss  4.122 | lr 3.98e-04 |  30.92M words |  3365 tok/s | ETA 9:10:20
2026-07-02 05:01:38 | [4:11:36] [#######-----------------]  31.4% | step   3100/9860 | ep 3 | masked | loss  4.451 | lr 3.97e-04 |  31.12M words |  3365 tok/s | ETA 9:08:40
2026-07-02 05:03:14 | [4:13:13] [#######-----------------]  31.6% | step   3120/9860 | ep 3 | masked | loss  4.129 | lr 3.95e-04 |  31.32M words |  3365 tok/s | ETA 9:07:01
2026-07-02 05:04:51 | [4:14:49] [#######-----------------]  31.8% | step   3140/9860 | ep 3 | causal | loss  3.676 | lr 3.94e-04 |  31.52M words |  3365 tok/s | ETA 9:05:22
2026-07-02 05:06:28 | [4:16:26] [#######-----------------]  32.0% | step   3160/9860 | ep 3 | masked | loss  4.101 | lr 3.93e-04 |  31.72M words |  3366 tok/s | ETA 9:03:44
2026-07-02 05:08:06 | [4:18:04] [#######-----------------]  32.3% | step   3180/9860 | ep 3 | masked | loss  4.103 | lr 3.91e-04 |  31.92M words |  3365 tok/s | ETA 9:02:07
2026-07-02 05:09:43 |   adaptive-mask @3200: w[min=0.000 max=0.595] target 0.319
2026-07-02 05:09:43 | [4:19:42] [#######-----------------]  32.5% | step   3200/9860 | ep 3 | masked | loss  3.794 | lr 3.90e-04 |  32.12M words |  3365 tok/s | ETA 9:00:30
2026-07-02 05:11:21 | [4:21:20] [#######-----------------]  32.7% | step   3220/9860 | ep 3 | masked | loss  4.233 | lr 3.89e-04 |  32.32M words |  3365 tok/s | ETA 8:58:53
2026-07-02 05:12:58 | [4:22:57] [#######-----------------]  32.9% | step   3240/9860 | ep 3 | masked | loss  3.963 | lr 3.87e-04 |  32.52M words |  3365 tok/s | ETA 8:57:16
2026-07-02 05:14:36 | [4:24:34] [#######-----------------]  33.1% | step   3260/9860 | ep 3 | masked | loss  3.635 | lr 3.86e-04 |  32.72M words |  3365 tok/s | ETA 8:55:39
2026-07-02 05:16:13 | [4:26:12] [#######-----------------]  33.3% | step   3280/9860 | ep 3 | masked | loss  4.151 | lr 3.85e-04 |  32.92M words |  3365 tok/s | ETA 8:54:01
2026-07-02 05:17:50 | [4:27:49] [########----------------]  33.5% | step   3300/9860 | ep 3 | masked | loss  3.594 | lr 3.83e-04 |  33.13M words |  3365 tok/s | ETA 8:52:23
2026-07-02 05:19:28 | [4:29:26] [########----------------]  33.7% | step   3320/9860 | ep 3 | masked | loss  3.996 | lr 3.82e-04 |  33.33M words |  3365 tok/s | ETA 8:50:46
2026-07-02 05:21:05 | [4:31:04] [########----------------]  33.9% | step   3340/9860 | ep 3 | masked | loss  4.146 | lr 3.80e-04 |  33.53M words |  3365 tok/s | ETA 8:49:09
2026-07-02 05:22:42 | [4:32:41] [########----------------]  34.1% | step   3360/9860 | ep 3 | masked | loss  3.863 | lr 3.79e-04 |  33.73M words |  3365 tok/s | ETA 8:47:31
2026-07-02 05:24:20 | [4:34:18] [########----------------]  34.3% | step   3380/9860 | ep 3 | masked | loss  4.073 | lr 3.78e-04 |  33.93M words |  3365 tok/s | ETA 8:45:54
2026-07-02 05:25:57 |   adaptive-mask @3400: w[min=0.000 max=0.589] target 0.314
2026-07-02 05:25:57 | [4:35:55] [########----------------]  34.5% | step   3400/9860 | ep 3 | masked | loss  3.702 | lr 3.76e-04 |  34.13M words |  3365 tok/s | ETA 8:44:16
2026-07-02 05:27:34 | [4:37:33] [########----------------]  34.7% | step   3420/9860 | ep 3 | causal | loss  3.331 | lr 3.75e-04 |  34.33M words |  3365 tok/s | ETA 8:42:38
2026-07-02 05:29:12 | [4:39:10] [########----------------]  34.9% | step   3440/9860 | ep 3 | masked | loss  4.050 | lr 3.73e-04 |  34.53M words |  3365 tok/s | ETA 8:41:01
2026-07-02 05:30:49 | [4:40:47] [########----------------]  35.1% | step   3460/9860 | ep 3 | masked | loss  3.829 | lr 3.72e-04 |  34.73M words |  3365 tok/s | ETA 8:39:23
2026-07-02 05:32:26 | [4:42:25] [########----------------]  35.3% | step   3480/9860 | ep 3 | masked | loss  3.772 | lr 3.71e-04 |  34.93M words |  3365 tok/s | ETA 8:37:46
2026-07-02 05:34:04 | [4:44:03] [########----------------]  35.5% | step   3500/9860 | ep 3 | masked | loss  3.714 | lr 3.69e-04 |  35.13M words |  3365 tok/s | ETA 8:36:10
2026-07-02 05:35:41 | [4:45:40] [########----------------]  35.7% | step   3520/9860 | ep 3 | causal | loss  3.896 | lr 3.68e-04 |  35.33M words |  3365 tok/s | ETA 8:34:32
2026-07-02 05:37:19 | [4:47:18] [########----------------]  35.9% | step   3540/9860 | ep 3 | masked | loss  4.065 | lr 3.66e-04 |  35.53M words |  3365 tok/s | ETA 8:32:55
2026-07-02 05:38:57 | [4:48:55] [########----------------]  36.1% | step   3560/9860 | ep 3 | masked | loss  3.821 | lr 3.65e-04 |  35.73M words |  3365 tok/s | ETA 8:31:18
2026-07-02 05:40:34 | [4:50:32] [########----------------]  36.3% | step   3580/9860 | ep 3 | masked | loss  3.712 | lr 3.63e-04 |  35.94M words |  3365 tok/s | ETA 8:29:40
2026-07-02 05:42:12 |   adaptive-mask @3600: w[min=0.000 max=0.586] target 0.309
2026-07-02 05:42:12 | [4:52:10] [########----------------]  36.5% | step   3600/9860 | ep 3 | masked | loss  3.897 | lr 3.62e-04 |  36.14M words |  3365 tok/s | ETA 8:28:03
2026-07-02 05:43:50 | [4:53:48] [########----------------]  36.7% | step   3620/9860 | ep 3 | masked | loss  3.867 | lr 3.61e-04 |  36.34M words |  3365 tok/s | ETA 8:26:27
2026-07-02 05:45:27 | [4:55:26] [########----------------]  36.9% | step   3640/9860 | ep 3 | masked | loss  3.658 | lr 3.59e-04 |  36.54M words |  3365 tok/s | ETA 8:24:50
2026-07-02 05:47:04 | [4:57:03] [########----------------]  37.1% | step   3660/9860 | ep 3 | masked | loss  3.864 | lr 3.58e-04 |  36.74M words |  3365 tok/s | ETA 8:23:12
2026-07-02 05:48:42 | [4:58:40] [########----------------]  37.3% | step   3680/9860 | ep 3 | masked | loss  3.881 | lr 3.56e-04 |  36.94M words |  3365 tok/s | ETA 8:21:34
2026-07-02 05:50:19 | [5:00:18] [#########---------------]  37.5% | step   3700/9860 | ep 3 | masked | loss  3.930 | lr 3.55e-04 |  37.14M words |  3365 tok/s | ETA 8:19:57
2026-07-02 05:51:57 | [5:01:55] [#########---------------]  37.7% | step   3720/9860 | ep 3 | masked | loss  3.903 | lr 3.53e-04 |  37.34M words |  3365 tok/s | ETA 8:18:20
2026-07-02 05:53:34 | [5:03:33] [#########---------------]  37.9% | step   3740/9860 | ep 3 | masked | loss  3.697 | lr 3.52e-04 |  37.54M words |  3365 tok/s | ETA 8:16:43
2026-07-02 05:55:12 | [5:05:11] [#########---------------]  38.1% | step   3760/9860 | ep 3 | masked | loss  3.951 | lr 3.50e-04 |  37.74M words |  3365 tok/s | ETA 8:15:06
2026-07-02 05:56:49 | [5:06:47] [#########---------------]  38.3% | step   3780/9860 | ep 3 | masked | loss  3.938 | lr 3.49e-04 |  37.94M words |  3365 tok/s | ETA 8:13:28
2026-07-02 05:58:26 |   adaptive-mask @3800: w[min=0.000 max=0.582] target 0.304
2026-07-02 05:58:26 | [5:08:24] [#########---------------]  38.5% | step   3800/9860 | ep 3 | masked | loss  3.854 | lr 3.47e-04 |  38.14M words |  3365 tok/s | ETA 8:11:50
2026-07-02 06:00:03 | [5:10:02] [#########---------------]  38.7% | step   3820/9860 | ep 3 | masked | loss  3.953 | lr 3.46e-04 |  38.34M words |  3365 tok/s | ETA 8:10:13
2026-07-02 06:01:42 | [5:11:40] [#########---------------]  38.9% | step   3840/9860 | ep 3 | masked | loss  3.848 | lr 3.44e-04 |  38.55M words |  3365 tok/s | ETA 8:08:37
2026-07-02 06:03:19 | [5:13:18] [#########---------------]  39.1% | step   3860/9860 | ep 3 | masked | loss  3.799 | lr 3.43e-04 |  38.75M words |  3365 tok/s | ETA 8:06:59
2026-07-02 06:04:56 | [5:14:55] [#########---------------]  39.4% | step   3880/9860 | ep 3 | causal | loss  3.140 | lr 3.41e-04 |  38.95M words |  3365 tok/s | ETA 8:05:21
2026-07-02 06:06:33 | [5:16:32] [#########---------------]  39.6% | step   3900/9860 | ep 3 | masked | loss  3.815 | lr 3.40e-04 |  39.15M words |  3365 tok/s | ETA 8:03:43
2026-07-02 06:08:10 | [5:18:09] [#########---------------]  39.8% | step   3920/9860 | ep 3 | masked | loss  3.852 | lr 3.38e-04 |  39.35M words |  3365 tok/s | ETA 8:02:05
2026-07-02 06:09:48 | [5:19:46] [#########---------------]  40.0% | step   3940/9860 | ep 3 | masked | loss  3.815 | lr 3.37e-04 |  39.55M words |  3365 tok/s | ETA 8:00:28
2026-07-02 06:11:26 | [5:21:24] [#########---------------]  40.2% | step   3960/9860 | ep 4 | masked | loss  3.905 | lr 3.35e-04 |  39.75M words |  3365 tok/s | ETA 7:58:52
2026-07-02 06:13:03 | [5:23:02] [#########---------------]  40.4% | step   3980/9860 | ep 4 | masked | loss  3.640 | lr 3.34e-04 |  39.95M words |  3365 tok/s | ETA 7:57:15
2026-07-02 06:13:28 |   >> saved checkpoint chck_40M at 40.00M words
2026-07-02 06:14:41 |   adaptive-mask @4000: w[min=0.000 max=0.574] target 0.299
2026-07-02 06:14:41 | [5:24:40] [#########---------------]  40.6% | step   4000/9860 | ep 4 | masked | loss  3.695 | lr 3.32e-04 |  40.15M words |  3365 tok/s | ETA 7:55:38
2026-07-02 06:16:19 | [5:26:17] [#########---------------]  40.8% | step   4020/9860 | ep 4 | masked | loss  3.827 | lr 3.31e-04 |  40.35M words |  3365 tok/s | ETA 7:54:01
2026-07-02 06:17:57 | [5:27:55] [#########---------------]  41.0% | step   4040/9860 | ep 4 | masked | loss  3.780 | lr 3.29e-04 |  40.55M words |  3365 tok/s | ETA 7:52:24
2026-07-02 06:19:34 | [5:29:32] [#########---------------]  41.2% | step   4060/9860 | ep 4 | masked | loss  3.481 | lr 3.27e-04 |  40.76M words |  3365 tok/s | ETA 7:50:46
2026-07-02 06:21:11 | [5:31:09] [#########---------------]  41.4% | step   4080/9860 | ep 4 | masked | loss  3.676 | lr 3.26e-04 |  40.96M words |  3365 tok/s | ETA 7:49:08
2026-07-02 06:22:48 | [5:32:47] [#########---------------]  41.6% | step   4100/9860 | ep 4 | masked | loss  3.864 | lr 3.24e-04 |  41.16M words |  3365 tok/s | ETA 7:47:31
2026-07-02 06:24:26 | [5:34:25] [##########--------------]  41.8% | step   4120/9860 | ep 4 | masked | loss  3.616 | lr 3.23e-04 |  41.36M words |  3365 tok/s | ETA 7:45:54
2026-07-02 06:26:03 | [5:36:02] [##########--------------]  42.0% | step   4140/9860 | ep 4 | masked | loss  3.727 | lr 3.21e-04 |  41.56M words |  3365 tok/s | ETA 7:44:17
2026-07-02 06:27:41 | [5:37:39] [##########--------------]  42.2% | step   4160/9860 | ep 4 | masked | loss  3.884 | lr 3.20e-04 |  41.76M words |  3365 tok/s | ETA 7:42:39
2026-07-02 06:29:18 | [5:39:16] [##########--------------]  42.4% | step   4180/9860 | ep 4 | masked | loss  3.711 | lr 3.18e-04 |  41.96M words |  3365 tok/s | ETA 7:41:02
2026-07-02 06:30:55 |   adaptive-mask @4200: w[min=0.000 max=0.568] target 0.294
2026-07-02 06:30:55 | [5:40:54] [##########--------------]  42.6% | step   4200/9860 | ep 4 | masked | loss  3.518 | lr 3.17e-04 |  42.16M words |  3365 tok/s | ETA 7:39:24
2026-07-02 06:32:33 | [5:42:32] [##########--------------]  42.8% | step   4220/9860 | ep 4 | masked | loss  3.458 | lr 3.15e-04 |  42.36M words |  3365 tok/s | ETA 7:37:47
2026-07-02 06:34:11 | [5:44:09] [##########--------------]  43.0% | step   4240/9860 | ep 4 | masked | loss  3.868 | lr 3.13e-04 |  42.56M words |  3365 tok/s | ETA 7:36:10
2026-07-02 06:35:48 | [5:45:47] [##########--------------]  43.2% | step   4260/9860 | ep 4 | masked | loss  3.695 | lr 3.12e-04 |  42.76M words |  3365 tok/s | ETA 7:34:33
2026-07-02 06:37:26 | [5:47:25] [##########--------------]  43.4% | step   4280/9860 | ep 4 | masked | loss  3.276 | lr 3.10e-04 |  42.96M words |  3365 tok/s | ETA 7:32:56
2026-07-02 06:39:03 | [5:49:02] [##########--------------]  43.6% | step   4300/9860 | ep 4 | masked | loss  3.638 | lr 3.09e-04 |  43.16M words |  3365 tok/s | ETA 7:31:18
2026-07-02 06:40:40 | [5:50:39] [##########--------------]  43.8% | step   4320/9860 | ep 4 | masked | loss  3.275 | lr 3.07e-04 |  43.36M words |  3365 tok/s | ETA 7:29:41
2026-07-02 06:42:18 | [5:52:17] [##########--------------]  44.0% | step   4340/9860 | ep 4 | masked | loss  3.795 | lr 3.05e-04 |  43.57M words |  3365 tok/s | ETA 7:28:04
2026-07-02 06:43:56 | [5:53:54] [##########--------------]  44.2% | step   4360/9860 | ep 4 | causal | loss  3.099 | lr 3.04e-04 |  43.77M words |  3365 tok/s | ETA 7:26:27
2026-07-02 06:45:33 | [5:55:31] [##########--------------]  44.4% | step   4380/9860 | ep 4 | masked | loss  3.624 | lr 3.02e-04 |  43.97M words |  3365 tok/s | ETA 7:24:48
2026-07-02 06:47:09 |   adaptive-mask @4400: w[min=0.000 max=0.565] target 0.288
2026-07-02 06:47:09 | [5:57:07] [##########--------------]  44.6% | step   4400/9860 | ep 4 | masked | loss  3.464 | lr 3.01e-04 |  44.17M words |  3365 tok/s | ETA 7:23:09
2026-07-02 06:48:46 | [5:58:44] [##########--------------]  44.8% | step   4420/9860 | ep 4 | masked | loss  3.621 | lr 2.99e-04 |  44.37M words |  3365 tok/s | ETA 7:21:32
2026-07-02 06:50:23 | [6:00:21] [##########--------------]  45.0% | step   4440/9860 | ep 4 | causal | loss  3.333 | lr 2.98e-04 |  44.57M words |  3365 tok/s | ETA 7:19:54
2026-07-02 06:52:01 | [6:01:59] [##########--------------]  45.2% | step   4460/9860 | ep 4 | masked | loss  3.524 | lr 2.96e-04 |  44.77M words |  3365 tok/s | ETA 7:18:17
2026-07-02 06:53:39 | [6:03:37] [##########--------------]  45.4% | step   4480/9860 | ep 4 | masked | loss  3.476 | lr 2.94e-04 |  44.97M words |  3365 tok/s | ETA 7:16:41
2026-07-02 06:55:17 | [6:05:15] [##########--------------]  45.6% | step   4500/9860 | ep 4 | masked | loss  3.482 | lr 2.93e-04 |  45.17M words |  3365 tok/s | ETA 7:15:04
2026-07-02 06:56:54 | [6:06:53] [###########-------------]  45.8% | step   4520/9860 | ep 4 | masked | loss  3.683 | lr 2.91e-04 |  45.37M words |  3365 tok/s | ETA 7:13:26
2026-07-02 06:58:32 | [6:08:30] [###########-------------]  46.0% | step   4540/9860 | ep 4 | causal | loss  3.532 | lr 2.90e-04 |  45.57M words |  3365 tok/s | ETA 7:11:49
2026-07-02 07:00:09 | [6:10:08] [###########-------------]  46.2% | step   4560/9860 | ep 4 | masked | loss  3.562 | lr 2.88e-04 |  45.77M words |  3365 tok/s | ETA 7:10:12
2026-07-02 07:01:47 | [6:11:45] [###########-------------]  46.5% | step   4580/9860 | ep 4 | masked | loss  3.662 | lr 2.86e-04 |  45.97M words |  3365 tok/s | ETA 7:08:34
2026-07-02 07:03:24 |   adaptive-mask @4600: w[min=0.000 max=0.561] target 0.283
2026-07-02 07:03:24 | [6:13:23] [###########-------------]  46.7% | step   4600/9860 | ep 4 | masked | loss  3.692 | lr 2.85e-04 |  46.17M words |  3365 tok/s | ETA 7:06:57
2026-07-02 07:05:02 | [6:15:00] [###########-------------]  46.9% | step   4620/9860 | ep 4 | masked | loss  3.763 | lr 2.83e-04 |  46.38M words |  3365 tok/s | ETA 7:05:20
2026-07-02 07:06:39 | [6:16:38] [###########-------------]  47.1% | step   4640/9860 | ep 4 | masked | loss  3.527 | lr 2.81e-04 |  46.58M words |  3365 tok/s | ETA 7:03:43
2026-07-02 07:08:17 | [6:18:16] [###########-------------]  47.3% | step   4660/9860 | ep 4 | masked | loss  3.970 | lr 2.80e-04 |  46.78M words |  3365 tok/s | ETA 7:02:06
2026-07-02 07:09:55 | [6:19:53] [###########-------------]  47.5% | step   4680/9860 | ep 4 | masked | loss  3.573 | lr 2.78e-04 |  46.98M words |  3365 tok/s | ETA 7:00:28
2026-07-02 07:11:32 | [6:21:31] [###########-------------]  47.7% | step   4700/9860 | ep 4 | masked | loss  3.428 | lr 2.77e-04 |  47.18M words |  3365 tok/s | ETA 6:58:51
2026-07-02 07:13:09 | [6:23:08] [###########-------------]  47.9% | step   4720/9860 | ep 4 | masked | loss  3.756 | lr 2.75e-04 |  47.38M words |  3365 tok/s | ETA 6:57:13
2026-07-02 07:14:47 | [6:24:46] [###########-------------]  48.1% | step   4740/9860 | ep 4 | masked | loss  3.452 | lr 2.73e-04 |  47.58M words |  3365 tok/s | ETA 6:55:37
2026-07-02 07:16:24 | [6:26:23] [###########-------------]  48.3% | step   4760/9860 | ep 4 | masked | loss  3.550 | lr 2.72e-04 |  47.78M words |  3365 tok/s | ETA 6:53:59
2026-07-02 07:18:02 | [6:28:00] [###########-------------]  48.5% | step   4780/9860 | ep 4 | masked | loss  3.428 | lr 2.70e-04 |  47.98M words |  3365 tok/s | ETA 6:52:21
2026-07-02 07:19:39 |   adaptive-mask @4800: w[min=0.000 max=0.552] target 0.278
2026-07-02 07:19:39 | [6:29:38] [###########-------------]  48.7% | step   4800/9860 | ep 4 | masked | loss  3.592 | lr 2.69e-04 |  48.18M words |  3365 tok/s | ETA 6:50:44
2026-07-02 07:21:16 | [6:31:15] [###########-------------]  48.9% | step   4820/9860 | ep 4 | masked | loss  3.565 | lr 2.67e-04 |  48.38M words |  3365 tok/s | ETA 6:49:06
2026-07-02 07:22:54 | [6:32:52] [###########-------------]  49.1% | step   4840/9860 | ep 4 | masked | loss  3.357 | lr 2.65e-04 |  48.58M words |  3365 tok/s | ETA 6:47:29
2026-07-02 07:24:31 | [6:34:29] [###########-------------]  49.3% | step   4860/9860 | ep 4 | causal | loss  3.619 | lr 2.64e-04 |  48.78M words |  3365 tok/s | ETA 6:45:51
2026-07-02 07:26:08 | [6:36:07] [###########-------------]  49.5% | step   4880/9860 | ep 4 | masked | loss  3.692 | lr 2.62e-04 |  48.98M words |  3365 tok/s | ETA 6:44:14
2026-07-02 07:27:46 | [6:37:44] [###########-------------]  49.7% | step   4900/9860 | ep 4 | masked | loss  3.380 | lr 2.60e-04 |  49.19M words |  3365 tok/s | ETA 6:42:36
2026-07-02 07:29:23 | [6:39:21] [###########-------------]  49.9% | step   4920/9860 | ep 4 | masked | loss  3.475 | lr 2.59e-04 |  49.39M words |  3365 tok/s | ETA 6:40:59
2026-07-02 07:31:01 | [6:40:59] [############------------]  50.1% | step   4940/9860 | ep 5 | masked | loss  3.571 | lr 2.57e-04 |  49.59M words |  3365 tok/s | ETA 6:39:22
2026-07-02 07:32:38 | [6:42:37] [############------------]  50.3% | step   4960/9860 | ep 5 | masked | loss  3.460 | lr 2.56e-04 |  49.79M words |  3365 tok/s | ETA 6:37:44
2026-07-02 07:34:15 | [6:44:14] [############------------]  50.5% | step   4980/9860 | ep 5 | masked | loss  3.413 | lr 2.54e-04 |  49.99M words |  3365 tok/s | ETA 6:36:07
2026-07-02 07:34:21 |   >> saved checkpoint chck_50M at 50.00M words
2026-07-02 07:35:53 |   adaptive-mask @5000: w[min=0.000 max=0.549] target 0.273
2026-07-02 07:35:53 | [6:45:52] [############------------]  50.7% | step   5000/9860 | ep 5 | masked | loss  3.656 | lr 2.52e-04 |  50.19M words |  3365 tok/s | ETA 6:34:30
2026-07-02 07:37:31 | [6:47:30] [############------------]  50.9% | step   5020/9860 | ep 5 | masked | loss  3.673 | lr 2.51e-04 |  50.39M words |  3365 tok/s | ETA 6:32:53
2026-07-02 07:39:08 | [6:49:07] [############------------]  51.1% | step   5040/9860 | ep 5 | masked | loss  3.715 | lr 2.49e-04 |  50.59M words |  3365 tok/s | ETA 6:31:15
2026-07-02 07:40:45 | [6:50:43] [############------------]  51.3% | step   5060/9860 | ep 5 | masked | loss  3.735 | lr 2.47e-04 |  50.79M words |  3365 tok/s | ETA 6:29:37
2026-07-02 07:42:23 | [6:52:21] [############------------]  51.5% | step   5080/9860 | ep 5 | masked | loss  3.512 | lr 2.46e-04 |  50.99M words |  3365 tok/s | ETA 6:28:00
2026-07-02 07:44:00 | [6:53:59] [############------------]  51.7% | step   5100/9860 | ep 5 | masked | loss  3.742 | lr 2.44e-04 |  51.20M words |  3365 tok/s | ETA 6:26:23
2026-07-02 07:45:38 | [6:55:37] [############------------]  51.9% | step   5120/9860 | ep 5 | masked | loss  3.515 | lr 2.43e-04 |  51.40M words |  3365 tok/s | ETA 6:24:46
2026-07-02 07:47:16 | [6:57:14] [############------------]  52.1% | step   5140/9860 | ep 5 | masked | loss  3.511 | lr 2.41e-04 |  51.60M words |  3365 tok/s | ETA 6:23:08
2026-07-02 07:48:53 | [6:58:51] [############------------]  52.3% | step   5160/9860 | ep 5 | masked | loss  3.507 | lr 2.39e-04 |  51.80M words |  3365 tok/s | ETA 6:21:31
2026-07-02 07:50:31 | [7:00:29] [############------------]  52.5% | step   5180/9860 | ep 5 | masked | loss  3.769 | lr 2.38e-04 |  52.00M words |  3365 tok/s | ETA 6:19:54
2026-07-02 07:52:08 |   adaptive-mask @5200: w[min=0.000 max=0.541] target 0.268
2026-07-02 07:52:08 | [7:02:07] [############------------]  52.7% | step   5200/9860 | ep 5 | masked | loss  3.482 | lr 2.36e-04 |  52.20M words |  3365 tok/s | ETA 6:18:17
2026-07-02 07:53:46 | [7:03:44] [############------------]  52.9% | step   5220/9860 | ep 5 | masked | loss  3.514 | lr 2.34e-04 |  52.40M words |  3365 tok/s | ETA 6:16:39
2026-07-02 07:55:23 | [7:05:21] [############------------]  53.1% | step   5240/9860 | ep 5 | masked | loss  3.542 | lr 2.33e-04 |  52.60M words |  3365 tok/s | ETA 6:15:02
2026-07-02 07:57:00 | [7:06:59] [############------------]  53.3% | step   5260/9860 | ep 5 | masked | loss  3.280 | lr 2.31e-04 |  52.80M words |  3365 tok/s | ETA 6:13:24
2026-07-02 07:58:38 | [7:08:36] [############------------]  53.5% | step   5280/9860 | ep 5 | masked | loss  3.270 | lr 2.30e-04 |  53.00M words |  3365 tok/s | ETA 6:11:47
2026-07-02 08:00:15 | [7:10:14] [############------------]  53.8% | step   5300/9860 | ep 5 | masked | loss  3.461 | lr 2.28e-04 |  53.20M words |  3365 tok/s | ETA 6:10:10
2026-07-02 08:01:52 | [7:11:50] [############------------]  54.0% | step   5320/9860 | ep 5 | masked | loss  3.697 | lr 2.26e-04 |  53.40M words |  3365 tok/s | ETA 6:08:31
2026-07-02 08:03:28 | [7:13:26] [############------------]  54.2% | step   5340/9860 | ep 5 | masked | loss  3.462 | lr 2.25e-04 |  53.60M words |  3365 tok/s | ETA 6:06:53
2026-07-02 08:05:04 | [7:15:02] [#############-----------]  54.4% | step   5360/9860 | ep 5 | masked | loss  3.175 | lr 2.23e-04 |  53.80M words |  3365 tok/s | ETA 6:05:14
2026-07-02 08:06:42 | [7:16:40] [#############-----------]  54.6% | step   5380/9860 | ep 5 | masked | loss  3.496 | lr 2.21e-04 |  54.01M words |  3365 tok/s | ETA 6:03:37
2026-07-02 08:08:19 |   adaptive-mask @5400: w[min=0.000 max=0.536] target 0.263
2026-07-02 08:08:19 | [7:18:18] [#############-----------]  54.8% | step   5400/9860 | ep 5 | masked | loss  3.448 | lr 2.20e-04 |  54.21M words |  3365 tok/s | ETA 6:02:00
2026-07-02 08:09:57 | [7:19:56] [#############-----------]  55.0% | step   5420/9860 | ep 5 | masked | loss  3.402 | lr 2.18e-04 |  54.41M words |  3365 tok/s | ETA 6:00:23
2026-07-02 08:11:35 | [7:21:33] [#############-----------]  55.2% | step   5440/9860 | ep 5 | masked | loss  3.385 | lr 2.17e-04 |  54.61M words |  3365 tok/s | ETA 5:58:46
2026-07-02 08:13:12 | [7:23:11] [#############-----------]  55.4% | step   5460/9860 | ep 5 | masked | loss  3.609 | lr 2.15e-04 |  54.81M words |  3365 tok/s | ETA 5:57:08
2026-07-02 08:14:50 | [7:24:48] [#############-----------]  55.6% | step   5480/9860 | ep 5 | masked | loss  3.229 | lr 2.13e-04 |  55.01M words |  3365 tok/s | ETA 5:55:31
2026-07-02 08:16:27 | [7:26:25] [#############-----------]  55.8% | step   5500/9860 | ep 5 | masked | loss  3.378 | lr 2.12e-04 |  55.21M words |  3365 tok/s | ETA 5:53:53
2026-07-02 08:18:04 | [7:28:02] [#############-----------]  56.0% | step   5520/9860 | ep 5 | masked | loss  3.493 | lr 2.10e-04 |  55.41M words |  3365 tok/s | ETA 5:52:15
2026-07-02 08:19:40 | [7:29:39] [#############-----------]  56.2% | step   5540/9860 | ep 5 | masked | loss  3.539 | lr 2.09e-04 |  55.61M words |  3365 tok/s | ETA 5:50:38
2026-07-02 08:21:18 | [7:31:16] [#############-----------]  56.4% | step   5560/9860 | ep 5 | masked | loss  3.585 | lr 2.07e-04 |  55.81M words |  3365 tok/s | ETA 5:49:00
2026-07-02 08:22:56 | [7:32:54] [#############-----------]  56.6% | step   5580/9860 | ep 5 | masked | loss  3.294 | lr 2.05e-04 |  56.01M words |  3365 tok/s | ETA 5:47:23
2026-07-02 08:24:33 |   adaptive-mask @5600: w[min=0.000 max=0.528] target 0.258
2026-07-02 08:24:33 | [7:34:32] [#############-----------]  56.8% | step   5600/9860 | ep 5 | masked | loss  3.293 | lr 2.04e-04 |  56.21M words |  3365 tok/s | ETA 5:45:46
2026-07-02 08:26:10 | [7:36:08] [#############-----------]  57.0% | step   5620/9860 | ep 5 | masked | loss  3.574 | lr 2.02e-04 |  56.41M words |  3365 tok/s | ETA 5:44:08
2026-07-02 08:27:48 | [7:37:46] [#############-----------]  57.2% | step   5640/9860 | ep 5 | masked | loss  3.266 | lr 2.01e-04 |  56.61M words |  3365 tok/s | ETA 5:42:31
2026-07-02 08:29:25 | [7:39:23] [#############-----------]  57.4% | step   5660/9860 | ep 5 | masked | loss  3.381 | lr 1.99e-04 |  56.82M words |  3365 tok/s | ETA 5:40:53
2026-07-02 08:31:02 | [7:41:01] [#############-----------]  57.6% | step   5680/9860 | ep 5 | masked | loss  3.595 | lr 1.97e-04 |  57.02M words |  3365 tok/s | ETA 5:39:16
2026-07-02 08:32:40 | [7:42:38] [#############-----------]  57.8% | step   5700/9860 | ep 5 | masked | loss  3.637 | lr 1.96e-04 |  57.22M words |  3365 tok/s | ETA 5:37:38
2026-07-02 08:34:16 | [7:44:15] [#############-----------]  58.0% | step   5720/9860 | ep 5 | masked | loss  3.120 | lr 1.94e-04 |  57.42M words |  3365 tok/s | ETA 5:36:00
2026-07-02 08:35:53 | [7:45:51] [#############-----------]  58.2% | step   5740/9860 | ep 5 | masked | loss  3.662 | lr 1.93e-04 |  57.62M words |  3365 tok/s | ETA 5:34:22
2026-07-02 08:37:30 | [7:47:28] [##############----------]  58.4% | step   5760/9860 | ep 5 | masked | loss  3.066 | lr 1.91e-04 |  57.82M words |  3365 tok/s | ETA 5:32:45
2026-07-02 08:39:08 | [7:49:06] [##############----------]  58.6% | step   5780/9860 | ep 5 | masked | loss  3.451 | lr 1.90e-04 |  58.02M words |  3365 tok/s | ETA 5:31:08
2026-07-02 08:40:45 |   adaptive-mask @5800: w[min=0.000 max=0.522] target 0.253
2026-07-02 08:40:45 | [7:50:44] [##############----------]  58.8% | step   5800/9860 | ep 5 | masked | loss  3.312 | lr 1.88e-04 |  58.22M words |  3365 tok/s | ETA 5:29:30
2026-07-02 08:42:23 | [7:52:21] [##############----------]  59.0% | step   5820/9860 | ep 5 | masked | loss  3.092 | lr 1.86e-04 |  58.42M words |  3365 tok/s | ETA 5:27:53
2026-07-02 08:44:00 | [7:53:58] [##############----------]  59.2% | step   5840/9860 | ep 5 | masked | loss  3.313 | lr 1.85e-04 |  58.62M words |  3365 tok/s | ETA 5:26:16
2026-07-02 08:45:37 | [7:55:36] [##############----------]  59.4% | step   5860/9860 | ep 5 | masked | loss  3.367 | lr 1.83e-04 |  58.82M words |  3365 tok/s | ETA 5:24:38
2026-07-02 08:47:15 | [7:57:13] [##############----------]  59.6% | step   5880/9860 | ep 5 | masked | loss  3.387 | lr 1.82e-04 |  59.02M words |  3365 tok/s | ETA 5:23:01
2026-07-02 08:48:52 | [7:58:51] [##############----------]  59.8% | step   5900/9860 | ep 5 | masked | loss  3.279 | lr 1.80e-04 |  59.22M words |  3365 tok/s | ETA 5:21:24
2026-07-02 08:50:31 | [8:00:30] [##############----------]  60.0% | step   5920/9860 | ep 6 | masked | loss  3.170 | lr 1.79e-04 |  59.43M words |  3365 tok/s | ETA 5:19:47
2026-07-02 08:52:09 | [8:02:07] [##############----------]  60.2% | step   5940/9860 | ep 6 | masked | loss  3.577 | lr 1.77e-04 |  59.63M words |  3365 tok/s | ETA 5:18:10
2026-07-02 08:53:46 | [8:03:44] [##############----------]  60.4% | step   5960/9860 | ep 6 | masked | loss  3.203 | lr 1.75e-04 |  59.83M words |  3365 tok/s | ETA 5:16:32
2026-07-02 08:55:14 |   >> saved checkpoint chck_60M at 60.01M words
2026-07-02 08:55:24 | [8:05:22] [##############----------]  60.6% | step   5980/9860 | ep 6 | masked | loss  3.322 | lr 1.74e-04 |  60.03M words |  3365 tok/s | ETA 5:14:55
2026-07-02 08:57:01 |   adaptive-mask @6000: w[min=0.000 max=0.515] target 0.248
2026-07-02 08:57:01 | [8:06:59] [##############----------]  60.9% | step   6000/9860 | ep 6 | masked | loss  3.577 | lr 1.72e-04 |  60.23M words |  3365 tok/s | ETA 5:13:18
2026-07-02 08:58:38 | [8:08:36] [##############----------]  61.1% | step   6020/9860 | ep 6 | masked | loss  3.400 | lr 1.71e-04 |  60.43M words |  3365 tok/s | ETA 5:11:40
2026-07-02 09:00:16 | [8:10:14] [##############----------]  61.3% | step   6040/9860 | ep 6 | masked | loss  3.322 | lr 1.69e-04 |  60.63M words |  3365 tok/s | ETA 5:10:03
2026-07-02 09:01:52 | [8:11:51] [##############----------]  61.5% | step   6060/9860 | ep 6 | masked | loss  3.433 | lr 1.68e-04 |  60.83M words |  3365 tok/s | ETA 5:08:25
2026-07-02 09:03:30 | [8:13:28] [##############----------]  61.7% | step   6080/9860 | ep 6 | masked | loss  3.170 | lr 1.66e-04 |  61.03M words |  3365 tok/s | ETA 5:06:48
2026-07-02 09:05:07 | [8:15:06] [##############----------]  61.9% | step   6100/9860 | ep 6 | masked | loss  3.323 | lr 1.65e-04 |  61.23M words |  3365 tok/s | ETA 5:05:10
2026-07-02 09:06:44 | [8:16:43] [##############----------]  62.1% | step   6120/9860 | ep 6 | masked | loss  3.188 | lr 1.63e-04 |  61.43M words |  3365 tok/s | ETA 5:03:33
2026-07-02 09:08:21 | [8:18:20] [##############----------]  62.3% | step   6140/9860 | ep 6 | masked | loss  2.917 | lr 1.62e-04 |  61.63M words |  3365 tok/s | ETA 5:01:55
2026-07-02 09:09:57 | [8:19:56] [##############----------]  62.5% | step   6160/9860 | ep 6 | causal | loss  3.606 | lr 1.60e-04 |  61.84M words |  3365 tok/s | ETA 5:00:17
2026-07-02 09:11:35 | [8:21:33] [###############---------]  62.7% | step   6180/9860 | ep 6 | masked | loss  3.510 | lr 1.59e-04 |  62.04M words |  3365 tok/s | ETA 4:58:39
2026-07-02 09:13:13 |   adaptive-mask @6200: w[min=0.000 max=0.509] target 0.243
2026-07-02 09:13:13 | [8:23:11] [###############---------]  62.9% | step   6200/9860 | ep 6 | masked | loss  3.436 | lr 1.57e-04 |  62.24M words |  3365 tok/s | ETA 4:57:02
2026-07-02 09:14:50 | [8:24:49] [###############---------]  63.1% | step   6220/9860 | ep 6 | masked | loss  3.387 | lr 1.56e-04 |  62.44M words |  3365 tok/s | ETA 4:55:25
2026-07-02 09:16:29 | [8:26:27] [###############---------]  63.3% | step   6240/9860 | ep 6 | masked | loss  3.255 | lr 1.54e-04 |  62.64M words |  3365 tok/s | ETA 4:53:48
2026-07-02 09:18:06 | [8:28:05] [###############---------]  63.5% | step   6260/9860 | ep 6 | masked | loss  3.293 | lr 1.53e-04 |  62.84M words |  3365 tok/s | ETA 4:52:11
2026-07-02 09:19:44 | [8:29:42] [###############---------]  63.7% | step   6280/9860 | ep 6 | masked | loss  3.560 | lr 1.51e-04 |  63.04M words |  3365 tok/s | ETA 4:50:34
2026-07-02 09:21:21 | [8:31:20] [###############---------]  63.9% | step   6300/9860 | ep 6 | masked | loss  3.382 | lr 1.50e-04 |  63.24M words |  3365 tok/s | ETA 4:48:56
2026-07-02 09:22:59 | [8:32:57] [###############---------]  64.1% | step   6320/9860 | ep 6 | masked | loss  3.281 | lr 1.48e-04 |  63.44M words |  3365 tok/s | ETA 4:47:19
2026-07-02 09:24:36 | [8:34:35] [###############---------]  64.3% | step   6340/9860 | ep 6 | masked | loss  3.244 | lr 1.47e-04 |  63.64M words |  3365 tok/s | ETA 4:45:42
2026-07-02 09:26:14 | [8:36:13] [###############---------]  64.5% | step   6360/9860 | ep 6 | masked | loss  3.538 | lr 1.45e-04 |  63.84M words |  3365 tok/s | ETA 4:44:05
2026-07-02 09:27:52 | [8:37:50] [###############---------]  64.7% | step   6380/9860 | ep 6 | masked | loss  3.199 | lr 1.44e-04 |  64.04M words |  3365 tok/s | ETA 4:42:27
2026-07-02 09:29:29 |   adaptive-mask @6400: w[min=0.000 max=0.502] target 0.238
2026-07-02 09:29:29 | [8:39:27] [###############---------]  64.9% | step   6400/9860 | ep 6 | causal | loss  3.682 | lr 1.42e-04 |  64.24M words |  3365 tok/s | ETA 4:40:50
2026-07-02 09:31:06 | [8:41:05] [###############---------]  65.1% | step   6420/9860 | ep 6 | masked | loss  3.358 | lr 1.41e-04 |  64.44M words |  3365 tok/s | ETA 4:39:12
2026-07-02 09:32:42 | [8:42:41] [###############---------]  65.3% | step   6440/9860 | ep 6 | masked | loss  3.352 | lr 1.39e-04 |  64.65M words |  3365 tok/s | ETA 4:37:34
2026-07-02 09:34:20 | [8:44:19] [###############---------]  65.5% | step   6460/9860 | ep 6 | masked | loss  3.371 | lr 1.38e-04 |  64.85M words |  3365 tok/s | ETA 4:35:57
2026-07-02 09:35:51 | [8:45:50] [###############---------]  65.7% | step   6480/9860 | ep 6 | masked | loss  3.693 | lr 1.36e-04 |  65.05M words |  3366 tok/s | ETA 4:34:16
2026-07-02 09:37:22 | [8:47:21] [###############---------]  65.9% | step   6500/9860 | ep 6 | masked | loss  3.521 | lr 1.35e-04 |  65.25M words |  3367 tok/s | ETA 4:32:36
2026-07-02 09:38:53 | [8:48:52] [###############---------]  66.1% | step   6520/9860 | ep 6 | masked | loss  3.607 | lr 1.33e-04 |  65.45M words |  3367 tok/s | ETA 4:30:55
2026-07-02 09:40:25 | [8:50:23] [###############---------]  66.3% | step   6540/9860 | ep 6 | masked | loss  3.232 | lr 1.32e-04 |  65.65M words |  3368 tok/s | ETA 4:29:15
2026-07-02 09:41:57 | [8:51:56] [###############---------]  66.5% | step   6560/9860 | ep 6 | causal | loss  3.210 | lr 1.31e-04 |  65.85M words |  3368 tok/s | ETA 4:27:35
2026-07-02 09:43:30 | [8:53:28] [################--------]  66.7% | step   6580/9860 | ep 6 | masked | loss  3.214 | lr 1.29e-04 |  66.05M words |  3369 tok/s | ETA 4:25:55
2026-07-02 09:45:02 |   adaptive-mask @6600: w[min=0.000 max=0.493] target 0.233
2026-07-02 09:45:02 | [8:55:00] [################--------]  66.9% | step   6600/9860 | ep 6 | masked | loss  3.225 | lr 1.28e-04 |  66.25M words |  3369 tok/s | ETA 4:24:15
2026-07-02 09:46:34 | [8:56:32] [################--------]  67.1% | step   6620/9860 | ep 6 | masked | loss  2.954 | lr 1.26e-04 |  66.45M words |  3370 tok/s | ETA 4:22:36
2026-07-02 09:48:07 | [8:58:05] [################--------]  67.3% | step   6640/9860 | ep 6 | masked | loss  3.425 | lr 1.25e-04 |  66.65M words |  3370 tok/s | ETA 4:20:56
2026-07-02 09:49:40 | [8:59:38] [################--------]  67.5% | step   6660/9860 | ep 6 | masked | loss  2.693 | lr 1.24e-04 |  66.85M words |  3371 tok/s | ETA 4:19:17
2026-07-02 09:51:12 | [9:01:11] [################--------]  67.7% | step   6680/9860 | ep 6 | masked | loss  3.048 | lr 1.22e-04 |  67.05M words |  3371 tok/s | ETA 4:17:37
2026-07-02 09:52:45 | [9:02:43] [################--------]  68.0% | step   6700/9860 | ep 6 | causal | loss  3.299 | lr 1.21e-04 |  67.25M words |  3372 tok/s | ETA 4:15:58
2026-07-02 09:54:18 | [9:04:17] [################--------]  68.2% | step   6720/9860 | ep 6 | masked | loss  3.227 | lr 1.19e-04 |  67.46M words |  3372 tok/s | ETA 4:14:19
2026-07-02 09:55:51 | [9:05:50] [################--------]  68.4% | step   6740/9860 | ep 6 | masked | loss  2.994 | lr 1.18e-04 |  67.66M words |  3373 tok/s | ETA 4:12:40
2026-07-02 09:57:24 | [9:07:22] [################--------]  68.6% | step   6760/9860 | ep 6 | masked | loss  3.120 | lr 1.17e-04 |  67.86M words |  3373 tok/s | ETA 4:11:00
2026-07-02 09:58:56 | [9:08:54] [################--------]  68.8% | step   6780/9860 | ep 6 | masked | loss  3.285 | lr 1.15e-04 |  68.06M words |  3374 tok/s | ETA 4:09:21
2026-07-02 10:00:28 |   adaptive-mask @6800: w[min=0.000 max=0.486] target 0.228
2026-07-02 10:00:28 | [9:10:26] [################--------]  69.0% | step   6800/9860 | ep 6 | masked | loss  3.261 | lr 1.14e-04 |  68.26M words |  3374 tok/s | ETA 4:07:42
2026-07-02 10:02:00 | [9:11:59] [################--------]  69.2% | step   6820/9860 | ep 6 | masked | loss  3.160 | lr 1.12e-04 |  68.46M words |  3375 tok/s | ETA 4:06:02
2026-07-02 10:03:33 | [9:13:31] [################--------]  69.4% | step   6840/9860 | ep 6 | masked | loss  3.469 | lr 1.11e-04 |  68.66M words |  3375 tok/s | ETA 4:04:23
2026-07-02 10:05:05 | [9:15:04] [################--------]  69.6% | step   6860/9860 | ep 6 | masked | loss  3.181 | lr 1.10e-04 |  68.86M words |  3376 tok/s | ETA 4:02:44
2026-07-02 10:06:39 | [9:16:37] [################--------]  69.8% | step   6880/9860 | ep 6 | masked | loss  3.316 | lr 1.08e-04 |  69.06M words |  3376 tok/s | ETA 4:01:05
2026-07-02 10:08:11 | [9:18:10] [################--------]  70.0% | step   6900/9860 | ep 6 | masked | loss  3.084 | lr 1.07e-04 |  69.26M words |  3376 tok/s | ETA 3:59:26
2026-07-02 10:09:46 | [9:19:44] [################--------]  70.2% | step   6920/9860 | ep 7 | masked | loss  3.147 | lr 1.06e-04 |  69.47M words |  3377 tok/s | ETA 3:57:48
2026-07-02 10:11:18 | [9:21:17] [################--------]  70.4% | step   6940/9860 | ep 7 | causal | loss  3.000 | lr 1.04e-04 |  69.67M words |  3377 tok/s | ETA 3:56:09
2026-07-02 10:12:50 | [9:22:49] [################--------]  70.6% | step   6960/9860 | ep 7 | masked | loss  3.023 | lr 1.03e-04 |  69.87M words |  3378 tok/s | ETA 3:54:30
2026-07-02 10:13:55 |   >> saved checkpoint chck_70M at 70.01M words
2026-07-02 10:14:23 | [9:24:21] [################--------]  70.8% | step   6980/9860 | ep 7 | masked | loss  3.341 | lr 1.02e-04 |  70.07M words |  3378 tok/s | ETA 3:52:51
2026-07-02 10:15:55 |   adaptive-mask @7000: w[min=0.000 max=0.477] target 0.223
2026-07-02 10:15:55 | [9:25:54] [#################-------]  71.0% | step   7000/9860 | ep 7 | masked | loss  3.357 | lr 1.01e-04 |  70.27M words |  3379 tok/s | ETA 3:51:12
2026-07-02 10:17:28 | [9:27:27] [#################-------]  71.2% | step   7020/9860 | ep 7 | masked | loss  3.328 | lr 9.92e-05 |  70.47M words |  3379 tok/s | ETA 3:49:34
2026-07-02 10:19:01 | [9:28:59] [#################-------]  71.4% | step   7040/9860 | ep 7 | masked | loss  3.278 | lr 9.79e-05 |  70.67M words |  3379 tok/s | ETA 3:47:55
2026-07-02 10:20:34 | [9:30:32] [#################-------]  71.6% | step   7060/9860 | ep 7 | masked | loss  3.384 | lr 9.66e-05 |  70.87M words |  3380 tok/s | ETA 3:46:16
2026-07-02 10:22:08 | [9:32:06] [#################-------]  71.8% | step   7080/9860 | ep 7 | masked | loss  3.411 | lr 9.53e-05 |  71.07M words |  3380 tok/s | ETA 3:44:38
2026-07-02 10:23:40 | [9:33:38] [#################-------]  72.0% | step   7100/9860 | ep 7 | masked | loss  3.337 | lr 9.41e-05 |  71.27M words |  3381 tok/s | ETA 3:42:59
2026-07-02 10:25:13 | [9:35:11] [#################-------]  72.2% | step   7120/9860 | ep 7 | masked | loss  3.359 | lr 9.28e-05 |  71.47M words |  3381 tok/s | ETA 3:41:21
2026-07-02 10:26:45 | [9:36:43] [#################-------]  72.4% | step   7140/9860 | ep 7 | masked | loss  3.313 | lr 9.15e-05 |  71.67M words |  3381 tok/s | ETA 3:39:42
2026-07-02 10:28:17 | [9:38:16] [#################-------]  72.6% | step   7160/9860 | ep 7 | masked | loss  3.078 | lr 9.03e-05 |  71.87M words |  3382 tok/s | ETA 3:38:03
2026-07-02 10:29:50 | [9:39:48] [#################-------]  72.8% | step   7180/9860 | ep 7 | masked | loss  3.020 | lr 8.90e-05 |  72.07M words |  3382 tok/s | ETA 3:36:25
2026-07-02 10:31:23 |   adaptive-mask @7200: w[min=0.000 max=0.471] target 0.217
2026-07-02 10:31:23 | [9:41:21] [#################-------]  73.0% | step   7200/9860 | ep 7 | masked | loss  3.121 | lr 8.78e-05 |  72.28M words |  3383 tok/s | ETA 3:34:46
2026-07-02 10:32:55 | [9:42:54] [#################-------]  73.2% | step   7220/9860 | ep 7 | masked | loss  2.989 | lr 8.66e-05 |  72.48M words |  3383 tok/s | ETA 3:33:08
2026-07-02 10:34:28 | [9:44:26] [#################-------]  73.4% | step   7240/9860 | ep 7 | masked | loss  3.171 | lr 8.53e-05 |  72.68M words |  3384 tok/s | ETA 3:31:29
2026-07-02 10:36:00 | [9:45:59] [#################-------]  73.6% | step   7260/9860 | ep 7 | masked | loss  3.032 | lr 8.41e-05 |  72.88M words |  3384 tok/s | ETA 3:29:51
2026-07-02 10:37:33 | [9:47:31] [#################-------]  73.8% | step   7280/9860 | ep 7 | masked | loss  3.162 | lr 8.29e-05 |  73.08M words |  3384 tok/s | ETA 3:28:12
2026-07-02 10:39:05 | [9:49:04] [#################-------]  74.0% | step   7300/9860 | ep 7 | masked | loss  3.421 | lr 8.17e-05 |  73.28M words |  3385 tok/s | ETA 3:26:34
2026-07-02 10:40:37 | [9:50:36] [#################-------]  74.2% | step   7320/9860 | ep 7 | masked | loss  3.112 | lr 8.05e-05 |  73.48M words |  3385 tok/s | ETA 3:24:56
2026-07-02 10:42:10 | [9:52:08] [#################-------]  74.4% | step   7340/9860 | ep 7 | masked | loss  2.874 | lr 7.93e-05 |  73.68M words |  3386 tok/s | ETA 3:23:17
2026-07-02 10:43:42 | [9:53:41] [#################-------]  74.6% | step   7360/9860 | ep 7 | masked | loss  3.275 | lr 7.81e-05 |  73.88M words |  3386 tok/s | ETA 3:21:39
2026-07-02 10:45:15 | [9:55:13] [#################-------]  74.8% | step   7380/9860 | ep 7 | masked | loss  3.092 | lr 7.70e-05 |  74.08M words |  3386 tok/s | ETA 3:20:01
2026-07-02 10:46:47 |   adaptive-mask @7400: w[min=0.000 max=0.462] target 0.212
2026-07-02 10:46:47 | [9:56:46] [##################------]  75.1% | step   7400/9860 | ep 7 | masked | loss  3.578 | lr 7.58e-05 |  74.28M words |  3387 tok/s | ETA 3:18:23
2026-07-02 10:48:21 | [9:58:19] [##################------]  75.3% | step   7420/9860 | ep 7 | masked | loss  3.131 | lr 7.46e-05 |  74.48M words |  3387 tok/s | ETA 3:16:45
2026-07-02 10:49:54 | [9:59:52] [##################------]  75.5% | step   7440/9860 | ep 7 | masked | loss  3.153 | lr 7.35e-05 |  74.68M words |  3387 tok/s | ETA 3:15:07
2026-07-02 10:51:28 | [10:01:27] [##################------]  75.7% | step   7460/9860 | ep 7 | masked | loss  3.309 | lr 7.23e-05 |  74.88M words |  3388 tok/s | ETA 3:13:29
2026-07-02 10:53:01 | [10:02:59] [##################------]  75.9% | step   7480/9860 | ep 7 | masked | loss  3.278 | lr 7.12e-05 |  75.09M words |  3388 tok/s | ETA 3:11:51
2026-07-02 10:54:35 | [10:04:33] [##################------]  76.1% | step   7500/9860 | ep 7 | masked | loss  3.028 | lr 7.00e-05 |  75.29M words |  3388 tok/s | ETA 3:10:14
2026-07-02 10:56:08 | [10:06:06] [##################------]  76.3% | step   7520/9860 | ep 7 | masked | loss  3.216 | lr 6.89e-05 |  75.49M words |  3389 tok/s | ETA 3:08:36
2026-07-02 10:57:41 | [10:07:40] [##################------]  76.5% | step   7540/9860 | ep 7 | masked | loss  2.928 | lr 6.78e-05 |  75.69M words |  3389 tok/s | ETA 3:06:58
2026-07-02 10:59:14 | [10:09:13] [##################------]  76.7% | step   7560/9860 | ep 7 | masked | loss  3.151 | lr 6.67e-05 |  75.89M words |  3389 tok/s | ETA 3:05:20
2026-07-02 11:00:48 | [10:10:46] [##################------]  76.9% | step   7580/9860 | ep 7 | masked | loss  3.249 | lr 6.56e-05 |  76.09M words |  3390 tok/s | ETA 3:03:43
2026-07-02 11:02:20 |   adaptive-mask @7600: w[min=0.000 max=0.453] target 0.207
2026-07-02 11:02:20 | [10:12:19] [##################------]  77.1% | step   7600/9860 | ep 7 | masked | loss  3.267 | lr 6.45e-05 |  76.29M words |  3390 tok/s | ETA 3:02:05
2026-07-02 11:03:53 | [10:13:51] [##################------]  77.3% | step   7620/9860 | ep 7 | masked | loss  3.187 | lr 6.34e-05 |  76.49M words |  3390 tok/s | ETA 3:00:27
2026-07-02 11:05:26 | [10:15:24] [##################------]  77.5% | step   7640/9860 | ep 7 | masked | loss  3.042 | lr 6.23e-05 |  76.69M words |  3391 tok/s | ETA 2:58:49
2026-07-02 11:06:59 | [10:16:57] [##################------]  77.7% | step   7660/9860 | ep 7 | masked | loss  3.069 | lr 6.13e-05 |  76.89M words |  3391 tok/s | ETA 2:57:11
2026-07-02 11:08:32 | [10:18:31] [##################------]  77.9% | step   7680/9860 | ep 7 | causal | loss  3.418 | lr 6.02e-05 |  77.09M words |  3391 tok/s | ETA 2:55:34
2026-07-02 11:10:05 | [10:20:03] [##################------]  78.1% | step   7700/9860 | ep 7 | masked | loss  3.010 | lr 5.92e-05 |  77.29M words |  3392 tok/s | ETA 2:53:56
2026-07-02 11:11:38 | [10:21:36] [##################------]  78.3% | step   7720/9860 | ep 7 | masked | loss  3.241 | lr 5.81e-05 |  77.49M words |  3392 tok/s | ETA 2:52:18
2026-07-02 11:13:10 | [10:23:08] [##################------]  78.5% | step   7740/9860 | ep 7 | masked | loss  3.093 | lr 5.71e-05 |  77.69M words |  3392 tok/s | ETA 2:50:40
2026-07-02 11:14:42 | [10:24:41] [##################------]  78.7% | step   7760/9860 | ep 7 | masked | loss  3.139 | lr 5.60e-05 |  77.90M words |  3393 tok/s | ETA 2:49:03
2026-07-02 11:16:15 | [10:26:14] [##################------]  78.9% | step   7780/9860 | ep 7 | masked | loss  3.155 | lr 5.50e-05 |  78.10M words |  3393 tok/s | ETA 2:47:25
2026-07-02 11:17:48 |   adaptive-mask @7800: w[min=0.000 max=0.445] target 0.202
2026-07-02 11:17:48 | [10:27:46] [##################------]  79.1% | step   7800/9860 | ep 7 | causal | loss  3.346 | lr 5.40e-05 |  78.30M words |  3394 tok/s | ETA 2:45:47
2026-07-02 11:19:20 | [10:29:19] [###################-----]  79.3% | step   7820/9860 | ep 7 | masked | loss  3.206 | lr 5.30e-05 |  78.50M words |  3394 tok/s | ETA 2:44:10
2026-07-02 11:20:53 | [10:30:51] [###################-----]  79.5% | step   7840/9860 | ep 7 | masked | loss  3.132 | lr 5.20e-05 |  78.70M words |  3394 tok/s | ETA 2:42:32
2026-07-02 11:22:25 | [10:32:24] [###################-----]  79.7% | step   7860/9860 | ep 7 | masked | loss  3.239 | lr 5.10e-05 |  78.90M words |  3395 tok/s | ETA 2:40:55
2026-07-02 11:23:58 | [10:33:56] [###################-----]  79.9% | step   7880/9860 | ep 7 | masked | loss  2.979 | lr 5.00e-05 |  79.10M words |  3395 tok/s | ETA 2:39:17
2026-07-02 11:25:32 | [10:35:30] [###################-----]  80.1% | step   7900/9860 | ep 8 | masked | loss  3.185 | lr 4.91e-05 |  79.30M words |  3395 tok/s | ETA 2:37:40
2026-07-02 11:27:05 | [10:37:03] [###################-----]  80.3% | step   7920/9860 | ep 8 | masked | loss  3.042 | lr 4.81e-05 |  79.50M words |  3396 tok/s | ETA 2:36:02
2026-07-02 11:28:37 | [10:38:36] [###################-----]  80.5% | step   7940/9860 | ep 8 | masked | loss  2.910 | lr 4.71e-05 |  79.70M words |  3396 tok/s | ETA 2:34:25
2026-07-02 11:30:10 | [10:40:09] [###################-----]  80.7% | step   7960/9860 | ep 8 | masked | loss  3.039 | lr 4.62e-05 |  79.91M words |  3396 tok/s | ETA 2:32:48
2026-07-02 11:30:57 |   >> saved checkpoint chck_80M at 80.01M words
2026-07-02 11:31:43 | [10:41:41] [###################-----]  80.9% | step   7980/9860 | ep 8 | masked | loss  3.173 | lr 4.53e-05 |  80.11M words |  3397 tok/s | ETA 2:31:10
2026-07-02 11:33:16 |   adaptive-mask @8000: w[min=0.000 max=0.441] target 0.197
2026-07-02 11:33:16 | [10:43:14] [###################-----]  81.1% | step   8000/9860 | ep 8 | masked | loss  3.050 | lr 4.43e-05 |  80.31M words |  3397 tok/s | ETA 2:29:33
2026-07-02 11:34:48 | [10:44:47] [###################-----]  81.3% | step   8020/9860 | ep 8 | masked | loss  3.269 | lr 4.34e-05 |  80.51M words |  3397 tok/s | ETA 2:27:55
2026-07-02 11:36:20 | [10:46:18] [###################-----]  81.5% | step   8040/9860 | ep 8 | masked | loss  3.020 | lr 4.25e-05 |  80.71M words |  3398 tok/s | ETA 2:26:18
2026-07-02 11:37:52 | [10:47:50] [###################-----]  81.7% | step   8060/9860 | ep 8 | masked | loss  2.849 | lr 4.16e-05 |  80.91M words |  3398 tok/s | ETA 2:24:40
2026-07-02 11:39:23 | [10:49:21] [###################-----]  81.9% | step   8080/9860 | ep 8 | causal | loss  2.994 | lr 4.07e-05 |  81.11M words |  3399 tok/s | ETA 2:23:03
2026-07-02 11:40:54 | [10:50:52] [###################-----]  82.2% | step   8100/9860 | ep 8 | masked | loss  2.857 | lr 3.98e-05 |  81.31M words |  3399 tok/s | ETA 2:21:25
2026-07-02 11:42:25 | [10:52:24] [###################-----]  82.4% | step   8120/9860 | ep 8 | masked | loss  2.942 | lr 3.89e-05 |  81.51M words |  3399 tok/s | ETA 2:19:48
2026-07-02 11:43:58 | [10:53:56] [###################-----]  82.6% | step   8140/9860 | ep 8 | masked | loss  3.175 | lr 3.81e-05 |  81.71M words |  3400 tok/s | ETA 2:18:10
2026-07-02 11:45:28 | [10:55:27] [###################-----]  82.8% | step   8160/9860 | ep 8 | masked | loss  3.141 | lr 3.72e-05 |  81.91M words |  3400 tok/s | ETA 2:16:33
2026-07-02 11:46:59 | [10:56:57] [###################-----]  83.0% | step   8180/9860 | ep 8 | masked | loss  2.684 | lr 3.64e-05 |  82.11M words |  3401 tok/s | ETA 2:14:55
2026-07-02 11:48:30 |   adaptive-mask @8200: w[min=0.000 max=0.431] target 0.192
2026-07-02 11:48:30 | [10:58:28] [###################-----]  83.2% | step   8200/9860 | ep 8 | masked | loss  3.447 | lr 3.55e-05 |  82.31M words |  3401 tok/s | ETA 2:13:18
2026-07-02 11:50:00 | [10:59:59] [####################----]  83.4% | step   8220/9860 | ep 8 | masked | loss  2.945 | lr 3.47e-05 |  82.51M words |  3402 tok/s | ETA 2:11:40
2026-07-02 11:51:32 | [11:01:30] [####################----]  83.6% | step   8240/9860 | ep 8 | masked | loss  3.041 | lr 3.39e-05 |  82.72M words |  3402 tok/s | ETA 2:10:03
2026-07-02 11:53:02 | [11:03:00] [####################----]  83.8% | step   8260/9860 | ep 8 | masked | loss  3.280 | lr 3.31e-05 |  82.92M words |  3403 tok/s | ETA 2:08:25
2026-07-02 11:54:33 | [11:04:31] [####################----]  84.0% | step   8280/9860 | ep 8 | masked | loss  2.911 | lr 3.23e-05 |  83.12M words |  3403 tok/s | ETA 2:06:48
2026-07-02 11:56:03 | [11:06:02] [####################----]  84.2% | step   8300/9860 | ep 8 | masked | loss  2.967 | lr 3.15e-05 |  83.32M words |  3404 tok/s | ETA 2:05:10
2026-07-02 11:57:34 | [11:07:33] [####################----]  84.4% | step   8320/9860 | ep 8 | masked | loss  2.806 | lr 3.07e-05 |  83.52M words |  3404 tok/s | ETA 2:03:33
2026-07-02 11:59:05 | [11:09:03] [####################----]  84.6% | step   8340/9860 | ep 8 | masked | loss  2.554 | lr 2.99e-05 |  83.72M words |  3405 tok/s | ETA 2:01:56
2026-07-02 12:00:36 | [11:10:35] [####################----]  84.8% | step   8360/9860 | ep 8 | masked | loss  3.341 | lr 2.91e-05 |  83.92M words |  3405 tok/s | ETA 2:00:19
2026-07-02 12:02:07 | [11:12:05] [####################----]  85.0% | step   8380/9860 | ep 8 | masked | loss  3.304 | lr 2.84e-05 |  84.12M words |  3406 tok/s | ETA 1:58:41
2026-07-02 12:03:39 |   adaptive-mask @8400: w[min=0.000 max=0.423] target 0.187
2026-07-02 12:03:39 | [11:13:38] [####################----]  85.2% | step   8400/9860 | ep 8 | causal | loss  3.336 | lr 2.76e-05 |  84.32M words |  3406 tok/s | ETA 1:57:05
2026-07-02 12:05:10 | [11:15:08] [####################----]  85.4% | step   8420/9860 | ep 8 | masked | loss  2.826 | lr 2.69e-05 |  84.52M words |  3406 tok/s | ETA 1:55:27
2026-07-02 12:06:40 | [11:16:38] [####################----]  85.6% | step   8440/9860 | ep 8 | masked | loss  3.249 | lr 2.62e-05 |  84.72M words |  3407 tok/s | ETA 1:53:50
2026-07-02 12:08:10 | [11:18:08] [####################----]  85.8% | step   8460/9860 | ep 8 | masked | loss  3.048 | lr 2.55e-05 |  84.92M words |  3407 tok/s | ETA 1:52:13
2026-07-02 12:09:40 | [11:19:38] [####################----]  86.0% | step   8480/9860 | ep 8 | masked | loss  3.064 | lr 2.47e-05 |  85.12M words |  3408 tok/s | ETA 1:50:36
2026-07-02 12:11:10 | [11:21:08] [####################----]  86.2% | step   8500/9860 | ep 8 | masked | loss  2.776 | lr 2.40e-05 |  85.32M words |  3408 tok/s | ETA 1:48:58
2026-07-02 12:12:41 | [11:22:39] [####################----]  86.4% | step   8520/9860 | ep 8 | masked | loss  2.948 | lr 2.34e-05 |  85.53M words |  3409 tok/s | ETA 1:47:21
2026-07-02 12:14:12 | [11:24:10] [####################----]  86.6% | step   8540/9860 | ep 8 | masked | loss  3.092 | lr 2.27e-05 |  85.73M words |  3409 tok/s | ETA 1:45:45
2026-07-02 12:15:42 | [11:25:41] [####################----]  86.8% | step   8560/9860 | ep 8 | masked | loss  3.145 | lr 2.20e-05 |  85.93M words |  3410 tok/s | ETA 1:44:08
2026-07-02 12:17:13 | [11:27:11] [####################----]  87.0% | step   8580/9860 | ep 8 | masked | loss  3.001 | lr 2.13e-05 |  86.13M words |  3410 tok/s | ETA 1:42:31
2026-07-02 12:18:43 |   adaptive-mask @8600: w[min=0.000 max=0.414] target 0.182
2026-07-02 12:18:43 | [11:28:42] [####################----]  87.2% | step   8600/9860 | ep 8 | masked | loss  2.865 | lr 2.07e-05 |  86.33M words |  3411 tok/s | ETA 1:40:54
2026-07-02 12:20:14 | [11:30:13] [####################----]  87.4% | step   8620/9860 | ep 8 | masked | loss  3.009 | lr 2.00e-05 |  86.53M words |  3411 tok/s | ETA 1:39:17
2026-07-02 12:21:46 | [11:31:44] [#####################---]  87.6% | step   8640/9860 | ep 8 | masked | loss  3.052 | lr 1.94e-05 |  86.73M words |  3411 tok/s | ETA 1:37:40
2026-07-02 12:23:16 | [11:33:15] [#####################---]  87.8% | step   8660/9860 | ep 8 | masked | loss  3.074 | lr 1.88e-05 |  86.93M words |  3412 tok/s | ETA 1:36:03
2026-07-02 12:24:47 | [11:34:45] [#####################---]  88.0% | step   8680/9860 | ep 8 | masked | loss  2.839 | lr 1.82e-05 |  87.13M words |  3412 tok/s | ETA 1:34:26
2026-07-02 12:26:18 | [11:36:16] [#####################---]  88.2% | step   8700/9860 | ep 8 | masked | loss  2.859 | lr 1.76e-05 |  87.33M words |  3413 tok/s | ETA 1:32:50
2026-07-02 12:27:49 | [11:37:47] [#####################---]  88.4% | step   8720/9860 | ep 8 | masked | loss  3.000 | lr 1.70e-05 |  87.53M words |  3413 tok/s | ETA 1:31:13
2026-07-02 12:29:19 | [11:39:17] [#####################---]  88.6% | step   8740/9860 | ep 8 | masked | loss  3.044 | lr 1.64e-05 |  87.73M words |  3414 tok/s | ETA 1:29:36
2026-07-02 12:30:50 | [11:40:48] [#####################---]  88.8% | step   8760/9860 | ep 8 | masked | loss  3.039 | lr 1.58e-05 |  87.93M words |  3414 tok/s | ETA 1:28:00
2026-07-02 12:32:20 | [11:42:19] [#####################---]  89.0% | step   8780/9860 | ep 8 | masked | loss  3.154 | lr 1.53e-05 |  88.13M words |  3414 tok/s | ETA 1:26:23
2026-07-02 12:33:52 |   adaptive-mask @8800: w[min=0.000 max=0.402] target 0.177
2026-07-02 12:33:52 | [11:43:50] [#####################---]  89.2% | step   8800/9860 | ep 8 | masked | loss  2.951 | lr 1.47e-05 |  88.34M words |  3415 tok/s | ETA 1:24:46
2026-07-02 12:35:24 | [11:45:23] [#####################---]  89.5% | step   8820/9860 | ep 8 | masked | loss  2.909 | lr 1.42e-05 |  88.54M words |  3415 tok/s | ETA 1:23:10
2026-07-02 12:36:55 | [11:46:53] [#####################---]  89.7% | step   8840/9860 | ep 8 | masked | loss  3.000 | lr 1.36e-05 |  88.74M words |  3416 tok/s | ETA 1:21:33
2026-07-02 12:38:26 | [11:48:25] [#####################---]  89.9% | step   8860/9860 | ep 8 | masked | loss  2.722 | lr 1.31e-05 |  88.94M words |  3416 tok/s | ETA 1:19:57
2026-07-02 12:39:58 | [11:49:57] [#####################---]  90.1% | step   8880/9860 | ep 9 | masked | loss  3.091 | lr 1.26e-05 |  89.14M words |  3416 tok/s | ETA 1:18:21
2026-07-02 12:41:29 | [11:51:27] [#####################---]  90.3% | step   8900/9860 | ep 9 | masked | loss  3.244 | lr 1.21e-05 |  89.34M words |  3417 tok/s | ETA 1:16:44
2026-07-02 12:43:00 | [11:52:58] [#####################---]  90.5% | step   8920/9860 | ep 9 | masked | loss  2.782 | lr 1.16e-05 |  89.54M words |  3417 tok/s | ETA 1:15:08
2026-07-02 12:44:32 | [11:54:31] [#####################---]  90.7% | step   8940/9860 | ep 9 | masked | loss  2.825 | lr 1.11e-05 |  89.74M words |  3417 tok/s | ETA 1:13:31
2026-07-02 12:46:03 | [11:56:02] [#####################---]  90.9% | step   8960/9860 | ep 9 | masked | loss  3.058 | lr 1.06e-05 |  89.94M words |  3418 tok/s | ETA 1:11:55
2026-07-02 12:46:31 |   >> saved checkpoint chck_90M at 90.00M words
2026-07-02 12:47:35 | [11:57:34] [#####################---]  91.1% | step   8980/9860 | ep 9 | masked | loss  2.731 | lr 1.02e-05 |  90.14M words |  3418 tok/s | ETA 1:10:19
2026-07-02 12:49:07 |   adaptive-mask @9000: w[min=0.000 max=0.396] target 0.172
2026-07-02 12:49:07 | [11:59:06] [#####################---]  91.3% | step   9000/9860 | ep 9 | masked | loss  3.156 | lr 9.71e-06 |  90.34M words |  3418 tok/s | ETA 1:08:42
2026-07-02 12:50:38 | [12:00:37] [#####################---]  91.5% | step   9020/9860 | ep 9 | masked | loss  3.071 | lr 9.26e-06 |  90.55M words |  3419 tok/s | ETA 1:07:06
2026-07-02 12:52:10 | [12:02:08] [######################--]  91.7% | step   9040/9860 | ep 9 | masked | loss  3.068 | lr 8.83e-06 |  90.75M words |  3419 tok/s | ETA 1:05:30
2026-07-02 12:53:40 | [12:03:39] [######################--]  91.9% | step   9060/9860 | ep 9 | masked | loss  2.872 | lr 8.41e-06 |  90.95M words |  3420 tok/s | ETA 1:03:53
2026-07-02 12:55:11 | [12:05:10] [######################--]  92.1% | step   9080/9860 | ep 9 | causal | loss  3.351 | lr 8.00e-06 |  91.15M words |  3420 tok/s | ETA 1:02:17
2026-07-02 12:56:43 | [12:06:42] [######################--]  92.3% | step   9100/9860 | ep 9 | masked | loss  3.138 | lr 7.59e-06 |  91.35M words |  3420 tok/s | ETA 1:00:41
2026-07-02 12:58:14 | [12:08:12] [######################--]  92.5% | step   9120/9860 | ep 9 | masked | loss  3.269 | lr 7.20e-06 |  91.55M words |  3421 tok/s | ETA 0:59:05
2026-07-02 12:59:44 | [12:09:42] [######################--]  92.7% | step   9140/9860 | ep 9 | causal | loss  3.209 | lr 6.82e-06 |  91.75M words |  3421 tok/s | ETA 0:57:28
2026-07-02 13:01:14 | [12:11:13] [######################--]  92.9% | step   9160/9860 | ep 9 | masked | loss  3.294 | lr 6.45e-06 |  91.95M words |  3422 tok/s | ETA 0:55:52
2026-07-02 13:02:45 | [12:12:43] [######################--]  93.1% | step   9180/9860 | ep 9 | masked | loss  3.133 | lr 6.08e-06 |  92.15M words |  3422 tok/s | ETA 0:54:16
2026-07-02 13:04:15 |   adaptive-mask @9200: w[min=0.000 max=0.385] target 0.167
2026-07-02 13:04:15 | [12:14:14] [######################--]  93.3% | step   9200/9860 | ep 9 | masked | loss  2.871 | lr 5.73e-06 |  92.35M words |  3422 tok/s | ETA 0:52:40
2026-07-02 13:05:46 | [12:15:45] [######################--]  93.5% | step   9220/9860 | ep 9 | masked | loss  2.917 | lr 5.39e-06 |  92.55M words |  3423 tok/s | ETA 0:51:04
2026-07-02 13:07:17 | [12:17:16] [######################--]  93.7% | step   9240/9860 | ep 9 | masked | loss  3.195 | lr 5.06e-06 |  92.75M words |  3423 tok/s | ETA 0:49:28
2026-07-02 13:08:48 | [12:18:46] [######################--]  93.9% | step   9260/9860 | ep 9 | masked | loss  2.956 | lr 4.74e-06 |  92.95M words |  3423 tok/s | ETA 0:47:52
2026-07-02 13:10:20 | [12:20:18] [######################--]  94.1% | step   9280/9860 | ep 9 | masked | loss  3.208 | lr 4.43e-06 |  93.15M words |  3424 tok/s | ETA 0:46:16
2026-07-02 13:11:51 | [12:21:49] [######################--]  94.3% | step   9300/9860 | ep 9 | masked | loss  2.802 | lr 4.13e-06 |  93.36M words |  3424 tok/s | ETA 0:44:40
2026-07-02 13:13:22 | [12:23:20] [######################--]  94.5% | step   9320/9860 | ep 9 | causal | loss  3.096 | lr 3.84e-06 |  93.56M words |  3425 tok/s | ETA 0:43:04
2026-07-02 13:14:52 | [12:24:51] [######################--]  94.7% | step   9340/9860 | ep 9 | masked | loss  2.870 | lr 3.56e-06 |  93.76M words |  3425 tok/s | ETA 0:41:28
2026-07-02 13:16:23 | [12:26:21] [######################--]  94.9% | step   9360/9860 | ep 9 | masked | loss  2.984 | lr 3.30e-06 |  93.96M words |  3425 tok/s | ETA 0:39:52
2026-07-02 13:17:54 | [12:27:53] [######################--]  95.1% | step   9380/9860 | ep 9 | masked | loss  3.053 | lr 3.04e-06 |  94.16M words |  3426 tok/s | ETA 0:38:16
2026-07-02 13:19:25 |   adaptive-mask @9400: w[min=0.000 max=0.371] target 0.162
2026-07-02 13:19:25 | [12:29:23] [######################--]  95.3% | step   9400/9860 | ep 9 | masked | loss  3.042 | lr 2.79e-06 |  94.36M words |  3426 tok/s | ETA 0:36:40
2026-07-02 13:20:56 | [12:30:55] [######################--]  95.5% | step   9420/9860 | ep 9 | masked | loss  3.094 | lr 2.55e-06 |  94.56M words |  3426 tok/s | ETA 0:35:04
2026-07-02 13:22:27 | [12:32:26] [######################--]  95.7% | step   9440/9860 | ep 9 | masked | loss  3.040 | lr 2.33e-06 |  94.76M words |  3427 tok/s | ETA 0:33:28
2026-07-02 13:23:57 | [12:33:55] [#######################-]  95.9% | step   9460/9860 | ep 9 | masked | loss  3.101 | lr 2.11e-06 |  94.96M words |  3427 tok/s | ETA 0:31:52
2026-07-02 13:25:27 | [12:35:25] [#######################-]  96.1% | step   9480/9860 | ep 9 | masked | loss  2.889 | lr 1.91e-06 |  95.16M words |  3428 tok/s | ETA 0:30:16
2026-07-02 13:26:58 | [12:36:56] [#######################-]  96.3% | step   9500/9860 | ep 9 | masked | loss  2.726 | lr 1.71e-06 |  95.36M words |  3428 tok/s | ETA 0:28:41
2026-07-02 13:28:28 | [12:38:27] [#######################-]  96.6% | step   9520/9860 | ep 9 | masked | loss  3.144 | lr 1.53e-06 |  95.56M words |  3428 tok/s | ETA 0:27:05
2026-07-02 13:29:59 | [12:39:57] [#######################-]  96.8% | step   9540/9860 | ep 9 | masked | loss  2.635 | lr 1.35e-06 |  95.76M words |  3429 tok/s | ETA 0:25:29
2026-07-02 13:31:29 | [12:41:28] [#######################-]  97.0% | step   9560/9860 | ep 9 | causal | loss  3.154 | lr 1.19e-06 |  95.96M words |  3429 tok/s | ETA 0:23:53
2026-07-02 13:33:01 | [12:42:59] [#######################-]  97.2% | step   9580/9860 | ep 9 | masked | loss  3.065 | lr 1.04e-06 |  96.17M words |  3429 tok/s | ETA 0:22:18
2026-07-02 13:34:31 |   adaptive-mask @9600: w[min=0.000 max=0.363] target 0.157
2026-07-02 13:34:31 | [12:44:29] [#######################-]  97.4% | step   9600/9860 | ep 9 | causal | loss  3.634 | lr 8.93e-07 |  96.37M words |  3430 tok/s | ETA 0:20:42
2026-07-02 13:36:02 | [12:46:00] [#######################-]  97.6% | step   9620/9860 | ep 9 | masked | loss  2.966 | lr 7.61e-07 |  96.57M words |  3430 tok/s | ETA 0:19:06
2026-07-02 13:37:32 | [12:47:31] [#######################-]  97.8% | step   9640/9860 | ep 9 | masked | loss  2.894 | lr 6.39e-07 |  96.77M words |  3431 tok/s | ETA 0:17:30
2026-07-02 13:39:02 | [12:49:01] [#######################-]  98.0% | step   9660/9860 | ep 9 | masked | loss  2.771 | lr 5.28e-07 |  96.97M words |  3431 tok/s | ETA 0:15:55
2026-07-02 13:40:33 | [12:50:31] [#######################-]  98.2% | step   9680/9860 | ep 9 | causal | loss  2.998 | lr 4.28e-07 |  97.17M words |  3431 tok/s | ETA 0:14:19
2026-07-02 13:42:04 | [12:52:02] [#######################-]  98.4% | step   9700/9860 | ep 9 | masked | loss  3.058 | lr 3.38e-07 |  97.37M words |  3432 tok/s | ETA 0:12:44
2026-07-02 13:43:35 | [12:53:33] [#######################-]  98.6% | step   9720/9860 | ep 9 | masked | loss  3.054 | lr 2.59e-07 |  97.57M words |  3432 tok/s | ETA 0:11:08
2026-07-02 13:45:07 | [12:55:05] [#######################-]  98.8% | step   9740/9860 | ep 9 | masked | loss  2.882 | lr 1.90e-07 |  97.77M words |  3432 tok/s | ETA 0:09:32
2026-07-02 13:46:39 | [12:56:37] [#######################-]  99.0% | step   9760/9860 | ep 9 | masked | loss  3.077 | lr 1.32e-07 |  97.97M words |  3432 tok/s | ETA 0:07:57
2026-07-02 13:48:09 | [12:58:08] [#######################-]  99.2% | step   9780/9860 | ep 9 | masked | loss  2.900 | lr 8.46e-08 |  98.17M words |  3433 tok/s | ETA 0:06:21
2026-07-02 13:49:40 |   adaptive-mask @9800: w[min=0.000 max=0.353] target 0.152
2026-07-02 13:49:40 | [12:59:38] [#######################-]  99.4% | step   9800/9860 | ep 9 | masked | loss  2.983 | lr 4.76e-08 |  98.37M words |  3433 tok/s | ETA 0:04:46
2026-07-02 13:51:11 | [13:01:09] [#######################-]  99.6% | step   9820/9860 | ep 9 | masked | loss  2.946 | lr 2.11e-08 |  98.57M words |  3434 tok/s | ETA 0:03:10
2026-07-02 13:52:41 | [13:02:39] [#######################-]  99.8% | step   9840/9860 | ep 9 | masked | loss  3.115 | lr 5.28e-09 |  98.77M words |  3434 tok/s | ETA 0:01:35
2026-07-02 13:54:11 | [13:04:09] [########################] 100.0% | step   9860/9860 | ep 9 | masked | loss  2.962 | lr 0.00e+00 |  98.98M words |  3434 tok/s | ETA 0:00:00
2026-07-02 13:54:11 | DONE: 9860 steps | 98.98M words seen | 13:04:10 elapsed | saved /Users/admin1/Downloads/babylm-eval/checkpoints/gptbert_small_adaptive_v2/final
