2026-06-30 01:12:01 | === run 'gptbert_small_contrastive_v1' | device=mps | config=small (33.0M params) ===
2026-06-30 01:12:01 | seq_len=128 batch=32 grad_accum=4 (eff batch 128) | lr=0.0005 | epochs=10
2026-06-30 01:12:01 | blocks/epoch=126,267 | steps/epoch=986 | max_steps=9,860 | ~163M tokens over 10 epochs
2026-06-30 01:12:01 | live log: /Users/admin1/Downloads/babylm-eval/checkpoints/gptbert_small_contrastive_v1/train.log
2026-06-30 01:12:01 | CONTRASTIVE ON | 834,593 sentences | cw=0.5 n_neg=2 c_bs=16 temp=1.0 norm=False | 120 function-word ids
2026-06-30 01:12:09 | [0:00:07] [------------------------]   0.0% | step      1/9860 | ep 0 | masked | loss  9.822 | closs  1.942 | lr 2.54e-06 |   0.01M words |  2197 tok/s | ETA 20:25:32
2026-06-30 01:13:44 | [0:01:42] [------------------------]   0.2% | step     20/9860 | ep 0 | masked | loss  9.562 | closs  1.989 | lr 5.08e-05 |   0.20M words |  3199 tok/s | ETA 13:59:56
2026-06-30 01:15:21 | [0:03:19] [------------------------]   0.4% | step     40/9860 | ep 0 | masked | loss  9.158 | closs  1.846 | lr 1.02e-04 |   0.40M words |  3278 tok/s | ETA 13:38:04
2026-06-30 01:17:08 | [0:05:06] [------------------------]   0.6% | step     60/9860 | ep 0 | masked | loss  8.404 | closs  1.436 | lr 1.52e-04 |   0.60M words |  3205 tok/s | ETA 13:55:02
2026-06-30 01:18:47 | [0:06:45] [------------------------]   0.8% | step     80/9860 | ep 0 | masked | loss  7.789 | closs  1.229 | lr 2.03e-04 |   0.80M words |  3232 tok/s | ETA 13:46:20
2026-06-30 01:20:25 | [0:08:24] [------------------------]   1.0% | step    100/9860 | ep 0 | masked | loss  7.623 | closs  1.206 | lr 2.54e-04 |   1.00M words |  3251 tok/s | ETA 13:39:54
2026-06-30 01:20:26 |   >> saved checkpoint chck_1M at 1.00M words
2026-06-30 01:22:05 | [0:10:03] [------------------------]   1.2% | step    120/9860 | ep 0 | masked | loss  6.958 | closs  0.989 | lr 3.05e-04 |   1.20M words |  3257 tok/s | ETA 13:36:34
2026-06-30 01:23:43 | [0:11:42] [------------------------]   1.4% | step    140/9860 | ep 0 | masked | loss  6.231 | closs  0.944 | lr 3.55e-04 |   1.41M words |  3266 tok/s | ETA 13:32:43
2026-06-30 01:25:22 | [0:13:21] [------------------------]   1.6% | step    160/9860 | ep 0 | masked | loss  6.485 | closs  0.533 | lr 4.06e-04 |   1.61M words |  3273 tok/s | ETA 13:29:23
2026-06-30 01:27:01 | [0:14:59] [------------------------]   1.8% | step    180/9860 | ep 0 | masked | loss  6.073 | closs  0.536 | lr 4.57e-04 |   1.81M words |  3279 tok/s | ETA 13:26:14
2026-06-30 01:28:39 | [0:16:38] [------------------------]   2.0% | step    200/9860 | ep 0 | masked | loss  6.205 | closs  0.815 | lr 5.00e-04 |   2.01M words |  3282 tok/s | ETA 13:23:38
2026-06-30 01:28:40 |   >> saved checkpoint chck_2M at 2.01M words
2026-06-30 01:30:18 | [0:18:17] [------------------------]   2.2% | step    220/9860 | ep 0 | masked | loss  5.865 | closs  0.695 | lr 5.00e-04 |   2.21M words |  3286 tok/s | ETA 13:21:10
2026-06-30 01:31:57 | [0:19:55] [------------------------]   2.4% | step    240/9860 | ep 0 | masked | loss  5.965 | closs  0.923 | lr 5.00e-04 |   2.41M words |  3288 tok/s | ETA 13:18:50
2026-06-30 01:33:35 | [0:21:34] [------------------------]   2.6% | step    260/9860 | ep 0 | masked | loss  5.811 | closs  0.707 | lr 5.00e-04 |   2.61M words |  3291 tok/s | ETA 13:16:28
2026-06-30 01:35:14 | [0:23:12] [------------------------]   2.8% | step    280/9860 | ep 0 | masked | loss  5.419 | closs  0.568 | lr 5.00e-04 |   2.81M words |  3294 tok/s | ETA 13:14:13
2026-06-30 01:36:48 |   >> saved checkpoint chck_3M at 3.00M words
2026-06-30 01:36:53 | [0:24:52] [------------------------]   3.0% | step    300/9860 | ep 0 | masked | loss  5.807 | closs  1.007 | lr 5.00e-04 |   3.01M words |  3294 tok/s | ETA 13:12:27
2026-06-30 01:38:31 | [0:26:30] [------------------------]   3.2% | step    320/9860 | ep 0 | masked | loss  5.287 | closs  0.570 | lr 5.00e-04 |   3.21M words |  3297 tok/s | ETA 13:10:07
2026-06-30 01:40:10 | [0:28:08] [------------------------]   3.4% | step    340/9860 | ep 0 | masked | loss  5.528 | closs  0.792 | lr 5.00e-04 |   3.41M words |  3299 tok/s | ETA 13:08:02
2026-06-30 01:41:48 | [0:29:47] [------------------------]   3.7% | step    360/9860 | ep 0 | masked | loss  5.756 | closs  0.250 | lr 5.00e-04 |   3.61M words |  3300 tok/s | ETA 13:06:00
2026-06-30 01:43:27 | [0:31:25] [------------------------]   3.9% | step    380/9860 | ep 0 | masked | loss  5.166 | closs  0.529 | lr 5.00e-04 |   3.81M words |  3302 tok/s | ETA 13:04:01
2026-06-30 01:45:01 |   >> saved checkpoint chck_4M at 4.00M words
2026-06-30 01:45:06 | [0:33:04] [------------------------]   4.1% | step    400/9860 | ep 0 | masked | loss  5.367 | closs  0.405 | lr 4.99e-04 |   4.01M words |  3302 tok/s | ETA 13:02:12
2026-06-30 01:46:44 | [0:34:42] [#-----------------------]   4.3% | step    420/9860 | ep 0 | masked | loss  5.012 | closs  0.285 | lr 4.99e-04 |   4.22M words |  3304 tok/s | ETA 13:00:15
2026-06-30 01:48:23 | [0:36:22] [#-----------------------]   4.5% | step    440/9860 | ep 0 | masked | loss  4.863 | closs  0.720 | lr 4.99e-04 |   4.42M words |  3303 tok/s | ETA 12:58:43
2026-06-30 01:50:02 | [0:38:00] [#-----------------------]   4.7% | step    460/9860 | ep 0 | masked | loss  5.265 | closs  0.382 | lr 4.99e-04 |   4.62M words |  3304 tok/s | ETA 12:56:50
2026-06-30 01:51:40 | [0:39:39] [#-----------------------]   4.9% | step    480/9860 | ep 0 | masked | loss  5.136 | closs  0.827 | lr 4.99e-04 |   4.82M words |  3305 tok/s | ETA 12:54:55
2026-06-30 01:53:15 |   >> saved checkpoint chck_5M at 5.01M words
2026-06-30 01:53:20 | [0:41:18] [#-----------------------]   5.1% | step    500/9860 | ep 0 | masked | loss  5.171 | closs  0.409 | lr 4.99e-04 |   5.02M words |  3305 tok/s | ETA 12:53:20
2026-06-30 01:54:58 | [0:42:57] [#-----------------------]   5.3% | step    520/9860 | ep 0 | masked | loss  5.009 | closs  0.686 | lr 4.99e-04 |   5.22M words |  3306 tok/s | ETA 12:51:26
2026-06-30 01:56:37 | [0:44:35] [#-----------------------]   5.5% | step    540/9860 | ep 0 | masked | loss  4.649 | closs  0.201 | lr 4.98e-04 |   5.42M words |  3307 tok/s | ETA 12:49:35
2026-06-30 01:58:15 | [0:46:13] [#-----------------------]   5.7% | step    560/9860 | ep 0 | masked | loss  5.130 | closs  0.330 | lr 4.98e-04 |   5.62M words |  3308 tok/s | ETA 12:47:44
2026-06-30 01:59:54 | [0:47:52] [#-----------------------]   5.9% | step    580/9860 | ep 0 | masked | loss  4.846 | closs  0.343 | lr 4.98e-04 |   5.82M words |  3308 tok/s | ETA 12:45:59
2026-06-30 02:01:23 |   >> saved checkpoint chck_6M at 6.00M words
2026-06-30 02:01:33 | [0:49:31] [#-----------------------]   6.1% | step    600/9860 | ep 0 | masked | loss  4.974 | closs  0.466 | lr 4.98e-04 |   6.02M words |  3308 tok/s | ETA 12:44:24
2026-06-30 02:03:11 | [0:51:10] [#-----------------------]   6.3% | step    620/9860 | ep 0 | masked | loss  5.259 | closs  0.470 | lr 4.98e-04 |   6.22M words |  3308 tok/s | ETA 12:42:38
2026-06-30 02:04:50 | [0:52:48] [#-----------------------]   6.5% | step    640/9860 | ep 0 | masked | loss  5.056 | closs  0.304 | lr 4.97e-04 |   6.42M words |  3309 tok/s | ETA 12:40:51
2026-06-30 02:06:28 | [0:54:27] [#-----------------------]   6.7% | step    660/9860 | ep 0 | causal | loss  4.629 | closs  0.237 | lr 4.97e-04 |   6.62M words |  3310 tok/s | ETA 12:39:04
2026-06-30 02:08:07 | [0:56:05] [#-----------------------]   6.9% | step    680/9860 | ep 0 | masked | loss  4.884 | closs  0.330 | lr 4.97e-04 |   6.82M words |  3310 tok/s | ETA 12:37:17
2026-06-30 02:09:36 |   >> saved checkpoint chck_7M at 7.00M words
2026-06-30 02:09:46 | [0:57:44] [#-----------------------]   7.1% | step    700/9860 | ep 0 | masked | loss  4.956 | closs  0.445 | lr 4.97e-04 |   7.03M words |  3310 tok/s | ETA 12:35:39
2026-06-30 02:11:25 | [0:59:23] [#-----------------------]   7.3% | step    720/9860 | ep 0 | masked | loss  4.851 | closs  0.506 | lr 4.96e-04 |   7.23M words |  3310 tok/s | ETA 12:33:56
2026-06-30 02:13:03 | [1:01:01] [#-----------------------]   7.5% | step    740/9860 | ep 0 | masked | loss  4.744 | closs  0.130 | lr 4.96e-04 |   7.43M words |  3311 tok/s | ETA 12:32:11
2026-06-30 02:14:41 | [1:02:40] [#-----------------------]   7.7% | step    760/9860 | ep 0 | masked | loss  4.684 | closs  0.898 | lr 4.96e-04 |   7.63M words |  3311 tok/s | ETA 12:30:23
2026-06-30 02:16:20 | [1:04:18] [#-----------------------]   7.9% | step    780/9860 | ep 0 | masked | loss  4.793 | closs  0.618 | lr 4.96e-04 |   7.83M words |  3312 tok/s | ETA 12:28:39
2026-06-30 02:17:49 |   >> saved checkpoint chck_8M at 8.01M words
2026-06-30 02:18:00 | [1:05:58] [#-----------------------]   8.1% | step    800/9860 | ep 0 | masked | loss  3.976 | closs  0.309 | lr 4.95e-04 |   8.03M words |  3311 tok/s | ETA 12:27:10
2026-06-30 02:19:39 | [1:07:37] [#-----------------------]   8.3% | step    820/9860 | ep 0 | masked | loss  4.775 | closs  0.206 | lr 4.95e-04 |   8.23M words |  3311 tok/s | ETA 12:25:34
2026-06-30 02:21:17 | [1:09:16] [##----------------------]   8.5% | step    840/9860 | ep 0 | masked | loss  4.470 | closs  0.236 | lr 4.95e-04 |   8.43M words |  3311 tok/s | ETA 12:23:48
2026-06-30 02:22:55 | [1:10:53] [##----------------------]   8.7% | step    860/9860 | ep 0 | masked | loss  4.795 | closs  0.228 | lr 4.94e-04 |   8.63M words |  3312 tok/s | ETA 12:21:57
2026-06-30 02:24:34 | [1:12:32] [##----------------------]   8.9% | step    880/9860 | ep 0 | masked | loss  4.540 | closs  0.194 | lr 4.94e-04 |   8.83M words |  3313 tok/s | ETA 12:20:15
2026-06-30 02:25:57 |   >> saved checkpoint chck_9M at 9.00M words
2026-06-30 02:26:12 | [1:14:11] [##----------------------]   9.1% | step    900/9860 | ep 0 | masked | loss  4.842 | closs  0.479 | lr 4.93e-04 |   9.03M words |  3313 tok/s | ETA 12:18:33
2026-06-30 02:27:51 | [1:15:49] [##----------------------]   9.3% | step    920/9860 | ep 0 | masked | loss  4.725 | closs  0.382 | lr 4.93e-04 |   9.23M words |  3313 tok/s | ETA 12:16:49
2026-06-30 02:29:29 | [1:17:28] [##----------------------]   9.5% | step    940/9860 | ep 0 | masked | loss  4.457 | closs  0.529 | lr 4.93e-04 |   9.43M words |  3313 tok/s | ETA 12:15:09
2026-06-30 02:31:08 | [1:19:06] [##----------------------]   9.7% | step    960/9860 | ep 0 | masked | loss  4.017 | closs  0.600 | lr 4.92e-04 |   9.63M words |  3314 tok/s | ETA 12:13:24
2026-06-30 02:32:47 | [1:20:45] [##----------------------]   9.9% | step    980/9860 | ep 0 | masked | loss  3.912 | closs  0.646 | lr 4.92e-04 |   9.84M words |  3314 tok/s | ETA 12:11:46
2026-06-30 02:34:11 |   >> saved checkpoint chck_10M at 10.01M words
2026-06-30 02:34:26 | [1:22:25] [##----------------------]  10.1% | step   1000/9860 | ep 1 | masked | loss  4.528 | closs  0.473 | lr 4.92e-04 |  10.04M words |  3314 tok/s | ETA 12:10:14
2026-06-30 02:36:05 | [1:24:03] [##----------------------]  10.3% | step   1020/9860 | ep 1 | masked | loss  4.552 | closs  0.458 | lr 4.91e-04 |  10.24M words |  3314 tok/s | ETA 12:08:31
2026-06-30 02:37:43 | [1:25:42] [##----------------------]  10.5% | step   1040/9860 | ep 1 | masked | loss  4.663 | closs  0.258 | lr 4.91e-04 |  10.44M words |  3315 tok/s | ETA 12:06:48
2026-06-30 02:39:22 | [1:27:20] [##----------------------]  10.8% | step   1060/9860 | ep 1 | causal | loss  5.212 | closs  0.153 | lr 4.90e-04 |  10.64M words |  3315 tok/s | ETA 12:05:06
2026-06-30 02:41:00 | [1:28:59] [##----------------------]  11.0% | step   1080/9860 | ep 1 | causal | loss  5.034 | closs  0.315 | lr 4.90e-04 |  10.84M words |  3315 tok/s | ETA 12:03:26
2026-06-30 02:42:39 | [1:30:38] [##----------------------]  11.2% | step   1100/9860 | ep 1 | causal | loss  4.855 | closs  0.440 | lr 4.89e-04 |  11.04M words |  3315 tok/s | ETA 12:01:46
2026-06-30 02:44:18 | [1:32:16] [##----------------------]  11.4% | step   1120/9860 | ep 1 | masked | loss  4.504 | closs  0.462 | lr 4.89e-04 |  11.24M words |  3315 tok/s | ETA 12:00:03
2026-06-30 02:45:56 | [1:33:54] [##----------------------]  11.6% | step   1140/9860 | ep 1 | masked | loss  3.890 | closs  0.128 | lr 4.88e-04 |  11.44M words |  3315 tok/s | ETA 11:58:20
2026-06-30 02:47:34 | [1:35:33] [##----------------------]  11.8% | step   1160/9860 | ep 1 | masked | loss  4.166 | closs  0.124 | lr 4.88e-04 |  11.64M words |  3316 tok/s | ETA 11:56:40
2026-06-30 02:49:13 | [1:37:12] [##----------------------]  12.0% | step   1180/9860 | ep 1 | masked | loss  4.322 | closs  0.651 | lr 4.87e-04 |  11.84M words |  3315 tok/s | ETA 11:55:02
2026-06-30 02:50:52 | [1:38:50] [##----------------------]  12.2% | step   1200/9860 | ep 1 | masked | loss  3.879 | closs  0.200 | lr 4.87e-04 |  12.05M words |  3316 tok/s | ETA 11:53:20
2026-06-30 02:52:30 | [1:40:28] [##----------------------]  12.4% | step   1220/9860 | ep 1 | masked | loss  4.038 | closs  0.364 | lr 4.86e-04 |  12.25M words |  3316 tok/s | ETA 11:51:34
2026-06-30 02:54:08 | [1:42:06] [###---------------------]  12.6% | step   1240/9860 | ep 1 | masked | loss  4.393 | closs  0.374 | lr 4.86e-04 |  12.45M words |  3317 tok/s | ETA 11:49:51
2026-06-30 02:55:47 | [1:43:45] [###---------------------]  12.8% | step   1260/9860 | ep 1 | masked | loss  4.691 | closs  0.212 | lr 4.85e-04 |  12.65M words |  3316 tok/s | ETA 11:48:14
2026-06-30 02:57:26 | [1:45:24] [###---------------------]  13.0% | step   1280/9860 | ep 1 | masked | loss  4.423 | closs  0.382 | lr 4.85e-04 |  12.85M words |  3316 tok/s | ETA 11:46:34
2026-06-30 02:59:05 | [1:47:03] [###---------------------]  13.2% | step   1300/9860 | ep 1 | masked | loss  4.360 | closs  0.579 | lr 4.84e-04 |  13.05M words |  3316 tok/s | ETA 11:44:56
2026-06-30 03:00:43 | [1:48:42] [###---------------------]  13.4% | step   1320/9860 | ep 1 | masked | loss  4.262 | closs  0.551 | lr 4.84e-04 |  13.25M words |  3317 tok/s | ETA 11:43:16
2026-06-30 03:02:22 | [1:50:20] [###---------------------]  13.6% | step   1340/9860 | ep 1 | masked | loss  4.313 | closs  0.317 | lr 4.83e-04 |  13.45M words |  3317 tok/s | ETA 11:41:35
2026-06-30 03:04:00 | [1:51:59] [###---------------------]  13.8% | step   1360/9860 | ep 1 | masked | loss  4.052 | closs  0.140 | lr 4.82e-04 |  13.65M words |  3317 tok/s | ETA 11:39:54
2026-06-30 03:05:39 | [1:53:37] [###---------------------]  14.0% | step   1380/9860 | ep 1 | masked | loss  4.081 | closs  0.311 | lr 4.82e-04 |  13.85M words |  3317 tok/s | ETA 11:38:14
2026-06-30 03:07:17 | [1:55:15] [###---------------------]  14.2% | step   1400/9860 | ep 1 | masked | loss  4.016 | closs  0.196 | lr 4.81e-04 |  14.05M words |  3317 tok/s | ETA 11:36:31
2026-06-30 03:08:55 | [1:56:54] [###---------------------]  14.4% | step   1420/9860 | ep 1 | masked | loss  4.421 | closs  0.154 | lr 4.80e-04 |  14.25M words |  3317 tok/s | ETA 11:34:50
2026-06-30 03:10:34 | [1:58:32] [###---------------------]  14.6% | step   1440/9860 | ep 1 | masked | loss  4.149 | closs  0.246 | lr 4.80e-04 |  14.45M words |  3317 tok/s | ETA 11:33:11
2026-06-30 03:12:13 | [2:00:11] [###---------------------]  14.8% | step   1460/9860 | ep 1 | causal | loss  4.744 | closs  0.616 | lr 4.79e-04 |  14.65M words |  3318 tok/s | ETA 11:31:31
2026-06-30 03:13:51 | [2:01:50] [###---------------------]  15.0% | step   1480/9860 | ep 1 | masked | loss  3.897 | closs  0.227 | lr 4.79e-04 |  14.86M words |  3318 tok/s | ETA 11:29:50
2026-06-30 03:15:30 | [2:03:28] [###---------------------]  15.2% | step   1500/9860 | ep 1 | masked | loss  4.262 | closs  0.242 | lr 4.78e-04 |  15.06M words |  3318 tok/s | ETA 11:28:11
2026-06-30 03:17:08 | [2:05:07] [###---------------------]  15.4% | step   1520/9860 | ep 1 | masked | loss  4.433 | closs  0.063 | lr 4.77e-04 |  15.26M words |  3318 tok/s | ETA 11:26:30
2026-06-30 03:18:47 | [2:06:46] [###---------------------]  15.6% | step   1540/9860 | ep 1 | masked | loss  3.847 | closs  0.238 | lr 4.77e-04 |  15.46M words |  3318 tok/s | ETA 11:24:53
2026-06-30 03:20:26 | [2:08:24] [###---------------------]  15.8% | step   1560/9860 | ep 1 | masked | loss  3.741 | closs  0.174 | lr 4.76e-04 |  15.66M words |  3318 tok/s | ETA 11:23:12
2026-06-30 03:22:04 | [2:10:03] [###---------------------]  16.0% | step   1580/9860 | ep 1 | causal | loss  4.216 | closs  0.354 | lr 4.75e-04 |  15.86M words |  3318 tok/s | ETA 11:21:32
2026-06-30 03:23:43 | [2:11:41] [###---------------------]  16.2% | step   1600/9860 | ep 1 | masked | loss  4.058 | closs  0.293 | lr 4.74e-04 |  16.06M words |  3318 tok/s | ETA 11:19:53
2026-06-30 03:25:21 | [2:13:20] [###---------------------]  16.4% | step   1620/9860 | ep 1 | masked | loss  3.799 | closs  0.262 | lr 4.74e-04 |  16.26M words |  3318 tok/s | ETA 11:18:11
2026-06-30 03:27:00 | [2:14:58] [###---------------------]  16.6% | step   1640/9860 | ep 1 | masked | loss  3.840 | closs  0.349 | lr 4.73e-04 |  16.46M words |  3318 tok/s | ETA 11:16:31
2026-06-30 03:28:38 | [2:16:36] [####--------------------]  16.8% | step   1660/9860 | ep 1 | masked | loss  4.346 | closs  0.429 | lr 4.72e-04 |  16.66M words |  3319 tok/s | ETA 11:14:50
2026-06-30 03:30:16 | [2:18:15] [####--------------------]  17.0% | step   1680/9860 | ep 1 | masked | loss  3.686 | closs  0.327 | lr 4.72e-04 |  16.86M words |  3319 tok/s | ETA 11:13:09
2026-06-30 03:31:54 | [2:19:53] [####--------------------]  17.2% | step   1700/9860 | ep 1 | masked | loss  3.621 | closs  0.170 | lr 4.71e-04 |  17.06M words |  3319 tok/s | ETA 11:11:27
2026-06-30 03:33:32 | [2:21:31] [####--------------------]  17.4% | step   1720/9860 | ep 1 | masked | loss  3.616 | closs  0.215 | lr 4.70e-04 |  17.26M words |  3319 tok/s | ETA 11:09:46
2026-06-30 03:35:11 | [2:23:09] [####--------------------]  17.6% | step   1740/9860 | ep 1 | masked | loss  4.277 | closs  0.181 | lr 4.69e-04 |  17.46M words |  3319 tok/s | ETA 11:08:04
2026-06-30 03:36:50 | [2:24:48] [####--------------------]  17.8% | step   1760/9860 | ep 1 | masked | loss  4.313 | closs  0.322 | lr 4.68e-04 |  17.67M words |  3319 tok/s | ETA 11:06:26
2026-06-30 03:38:28 | [2:26:27] [####--------------------]  18.1% | step   1780/9860 | ep 1 | masked | loss  3.745 | closs  0.077 | lr 4.68e-04 |  17.87M words |  3319 tok/s | ETA 11:04:47
2026-06-30 03:40:06 | [2:28:05] [####--------------------]  18.3% | step   1800/9860 | ep 1 | masked | loss  3.916 | closs  0.526 | lr 4.67e-04 |  18.07M words |  3320 tok/s | ETA 11:03:06
2026-06-30 03:41:44 | [2:29:43] [####--------------------]  18.5% | step   1820/9860 | ep 1 | masked | loss  4.166 | closs  0.152 | lr 4.66e-04 |  18.27M words |  3320 tok/s | ETA 11:01:23
2026-06-30 03:43:22 | [2:31:21] [####--------------------]  18.7% | step   1840/9860 | ep 1 | masked | loss  3.618 | closs  0.158 | lr 4.65e-04 |  18.47M words |  3320 tok/s | ETA 10:59:41
2026-06-30 03:45:01 | [2:32:59] [####--------------------]  18.9% | step   1860/9860 | ep 1 | masked | loss  3.229 | closs  0.472 | lr 4.64e-04 |  18.67M words |  3320 tok/s | ETA 10:58:02
2026-06-30 03:46:39 | [2:34:38] [####--------------------]  19.1% | step   1880/9860 | ep 1 | masked | loss  3.950 | closs  0.294 | lr 4.64e-04 |  18.87M words |  3320 tok/s | ETA 10:56:22
2026-06-30 03:48:18 | [2:36:16] [####--------------------]  19.3% | step   1900/9860 | ep 1 | causal | loss  4.409 | closs  0.238 | lr 4.63e-04 |  19.07M words |  3320 tok/s | ETA 10:54:43
2026-06-30 03:49:56 | [2:37:55] [####--------------------]  19.5% | step   1920/9860 | ep 1 | masked | loss  3.831 | closs  0.460 | lr 4.62e-04 |  19.27M words |  3320 tok/s | ETA 10:53:03
2026-06-30 03:51:34 | [2:39:33] [####--------------------]  19.7% | step   1940/9860 | ep 1 | masked | loss  4.049 | closs  0.052 | lr 4.61e-04 |  19.47M words |  3321 tok/s | ETA 10:51:22
2026-06-30 03:53:13 | [2:41:11] [####--------------------]  19.9% | step   1960/9860 | ep 1 | masked | loss  3.461 | closs  0.138 | lr 4.60e-04 |  19.67M words |  3321 tok/s | ETA 10:49:42
2026-06-30 03:54:52 | [2:42:50] [####--------------------]  20.1% | step   1980/9860 | ep 2 | causal | loss  4.583 | closs  0.221 | lr 4.59e-04 |  19.88M words |  3321 tok/s | ETA 10:48:06
2026-06-30 03:55:57 |   >> saved checkpoint chck_20M at 20.01M words
2026-06-30 03:56:32 | [2:44:30] [####--------------------]  20.3% | step   2000/9860 | ep 2 | masked | loss  3.791 | closs  0.391 | lr 4.58e-04 |  20.08M words |  3321 tok/s | ETA 10:46:31
2026-06-30 03:58:10 | [2:46:08] [####--------------------]  20.5% | step   2020/9860 | ep 2 | masked | loss  3.584 | closs  0.334 | lr 4.57e-04 |  20.28M words |  3321 tok/s | ETA 10:44:50
2026-06-30 03:59:48 | [2:47:47] [####--------------------]  20.7% | step   2040/9860 | ep 2 | masked | loss  3.652 | closs  0.387 | lr 4.56e-04 |  20.48M words |  3321 tok/s | ETA 10:43:10
2026-06-30 04:01:27 | [2:49:25] [#####-------------------]  20.9% | step   2060/9860 | ep 2 | masked | loss  3.876 | closs  0.222 | lr 4.56e-04 |  20.68M words |  3321 tok/s | ETA 10:41:31
2026-06-30 04:03:05 | [2:51:03] [#####-------------------]  21.1% | step   2080/9860 | ep 2 | causal | loss  4.276 | closs  0.120 | lr 4.55e-04 |  20.88M words |  3321 tok/s | ETA 10:39:50
2026-06-30 04:04:43 | [2:52:42] [#####-------------------]  21.3% | step   2100/9860 | ep 2 | masked | loss  4.029 | closs  0.258 | lr 4.54e-04 |  21.08M words |  3321 tok/s | ETA 10:38:10
2026-06-30 04:06:21 | [2:54:20] [#####-------------------]  21.5% | step   2120/9860 | ep 2 | masked | loss  3.748 | closs  0.092 | lr 4.53e-04 |  21.28M words |  3321 tok/s | ETA 10:36:29
2026-06-30 04:08:00 | [2:55:58] [#####-------------------]  21.7% | step   2140/9860 | ep 2 | masked | loss  3.353 | closs  0.133 | lr 4.52e-04 |  21.48M words |  3321 tok/s | ETA 10:34:50
2026-06-30 04:09:39 | [2:57:37] [#####-------------------]  21.9% | step   2160/9860 | ep 2 | masked | loss  3.648 | closs  0.473 | lr 4.51e-04 |  21.68M words |  3321 tok/s | ETA 10:33:12
2026-06-30 04:11:17 | [2:59:15] [#####-------------------]  22.1% | step   2180/9860 | ep 2 | masked | loss  3.802 | closs  0.103 | lr 4.50e-04 |  21.88M words |  3321 tok/s | ETA 10:31:32
2026-06-30 04:12:55 | [3:00:54] [#####-------------------]  22.3% | step   2200/9860 | ep 2 | masked | loss  3.204 | closs  0.145 | lr 4.49e-04 |  22.08M words |  3322 tok/s | ETA 10:29:52
2026-06-30 04:14:33 | [3:02:32] [#####-------------------]  22.5% | step   2220/9860 | ep 2 | masked | loss  3.525 | closs  0.111 | lr 4.48e-04 |  22.28M words |  3322 tok/s | ETA 10:28:11
2026-06-30 04:16:12 | [3:04:10] [#####-------------------]  22.7% | step   2240/9860 | ep 2 | masked | loss  3.737 | closs  0.077 | lr 4.47e-04 |  22.49M words |  3322 tok/s | ETA 10:26:32
2026-06-30 04:17:50 | [3:05:49] [#####-------------------]  22.9% | step   2260/9860 | ep 2 | masked | loss  3.576 | closs  0.291 | lr 4.46e-04 |  22.69M words |  3322 tok/s | ETA 10:24:53
2026-06-30 04:19:29 | [3:07:27] [#####-------------------]  23.1% | step   2280/9860 | ep 2 | masked | loss  4.156 | closs  0.234 | lr 4.45e-04 |  22.89M words |  3322 tok/s | ETA 10:23:13
2026-06-30 04:21:08 | [3:09:06] [#####-------------------]  23.3% | step   2300/9860 | ep 2 | masked | loss  3.760 | closs  0.177 | lr 4.44e-04 |  23.09M words |  3322 tok/s | ETA 10:21:35
2026-06-30 04:22:46 | [3:10:44] [#####-------------------]  23.5% | step   2320/9860 | ep 2 | masked | loss  3.840 | closs  0.433 | lr 4.43e-04 |  23.29M words |  3322 tok/s | ETA 10:19:54
2026-06-30 04:24:24 | [3:12:23] [#####-------------------]  23.7% | step   2340/9860 | ep 2 | masked | loss  3.663 | closs  0.238 | lr 4.42e-04 |  23.49M words |  3322 tok/s | ETA 10:18:15
2026-06-30 04:26:02 | [3:14:00] [#####-------------------]  23.9% | step   2360/9860 | ep 2 | masked | loss  3.700 | closs  0.049 | lr 4.41e-04 |  23.69M words |  3322 tok/s | ETA 10:16:34
2026-06-30 04:27:41 | [3:15:40] [#####-------------------]  24.1% | step   2380/9860 | ep 2 | masked | loss  3.253 | closs  0.177 | lr 4.40e-04 |  23.89M words |  3322 tok/s | ETA 10:14:57
2026-06-30 04:29:20 | [3:17:18] [#####-------------------]  24.3% | step   2400/9860 | ep 2 | masked | loss  3.748 | closs  0.286 | lr 4.39e-04 |  24.09M words |  3322 tok/s | ETA 10:13:18
2026-06-30 04:30:58 | [3:18:57] [#####-------------------]  24.5% | step   2420/9860 | ep 2 | masked | loss  3.482 | closs  0.378 | lr 4.38e-04 |  24.29M words |  3322 tok/s | ETA 10:11:38
2026-06-30 04:32:36 | [3:20:34] [#####-------------------]  24.7% | step   2440/9860 | ep 2 | masked | loss  3.526 | closs  0.037 | lr 4.36e-04 |  24.49M words |  3322 tok/s | ETA 10:09:58
2026-06-30 04:34:14 | [3:22:13] [#####-------------------]  24.9% | step   2460/9860 | ep 2 | masked | loss  3.736 | closs  0.084 | lr 4.35e-04 |  24.69M words |  3322 tok/s | ETA 10:08:18
2026-06-30 04:35:53 | [3:23:51] [######------------------]  25.2% | step   2480/9860 | ep 2 | masked | loss  3.732 | closs  0.111 | lr 4.34e-04 |  24.89M words |  3322 tok/s | ETA 10:06:39
2026-06-30 04:37:31 | [3:25:30] [######------------------]  25.4% | step   2500/9860 | ep 2 | masked | loss  3.218 | closs  0.166 | lr 4.33e-04 |  25.09M words |  3323 tok/s | ETA 10:05:00
2026-06-30 04:39:10 | [3:27:08] [######------------------]  25.6% | step   2520/9860 | ep 2 | masked | loss  3.800 | closs  0.252 | lr 4.32e-04 |  25.30M words |  3323 tok/s | ETA 10:03:21
2026-06-30 04:40:48 | [3:28:47] [######------------------]  25.8% | step   2540/9860 | ep 2 | masked | loss  3.237 | closs  0.240 | lr 4.31e-04 |  25.50M words |  3323 tok/s | ETA 10:01:42
2026-06-30 04:42:27 | [3:30:25] [######------------------]  26.0% | step   2560/9860 | ep 2 | masked | loss  3.605 | closs  0.033 | lr 4.30e-04 |  25.70M words |  3323 tok/s | ETA 10:00:03
2026-06-30 04:44:05 | [3:32:03] [######------------------]  26.2% | step   2580/9860 | ep 2 | masked | loss  3.196 | closs  0.243 | lr 4.29e-04 |  25.90M words |  3323 tok/s | ETA 9:58:23
2026-06-30 04:45:43 | [3:33:42] [######------------------]  26.4% | step   2600/9860 | ep 2 | masked | loss  3.584 | closs  0.294 | lr 4.28e-04 |  26.10M words |  3323 tok/s | ETA 9:56:44
2026-06-30 04:47:22 | [3:35:20] [######------------------]  26.6% | step   2620/9860 | ep 2 | masked | loss  3.524 | closs  0.526 | lr 4.26e-04 |  26.30M words |  3323 tok/s | ETA 9:55:04
2026-06-30 04:49:01 | [3:36:59] [######------------------]  26.8% | step   2640/9860 | ep 2 | masked | loss  3.971 | closs  0.249 | lr 4.25e-04 |  26.50M words |  3323 tok/s | ETA 9:53:26
2026-06-30 04:50:39 | [3:38:37] [######------------------]  27.0% | step   2660/9860 | ep 2 | masked | loss  3.595 | closs  0.138 | lr 4.24e-04 |  26.70M words |  3323 tok/s | ETA 9:51:46
2026-06-30 04:52:18 | [3:40:16] [######------------------]  27.2% | step   2680/9860 | ep 2 | masked | loss  3.559 | closs  0.298 | lr 4.23e-04 |  26.90M words |  3323 tok/s | ETA 9:50:08
2026-06-30 04:53:56 | [3:41:54] [######------------------]  27.4% | step   2700/9860 | ep 2 | masked | loss  3.519 | closs  0.198 | lr 4.22e-04 |  27.10M words |  3323 tok/s | ETA 9:48:28
2026-06-30 04:55:34 | [3:43:33] [######------------------]  27.6% | step   2720/9860 | ep 2 | masked | loss  3.715 | closs  0.160 | lr 4.21e-04 |  27.30M words |  3323 tok/s | ETA 9:46:49
2026-06-30 04:57:13 | [3:45:11] [######------------------]  27.8% | step   2740/9860 | ep 2 | masked | loss  3.415 | closs  0.185 | lr 4.19e-04 |  27.50M words |  3323 tok/s | ETA 9:45:10
2026-06-30 04:58:52 | [3:46:50] [######------------------]  28.0% | step   2760/9860 | ep 2 | masked | loss  3.795 | closs  0.183 | lr 4.18e-04 |  27.70M words |  3323 tok/s | ETA 9:43:32
2026-06-30 05:00:30 | [3:48:28] [######------------------]  28.2% | step   2780/9860 | ep 2 | masked | loss  3.757 | closs  0.056 | lr 4.17e-04 |  27.90M words |  3323 tok/s | ETA 9:41:52
2026-06-30 05:02:08 | [3:50:06] [######------------------]  28.4% | step   2800/9860 | ep 2 | masked | loss  3.515 | closs  0.093 | lr 4.16e-04 |  28.11M words |  3323 tok/s | ETA 9:40:13
2026-06-30 05:03:47 | [3:51:45] [######------------------]  28.6% | step   2820/9860 | ep 2 | masked | loss  3.366 | closs  0.048 | lr 4.14e-04 |  28.31M words |  3323 tok/s | ETA 9:38:34
2026-06-30 05:05:25 | [3:53:23] [######------------------]  28.8% | step   2840/9860 | ep 2 | masked | loss  3.512 | closs  0.064 | lr 4.13e-04 |  28.51M words |  3323 tok/s | ETA 9:36:55
2026-06-30 05:07:04 | [3:55:02] [######------------------]  29.0% | step   2860/9860 | ep 2 | masked | loss  3.565 | closs  0.051 | lr 4.12e-04 |  28.71M words |  3323 tok/s | ETA 9:35:16
2026-06-30 05:08:41 | [3:56:40] [#######-----------------]  29.2% | step   2880/9860 | ep 2 | causal | loss  4.151 | closs  0.247 | lr 4.11e-04 |  28.91M words |  3324 tok/s | ETA 9:33:35
2026-06-30 05:10:20 | [3:58:18] [#######-----------------]  29.4% | step   2900/9860 | ep 2 | masked | loss  3.373 | closs  0.137 | lr 4.10e-04 |  29.11M words |  3324 tok/s | ETA 9:31:56
2026-06-30 05:11:58 | [3:59:56] [#######-----------------]  29.6% | step   2920/9860 | ep 2 | causal | loss  4.121 | closs  0.242 | lr 4.08e-04 |  29.31M words |  3324 tok/s | ETA 9:30:16
2026-06-30 05:13:36 | [4:01:35] [#######-----------------]  29.8% | step   2940/9860 | ep 2 | masked | loss  3.484 | closs  0.419 | lr 4.07e-04 |  29.51M words |  3324 tok/s | ETA 9:28:37
2026-06-30 05:15:16 | [4:03:14] [#######-----------------]  30.0% | step   2960/9860 | ep 3 | masked | loss  3.640 | closs  0.249 | lr 4.06e-04 |  29.71M words |  3324 tok/s | ETA 9:27:01
2026-06-30 05:16:55 | [4:04:53] [#######-----------------]  30.2% | step   2980/9860 | ep 3 | masked | loss  3.476 | closs  0.053 | lr 4.04e-04 |  29.91M words |  3324 tok/s | ETA 9:25:23
2026-06-30 05:17:40 |   >> saved checkpoint chck_30M at 30.00M words
2026-06-30 05:18:34 | [4:06:32] [#######-----------------]  30.4% | step   3000/9860 | ep 3 | masked | loss  3.712 | closs  0.124 | lr 4.03e-04 |  30.11M words |  3324 tok/s | ETA 9:23:45
2026-06-30 05:20:12 | [4:08:10] [#######-----------------]  30.6% | step   3020/9860 | ep 3 | masked | loss  3.548 | closs  0.366 | lr 4.02e-04 |  30.32M words |  3324 tok/s | ETA 9:22:06
2026-06-30 05:21:51 | [4:09:49] [#######-----------------]  30.8% | step   3040/9860 | ep 3 | masked | loss  3.489 | closs  0.306 | lr 4.01e-04 |  30.52M words |  3324 tok/s | ETA 9:20:28
2026-06-30 05:23:29 | [4:11:28] [#######-----------------]  31.0% | step   3060/9860 | ep 3 | masked | loss  3.347 | closs  0.079 | lr 3.99e-04 |  30.72M words |  3324 tok/s | ETA 9:18:49
2026-06-30 05:25:08 | [4:13:06] [#######-----------------]  31.2% | step   3080/9860 | ep 3 | masked | loss  3.793 | closs  0.423 | lr 3.98e-04 |  30.92M words |  3324 tok/s | ETA 9:17:10
2026-06-30 05:26:47 | [4:14:45] [#######-----------------]  31.4% | step   3100/9860 | ep 3 | masked | loss  3.903 | closs  0.034 | lr 3.97e-04 |  31.12M words |  3324 tok/s | ETA 9:15:32
2026-06-30 05:28:26 | [4:16:24] [#######-----------------]  31.6% | step   3120/9860 | ep 3 | masked | loss  3.707 | closs  0.202 | lr 3.95e-04 |  31.32M words |  3324 tok/s | ETA 9:13:54
2026-06-30 05:30:03 | [4:18:02] [#######-----------------]  31.8% | step   3140/9860 | ep 3 | masked | loss  3.690 | closs  0.793 | lr 3.94e-04 |  31.52M words |  3324 tok/s | ETA 9:12:14
2026-06-30 05:31:42 | [4:19:40] [#######-----------------]  32.0% | step   3160/9860 | ep 3 | masked | loss  3.876 | closs  0.344 | lr 3.93e-04 |  31.72M words |  3324 tok/s | ETA 9:10:34
2026-06-30 05:33:20 | [4:21:19] [#######-----------------]  32.3% | step   3180/9860 | ep 3 | masked | loss  3.413 | closs  0.052 | lr 3.91e-04 |  31.92M words |  3324 tok/s | ETA 9:08:55
2026-06-30 05:34:58 | [4:22:57] [#######-----------------]  32.5% | step   3200/9860 | ep 3 | masked | loss  3.302 | closs  0.614 | lr 3.90e-04 |  32.12M words |  3324 tok/s | ETA 9:07:16
2026-06-30 05:36:37 | [4:24:36] [#######-----------------]  32.7% | step   3220/9860 | ep 3 | masked | loss  3.787 | closs  0.013 | lr 3.89e-04 |  32.32M words |  3324 tok/s | ETA 9:05:38
2026-06-30 05:38:15 | [4:26:14] [#######-----------------]  32.9% | step   3240/9860 | ep 3 | masked | loss  3.488 | closs  0.332 | lr 3.87e-04 |  32.52M words |  3324 tok/s | ETA 9:03:58
2026-06-30 05:39:54 | [4:27:52] [#######-----------------]  33.1% | step   3260/9860 | ep 3 | masked | loss  3.418 | closs  0.116 | lr 3.86e-04 |  32.72M words |  3324 tok/s | ETA 9:02:20
2026-06-30 05:41:32 | [4:29:31] [#######-----------------]  33.3% | step   3280/9860 | ep 3 | masked | loss  3.927 | closs  0.368 | lr 3.85e-04 |  32.92M words |  3324 tok/s | ETA 9:00:41
2026-06-30 05:43:11 | [4:31:09] [########----------------]  33.5% | step   3300/9860 | ep 3 | masked | loss  3.222 | closs  0.366 | lr 3.83e-04 |  33.13M words |  3324 tok/s | ETA 8:59:01
2026-06-30 05:44:49 | [4:32:48] [########----------------]  33.7% | step   3320/9860 | ep 3 | masked | loss  3.760 | closs  0.238 | lr 3.82e-04 |  33.33M words |  3324 tok/s | ETA 8:57:23
2026-06-30 05:46:28 | [4:34:26] [########----------------]  33.9% | step   3340/9860 | ep 3 | masked | loss  3.596 | closs  0.305 | lr 3.80e-04 |  33.53M words |  3324 tok/s | ETA 8:55:44
2026-06-30 05:48:06 | [4:36:05] [########----------------]  34.1% | step   3360/9860 | ep 3 | masked | loss  3.321 | closs  0.476 | lr 3.79e-04 |  33.73M words |  3324 tok/s | ETA 8:54:05
2026-06-30 05:49:45 | [4:37:43] [########----------------]  34.3% | step   3380/9860 | ep 3 | masked | loss  3.670 | closs  0.136 | lr 3.78e-04 |  33.93M words |  3324 tok/s | ETA 8:52:26
2026-06-30 05:51:23 | [4:39:22] [########----------------]  34.5% | step   3400/9860 | ep 3 | masked | loss  3.593 | closs  0.432 | lr 3.76e-04 |  34.13M words |  3324 tok/s | ETA 8:50:48
2026-06-30 05:53:02 | [4:41:00] [########----------------]  34.7% | step   3420/9860 | ep 3 | masked | loss  3.222 | closs  0.362 | lr 3.75e-04 |  34.33M words |  3324 tok/s | ETA 8:49:09
2026-06-30 05:54:41 | [4:42:39] [########----------------]  34.9% | step   3440/9860 | ep 3 | masked | loss  3.231 | closs  0.108 | lr 3.73e-04 |  34.53M words |  3324 tok/s | ETA 8:47:31
2026-06-30 05:56:20 | [4:44:18] [########----------------]  35.1% | step   3460/9860 | ep 3 | masked | loss  3.598 | closs  0.443 | lr 3.72e-04 |  34.73M words |  3324 tok/s | ETA 8:45:53
2026-06-30 05:57:58 | [4:45:56] [########----------------]  35.3% | step   3480/9860 | ep 3 | masked | loss  3.260 | closs  0.151 | lr 3.71e-04 |  34.93M words |  3324 tok/s | ETA 8:44:14
2026-06-30 05:59:37 | [4:47:35] [########----------------]  35.5% | step   3500/9860 | ep 3 | masked | loss  3.053 | closs  0.281 | lr 3.69e-04 |  35.13M words |  3324 tok/s | ETA 8:42:35
2026-06-30 06:01:15 | [4:49:14] [########----------------]  35.7% | step   3520/9860 | ep 3 | masked | loss  3.674 | closs  0.422 | lr 3.68e-04 |  35.33M words |  3324 tok/s | ETA 8:40:57
2026-06-30 06:02:53 | [4:50:52] [########----------------]  35.9% | step   3540/9860 | ep 3 | masked | loss  3.700 | closs  0.154 | lr 3.66e-04 |  35.53M words |  3324 tok/s | ETA 8:39:17
2026-06-30 06:04:32 | [4:52:30] [########----------------]  36.1% | step   3560/9860 | ep 3 | masked | loss  3.653 | closs  0.305 | lr 3.65e-04 |  35.73M words |  3324 tok/s | ETA 8:37:39
2026-06-30 06:06:10 | [4:54:09] [########----------------]  36.3% | step   3580/9860 | ep 3 | masked | loss  3.042 | closs  0.890 | lr 3.63e-04 |  35.94M words |  3324 tok/s | ETA 8:36:00
2026-06-30 06:07:49 | [4:55:47] [########----------------]  36.5% | step   3600/9860 | ep 3 | masked | loss  3.475 | closs  0.215 | lr 3.62e-04 |  36.14M words |  3324 tok/s | ETA 8:34:21
2026-06-30 06:09:27 | [4:57:26] [########----------------]  36.7% | step   3620/9860 | ep 3 | masked | loss  3.342 | closs  0.260 | lr 3.61e-04 |  36.34M words |  3324 tok/s | ETA 8:32:42
2026-06-30 06:11:06 | [4:59:04] [########----------------]  36.9% | step   3640/9860 | ep 3 | masked | loss  3.342 | closs  0.077 | lr 3.59e-04 |  36.54M words |  3324 tok/s | ETA 8:31:03
2026-06-30 06:12:45 | [5:00:43] [########----------------]  37.1% | step   3660/9860 | ep 3 | masked | loss  3.206 | closs  0.088 | lr 3.58e-04 |  36.74M words |  3324 tok/s | ETA 8:29:25
2026-06-30 06:14:23 | [5:02:22] [########----------------]  37.3% | step   3680/9860 | ep 3 | masked | loss  3.021 | closs  0.436 | lr 3.56e-04 |  36.94M words |  3324 tok/s | ETA 8:27:46
2026-06-30 06:16:02 | [5:04:00] [#########---------------]  37.5% | step   3700/9860 | ep 3 | masked | loss  3.401 | closs  0.255 | lr 3.55e-04 |  37.14M words |  3324 tok/s | ETA 8:26:08
2026-06-30 06:17:40 | [5:05:39] [#########---------------]  37.7% | step   3720/9860 | ep 3 | masked | loss  3.210 | closs  0.296 | lr 3.53e-04 |  37.34M words |  3324 tok/s | ETA 8:24:29
2026-06-30 06:19:19 | [5:07:17] [#########---------------]  37.9% | step   3740/9860 | ep 3 | masked | loss  3.431 | closs  0.218 | lr 3.52e-04 |  37.54M words |  3324 tok/s | ETA 8:22:50
2026-06-30 06:20:57 | [5:08:55] [#########---------------]  38.1% | step   3760/9860 | ep 3 | masked | loss  3.533 | closs  0.174 | lr 3.50e-04 |  37.74M words |  3324 tok/s | ETA 8:21:11
2026-06-30 06:22:36 | [5:10:34] [#########---------------]  38.3% | step   3780/9860 | ep 3 | masked | loss  3.822 | closs  0.348 | lr 3.49e-04 |  37.94M words |  3324 tok/s | ETA 8:19:33
2026-06-30 06:24:14 | [5:12:13] [#########---------------]  38.5% | step   3800/9860 | ep 3 | masked | loss  3.468 | closs  0.650 | lr 3.47e-04 |  38.14M words |  3324 tok/s | ETA 8:17:54
2026-06-30 06:25:53 | [5:13:51] [#########---------------]  38.7% | step   3820/9860 | ep 3 | masked | loss  3.462 | closs  0.328 | lr 3.46e-04 |  38.34M words |  3324 tok/s | ETA 8:16:15
2026-06-30 06:27:32 | [5:15:30] [#########---------------]  38.9% | step   3840/9860 | ep 3 | masked | loss  3.529 | closs  0.258 | lr 3.44e-04 |  38.55M words |  3324 tok/s | ETA 8:14:38
2026-06-30 06:29:10 | [5:17:09] [#########---------------]  39.1% | step   3860/9860 | ep 3 | masked | loss  3.157 | closs  0.391 | lr 3.43e-04 |  38.75M words |  3324 tok/s | ETA 8:12:59
2026-06-30 06:30:49 | [5:18:48] [#########---------------]  39.4% | step   3880/9860 | ep 3 | masked | loss  2.921 | closs  0.143 | lr 3.41e-04 |  38.95M words |  3324 tok/s | ETA 8:11:20
2026-06-30 06:32:28 | [5:20:26] [#########---------------]  39.6% | step   3900/9860 | ep 3 | masked | loss  3.683 | closs  0.167 | lr 3.40e-04 |  39.15M words |  3324 tok/s | ETA 8:09:42
2026-06-30 06:34:06 | [5:22:04] [#########---------------]  39.8% | step   3920/9860 | ep 3 | masked | loss  3.387 | closs  0.140 | lr 3.38e-04 |  39.35M words |  3324 tok/s | ETA 8:08:03
2026-06-30 06:35:44 | [5:23:43] [#########---------------]  40.0% | step   3940/9860 | ep 3 | masked | loss  3.672 | closs  0.134 | lr 3.37e-04 |  39.55M words |  3324 tok/s | ETA 8:06:24
2026-06-30 06:37:24 | [5:25:23] [#########---------------]  40.2% | step   3960/9860 | ep 4 | masked | loss  3.526 | closs  0.436 | lr 3.35e-04 |  39.75M words |  3324 tok/s | ETA 8:04:47
2026-06-30 06:39:03 | [5:27:01] [#########---------------]  40.4% | step   3980/9860 | ep 4 | masked | loss  3.238 | closs  0.108 | lr 3.34e-04 |  39.95M words |  3324 tok/s | ETA 8:03:08
2026-06-30 06:39:27 |   >> saved checkpoint chck_40M at 40.00M words
2026-06-30 06:40:41 | [5:28:40] [#########---------------]  40.6% | step   4000/9860 | ep 4 | masked | loss  3.371 | closs  0.035 | lr 3.32e-04 |  40.15M words |  3324 tok/s | ETA 8:01:30
2026-06-30 06:42:20 | [5:30:18] [#########---------------]  40.8% | step   4020/9860 | ep 4 | masked | loss  3.409 | closs  0.310 | lr 3.31e-04 |  40.35M words |  3324 tok/s | ETA 7:59:51
2026-06-30 06:43:58 | [5:31:57] [#########---------------]  41.0% | step   4040/9860 | ep 4 | masked | loss  3.365 | closs  0.511 | lr 3.29e-04 |  40.55M words |  3324 tok/s | ETA 7:58:12
2026-06-30 06:45:37 | [5:33:36] [#########---------------]  41.2% | step   4060/9860 | ep 4 | masked | loss  3.267 | closs  0.083 | lr 3.27e-04 |  40.76M words |  3324 tok/s | ETA 7:56:34
2026-06-30 06:47:16 | [5:35:14] [#########---------------]  41.4% | step   4080/9860 | ep 4 | masked | loss  3.242 | closs  0.371 | lr 3.26e-04 |  40.96M words |  3324 tok/s | ETA 7:54:55
2026-06-30 06:48:54 | [5:36:53] [#########---------------]  41.6% | step   4100/9860 | ep 4 | masked | loss  3.496 | closs  0.718 | lr 3.24e-04 |  41.16M words |  3324 tok/s | ETA 7:53:16
2026-06-30 06:50:33 | [5:38:31] [##########--------------]  41.8% | step   4120/9860 | ep 4 | masked | loss  3.551 | closs  0.388 | lr 3.23e-04 |  41.36M words |  3324 tok/s | ETA 7:51:38
2026-06-30 06:52:11 | [5:40:10] [##########--------------]  42.0% | step   4140/9860 | ep 4 | masked | loss  3.157 | closs  0.166 | lr 3.21e-04 |  41.56M words |  3324 tok/s | ETA 7:49:59
2026-06-30 06:53:50 | [5:41:48] [##########--------------]  42.2% | step   4160/9860 | ep 4 | masked | loss  3.553 | closs  0.601 | lr 3.20e-04 |  41.76M words |  3324 tok/s | ETA 7:48:20
2026-06-30 06:55:28 | [5:43:27] [##########--------------]  42.4% | step   4180/9860 | ep 4 | masked | loss  3.308 | closs  0.066 | lr 3.18e-04 |  41.96M words |  3324 tok/s | ETA 7:46:41
2026-06-30 06:57:07 | [5:45:05] [##########--------------]  42.6% | step   4200/9860 | ep 4 | causal | loss  3.991 | closs  0.080 | lr 3.17e-04 |  42.16M words |  3324 tok/s | ETA 7:45:03
2026-06-30 06:58:45 | [5:46:43] [##########--------------]  42.8% | step   4220/9860 | ep 4 | masked | loss  3.030 | closs  0.284 | lr 3.15e-04 |  42.36M words |  3324 tok/s | ETA 7:43:23
2026-06-30 07:00:23 | [5:48:21] [##########--------------]  43.0% | step   4240/9860 | ep 4 | masked | loss  3.454 | closs  0.133 | lr 3.13e-04 |  42.56M words |  3324 tok/s | ETA 7:41:44
2026-06-30 07:02:01 | [5:50:00] [##########--------------]  43.2% | step   4260/9860 | ep 4 | masked | loss  3.470 | closs  0.186 | lr 3.12e-04 |  42.76M words |  3324 tok/s | ETA 7:40:05
2026-06-30 07:03:40 | [5:51:38] [##########--------------]  43.4% | step   4280/9860 | ep 4 | masked | loss  3.161 | closs  0.175 | lr 3.10e-04 |  42.96M words |  3324 tok/s | ETA 7:38:27
2026-06-30 07:05:18 | [5:53:17] [##########--------------]  43.6% | step   4300/9860 | ep 4 | masked | loss  2.925 | closs  0.068 | lr 3.09e-04 |  43.16M words |  3324 tok/s | ETA 7:36:48
2026-06-30 07:06:56 | [5:54:55] [##########--------------]  43.8% | step   4320/9860 | ep 4 | masked | loss  2.627 | closs  0.398 | lr 3.07e-04 |  43.36M words |  3324 tok/s | ETA 7:35:09
2026-06-30 07:08:35 | [5:56:33] [##########--------------]  44.0% | step   4340/9860 | ep 4 | masked | loss  3.458 | closs  0.086 | lr 3.05e-04 |  43.57M words |  3324 tok/s | ETA 7:33:30
2026-06-30 07:10:13 | [5:58:12] [##########--------------]  44.2% | step   4360/9860 | ep 4 | masked | loss  2.932 | closs  0.141 | lr 3.04e-04 |  43.77M words |  3324 tok/s | ETA 7:31:51
2026-06-30 07:11:52 | [5:59:50] [##########--------------]  44.4% | step   4380/9860 | ep 4 | masked | loss  3.209 | closs  0.151 | lr 3.02e-04 |  43.97M words |  3325 tok/s | ETA 7:30:12
2026-06-30 07:13:30 | [6:01:28] [##########--------------]  44.6% | step   4400/9860 | ep 4 | masked | loss  2.957 | closs  0.218 | lr 3.01e-04 |  44.17M words |  3325 tok/s | ETA 7:28:33
2026-06-30 07:15:08 | [6:03:06] [##########--------------]  44.8% | step   4420/9860 | ep 4 | masked | loss  2.913 | closs  0.166 | lr 2.99e-04 |  44.37M words |  3325 tok/s | ETA 7:26:54
2026-06-30 07:16:47 | [6:04:45] [##########--------------]  45.0% | step   4440/9860 | ep 4 | masked | loss  3.019 | closs  0.376 | lr 2.98e-04 |  44.57M words |  3325 tok/s | ETA 7:25:16
2026-06-30 07:18:25 | [6:06:23] [##########--------------]  45.2% | step   4460/9860 | ep 4 | masked | loss  3.117 | closs  0.138 | lr 2.96e-04 |  44.77M words |  3325 tok/s | ETA 7:23:37
2026-06-30 07:20:03 | [6:08:02] [##########--------------]  45.4% | step   4480/9860 | ep 4 | masked | loss  3.327 | closs  0.222 | lr 2.94e-04 |  44.97M words |  3325 tok/s | ETA 7:21:58
2026-06-30 07:21:42 | [6:09:40] [##########--------------]  45.6% | step   4500/9860 | ep 4 | masked | loss  3.375 | closs  0.092 | lr 2.93e-04 |  45.17M words |  3325 tok/s | ETA 7:20:19
2026-06-30 07:23:20 | [6:11:18] [###########-------------]  45.8% | step   4520/9860 | ep 4 | masked | loss  3.075 | closs  0.204 | lr 2.91e-04 |  45.37M words |  3325 tok/s | ETA 7:18:40
2026-06-30 07:24:58 | [6:12:57] [###########-------------]  46.0% | step   4540/9860 | ep 4 | masked | loss  3.163 | closs  0.036 | lr 2.90e-04 |  45.57M words |  3325 tok/s | ETA 7:17:01
2026-06-30 07:26:37 | [6:14:36] [###########-------------]  46.2% | step   4560/9860 | ep 4 | masked | loss  3.240 | closs  0.272 | lr 2.88e-04 |  45.77M words |  3325 tok/s | ETA 7:15:23
2026-06-30 07:28:16 | [6:16:14] [###########-------------]  46.5% | step   4580/9860 | ep 4 | masked | loss  2.937 | closs  0.881 | lr 2.86e-04 |  45.97M words |  3325 tok/s | ETA 7:13:44
2026-06-30 07:29:55 | [6:17:53] [###########-------------]  46.7% | step   4600/9860 | ep 4 | masked | loss  3.357 | closs  0.337 | lr 2.85e-04 |  46.17M words |  3325 tok/s | ETA 7:12:06
2026-06-30 07:31:33 | [6:19:31] [###########-------------]  46.9% | step   4620/9860 | ep 4 | masked | loss  3.731 | closs  0.296 | lr 2.83e-04 |  46.38M words |  3325 tok/s | ETA 7:10:27
2026-06-30 07:33:12 | [6:21:10] [###########-------------]  47.1% | step   4640/9860 | ep 4 | masked | loss  3.151 | closs  0.111 | lr 2.81e-04 |  46.58M words |  3325 tok/s | ETA 7:08:49
2026-06-30 07:34:50 | [6:22:49] [###########-------------]  47.3% | step   4660/9860 | ep 4 | masked | loss  3.324 | closs  0.153 | lr 2.80e-04 |  46.78M words |  3325 tok/s | ETA 7:07:10
2026-06-30 07:36:29 | [6:24:27] [###########-------------]  47.5% | step   4680/9860 | ep 4 | masked | loss  3.305 | closs  0.076 | lr 2.78e-04 |  46.98M words |  3325 tok/s | ETA 7:05:32
2026-06-30 07:38:08 | [6:26:06] [###########-------------]  47.7% | step   4700/9860 | ep 4 | masked | loss  2.894 | closs  0.621 | lr 2.77e-04 |  47.18M words |  3325 tok/s | ETA 7:03:54
2026-06-30 07:39:46 | [6:27:45] [###########-------------]  47.9% | step   4720/9860 | ep 4 | masked | loss  3.130 | closs  0.013 | lr 2.75e-04 |  47.38M words |  3325 tok/s | ETA 7:02:15
2026-06-30 07:41:25 | [6:29:23] [###########-------------]  48.1% | step   4740/9860 | ep 4 | masked | loss  3.058 | closs  0.231 | lr 2.73e-04 |  47.58M words |  3325 tok/s | ETA 7:00:36
2026-06-30 07:43:03 | [6:31:02] [###########-------------]  48.3% | step   4760/9860 | ep 4 | masked | loss  3.504 | closs  0.656 | lr 2.72e-04 |  47.78M words |  3325 tok/s | ETA 6:58:58
2026-06-30 07:44:42 | [6:32:40] [###########-------------]  48.5% | step   4780/9860 | ep 4 | masked | loss  2.972 | closs  0.220 | lr 2.70e-04 |  47.98M words |  3325 tok/s | ETA 6:57:19
2026-06-30 07:46:21 | [6:34:19] [###########-------------]  48.7% | step   4800/9860 | ep 4 | masked | loss  3.089 | closs  0.086 | lr 2.69e-04 |  48.18M words |  3325 tok/s | ETA 6:55:41
2026-06-30 07:47:59 | [6:35:58] [###########-------------]  48.9% | step   4820/9860 | ep 4 | masked | loss  3.338 | closs  0.074 | lr 2.67e-04 |  48.38M words |  3325 tok/s | ETA 6:54:02
2026-06-30 07:49:38 | [6:37:36] [###########-------------]  49.1% | step   4840/9860 | ep 4 | masked | loss  3.069 | closs  0.334 | lr 2.65e-04 |  48.58M words |  3325 tok/s | ETA 6:52:23
2026-06-30 07:51:16 | [6:39:14] [###########-------------]  49.3% | step   4860/9860 | ep 4 | masked | loss  3.268 | closs  0.226 | lr 2.64e-04 |  48.78M words |  3325 tok/s | ETA 6:50:44
2026-06-30 07:52:54 | [6:40:53] [###########-------------]  49.5% | step   4880/9860 | ep 4 | masked | loss  3.575 | closs  0.140 | lr 2.62e-04 |  48.98M words |  3325 tok/s | ETA 6:49:06
2026-06-30 07:54:33 | [6:42:31] [###########-------------]  49.7% | step   4900/9860 | ep 4 | masked | loss  3.225 | closs  0.144 | lr 2.60e-04 |  49.19M words |  3325 tok/s | ETA 6:47:27
2026-06-30 07:56:11 | [6:44:09] [###########-------------]  49.9% | step   4920/9860 | ep 4 | masked | loss  3.220 | closs  0.079 | lr 2.59e-04 |  49.39M words |  3325 tok/s | ETA 6:45:48
2026-06-30 07:57:50 | [6:45:48] [############------------]  50.1% | step   4940/9860 | ep 5 | masked | loss  3.187 | closs  0.168 | lr 2.57e-04 |  49.59M words |  3325 tok/s | ETA 6:44:10
2026-06-30 07:59:29 | [6:47:27] [############------------]  50.3% | step   4960/9860 | ep 5 | masked | loss  3.316 | closs  0.053 | lr 2.56e-04 |  49.79M words |  3325 tok/s | ETA 6:42:32
2026-06-30 08:01:07 | [6:49:06] [############------------]  50.5% | step   4980/9860 | ep 5 | masked | loss  2.999 | closs  0.368 | lr 2.54e-04 |  49.99M words |  3325 tok/s | ETA 6:40:53
2026-06-30 08:01:13 |   >> saved checkpoint chck_50M at 50.00M words
2026-06-30 08:02:46 | [6:50:45] [############------------]  50.7% | step   5000/9860 | ep 5 | masked | loss  3.315 | closs  0.337 | lr 2.52e-04 |  50.19M words |  3325 tok/s | ETA 6:39:15
2026-06-30 08:04:24 | [6:52:23] [############------------]  50.9% | step   5020/9860 | ep 5 | masked | loss  3.389 | closs  0.249 | lr 2.51e-04 |  50.39M words |  3325 tok/s | ETA 6:37:35
2026-06-30 08:06:03 | [6:54:01] [############------------]  51.1% | step   5040/9860 | ep 5 | masked | loss  3.284 | closs  0.215 | lr 2.49e-04 |  50.59M words |  3325 tok/s | ETA 6:35:57
2026-06-30 08:07:42 | [6:55:40] [############------------]  51.3% | step   5060/9860 | ep 5 | masked | loss  3.437 | closs  0.166 | lr 2.47e-04 |  50.79M words |  3325 tok/s | ETA 6:34:19
2026-06-30 08:09:20 | [6:57:19] [############------------]  51.5% | step   5080/9860 | ep 5 | masked | loss  3.465 | closs  0.256 | lr 2.46e-04 |  50.99M words |  3325 tok/s | ETA 6:32:40
2026-06-30 08:10:59 | [6:58:57] [############------------]  51.7% | step   5100/9860 | ep 5 | masked | loss  3.246 | closs  0.006 | lr 2.44e-04 |  51.20M words |  3325 tok/s | ETA 6:31:02
2026-06-30 08:12:38 | [7:00:36] [############------------]  51.9% | step   5120/9860 | ep 5 | masked | loss  2.887 | closs  0.322 | lr 2.43e-04 |  51.40M words |  3325 tok/s | ETA 6:29:23
2026-06-30 08:14:16 | [7:02:14] [############------------]  52.1% | step   5140/9860 | ep 5 | masked | loss  2.981 | closs  0.185 | lr 2.41e-04 |  51.60M words |  3325 tok/s | ETA 6:27:44
2026-06-30 08:15:55 | [7:03:53] [############------------]  52.3% | step   5160/9860 | ep 5 | masked | loss  3.182 | closs  0.344 | lr 2.39e-04 |  51.80M words |  3325 tok/s | ETA 6:26:06
2026-06-30 08:17:33 | [7:05:32] [############------------]  52.5% | step   5180/9860 | ep 5 | masked | loss  3.258 | closs  0.049 | lr 2.38e-04 |  52.00M words |  3325 tok/s | ETA 6:24:27
2026-06-30 08:19:11 | [7:07:10] [############------------]  52.7% | step   5200/9860 | ep 5 | causal | loss  3.882 | closs  0.594 | lr 2.36e-04 |  52.20M words |  3325 tok/s | ETA 6:22:48
2026-06-30 08:20:50 | [7:08:48] [############------------]  52.9% | step   5220/9860 | ep 5 | masked | loss  3.246 | closs  0.237 | lr 2.34e-04 |  52.40M words |  3325 tok/s | ETA 6:21:09
2026-06-30 08:22:28 | [7:10:26] [############------------]  53.1% | step   5240/9860 | ep 5 | masked | loss  3.133 | closs  0.153 | lr 2.33e-04 |  52.60M words |  3325 tok/s | ETA 6:19:30
2026-06-30 08:24:06 | [7:12:05] [############------------]  53.3% | step   5260/9860 | ep 5 | masked | loss  2.707 | closs  0.005 | lr 2.31e-04 |  52.80M words |  3325 tok/s | ETA 6:17:52
2026-06-30 08:25:44 | [7:13:43] [############------------]  53.5% | step   5280/9860 | ep 5 | masked | loss  2.891 | closs  0.219 | lr 2.30e-04 |  53.00M words |  3325 tok/s | ETA 6:16:13
2026-06-30 08:27:22 | [7:15:21] [############------------]  53.8% | step   5300/9860 | ep 5 | masked | loss  3.370 | closs  0.406 | lr 2.28e-04 |  53.20M words |  3325 tok/s | ETA 6:14:34
2026-06-30 08:29:01 | [7:16:59] [############------------]  54.0% | step   5320/9860 | ep 5 | masked | loss  3.479 | closs  0.083 | lr 2.26e-04 |  53.40M words |  3325 tok/s | ETA 6:12:55
2026-06-30 08:30:39 | [7:18:37] [############------------]  54.2% | step   5340/9860 | ep 5 | masked | loss  2.946 | closs  0.080 | lr 2.25e-04 |  53.60M words |  3325 tok/s | ETA 6:11:16
2026-06-30 08:32:17 | [7:20:16] [#############-----------]  54.4% | step   5360/9860 | ep 5 | masked | loss  2.873 | closs  0.638 | lr 2.23e-04 |  53.80M words |  3325 tok/s | ETA 6:09:37
2026-06-30 08:33:56 | [7:21:54] [#############-----------]  54.6% | step   5380/9860 | ep 5 | masked | loss  2.654 | closs  0.435 | lr 2.21e-04 |  54.01M words |  3325 tok/s | ETA 6:07:59
2026-06-30 08:35:34 | [7:23:33] [#############-----------]  54.8% | step   5400/9860 | ep 5 | masked | loss  3.061 | closs  0.775 | lr 2.20e-04 |  54.21M words |  3325 tok/s | ETA 6:06:20
2026-06-30 08:37:13 | [7:25:11] [#############-----------]  55.0% | step   5420/9860 | ep 5 | masked | loss  2.968 | closs  0.158 | lr 2.18e-04 |  54.41M words |  3325 tok/s | ETA 6:04:41
2026-06-30 08:38:52 | [7:26:50] [#############-----------]  55.2% | step   5440/9860 | ep 5 | masked | loss  3.044 | closs  0.114 | lr 2.17e-04 |  54.61M words |  3325 tok/s | ETA 6:03:03
2026-06-30 08:40:30 | [7:28:28] [#############-----------]  55.4% | step   5460/9860 | ep 5 | causal | loss  3.871 | closs  0.694 | lr 2.15e-04 |  54.81M words |  3325 tok/s | ETA 6:01:24
2026-06-30 08:42:08 | [7:30:07] [#############-----------]  55.6% | step   5480/9860 | ep 5 | masked | loss  3.098 | closs  0.417 | lr 2.13e-04 |  55.01M words |  3325 tok/s | ETA 5:59:45
2026-06-30 08:43:47 | [7:31:45] [#############-----------]  55.8% | step   5500/9860 | ep 5 | masked | loss  3.349 | closs  0.176 | lr 2.12e-04 |  55.21M words |  3325 tok/s | ETA 5:58:07
2026-06-30 08:45:25 | [7:33:23] [#############-----------]  56.0% | step   5520/9860 | ep 5 | causal | loss  4.076 | closs  0.036 | lr 2.10e-04 |  55.41M words |  3325 tok/s | ETA 5:56:28
2026-06-30 08:47:03 | [7:35:01] [#############-----------]  56.2% | step   5540/9860 | ep 5 | masked | loss  3.164 | closs  0.130 | lr 2.09e-04 |  55.61M words |  3325 tok/s | ETA 5:54:49
2026-06-30 08:48:41 | [7:36:39] [#############-----------]  56.4% | step   5560/9860 | ep 5 | masked | loss  3.165 | closs  0.186 | lr 2.07e-04 |  55.81M words |  3325 tok/s | ETA 5:53:10
2026-06-30 08:50:20 | [7:38:18] [#############-----------]  56.6% | step   5580/9860 | ep 5 | masked | loss  2.934 | closs  0.347 | lr 2.05e-04 |  56.01M words |  3325 tok/s | ETA 5:51:32
2026-06-30 08:51:57 | [7:39:56] [#############-----------]  56.8% | step   5600/9860 | ep 5 | masked | loss  2.989 | closs  0.241 | lr 2.04e-04 |  56.21M words |  3325 tok/s | ETA 5:49:52
2026-06-30 08:53:36 | [7:41:34] [#############-----------]  57.0% | step   5620/9860 | ep 5 | masked | loss  3.389 | closs  0.036 | lr 2.02e-04 |  56.41M words |  3326 tok/s | ETA 5:48:14
2026-06-30 08:55:14 | [7:43:13] [#############-----------]  57.2% | step   5640/9860 | ep 5 | masked | loss  2.729 | closs  0.172 | lr 2.01e-04 |  56.61M words |  3325 tok/s | ETA 5:46:35
2026-06-30 08:56:53 | [7:44:51] [#############-----------]  57.4% | step   5660/9860 | ep 5 | masked | loss  3.039 | closs  0.285 | lr 1.99e-04 |  56.82M words |  3325 tok/s | ETA 5:44:57
2026-06-30 08:58:33 | [7:46:31] [#############-----------]  57.6% | step   5680/9860 | ep 5 | masked | loss  2.939 | closs  0.076 | lr 1.97e-04 |  57.02M words |  3325 tok/s | ETA 5:43:19
2026-06-30 09:00:10 | [7:48:09] [#############-----------]  57.8% | step   5700/9860 | ep 5 | masked | loss  3.298 | closs  0.238 | lr 1.96e-04 |  57.22M words |  3325 tok/s | ETA 5:41:40
2026-06-30 09:01:49 | [7:49:48] [#############-----------]  58.0% | step   5720/9860 | ep 5 | masked | loss  3.018 | closs  0.189 | lr 1.94e-04 |  57.42M words |  3325 tok/s | ETA 5:40:01
2026-06-30 09:03:28 | [7:51:26] [#############-----------]  58.2% | step   5740/9860 | ep 5 | masked | loss  3.100 | closs  0.155 | lr 1.93e-04 |  57.62M words |  3325 tok/s | ETA 5:38:23
2026-06-30 09:05:06 | [7:53:04] [##############----------]  58.4% | step   5760/9860 | ep 5 | masked | loss  2.947 | closs  0.129 | lr 1.91e-04 |  57.82M words |  3325 tok/s | ETA 5:36:44
2026-06-30 09:06:44 | [7:54:43] [##############----------]  58.6% | step   5780/9860 | ep 5 | masked | loss  3.334 | closs  0.392 | lr 1.90e-04 |  58.02M words |  3325 tok/s | ETA 5:35:05
2026-06-30 09:08:22 | [7:56:21] [##############----------]  58.8% | step   5800/9860 | ep 5 | masked | loss  2.794 | closs  0.300 | lr 1.88e-04 |  58.22M words |  3326 tok/s | ETA 5:33:26
2026-06-30 09:10:01 | [7:57:59] [##############----------]  59.0% | step   5820/9860 | ep 5 | masked | loss  2.887 | closs  0.240 | lr 1.86e-04 |  58.42M words |  3326 tok/s | ETA 5:31:48
2026-06-30 09:11:39 | [7:59:38] [##############----------]  59.2% | step   5840/9860 | ep 5 | masked | loss  3.322 | closs  0.549 | lr 1.85e-04 |  58.62M words |  3326 tok/s | ETA 5:30:09
2026-06-30 09:13:17 | [8:01:16] [##############----------]  59.4% | step   5860/9860 | ep 5 | causal | loss  3.619 | closs  0.130 | lr 1.83e-04 |  58.82M words |  3326 tok/s | ETA 5:28:30
2026-06-30 09:14:56 | [8:02:54] [##############----------]  59.6% | step   5880/9860 | ep 5 | masked | loss  3.170 | closs  0.218 | lr 1.82e-04 |  59.02M words |  3326 tok/s | ETA 5:26:52
2026-06-30 09:16:34 | [8:04:33] [##############----------]  59.8% | step   5900/9860 | ep 5 | masked | loss  2.768 | closs  0.090 | lr 1.80e-04 |  59.22M words |  3326 tok/s | ETA 5:25:13
2026-06-30 09:18:13 | [8:06:12] [##############----------]  60.0% | step   5920/9860 | ep 6 | masked | loss  2.853 | closs  0.158 | lr 1.79e-04 |  59.43M words |  3326 tok/s | ETA 5:23:35
2026-06-30 09:19:51 | [8:07:50] [##############----------]  60.2% | step   5940/9860 | ep 6 | masked | loss  2.996 | closs  0.516 | lr 1.77e-04 |  59.63M words |  3326 tok/s | ETA 5:21:56
2026-06-30 09:21:29 | [8:09:28] [##############----------]  60.4% | step   5960/9860 | ep 6 | masked | loss  2.927 | closs  0.047 | lr 1.75e-04 |  59.83M words |  3326 tok/s | ETA 5:20:17
2026-06-30 09:22:58 |   >> saved checkpoint chck_60M at 60.01M words
2026-06-30 09:23:08 | [8:11:06] [##############----------]  60.6% | step   5980/9860 | ep 6 | masked | loss  3.411 | closs  0.122 | lr 1.74e-04 |  60.03M words |  3326 tok/s | ETA 5:18:39
2026-06-30 09:24:47 | [8:12:45] [##############----------]  60.9% | step   6000/9860 | ep 6 | causal | loss  4.312 | closs  0.271 | lr 1.72e-04 |  60.23M words |  3326 tok/s | ETA 5:17:00
2026-06-30 09:26:25 | [8:14:24] [##############----------]  61.1% | step   6020/9860 | ep 6 | masked | loss  3.014 | closs  0.032 | lr 1.71e-04 |  60.43M words |  3326 tok/s | ETA 5:15:22
2026-06-30 09:28:04 | [8:16:03] [##############----------]  61.3% | step   6040/9860 | ep 6 | masked | loss  2.938 | closs  0.334 | lr 1.69e-04 |  60.63M words |  3326 tok/s | ETA 5:13:43
2026-06-30 09:29:42 | [8:17:40] [##############----------]  61.5% | step   6060/9860 | ep 6 | masked | loss  2.947 | closs  0.148 | lr 1.68e-04 |  60.83M words |  3326 tok/s | ETA 5:12:04
2026-06-30 09:31:20 | [8:19:19] [##############----------]  61.7% | step   6080/9860 | ep 6 | masked | loss  2.872 | closs  0.047 | lr 1.66e-04 |  61.03M words |  3326 tok/s | ETA 5:10:25
2026-06-30 09:32:59 | [8:20:57] [##############----------]  61.9% | step   6100/9860 | ep 6 | masked | loss  3.028 | closs  0.220 | lr 1.65e-04 |  61.23M words |  3326 tok/s | ETA 5:08:47
2026-06-30 09:34:36 | [8:22:35] [##############----------]  62.1% | step   6120/9860 | ep 6 | masked | loss  3.048 | closs  0.179 | lr 1.63e-04 |  61.43M words |  3326 tok/s | ETA 5:07:08
2026-06-30 09:36:15 | [8:24:13] [##############----------]  62.3% | step   6140/9860 | ep 6 | masked | loss  2.617 | closs  0.005 | lr 1.62e-04 |  61.63M words |  3326 tok/s | ETA 5:05:29
2026-06-30 09:37:53 | [8:25:52] [##############----------]  62.5% | step   6160/9860 | ep 6 | masked | loss  3.398 | closs  0.148 | lr 1.60e-04 |  61.84M words |  3326 tok/s | ETA 5:03:51
2026-06-30 09:39:32 | [8:27:31] [###############---------]  62.7% | step   6180/9860 | ep 6 | masked | loss  3.003 | closs  0.088 | lr 1.59e-04 |  62.04M words |  3326 tok/s | ETA 5:02:12
2026-06-30 09:41:11 | [8:29:09] [###############---------]  62.9% | step   6200/9860 | ep 6 | causal | loss  3.872 | closs  0.505 | lr 1.57e-04 |  62.24M words |  3326 tok/s | ETA 5:00:34
2026-06-30 09:42:50 | [8:30:48] [###############---------]  63.1% | step   6220/9860 | ep 6 | masked | loss  3.257 | closs  0.240 | lr 1.56e-04 |  62.44M words |  3326 tok/s | ETA 4:58:55
2026-06-30 09:44:29 | [8:32:27] [###############---------]  63.3% | step   6240/9860 | ep 6 | masked | loss  2.876 | closs  0.101 | lr 1.54e-04 |  62.64M words |  3326 tok/s | ETA 4:57:17
2026-06-30 09:46:07 | [8:34:06] [###############---------]  63.5% | step   6260/9860 | ep 6 | masked | loss  3.085 | closs  0.049 | lr 1.53e-04 |  62.84M words |  3326 tok/s | ETA 4:55:39
2026-06-30 09:47:47 | [8:35:46] [###############---------]  63.7% | step   6280/9860 | ep 6 | masked | loss  3.065 | closs  0.109 | lr 1.51e-04 |  63.04M words |  3326 tok/s | ETA 4:54:01
2026-06-30 09:49:31 | [8:37:29] [###############---------]  63.9% | step   6300/9860 | ep 6 | masked | loss  3.023 | closs  0.181 | lr 1.50e-04 |  63.24M words |  3325 tok/s | ETA 4:52:25
2026-06-30 09:51:14 | [8:39:13] [###############---------]  64.1% | step   6320/9860 | ep 6 | masked | loss  2.473 | closs  0.046 | lr 1.48e-04 |  63.44M words |  3325 tok/s | ETA 4:50:49
2026-06-30 09:52:57 | [8:40:55] [###############---------]  64.3% | step   6340/9860 | ep 6 | masked | loss  2.651 | closs  0.301 | lr 1.47e-04 |  63.64M words |  3324 tok/s | ETA 4:49:13
2026-06-30 09:54:39 | [8:42:37] [###############---------]  64.5% | step   6360/9860 | ep 6 | masked | loss  2.923 | closs  0.076 | lr 1.45e-04 |  63.84M words |  3324 tok/s | ETA 4:47:36
2026-06-30 09:56:18 | [8:44:17] [###############---------]  64.7% | step   6380/9860 | ep 6 | masked | loss  3.141 | closs  0.642 | lr 1.44e-04 |  64.04M words |  3324 tok/s | ETA 4:45:58
2026-06-30 09:57:57 | [8:45:56] [###############---------]  64.9% | step   6400/9860 | ep 6 | masked | loss  3.276 | closs  0.156 | lr 1.42e-04 |  64.24M words |  3324 tok/s | ETA 4:44:20
2026-06-30 09:59:36 | [8:47:34] [###############---------]  65.1% | step   6420/9860 | ep 6 | masked | loss  3.180 | closs  0.490 | lr 1.41e-04 |  64.44M words |  3324 tok/s | ETA 4:42:41
2026-06-30 10:01:14 | [8:49:12] [###############---------]  65.3% | step   6440/9860 | ep 6 | masked | loss  2.605 | closs  0.035 | lr 1.39e-04 |  64.65M words |  3324 tok/s | ETA 4:41:02
2026-06-30 10:02:52 | [8:50:51] [###############---------]  65.5% | step   6460/9860 | ep 6 | masked | loss  3.177 | closs  0.047 | lr 1.38e-04 |  64.85M words |  3324 tok/s | ETA 4:39:23
2026-06-30 10:04:30 | [8:52:29] [###############---------]  65.7% | step   6480/9860 | ep 6 | masked | loss  3.390 | closs  0.348 | lr 1.36e-04 |  65.05M words |  3324 tok/s | ETA 4:37:44
2026-06-30 10:06:09 | [8:54:07] [###############---------]  65.9% | step   6500/9860 | ep 6 | masked | loss  3.152 | closs  0.121 | lr 1.35e-04 |  65.25M words |  3324 tok/s | ETA 4:36:06
2026-06-30 10:07:47 | [8:55:45] [###############---------]  66.1% | step   6520/9860 | ep 6 | masked | loss  3.119 | closs  0.238 | lr 1.33e-04 |  65.45M words |  3324 tok/s | ETA 4:34:27
2026-06-30 10:09:25 | [8:57:23] [###############---------]  66.3% | step   6540/9860 | ep 6 | masked | loss  2.677 | closs  0.040 | lr 1.32e-04 |  65.65M words |  3324 tok/s | ETA 4:32:48
2026-06-30 10:11:03 | [8:59:01] [###############---------]  66.5% | step   6560/9860 | ep 6 | masked | loss  3.000 | closs  0.316 | lr 1.31e-04 |  65.85M words |  3324 tok/s | ETA 4:31:09
2026-06-30 10:12:42 | [9:00:40] [################--------]  66.7% | step   6580/9860 | ep 6 | masked | loss  3.045 | closs  0.229 | lr 1.29e-04 |  66.05M words |  3324 tok/s | ETA 4:29:30
2026-06-30 10:14:20 | [9:02:18] [################--------]  66.9% | step   6600/9860 | ep 6 | masked | loss  2.855 | closs  0.271 | lr 1.28e-04 |  66.25M words |  3324 tok/s | ETA 4:27:52
2026-06-30 10:15:58 | [9:03:56] [################--------]  67.1% | step   6620/9860 | ep 6 | masked | loss  2.861 | closs  0.013 | lr 1.26e-04 |  66.45M words |  3324 tok/s | ETA 4:26:13
2026-06-30 10:17:37 | [9:05:35] [################--------]  67.3% | step   6640/9860 | ep 6 | masked | loss  2.836 | closs  0.063 | lr 1.25e-04 |  66.65M words |  3324 tok/s | ETA 4:24:34
2026-06-30 10:19:14 | [9:07:13] [################--------]  67.5% | step   6660/9860 | ep 6 | masked | loss  2.391 | closs  0.015 | lr 1.24e-04 |  66.85M words |  3324 tok/s | ETA 4:22:55
2026-06-30 10:20:53 | [9:08:51] [################--------]  67.7% | step   6680/9860 | ep 6 | masked | loss  2.902 | closs  0.350 | lr 1.22e-04 |  67.05M words |  3324 tok/s | ETA 4:21:17
2026-06-30 10:22:31 | [9:10:29] [################--------]  68.0% | step   6700/9860 | ep 6 | masked | loss  2.907 | closs  0.035 | lr 1.21e-04 |  67.25M words |  3324 tok/s | ETA 4:19:38
2026-06-30 10:24:08 | [9:12:06] [################--------]  68.2% | step   6720/9860 | ep 6 | masked | loss  3.235 | closs  0.110 | lr 1.19e-04 |  67.46M words |  3324 tok/s | ETA 4:17:58
2026-06-30 10:25:46 | [9:13:45] [################--------]  68.4% | step   6740/9860 | ep 6 | masked | loss  2.981 | closs  0.378 | lr 1.18e-04 |  67.66M words |  3324 tok/s | ETA 4:16:20
2026-06-30 10:27:24 | [9:15:23] [################--------]  68.6% | step   6760/9860 | ep 6 | masked | loss  3.107 | closs  0.075 | lr 1.17e-04 |  67.86M words |  3324 tok/s | ETA 4:14:41
2026-06-30 10:29:03 | [9:17:02] [################--------]  68.8% | step   6780/9860 | ep 6 | masked | loss  2.895 | closs  0.179 | lr 1.15e-04 |  68.06M words |  3324 tok/s | ETA 4:13:02
2026-06-30 10:30:42 | [9:18:41] [################--------]  69.0% | step   6800/9860 | ep 6 | masked | loss  2.889 | closs  0.294 | lr 1.14e-04 |  68.26M words |  3324 tok/s | ETA 4:11:24
2026-06-30 10:32:21 | [9:20:19] [################--------]  69.2% | step   6820/9860 | ep 6 | causal | loss  3.752 | closs  0.200 | lr 1.12e-04 |  68.46M words |  3324 tok/s | ETA 4:09:45
2026-06-30 10:33:59 | [9:21:57] [################--------]  69.4% | step   6840/9860 | ep 6 | masked | loss  3.042 | closs  0.142 | lr 1.11e-04 |  68.66M words |  3324 tok/s | ETA 4:08:07
2026-06-30 10:35:37 | [9:23:35] [################--------]  69.6% | step   6860/9860 | ep 6 | masked | loss  3.313 | closs  0.062 | lr 1.10e-04 |  68.86M words |  3324 tok/s | ETA 4:06:28
2026-06-30 10:37:17 | [9:25:15] [################--------]  69.8% | step   6880/9860 | ep 6 | masked | loss  3.111 | closs  0.132 | lr 1.08e-04 |  69.06M words |  3324 tok/s | ETA 4:04:50
2026-06-30 10:38:56 | [9:26:55] [################--------]  70.0% | step   6900/9860 | ep 6 | masked | loss  2.684 | closs  0.147 | lr 1.07e-04 |  69.26M words |  3324 tok/s | ETA 4:03:11
2026-06-30 10:40:36 | [9:28:34] [################--------]  70.2% | step   6920/9860 | ep 7 | masked | loss  2.814 | closs  0.157 | lr 1.06e-04 |  69.47M words |  3324 tok/s | ETA 4:01:33
2026-06-30 10:42:16 | [9:30:14] [################--------]  70.4% | step   6940/9860 | ep 7 | masked | loss  2.675 | closs  0.125 | lr 1.04e-04 |  69.67M words |  3324 tok/s | ETA 3:59:55
2026-06-30 10:43:54 | [9:31:53] [################--------]  70.6% | step   6960/9860 | ep 7 | masked | loss  2.769 | closs  0.023 | lr 1.03e-04 |  69.87M words |  3324 tok/s | ETA 3:58:17
2026-06-30 10:45:02 |   >> saved checkpoint chck_70M at 70.01M words
2026-06-30 10:45:32 | [9:33:30] [################--------]  70.8% | step   6980/9860 | ep 7 | masked | loss  3.294 | closs  0.244 | lr 1.02e-04 |  70.07M words |  3324 tok/s | ETA 3:56:38
2026-06-30 10:47:09 | [9:35:07] [#################-------]  71.0% | step   7000/9860 | ep 7 | masked | loss  3.275 | closs  0.073 | lr 1.01e-04 |  70.27M words |  3324 tok/s | ETA 3:54:58
2026-06-30 10:48:47 | [9:36:46] [#################-------]  71.2% | step   7020/9860 | ep 7 | masked | loss  2.649 | closs  0.135 | lr 9.92e-05 |  70.47M words |  3324 tok/s | ETA 3:53:20
2026-06-30 10:50:26 | [9:38:24] [#################-------]  71.4% | step   7040/9860 | ep 7 | masked | loss  2.924 | closs  0.110 | lr 9.79e-05 |  70.67M words |  3324 tok/s | ETA 3:51:41
2026-06-30 10:52:03 | [9:40:01] [#################-------]  71.6% | step   7060/9860 | ep 7 | masked | loss  3.102 | closs  0.011 | lr 9.66e-05 |  70.87M words |  3325 tok/s | ETA 3:50:02
2026-06-30 10:53:40 | [9:41:38] [#################-------]  71.8% | step   7080/9860 | ep 7 | masked | loss  2.888 | closs  0.339 | lr 9.53e-05 |  71.07M words |  3325 tok/s | ETA 3:48:23
2026-06-30 10:55:17 | [9:43:15] [#################-------]  72.0% | step   7100/9860 | ep 7 | masked | loss  2.981 | closs  0.482 | lr 9.41e-05 |  71.27M words |  3325 tok/s | ETA 3:46:43
2026-06-30 10:56:54 | [9:44:53] [#################-------]  72.2% | step   7120/9860 | ep 7 | masked | loss  2.793 | closs  0.271 | lr 9.28e-05 |  71.47M words |  3325 tok/s | ETA 3:45:04
2026-06-30 10:58:31 | [9:46:29] [#################-------]  72.4% | step   7140/9860 | ep 7 | masked | loss  2.669 | closs  0.144 | lr 9.15e-05 |  71.67M words |  3325 tok/s | ETA 3:43:25
2026-06-30 11:00:07 | [9:48:05] [#################-------]  72.6% | step   7160/9860 | ep 7 | masked | loss  3.121 | closs  0.120 | lr 9.03e-05 |  71.87M words |  3325 tok/s | ETA 3:41:46
2026-06-30 11:01:43 | [9:49:42] [#################-------]  72.8% | step   7180/9860 | ep 7 | masked | loss  2.691 | closs  0.053 | lr 8.90e-05 |  72.07M words |  3326 tok/s | ETA 3:40:06
2026-06-30 11:03:19 | [9:51:18] [#################-------]  73.0% | step   7200/9860 | ep 7 | causal | loss  3.890 | closs  0.176 | lr 8.78e-05 |  72.28M words |  3326 tok/s | ETA 3:38:27
2026-06-30 11:04:55 | [9:52:53] [#################-------]  73.2% | step   7220/9860 | ep 7 | masked | loss  2.628 | closs  0.008 | lr 8.66e-05 |  72.48M words |  3326 tok/s | ETA 3:36:47
2026-06-30 11:06:31 | [9:54:29] [#################-------]  73.4% | step   7240/9860 | ep 7 | masked | loss  2.969 | closs  0.006 | lr 8.53e-05 |  72.68M words |  3326 tok/s | ETA 3:35:08
2026-06-30 11:08:07 | [9:56:05] [#################-------]  73.6% | step   7260/9860 | ep 7 | masked | loss  2.521 | closs  0.002 | lr 8.41e-05 |  72.88M words |  3327 tok/s | ETA 3:33:28
2026-06-30 11:09:42 | [9:57:41] [#################-------]  73.8% | step   7280/9860 | ep 7 | masked | loss  2.782 | closs  0.500 | lr 8.29e-05 |  73.08M words |  3327 tok/s | ETA 3:31:49
2026-06-30 11:11:18 | [9:59:17] [#################-------]  74.0% | step   7300/9860 | ep 7 | masked | loss  3.085 | closs  0.203 | lr 8.17e-05 |  73.28M words |  3327 tok/s | ETA 3:30:09
2026-06-30 11:12:55 | [10:00:53] [#################-------]  74.2% | step   7320/9860 | ep 7 | masked | loss  2.918 | closs  0.036 | lr 8.05e-05 |  73.48M words |  3327 tok/s | ETA 3:28:30
2026-06-30 11:14:32 | [10:02:30] [#################-------]  74.4% | step   7340/9860 | ep 7 | masked | loss  2.514 | closs  0.007 | lr 7.93e-05 |  73.68M words |  3327 tok/s | ETA 3:26:51
2026-06-30 11:16:14 | [10:04:12] [#################-------]  74.6% | step   7360/9860 | ep 7 | masked | loss  3.222 | closs  0.183 | lr 7.81e-05 |  73.88M words |  3327 tok/s | ETA 3:25:14
2026-06-30 11:17:52 | [10:05:50] [#################-------]  74.8% | step   7380/9860 | ep 7 | masked | loss  2.942 | closs  0.125 | lr 7.70e-05 |  74.08M words |  3327 tok/s | ETA 3:23:35
2026-06-30 11:19:31 | [10:07:29] [##################------]  75.1% | step   7400/9860 | ep 7 | masked | loss  2.958 | closs  0.066 | lr 7.58e-05 |  74.28M words |  3327 tok/s | ETA 3:21:57
2026-06-30 11:21:08 | [10:09:06] [##################------]  75.3% | step   7420/9860 | ep 7 | masked | loss  2.835 | closs  0.282 | lr 7.46e-05 |  74.48M words |  3327 tok/s | ETA 3:20:18
2026-06-30 11:22:47 | [10:10:46] [##################------]  75.5% | step   7440/9860 | ep 7 | masked | loss  2.712 | closs  0.535 | lr 7.35e-05 |  74.68M words |  3327 tok/s | ETA 3:18:39
2026-06-30 11:24:24 | [10:12:23] [##################------]  75.7% | step   7460/9860 | ep 7 | masked | loss  2.932 | closs  0.132 | lr 7.23e-05 |  74.88M words |  3327 tok/s | ETA 3:17:00
2026-06-30 11:26:02 | [10:14:00] [##################------]  75.9% | step   7480/9860 | ep 7 | causal | loss  3.765 | closs  0.074 | lr 7.12e-05 |  75.09M words |  3327 tok/s | ETA 3:15:22
2026-06-30 11:27:40 | [10:15:38] [##################------]  76.1% | step   7500/9860 | ep 7 | masked | loss  2.774 | closs  0.052 | lr 7.00e-05 |  75.29M words |  3327 tok/s | ETA 3:13:43
2026-06-30 11:29:18 | [10:17:16] [##################------]  76.3% | step   7520/9860 | ep 7 | masked | loss  2.937 | closs  0.071 | lr 6.89e-05 |  75.49M words |  3327 tok/s | ETA 3:12:04
2026-06-30 11:30:54 | [10:18:53] [##################------]  76.5% | step   7540/9860 | ep 7 | masked | loss  2.724 | closs  0.045 | lr 6.78e-05 |  75.69M words |  3328 tok/s | ETA 3:10:25
2026-06-30 11:32:32 | [10:20:30] [##################------]  76.7% | step   7560/9860 | ep 7 | masked | loss  2.715 | closs  0.152 | lr 6.67e-05 |  75.89M words |  3328 tok/s | ETA 3:08:46
2026-06-30 11:34:10 | [10:22:09] [##################------]  76.9% | step   7580/9860 | ep 7 | masked | loss  3.164 | closs  0.163 | lr 6.56e-05 |  76.09M words |  3328 tok/s | ETA 3:07:08
2026-06-30 11:35:48 | [10:23:46] [##################------]  77.1% | step   7600/9860 | ep 7 | masked | loss  3.108 | closs  0.237 | lr 6.45e-05 |  76.29M words |  3328 tok/s | ETA 3:05:29
2026-06-30 11:37:25 | [10:25:24] [##################------]  77.3% | step   7620/9860 | ep 7 | masked | loss  3.253 | closs  0.482 | lr 6.34e-05 |  76.49M words |  3328 tok/s | ETA 3:03:50
2026-06-30 11:39:03 | [10:27:01] [##################------]  77.5% | step   7640/9860 | ep 7 | masked | loss  3.049 | closs  0.068 | lr 6.23e-05 |  76.69M words |  3328 tok/s | ETA 3:02:12
2026-06-30 11:40:40 | [10:28:39] [##################------]  77.7% | step   7660/9860 | ep 7 | masked | loss  2.682 | closs  0.030 | lr 6.13e-05 |  76.89M words |  3328 tok/s | ETA 3:00:33
2026-06-30 11:42:19 | [10:30:18] [##################------]  77.9% | step   7680/9860 | ep 7 | masked | loss  3.005 | closs  0.035 | lr 6.02e-05 |  77.09M words |  3328 tok/s | ETA 2:58:54
2026-06-30 11:43:58 | [10:31:56] [##################------]  78.1% | step   7700/9860 | ep 7 | masked | loss  2.640 | closs  0.281 | lr 5.92e-05 |  77.29M words |  3328 tok/s | ETA 2:57:16
