2026-07-03 09:41:07 | === run 'gptbert_small_uni8k_v1' | device=mps | config=small (29.9M params) ===
2026-07-03 09:41:07 | seq_len=128 batch=32 grad_accum=4 (eff batch 128) | lr=0.0005 | epochs=10
2026-07-03 09:41:07 | blocks/epoch=113,635 | steps/epoch=887 | max_steps=8,870 | ~147M tokens over 10 epochs
2026-07-03 09:41:07 | live log: /Users/admin1/Downloads/babylm-eval/checkpoints/gptbert_small_uni8k_v1/train.log
2026-07-03 09:41:07 | optimizer: AdamW (lr=0.0005)
2026-07-03 09:41:12 | [0:00:04] [------------------------]   0.0% | step      1/8870 | ep 0 | masked | loss  9.161 | lr 2.82e-06 |   0.01M words |  3401 tok/s | ETA 11:52:10
2026-07-03 09:42:30 | [0:01:23] [------------------------]   0.2% | step     20/8870 | ep 0 | masked | loss  8.648 | lr 5.65e-05 |   0.22M words |  3942 tok/s | ETA 10:13:04
2026-07-03 09:43:53 | [0:02:45] [------------------------]   0.5% | step     40/8870 | ep 0 | masked | loss  7.821 | lr 1.13e-04 |   0.45M words |  3958 tok/s | ETA 10:09:07
2026-07-03 09:45:16 | [0:04:08] [------------------------]   0.7% | step     60/8870 | ep 0 | masked | loss  7.397 | lr 1.69e-04 |   0.67M words |  3956 tok/s | ETA 10:08:06
2026-07-03 09:46:39 | [0:05:31] [------------------------]   0.9% | step     80/8870 | ep 0 | causal | loss  6.542 | lr 2.26e-04 |   0.89M words |  3952 tok/s | ETA 10:07:17
2026-07-03 09:47:21 |   >> saved checkpoint chck_1M at 1.00M words
2026-07-03 09:48:02 | [0:06:54] [------------------------]   1.1% | step    100/8870 | ep 0 | masked | loss  6.499 | lr 2.82e-04 |   1.12M words |  3952 tok/s | ETA 10:05:59
2026-07-03 09:49:26 | [0:08:19] [------------------------]   1.4% | step    120/8870 | ep 0 | masked | loss  6.329 | lr 3.39e-04 |   1.34M words |  3939 tok/s | ETA 10:06:38
2026-07-03 09:50:51 | [0:09:44] [------------------------]   1.6% | step    140/8870 | ep 0 | masked | loss  6.166 | lr 3.95e-04 |   1.56M words |  3926 tok/s | ETA 10:07:07
2026-07-03 09:52:16 | [0:11:08] [------------------------]   1.8% | step    160/8870 | ep 0 | masked | loss  6.013 | lr 4.52e-04 |   1.78M words |  3920 tok/s | ETA 10:06:46
2026-07-03 09:53:40 | [0:12:33] [------------------------]   2.0% | step    180/8870 | ep 0 | causal | loss  5.834 | lr 5.00e-04 |   2.01M words |  3915 tok/s | ETA 10:06:03
2026-07-03 09:53:41 |   >> saved checkpoint chck_2M at 2.01M words
2026-07-03 09:55:06 | [0:13:58] [------------------------]   2.3% | step    200/8870 | ep 0 | masked | loss  5.385 | lr 5.00e-04 |   2.23M words |  3907 tok/s | ETA 10:05:54
2026-07-03 09:56:31 | [0:15:23] [------------------------]   2.5% | step    220/8870 | ep 0 | masked | loss  5.459 | lr 5.00e-04 |   2.45M words |  3902 tok/s | ETA 10:05:23
2026-07-03 09:57:56 | [0:16:48] [------------------------]   2.7% | step    240/8870 | ep 0 | masked | loss  5.379 | lr 5.00e-04 |   2.68M words |  3898 tok/s | ETA 10:04:31
2026-07-03 09:59:21 | [0:18:13] [------------------------]   2.9% | step    260/8870 | ep 0 | masked | loss  5.001 | lr 5.00e-04 |   2.90M words |  3894 tok/s | ETA 10:03:47
2026-07-03 10:00:04 |   >> saved checkpoint chck_3M at 3.01M words
2026-07-03 10:00:46 | [0:19:39] [------------------------]   3.2% | step    280/8870 | ep 0 | causal | loss  5.578 | lr 5.00e-04 |   3.12M words |  3891 tok/s | ETA 10:02:51
2026-07-03 10:02:11 | [0:21:04] [------------------------]   3.4% | step    300/8870 | ep 0 | masked | loss  4.868 | lr 5.00e-04 |   3.35M words |  3888 tok/s | ETA 10:01:51
2026-07-03 10:03:36 | [0:22:29] [------------------------]   3.6% | step    320/8870 | ep 0 | masked | loss  4.825 | lr 5.00e-04 |   3.57M words |  3886 tok/s | ETA 10:00:44
2026-07-03 10:05:01 | [0:23:54] [------------------------]   3.8% | step    340/8870 | ep 0 | masked | loss  4.796 | lr 5.00e-04 |   3.79M words |  3884 tok/s | ETA 9:59:41
2026-07-03 10:06:22 |   >> saved checkpoint chck_4M at 4.00M words
2026-07-03 10:06:26 | [0:25:19] [------------------------]   4.1% | step    360/8870 | ep 0 | masked | loss  4.747 | lr 4.99e-04 |   4.01M words |  3883 tok/s | ETA 9:58:28
2026-07-03 10:07:51 | [0:26:44] [#-----------------------]   4.3% | step    380/8870 | ep 0 | masked | loss  4.697 | lr 4.99e-04 |   4.24M words |  3881 tok/s | ETA 9:57:17
2026-07-03 10:09:16 | [0:28:08] [#-----------------------]   4.5% | step    400/8870 | ep 0 | masked | loss  4.727 | lr 4.99e-04 |   4.46M words |  3880 tok/s | ETA 9:56:04
2026-07-03 10:10:40 | [0:29:33] [#-----------------------]   4.7% | step    420/8870 | ep 0 | masked | loss  4.727 | lr 4.99e-04 |   4.68M words |  3880 tok/s | ETA 9:54:37
2026-07-03 10:12:05 | [0:30:57] [#-----------------------]   5.0% | step    440/8870 | ep 0 | causal | loss  5.033 | lr 4.99e-04 |   4.91M words |  3880 tok/s | ETA 9:53:17
2026-07-03 10:12:43 |   >> saved checkpoint chck_5M at 5.01M words
2026-07-03 10:13:30 | [0:32:23] [#-----------------------]   5.2% | step    460/8870 | ep 0 | masked | loss  4.255 | lr 4.99e-04 |   5.13M words |  3879 tok/s | ETA 9:52:05
2026-07-03 10:14:55 | [0:33:48] [#-----------------------]   5.4% | step    480/8870 | ep 0 | masked | loss  4.488 | lr 4.99e-04 |   5.35M words |  3878 tok/s | ETA 9:50:49
2026-07-03 10:16:20 | [0:35:13] [#-----------------------]   5.6% | step    500/8870 | ep 0 | masked | loss  4.709 | lr 4.98e-04 |   5.58M words |  3876 tok/s | ETA 9:49:36
2026-07-03 10:17:45 | [0:36:38] [#-----------------------]   5.9% | step    520/8870 | ep 0 | masked | loss  4.428 | lr 4.98e-04 |   5.80M words |  3876 tok/s | ETA 9:48:18
2026-07-03 10:19:06 |   >> saved checkpoint chck_6M at 6.01M words
2026-07-03 10:19:10 | [0:38:03] [#-----------------------]   6.1% | step    540/8870 | ep 0 | masked | loss  4.488 | lr 4.98e-04 |   6.02M words |  3875 tok/s | ETA 9:47:03
2026-07-03 10:20:35 | [0:39:28] [#-----------------------]   6.3% | step    560/8870 | ep 0 | masked | loss  4.382 | lr 4.98e-04 |   6.24M words |  3874 tok/s | ETA 9:45:44
2026-07-03 10:22:00 | [0:40:53] [#-----------------------]   6.5% | step    580/8870 | ep 0 | masked | loss  4.250 | lr 4.97e-04 |   6.47M words |  3874 tok/s | ETA 9:44:22
2026-07-03 10:23:25 | [0:42:18] [#-----------------------]   6.8% | step    600/8870 | ep 0 | masked | loss  4.330 | lr 4.97e-04 |   6.69M words |  3873 tok/s | ETA 9:43:04
2026-07-03 10:24:50 | [0:43:42] [#-----------------------]   7.0% | step    620/8870 | ep 0 | masked | loss  4.389 | lr 4.97e-04 |   6.91M words |  3873 tok/s | ETA 9:41:41
2026-07-03 10:25:24 |   >> saved checkpoint chck_7M at 7.00M words
2026-07-03 10:26:15 | [0:45:07] [#-----------------------]   7.2% | step    640/8870 | ep 0 | masked | loss  4.218 | lr 4.97e-04 |   7.14M words |  3873 tok/s | ETA 9:40:19
2026-07-03 10:27:40 | [0:46:32] [#-----------------------]   7.4% | step    660/8870 | ep 0 | masked | loss  4.206 | lr 4.96e-04 |   7.36M words |  3872 tok/s | ETA 9:39:01
2026-07-03 10:29:05 | [0:47:57] [#-----------------------]   7.7% | step    680/8870 | ep 0 | masked | loss  4.165 | lr 4.96e-04 |   7.58M words |  3871 tok/s | ETA 9:37:40
2026-07-03 10:30:30 | [0:49:22] [#-----------------------]   7.9% | step    700/8870 | ep 0 | masked | loss  4.249 | lr 4.96e-04 |   7.81M words |  3871 tok/s | ETA 9:36:18
2026-07-03 10:31:47 |   >> saved checkpoint chck_8M at 8.01M words
2026-07-03 10:31:55 | [0:50:48] [#-----------------------]   8.1% | step    720/8870 | ep 0 | causal | loss  4.795 | lr 4.95e-04 |   8.03M words |  3870 tok/s | ETA 9:35:02
2026-07-03 10:33:20 | [0:52:13] [##----------------------]   8.3% | step    740/8870 | ep 0 | masked | loss  4.260 | lr 4.95e-04 |   8.25M words |  3870 tok/s | ETA 9:33:41
2026-07-03 10:34:45 | [0:53:38] [##----------------------]   8.6% | step    760/8870 | ep 0 | causal | loss  4.986 | lr 4.94e-04 |   8.48M words |  3869 tok/s | ETA 9:32:23
2026-07-03 10:36:10 | [0:55:02] [##----------------------]   8.8% | step    780/8870 | ep 0 | masked | loss  4.174 | lr 4.94e-04 |   8.70M words |  3869 tok/s | ETA 9:30:56
2026-07-03 10:37:35 | [0:56:27] [##----------------------]   9.0% | step    800/8870 | ep 0 | masked | loss  3.908 | lr 4.94e-04 |   8.92M words |  3869 tok/s | ETA 9:29:32
2026-07-03 10:38:10 |   >> saved checkpoint chck_9M at 9.01M words
2026-07-03 10:39:02 | [0:57:54] [##----------------------]   9.2% | step    820/8870 | ep 0 | masked | loss  4.033 | lr 4.93e-04 |   9.14M words |  3867 tok/s | ETA 9:28:30
2026-07-03 10:40:27 | [0:59:19] [##----------------------]   9.5% | step    840/8870 | ep 0 | masked | loss  4.006 | lr 4.93e-04 |   9.37M words |  3866 tok/s | ETA 9:27:10
2026-07-03 10:41:53 | [1:00:46] [##----------------------]   9.7% | step    860/8870 | ep 0 | masked | loss  3.995 | lr 4.92e-04 |   9.59M words |  3865 tok/s | ETA 9:25:58
2026-07-03 10:43:18 | [1:02:11] [##----------------------]   9.9% | step    880/8870 | ep 0 | masked | loss  3.993 | lr 4.92e-04 |   9.81M words |  3864 tok/s | ETA 9:24:39
2026-07-03 10:44:30 |   >> saved checkpoint chck_10M at 10.00M words
2026-07-03 10:44:47 | [1:03:40] [##----------------------]  10.1% | step    900/8870 | ep 1 | masked | loss  4.111 | lr 4.92e-04 |  10.04M words |  3863 tok/s | ETA 9:23:49
2026-07-03 10:46:12 | [1:05:04] [##----------------------]  10.4% | step    920/8870 | ep 1 | masked | loss  4.002 | lr 4.91e-04 |  10.27M words |  3864 tok/s | ETA 9:22:19
2026-07-03 10:47:36 | [1:06:28] [##----------------------]  10.6% | step    940/8870 | ep 1 | masked | loss  3.910 | lr 4.91e-04 |  10.49M words |  3864 tok/s | ETA 9:20:51
2026-07-03 10:49:01 | [1:07:53] [##----------------------]  10.8% | step    960/8870 | ep 1 | masked | loss  4.147 | lr 4.90e-04 |  10.71M words |  3864 tok/s | ETA 9:19:25
2026-07-03 10:50:26 | [1:09:18] [##----------------------]  11.0% | step    980/8870 | ep 1 | masked | loss  4.065 | lr 4.90e-04 |  10.94M words |  3864 tok/s | ETA 9:18:02
2026-07-03 10:51:51 | [1:10:43] [##----------------------]  11.3% | step   1000/8870 | ep 1 | masked | loss  4.147 | lr 4.89e-04 |  11.16M words |  3864 tok/s | ETA 9:16:38
2026-07-03 10:53:15 | [1:12:08] [##----------------------]  11.5% | step   1020/8870 | ep 1 | masked | loss  3.785 | lr 4.88e-04 |  11.38M words |  3864 tok/s | ETA 9:15:11
2026-07-03 10:54:40 | [1:13:33] [##----------------------]  11.7% | step   1040/8870 | ep 1 | masked | loss  3.973 | lr 4.88e-04 |  11.61M words |  3864 tok/s | ETA 9:13:47
2026-07-03 10:56:06 | [1:14:58] [##----------------------]  12.0% | step   1060/8870 | ep 1 | masked | loss  3.831 | lr 4.87e-04 |  11.83M words |  3863 tok/s | ETA 9:12:24
2026-07-03 10:57:30 | [1:16:23] [##----------------------]  12.2% | step   1080/8870 | ep 1 | masked | loss  3.761 | lr 4.87e-04 |  12.05M words |  3863 tok/s | ETA 9:10:59
2026-07-03 10:58:55 | [1:17:48] [##----------------------]  12.4% | step   1100/8870 | ep 1 | masked | loss  3.704 | lr 4.86e-04 |  12.27M words |  3863 tok/s | ETA 9:09:35
2026-07-03 11:00:20 | [1:19:12] [###---------------------]  12.6% | step   1120/8870 | ep 1 | masked | loss  3.873 | lr 4.86e-04 |  12.50M words |  3863 tok/s | ETA 9:08:07
2026-07-03 11:01:45 | [1:20:37] [###---------------------]  12.9% | step   1140/8870 | ep 1 | masked | loss  3.858 | lr 4.85e-04 |  12.72M words |  3864 tok/s | ETA 9:06:41
2026-07-03 11:03:09 | [1:22:02] [###---------------------]  13.1% | step   1160/8870 | ep 1 | masked | loss  3.701 | lr 4.84e-04 |  12.94M words |  3864 tok/s | ETA 9:05:15
2026-07-03 11:04:34 | [1:23:26] [###---------------------]  13.3% | step   1180/8870 | ep 1 | masked | loss  3.735 | lr 4.84e-04 |  13.17M words |  3864 tok/s | ETA 9:03:49
2026-07-03 11:05:59 | [1:24:52] [###---------------------]  13.5% | step   1200/8870 | ep 1 | causal | loss  4.565 | lr 4.83e-04 |  13.39M words |  3863 tok/s | ETA 9:02:27
2026-07-03 11:07:24 | [1:26:17] [###---------------------]  13.8% | step   1220/8870 | ep 1 | masked | loss  3.597 | lr 4.82e-04 |  13.61M words |  3863 tok/s | ETA 9:01:03
2026-07-03 11:08:48 | [1:27:41] [###---------------------]  14.0% | step   1240/8870 | ep 1 | masked | loss  3.748 | lr 4.82e-04 |  13.84M words |  3864 tok/s | ETA 8:59:34
2026-07-03 11:10:13 | [1:29:06] [###---------------------]  14.2% | step   1260/8870 | ep 1 | masked | loss  3.722 | lr 4.81e-04 |  14.06M words |  3864 tok/s | ETA 8:58:10
2026-07-03 11:11:39 | [1:30:31] [###---------------------]  14.4% | step   1280/8870 | ep 1 | masked | loss  3.788 | lr 4.80e-04 |  14.28M words |  3863 tok/s | ETA 8:56:47
2026-07-03 11:13:03 | [1:31:56] [###---------------------]  14.7% | step   1300/8870 | ep 1 | masked | loss  3.586 | lr 4.80e-04 |  14.51M words |  3863 tok/s | ETA 8:55:21
2026-07-03 11:14:28 | [1:33:21] [###---------------------]  14.9% | step   1320/8870 | ep 1 | masked | loss  3.697 | lr 4.79e-04 |  14.73M words |  3863 tok/s | ETA 8:53:56
2026-07-03 11:15:53 | [1:34:46] [###---------------------]  15.1% | step   1340/8870 | ep 1 | masked | loss  3.509 | lr 4.78e-04 |  14.95M words |  3863 tok/s | ETA 8:52:33
2026-07-03 11:17:19 | [1:36:11] [###---------------------]  15.3% | step   1360/8870 | ep 1 | masked | loss  3.784 | lr 4.77e-04 |  15.17M words |  3863 tok/s | ETA 8:51:10
2026-07-03 11:18:43 | [1:37:36] [###---------------------]  15.6% | step   1380/8870 | ep 1 | masked | loss  3.928 | lr 4.77e-04 |  15.40M words |  3863 tok/s | ETA 8:49:45
2026-07-03 11:20:08 | [1:39:00] [###---------------------]  15.8% | step   1400/8870 | ep 1 | masked | loss  3.859 | lr 4.76e-04 |  15.62M words |  3863 tok/s | ETA 8:48:19
2026-07-03 11:21:32 | [1:40:25] [###---------------------]  16.0% | step   1420/8870 | ep 1 | masked | loss  3.678 | lr 4.75e-04 |  15.84M words |  3863 tok/s | ETA 8:46:50
2026-07-03 11:22:55 | [1:41:47] [###---------------------]  16.2% | step   1440/8870 | ep 1 | masked | loss  3.628 | lr 4.74e-04 |  16.07M words |  3865 tok/s | ETA 8:45:15
2026-07-03 11:24:18 | [1:43:11] [###---------------------]  16.5% | step   1460/8870 | ep 1 | masked | loss  3.815 | lr 4.74e-04 |  16.29M words |  3866 tok/s | ETA 8:43:42
2026-07-03 11:25:41 | [1:44:34] [####--------------------]  16.7% | step   1480/8870 | ep 1 | masked | loss  3.636 | lr 4.73e-04 |  16.51M words |  3867 tok/s | ETA 8:42:08
2026-07-03 11:27:04 | [1:45:56] [####--------------------]  16.9% | step   1500/8870 | ep 1 | masked | loss  3.748 | lr 4.72e-04 |  16.74M words |  3868 tok/s | ETA 8:40:33
2026-07-03 11:28:27 | [1:47:20] [####--------------------]  17.1% | step   1520/8870 | ep 1 | masked | loss  3.628 | lr 4.71e-04 |  16.96M words |  3869 tok/s | ETA 8:39:01
2026-07-03 11:29:50 | [1:48:43] [####--------------------]  17.4% | step   1540/8870 | ep 1 | masked | loss  3.742 | lr 4.70e-04 |  17.18M words |  3870 tok/s | ETA 8:37:28
2026-07-03 11:31:14 | [1:50:06] [####--------------------]  17.6% | step   1560/8870 | ep 1 | masked | loss  3.532 | lr 4.69e-04 |  17.40M words |  3871 tok/s | ETA 8:35:57
2026-07-03 11:32:38 | [1:51:31] [####--------------------]  17.8% | step   1580/8870 | ep 1 | masked | loss  3.666 | lr 4.69e-04 |  17.63M words |  3870 tok/s | ETA 8:34:33
2026-07-03 11:34:07 | [1:53:00] [####--------------------]  18.0% | step   1600/8870 | ep 1 | masked | loss  3.460 | lr 4.68e-04 |  17.85M words |  3868 tok/s | ETA 8:33:27
2026-07-03 11:35:34 | [1:54:26] [####--------------------]  18.3% | step   1620/8870 | ep 1 | masked | loss  3.612 | lr 4.67e-04 |  18.07M words |  3867 tok/s | ETA 8:32:11
2026-07-03 11:36:57 | [1:55:50] [####--------------------]  18.5% | step   1640/8870 | ep 1 | masked | loss  3.548 | lr 4.66e-04 |  18.30M words |  3868 tok/s | ETA 8:30:40
2026-07-03 11:38:21 | [1:57:13] [####--------------------]  18.7% | step   1660/8870 | ep 1 | masked | loss  3.292 | lr 4.65e-04 |  18.52M words |  3868 tok/s | ETA 8:29:10
2026-07-03 11:39:46 | [1:58:39] [####--------------------]  18.9% | step   1680/8870 | ep 1 | masked | loss  3.420 | lr 4.64e-04 |  18.74M words |  3868 tok/s | ETA 8:27:48
2026-07-03 11:41:15 | [2:00:07] [####--------------------]  19.2% | step   1700/8870 | ep 1 | masked | loss  3.569 | lr 4.63e-04 |  18.97M words |  3866 tok/s | ETA 8:26:39
2026-07-03 11:42:40 | [2:01:32] [####--------------------]  19.4% | step   1720/8870 | ep 1 | masked | loss  3.573 | lr 4.62e-04 |  19.19M words |  3866 tok/s | ETA 8:25:15
2026-07-03 11:44:03 | [2:02:55] [####--------------------]  19.6% | step   1740/8870 | ep 1 | masked | loss  3.647 | lr 4.61e-04 |  19.41M words |  3867 tok/s | ETA 8:23:43
2026-07-03 11:45:26 | [2:04:18] [####--------------------]  19.8% | step   1760/8870 | ep 1 | masked | loss  3.809 | lr 4.60e-04 |  19.63M words |  3868 tok/s | ETA 8:22:12
2026-07-03 11:46:57 | [2:05:49] [####--------------------]  20.1% | step   1780/8870 | ep 2 | masked | loss  3.551 | lr 4.59e-04 |  19.87M words |  3866 tok/s | ETA 8:21:12
2026-07-03 11:47:49 |   >> saved checkpoint chck_20M at 20.00M words
2026-07-03 11:48:22 | [2:07:15] [####--------------------]  20.3% | step   1800/8870 | ep 2 | masked | loss  3.486 | lr 4.58e-04 |  20.09M words |  3866 tok/s | ETA 8:19:50
2026-07-03 11:49:50 | [2:08:42] [####--------------------]  20.5% | step   1820/8870 | ep 2 | causal | loss  4.391 | lr 4.57e-04 |  20.31M words |  3864 tok/s | ETA 8:18:34
2026-07-03 11:51:20 | [2:10:12] [####--------------------]  20.7% | step   1840/8870 | ep 2 | masked | loss  3.376 | lr 4.56e-04 |  20.54M words |  3862 tok/s | ETA 8:17:30
2026-07-03 11:52:51 | [2:11:44] [#####-------------------]  21.0% | step   1860/8870 | ep 2 | masked | loss  3.431 | lr 4.55e-04 |  20.76M words |  3859 tok/s | ETA 8:16:29
2026-07-03 11:54:25 | [2:13:18] [#####-------------------]  21.2% | step   1880/8870 | ep 2 | masked | loss  3.385 | lr 4.54e-04 |  20.98M words |  3854 tok/s | ETA 8:15:37
2026-07-03 11:55:59 | [2:14:51] [#####-------------------]  21.4% | step   1900/8870 | ep 2 | masked | loss  3.621 | lr 4.53e-04 |  21.20M words |  3850 tok/s | ETA 8:14:43
2026-07-03 11:57:29 | [2:16:22] [#####-------------------]  21.6% | step   1920/8870 | ep 2 | masked | loss  3.332 | lr 4.52e-04 |  21.43M words |  3847 tok/s | ETA 8:13:38
2026-07-03 11:58:59 | [2:17:52] [#####-------------------]  21.9% | step   1940/8870 | ep 2 | masked | loss  3.261 | lr 4.51e-04 |  21.65M words |  3845 tok/s | ETA 8:12:29
2026-07-03 12:00:25 | [2:19:17] [#####-------------------]  22.1% | step   1960/8870 | ep 2 | masked | loss  3.534 | lr 4.50e-04 |  21.87M words |  3845 tok/s | ETA 8:11:04
2026-07-03 12:01:49 | [2:20:41] [#####-------------------]  22.3% | step   1980/8870 | ep 2 | masked | loss  3.436 | lr 4.49e-04 |  22.10M words |  3846 tok/s | ETA 8:09:34
2026-07-03 12:03:12 | [2:22:05] [#####-------------------]  22.5% | step   2000/8870 | ep 2 | masked | loss  3.357 | lr 4.48e-04 |  22.32M words |  3846 tok/s | ETA 8:08:04
2026-07-03 12:04:36 | [2:23:29] [#####-------------------]  22.8% | step   2020/8870 | ep 2 | masked | loss  3.210 | lr 4.47e-04 |  22.54M words |  3847 tok/s | ETA 8:06:35
2026-07-03 12:06:00 | [2:24:53] [#####-------------------]  23.0% | step   2040/8870 | ep 2 | masked | loss  3.274 | lr 4.45e-04 |  22.77M words |  3848 tok/s | ETA 8:05:04
2026-07-03 12:07:24 | [2:26:16] [#####-------------------]  23.2% | step   2060/8870 | ep 2 | masked | loss  3.280 | lr 4.44e-04 |  22.99M words |  3848 tok/s | ETA 8:03:33
2026-07-03 12:08:47 | [2:27:39] [#####-------------------]  23.4% | step   2080/8870 | ep 2 | masked | loss  3.345 | lr 4.43e-04 |  23.21M words |  3849 tok/s | ETA 8:02:01
2026-07-03 12:10:18 | [2:29:11] [#####-------------------]  23.7% | step   2100/8870 | ep 2 | masked | loss  3.377 | lr 4.42e-04 |  23.43M words |  3847 tok/s | ETA 8:00:57
2026-07-03 12:11:49 | [2:30:42] [#####-------------------]  23.9% | step   2120/8870 | ep 2 | masked | loss  3.432 | lr 4.41e-04 |  23.66M words |  3844 tok/s | ETA 7:59:49
2026-07-03 12:13:16 | [2:32:09] [#####-------------------]  24.1% | step   2140/8870 | ep 2 | masked | loss  3.317 | lr 4.40e-04 |  23.88M words |  3843 tok/s | ETA 7:58:30
2026-07-03 12:14:46 | [2:33:39] [#####-------------------]  24.4% | step   2160/8870 | ep 2 | masked | loss  3.149 | lr 4.39e-04 |  24.10M words |  3841 tok/s | ETA 7:57:19
2026-07-03 12:16:26 | [2:35:18] [#####-------------------]  24.6% | step   2180/8870 | ep 2 | masked | loss  3.607 | lr 4.37e-04 |  24.33M words |  3835 tok/s | ETA 7:56:37
2026-07-03 12:18:02 | [2:36:55] [#####-------------------]  24.8% | step   2200/8870 | ep 2 | masked | loss  3.301 | lr 4.36e-04 |  24.55M words |  3831 tok/s | ETA 7:55:44
2026-07-03 12:19:39 | [2:38:31] [######------------------]  25.0% | step   2220/8870 | ep 2 | masked | loss  3.374 | lr 4.35e-04 |  24.77M words |  3826 tok/s | ETA 7:54:53
2026-07-03 12:21:07 | [2:40:00] [######------------------]  25.3% | step   2240/8870 | ep 2 | masked | loss  3.132 | lr 4.34e-04 |  25.00M words |  3825 tok/s | ETA 7:53:35
2026-07-03 12:22:55 | [2:41:47] [######------------------]  25.5% | step   2260/8870 | ep 2 | masked | loss  3.453 | lr 4.32e-04 |  25.22M words |  3817 tok/s | ETA 7:53:12
2026-07-03 12:24:41 | [2:43:33] [######------------------]  25.7% | step   2280/8870 | ep 2 | masked | loss  3.188 | lr 4.31e-04 |  25.44M words |  3809 tok/s | ETA 7:52:45
2026-07-03 12:26:12 | [2:45:05] [######------------------]  25.9% | step   2300/8870 | ep 2 | masked | loss  3.453 | lr 4.30e-04 |  25.66M words |  3807 tok/s | ETA 7:51:34
2026-07-03 12:27:40 | [2:46:32] [######------------------]  26.2% | step   2320/8870 | ep 2 | masked | loss  3.352 | lr 4.29e-04 |  25.89M words |  3806 tok/s | ETA 7:50:12
2026-07-03 12:29:04 | [2:47:56] [######------------------]  26.4% | step   2340/8870 | ep 2 | masked | loss  3.277 | lr 4.27e-04 |  26.11M words |  3807 tok/s | ETA 7:48:40
2026-07-03 12:30:28 | [2:49:21] [######------------------]  26.6% | step   2360/8870 | ep 2 | masked | loss  3.196 | lr 4.26e-04 |  26.33M words |  3808 tok/s | ETA 7:47:09
2026-07-03 12:31:52 | [2:50:45] [######------------------]  26.8% | step   2380/8870 | ep 2 | masked | loss  3.042 | lr 4.25e-04 |  26.56M words |  3809 tok/s | ETA 7:45:37
2026-07-03 12:33:16 | [2:52:09] [######------------------]  27.1% | step   2400/8870 | ep 2 | masked | loss  3.233 | lr 4.24e-04 |  26.78M words |  3809 tok/s | ETA 7:44:05
2026-07-03 12:34:39 | [2:53:32] [######------------------]  27.3% | step   2420/8870 | ep 2 | masked | loss  3.408 | lr 4.22e-04 |  27.00M words |  3810 tok/s | ETA 7:42:32
2026-07-03 12:36:04 | [2:54:56] [######------------------]  27.5% | step   2440/8870 | ep 2 | masked | loss  3.394 | lr 4.21e-04 |  27.23M words |  3811 tok/s | ETA 7:41:01
2026-07-03 12:37:27 | [2:56:19] [######------------------]  27.7% | step   2460/8870 | ep 2 | masked | loss  3.203 | lr 4.20e-04 |  27.45M words |  3812 tok/s | ETA 7:39:28
2026-07-03 12:38:51 | [2:57:43] [######------------------]  28.0% | step   2480/8870 | ep 2 | masked | loss  3.298 | lr 4.18e-04 |  27.67M words |  3813 tok/s | ETA 7:37:56
2026-07-03 12:40:16 | [2:59:09] [######------------------]  28.2% | step   2500/8870 | ep 2 | masked | loss  3.206 | lr 4.17e-04 |  27.90M words |  3813 tok/s | ETA 7:36:28
2026-07-03 12:41:40 | [3:00:33] [######------------------]  28.4% | step   2520/8870 | ep 2 | masked | loss  3.489 | lr 4.16e-04 |  28.12M words |  3813 tok/s | ETA 7:34:58
2026-07-03 12:43:04 | [3:01:57] [######------------------]  28.6% | step   2540/8870 | ep 2 | masked | loss  3.060 | lr 4.14e-04 |  28.34M words |  3814 tok/s | ETA 7:33:26
2026-07-03 12:44:29 | [3:03:21] [######------------------]  28.9% | step   2560/8870 | ep 2 | masked | loss  3.187 | lr 4.13e-04 |  28.56M words |  3815 tok/s | ETA 7:31:57
2026-07-03 12:45:53 | [3:04:46] [######------------------]  29.1% | step   2580/8870 | ep 2 | masked | loss  3.136 | lr 4.12e-04 |  28.79M words |  3815 tok/s | ETA 7:30:28
2026-07-03 12:47:18 | [3:06:11] [#######-----------------]  29.3% | step   2600/8870 | ep 2 | masked | loss  3.308 | lr 4.10e-04 |  29.01M words |  3815 tok/s | ETA 7:29:00
2026-07-03 12:48:46 | [3:07:38] [#######-----------------]  29.5% | step   2620/8870 | ep 2 | masked | loss  3.229 | lr 4.09e-04 |  29.23M words |  3815 tok/s | ETA 7:27:37
2026-07-03 12:50:11 | [3:09:04] [#######-----------------]  29.8% | step   2640/8870 | ep 2 | masked | loss  3.053 | lr 4.07e-04 |  29.46M words |  3815 tok/s | ETA 7:26:10
2026-07-03 12:51:36 | [3:10:28] [#######-----------------]  30.0% | step   2660/8870 | ep 2 | masked | loss  3.212 | lr 4.06e-04 |  29.68M words |  3815 tok/s | ETA 7:24:41
2026-07-03 12:53:04 | [3:11:57] [#######-----------------]  30.2% | step   2680/8870 | ep 3 | masked | loss  3.200 | lr 4.05e-04 |  29.91M words |  3816 tok/s | ETA 7:23:21
2026-07-03 12:53:42 |   >> saved checkpoint chck_30M at 30.00M words
2026-07-03 12:54:34 | [3:13:26] [#######-----------------]  30.4% | step   2700/8870 | ep 3 | masked | loss  3.251 | lr 4.03e-04 |  30.13M words |  3814 tok/s | ETA 7:22:03
2026-07-03 12:55:59 | [3:14:51] [#######-----------------]  30.7% | step   2720/8870 | ep 3 | masked | loss  3.275 | lr 4.02e-04 |  30.36M words |  3815 tok/s | ETA 7:20:35
2026-07-03 12:57:25 | [3:16:17] [#######-----------------]  30.9% | step   2740/8870 | ep 3 | masked | loss  2.976 | lr 4.00e-04 |  30.58M words |  3815 tok/s | ETA 7:19:08
2026-07-03 12:58:56 | [3:17:49] [#######-----------------]  31.1% | step   2760/8870 | ep 3 | masked | loss  3.249 | lr 3.99e-04 |  30.80M words |  3813 tok/s | ETA 7:17:55
2026-07-03 13:00:21 | [3:19:14] [#######-----------------]  31.3% | step   2780/8870 | ep 3 | masked | loss  3.158 | lr 3.97e-04 |  31.03M words |  3813 tok/s | ETA 7:16:27
2026-07-03 13:01:47 | [3:20:39] [#######-----------------]  31.6% | step   2800/8870 | ep 3 | masked | loss  3.323 | lr 3.96e-04 |  31.25M words |  3813 tok/s | ETA 7:15:00
2026-07-03 13:03:12 | [3:22:04] [#######-----------------]  31.8% | step   2820/8870 | ep 3 | masked | loss  3.436 | lr 3.94e-04 |  31.47M words |  3814 tok/s | ETA 7:13:32
2026-07-03 13:04:37 | [3:23:30] [#######-----------------]  32.0% | step   2840/8870 | ep 3 | masked | loss  3.056 | lr 3.93e-04 |  31.70M words |  3814 tok/s | ETA 7:12:04
2026-07-03 13:06:02 | [3:24:54] [#######-----------------]  32.2% | step   2860/8870 | ep 3 | masked | loss  3.238 | lr 3.91e-04 |  31.92M words |  3814 tok/s | ETA 7:10:36
2026-07-03 13:07:29 | [3:26:21] [#######-----------------]  32.5% | step   2880/8870 | ep 3 | causal | loss  4.128 | lr 3.90e-04 |  32.14M words |  3814 tok/s | ETA 7:09:12
2026-07-03 13:08:55 | [3:27:47] [#######-----------------]  32.7% | step   2900/8870 | ep 3 | causal | loss  4.156 | lr 3.88e-04 |  32.36M words |  3814 tok/s | ETA 7:07:46
2026-07-03 13:10:19 | [3:29:12] [#######-----------------]  32.9% | step   2920/8870 | ep 3 | masked | loss  3.079 | lr 3.87e-04 |  32.59M words |  3814 tok/s | ETA 7:06:17
2026-07-03 13:11:46 | [3:30:38] [#######-----------------]  33.1% | step   2940/8870 | ep 3 | masked | loss  3.219 | lr 3.85e-04 |  32.81M words |  3814 tok/s | ETA 7:04:52
2026-07-03 13:13:16 | [3:32:08] [########----------------]  33.4% | step   2960/8870 | ep 3 | masked | loss  2.993 | lr 3.84e-04 |  33.03M words |  3813 tok/s | ETA 7:03:34
2026-07-03 13:14:45 | [3:33:38] [########----------------]  33.6% | step   2980/8870 | ep 3 | masked | loss  2.996 | lr 3.82e-04 |  33.26M words |  3812 tok/s | ETA 7:02:15
2026-07-03 13:16:13 | [3:35:06] [########----------------]  33.8% | step   3000/8870 | ep 3 | masked | loss  3.009 | lr 3.81e-04 |  33.48M words |  3811 tok/s | ETA 7:00:53
2026-07-03 13:17:38 | [3:36:30] [########----------------]  34.0% | step   3020/8870 | ep 3 | masked | loss  3.025 | lr 3.79e-04 |  33.70M words |  3812 tok/s | ETA 6:59:24
2026-07-03 13:19:03 | [3:37:56] [########----------------]  34.3% | step   3040/8870 | ep 3 | masked | loss  3.283 | lr 3.78e-04 |  33.93M words |  3812 tok/s | ETA 6:57:57
2026-07-03 13:20:29 | [3:39:21] [########----------------]  34.5% | step   3060/8870 | ep 3 | masked | loss  3.143 | lr 3.76e-04 |  34.15M words |  3812 tok/s | ETA 6:56:30
2026-07-03 13:21:54 | [3:40:47] [########----------------]  34.7% | step   3080/8870 | ep 3 | causal | loss  4.055 | lr 3.75e-04 |  34.37M words |  3812 tok/s | ETA 6:55:03
2026-07-03 13:23:20 | [3:42:12] [########----------------]  34.9% | step   3100/8870 | ep 3 | masked | loss  3.038 | lr 3.73e-04 |  34.59M words |  3812 tok/s | ETA 6:53:35
2026-07-03 13:24:45 | [3:43:37] [########----------------]  35.2% | step   3120/8870 | ep 3 | masked | loss  3.050 | lr 3.71e-04 |  34.82M words |  3812 tok/s | ETA 6:52:08
2026-07-03 13:26:11 | [3:45:03] [########----------------]  35.4% | step   3140/8870 | ep 3 | masked | loss  3.200 | lr 3.70e-04 |  35.04M words |  3812 tok/s | ETA 6:50:42
2026-07-03 13:27:35 | [3:46:28] [########----------------]  35.6% | step   3160/8870 | ep 3 | masked | loss  3.135 | lr 3.68e-04 |  35.26M words |  3813 tok/s | ETA 6:49:13
2026-07-03 13:29:01 | [3:47:54] [########----------------]  35.9% | step   3180/8870 | ep 3 | masked | loss  3.061 | lr 3.67e-04 |  35.49M words |  3813 tok/s | ETA 6:47:47
2026-07-03 13:30:26 | [3:49:18] [########----------------]  36.1% | step   3200/8870 | ep 3 | masked | loss  3.053 | lr 3.65e-04 |  35.71M words |  3813 tok/s | ETA 6:46:18
2026-07-03 13:31:51 | [3:50:44] [########----------------]  36.3% | step   3220/8870 | ep 3 | masked | loss  3.046 | lr 3.63e-04 |  35.93M words |  3813 tok/s | ETA 6:44:52
2026-07-03 13:33:17 | [3:52:10] [########----------------]  36.5% | step   3240/8870 | ep 3 | masked | loss  3.179 | lr 3.62e-04 |  36.16M words |  3813 tok/s | ETA 6:43:25
2026-07-03 13:34:42 | [3:53:34] [########----------------]  36.8% | step   3260/8870 | ep 3 | masked | loss  3.113 | lr 3.60e-04 |  36.38M words |  3814 tok/s | ETA 6:41:57
2026-07-03 13:36:06 | [3:54:59] [########----------------]  37.0% | step   3280/8870 | ep 3 | masked | loss  3.007 | lr 3.59e-04 |  36.60M words |  3814 tok/s | ETA 6:40:28
2026-07-03 13:37:31 | [3:56:24] [########----------------]  37.2% | step   3300/8870 | ep 3 | masked | loss  3.146 | lr 3.57e-04 |  36.82M words |  3814 tok/s | ETA 6:39:01
2026-07-03 13:38:56 | [3:57:49] [########----------------]  37.4% | step   3320/8870 | ep 3 | masked | loss  3.080 | lr 3.55e-04 |  37.05M words |  3815 tok/s | ETA 6:37:34
2026-07-03 13:40:22 | [3:59:15] [#########---------------]  37.7% | step   3340/8870 | ep 3 | masked | loss  3.105 | lr 3.54e-04 |  37.27M words |  3815 tok/s | ETA 6:36:08
2026-07-03 13:41:47 | [4:00:39] [#########---------------]  37.9% | step   3360/8870 | ep 3 | masked | loss  3.158 | lr 3.52e-04 |  37.49M words |  3815 tok/s | ETA 6:34:39
2026-07-03 13:43:12 | [4:02:05] [#########---------------]  38.1% | step   3380/8870 | ep 3 | masked | loss  2.884 | lr 3.50e-04 |  37.72M words |  3815 tok/s | ETA 6:33:13
2026-07-03 13:44:38 | [4:03:30] [#########---------------]  38.3% | step   3400/8870 | ep 3 | masked | loss  3.265 | lr 3.49e-04 |  37.94M words |  3815 tok/s | ETA 6:31:46
2026-07-03 13:46:04 | [4:04:56] [#########---------------]  38.6% | step   3420/8870 | ep 3 | masked | loss  2.985 | lr 3.47e-04 |  38.16M words |  3815 tok/s | ETA 6:30:19
2026-07-03 13:47:29 | [4:06:21] [#########---------------]  38.8% | step   3440/8870 | ep 3 | masked | loss  3.039 | lr 3.45e-04 |  38.39M words |  3815 tok/s | ETA 6:28:53
2026-07-03 13:48:54 | [4:07:47] [#########---------------]  39.0% | step   3460/8870 | ep 3 | masked | loss  3.036 | lr 3.44e-04 |  38.61M words |  3815 tok/s | ETA 6:27:26
2026-07-03 13:50:20 | [4:09:12] [#########---------------]  39.2% | step   3480/8870 | ep 3 | masked | loss  3.051 | lr 3.42e-04 |  38.83M words |  3816 tok/s | ETA 6:25:59
2026-07-03 13:51:44 | [4:10:37] [#########---------------]  39.5% | step   3500/8870 | ep 3 | masked | loss  2.966 | lr 3.40e-04 |  39.05M words |  3816 tok/s | ETA 6:24:31
2026-07-03 13:53:09 | [4:12:02] [#########---------------]  39.7% | step   3520/8870 | ep 3 | masked | loss  3.148 | lr 3.39e-04 |  39.28M words |  3816 tok/s | ETA 6:23:03
2026-07-03 13:54:33 | [4:13:25] [#########---------------]  39.9% | step   3540/8870 | ep 3 | masked | loss  3.049 | lr 3.37e-04 |  39.50M words |  3817 tok/s | ETA 6:21:34
2026-07-03 13:55:59 | [4:14:52] [#########---------------]  40.1% | step   3560/8870 | ep 4 | masked | loss  3.017 | lr 3.35e-04 |  39.73M words |  3817 tok/s | ETA 6:20:09
2026-07-03 13:57:23 | [4:16:15] [#########---------------]  40.4% | step   3580/8870 | ep 4 | masked | loss  2.860 | lr 3.34e-04 |  39.96M words |  3818 tok/s | ETA 6:18:40
2026-07-03 13:57:40 |   >> saved checkpoint chck_40M at 40.00M words
2026-07-03 13:58:47 | [4:17:39] [#########---------------]  40.6% | step   3600/8870 | ep 4 | masked | loss  3.069 | lr 3.32e-04 |  40.18M words |  3818 tok/s | ETA 6:17:11
2026-07-03 14:00:13 | [4:19:05] [#########---------------]  40.8% | step   3620/8870 | ep 4 | masked | loss  3.193 | lr 3.30e-04 |  40.40M words |  3818 tok/s | ETA 6:15:45
2026-07-03 14:01:42 | [4:20:34] [#########---------------]  41.0% | step   3640/8870 | ep 4 | masked | loss  3.062 | lr 3.28e-04 |  40.62M words |  3818 tok/s | ETA 6:14:24
2026-07-03 14:03:08 | [4:22:00] [#########---------------]  41.3% | step   3660/8870 | ep 4 | masked | loss  2.818 | lr 3.27e-04 |  40.85M words |  3817 tok/s | ETA 6:12:58
2026-07-03 14:04:35 | [4:23:27] [#########---------------]  41.5% | step   3680/8870 | ep 4 | masked | loss  2.753 | lr 3.25e-04 |  41.07M words |  3817 tok/s | ETA 6:11:34
2026-07-03 14:06:00 | [4:24:52] [##########--------------]  41.7% | step   3700/8870 | ep 4 | masked | loss  2.879 | lr 3.23e-04 |  41.29M words |  3817 tok/s | ETA 6:10:06
2026-07-03 14:07:23 | [4:26:16] [##########--------------]  41.9% | step   3720/8870 | ep 4 | masked | loss  3.082 | lr 3.22e-04 |  41.52M words |  3818 tok/s | ETA 6:08:37
2026-07-03 14:08:47 | [4:27:39] [##########--------------]  42.2% | step   3740/8870 | ep 4 | masked | loss  3.013 | lr 3.20e-04 |  41.74M words |  3819 tok/s | ETA 6:07:08
2026-07-03 14:10:11 | [4:29:03] [##########--------------]  42.4% | step   3760/8870 | ep 4 | masked | loss  2.994 | lr 3.18e-04 |  41.96M words |  3819 tok/s | ETA 6:05:40
2026-07-03 14:11:38 | [4:30:31] [##########--------------]  42.6% | step   3780/8870 | ep 4 | masked | loss  2.760 | lr 3.16e-04 |  42.19M words |  3819 tok/s | ETA 6:04:16
2026-07-03 14:13:05 | [4:31:57] [##########--------------]  42.8% | step   3800/8870 | ep 4 | masked | loss  2.938 | lr 3.15e-04 |  42.41M words |  3818 tok/s | ETA 6:02:51
2026-07-03 14:14:31 | [4:33:24] [##########--------------]  43.1% | step   3820/8870 | ep 4 | masked | loss  2.876 | lr 3.13e-04 |  42.63M words |  3818 tok/s | ETA 6:01:26
2026-07-03 14:15:56 | [4:34:49] [##########--------------]  43.3% | step   3840/8870 | ep 4 | masked | loss  2.712 | lr 3.11e-04 |  42.85M words |  3818 tok/s | ETA 5:59:59
2026-07-03 14:17:21 | [4:36:13] [##########--------------]  43.5% | step   3860/8870 | ep 4 | masked | loss  3.118 | lr 3.09e-04 |  43.08M words |  3819 tok/s | ETA 5:58:31
2026-07-03 14:18:49 | [4:37:41] [##########--------------]  43.7% | step   3880/8870 | ep 4 | masked | loss  2.765 | lr 3.08e-04 |  43.30M words |  3818 tok/s | ETA 5:57:08
2026-07-03 14:20:13 | [4:39:06] [##########--------------]  44.0% | step   3900/8870 | ep 4 | masked | loss  3.016 | lr 3.06e-04 |  43.52M words |  3819 tok/s | ETA 5:55:40
2026-07-03 14:21:37 | [4:40:29] [##########--------------]  44.2% | step   3920/8870 | ep 4 | masked | loss  2.934 | lr 3.04e-04 |  43.75M words |  3819 tok/s | ETA 5:54:11
2026-07-03 14:23:01 | [4:41:53] [##########--------------]  44.4% | step   3940/8870 | ep 4 | masked | loss  2.843 | lr 3.02e-04 |  43.97M words |  3820 tok/s | ETA 5:52:43
2026-07-03 14:24:26 | [4:43:18] [##########--------------]  44.6% | step   3960/8870 | ep 4 | masked | loss  3.033 | lr 3.01e-04 |  44.19M words |  3820 tok/s | ETA 5:51:16
2026-07-03 14:25:52 | [4:44:44] [##########--------------]  44.9% | step   3980/8870 | ep 4 | causal | loss  4.090 | lr 2.99e-04 |  44.42M words |  3820 tok/s | ETA 5:49:51
2026-07-03 14:27:17 | [4:46:10] [##########--------------]  45.1% | step   4000/8870 | ep 4 | masked | loss  2.936 | lr 2.97e-04 |  44.64M words |  3820 tok/s | ETA 5:48:24
2026-07-03 14:28:43 | [4:47:36] [##########--------------]  45.3% | step   4020/8870 | ep 4 | masked | loss  2.705 | lr 2.95e-04 |  44.86M words |  3820 tok/s | ETA 5:46:59
2026-07-03 14:30:08 | [4:49:01] [##########--------------]  45.5% | step   4040/8870 | ep 4 | masked | loss  2.998 | lr 2.93e-04 |  45.09M words |  3820 tok/s | ETA 5:45:32
2026-07-03 14:31:34 | [4:50:27] [##########--------------]  45.8% | step   4060/8870 | ep 4 | masked | loss  2.909 | lr 2.92e-04 |  45.31M words |  3820 tok/s | ETA 5:44:06
2026-07-03 14:33:01 | [4:51:53] [###########-------------]  46.0% | step   4080/8870 | ep 4 | masked | loss  2.947 | lr 2.90e-04 |  45.53M words |  3820 tok/s | ETA 5:42:41
2026-07-03 14:34:35 | [4:53:27] [###########-------------]  46.2% | step   4100/8870 | ep 4 | causal | loss  4.232 | lr 2.88e-04 |  45.75M words |  3818 tok/s | ETA 5:41:25
2026-07-03 14:36:01 | [4:54:53] [###########-------------]  46.4% | step   4120/8870 | ep 4 | masked | loss  2.734 | lr 2.86e-04 |  45.98M words |  3818 tok/s | ETA 5:39:59
2026-07-03 14:37:26 | [4:56:19] [###########-------------]  46.7% | step   4140/8870 | ep 4 | masked | loss  3.000 | lr 2.85e-04 |  46.20M words |  3818 tok/s | ETA 5:38:32
2026-07-03 14:38:52 | [4:57:44] [###########-------------]  46.9% | step   4160/8870 | ep 4 | masked | loss  2.869 | lr 2.83e-04 |  46.42M words |  3818 tok/s | ETA 5:37:06
2026-07-03 14:40:17 | [4:59:10] [###########-------------]  47.1% | step   4180/8870 | ep 4 | masked | loss  2.758 | lr 2.81e-04 |  46.65M words |  3818 tok/s | ETA 5:35:40
2026-07-03 14:41:43 | [5:00:35] [###########-------------]  47.4% | step   4200/8870 | ep 4 | masked | loss  2.916 | lr 2.79e-04 |  46.87M words |  3818 tok/s | ETA 5:34:13
2026-07-03 14:43:08 | [5:02:00] [###########-------------]  47.6% | step   4220/8870 | ep 4 | masked | loss  2.580 | lr 2.77e-04 |  47.09M words |  3818 tok/s | ETA 5:32:47
2026-07-03 14:44:33 | [5:03:26] [###########-------------]  47.8% | step   4240/8870 | ep 4 | masked | loss  2.797 | lr 2.76e-04 |  47.32M words |  3818 tok/s | ETA 5:31:20
2026-07-03 14:45:59 | [5:04:51] [###########-------------]  48.0% | step   4260/8870 | ep 4 | causal | loss  4.179 | lr 2.74e-04 |  47.54M words |  3818 tok/s | ETA 5:29:54
2026-07-03 14:47:25 | [5:06:17] [###########-------------]  48.3% | step   4280/8870 | ep 4 | masked | loss  2.913 | lr 2.72e-04 |  47.76M words |  3818 tok/s | ETA 5:28:28
2026-07-03 14:48:50 | [5:07:43] [###########-------------]  48.5% | step   4300/8870 | ep 4 | masked | loss  2.991 | lr 2.70e-04 |  47.98M words |  3818 tok/s | ETA 5:27:02
2026-07-03 14:50:16 | [5:09:08] [###########-------------]  48.7% | step   4320/8870 | ep 4 | masked | loss  2.586 | lr 2.68e-04 |  48.21M words |  3818 tok/s | ETA 5:25:36
2026-07-03 14:51:41 | [5:10:33] [###########-------------]  48.9% | step   4340/8870 | ep 4 | masked | loss  2.662 | lr 2.67e-04 |  48.43M words |  3819 tok/s | ETA 5:24:09
2026-07-03 14:53:06 | [5:11:59] [###########-------------]  49.2% | step   4360/8870 | ep 4 | masked | loss  2.734 | lr 2.65e-04 |  48.65M words |  3819 tok/s | ETA 5:22:43
2026-07-03 14:54:33 | [5:13:25] [###########-------------]  49.4% | step   4380/8870 | ep 4 | masked | loss  2.885 | lr 2.63e-04 |  48.88M words |  3819 tok/s | ETA 5:21:18
2026-07-03 14:55:59 | [5:14:51] [###########-------------]  49.6% | step   4400/8870 | ep 4 | masked | loss  2.667 | lr 2.61e-04 |  49.10M words |  3819 tok/s | ETA 5:19:52
2026-07-03 14:57:24 | [5:16:16] [###########-------------]  49.8% | step   4420/8870 | ep 4 | causal | loss  3.977 | lr 2.59e-04 |  49.32M words |  3819 tok/s | ETA 5:18:25
2026-07-03 14:58:51 | [5:17:44] [############------------]  50.1% | step   4440/8870 | ep 5 | masked | loss  2.816 | lr 2.58e-04 |  49.55M words |  3819 tok/s | ETA 5:17:01
2026-07-03 15:00:18 | [5:19:11] [############------------]  50.3% | step   4460/8870 | ep 5 | masked | loss  2.786 | lr 2.56e-04 |  49.78M words |  3819 tok/s | ETA 5:15:36
2026-07-03 15:01:44 | [5:20:36] [############------------]  50.5% | step   4480/8870 | ep 5 | masked | loss  2.885 | lr 2.54e-04 |  50.00M words |  3819 tok/s | ETA 5:14:10
2026-07-03 15:01:44 |   >> saved checkpoint chck_50M at 50.00M words
2026-07-03 15:03:11 | [5:22:03] [############------------]  50.7% | step   4500/8870 | ep 5 | masked | loss  2.796 | lr 2.52e-04 |  50.22M words |  3819 tok/s | ETA 5:12:45
2026-07-03 15:04:37 | [5:23:30] [############------------]  51.0% | step   4520/8870 | ep 5 | masked | loss  2.852 | lr 2.50e-04 |  50.45M words |  3818 tok/s | ETA 5:11:20
2026-07-03 15:06:03 | [5:24:55] [############------------]  51.2% | step   4540/8870 | ep 5 | masked | loss  2.665 | lr 2.49e-04 |  50.67M words |  3819 tok/s | ETA 5:09:53
2026-07-03 15:07:28 | [5:26:20] [############------------]  51.4% | step   4560/8870 | ep 5 | masked | loss  2.869 | lr 2.47e-04 |  50.89M words |  3819 tok/s | ETA 5:08:26
2026-07-03 15:08:54 | [5:27:46] [############------------]  51.6% | step   4580/8870 | ep 5 | causal | loss  3.891 | lr 2.45e-04 |  51.12M words |  3819 tok/s | ETA 5:07:01
2026-07-03 15:10:20 | [5:29:12] [############------------]  51.9% | step   4600/8870 | ep 5 | masked | loss  2.618 | lr 2.43e-04 |  51.34M words |  3819 tok/s | ETA 5:05:35
2026-07-03 15:11:45 | [5:30:37] [############------------]  52.1% | step   4620/8870 | ep 5 | masked | loss  2.641 | lr 2.41e-04 |  51.56M words |  3819 tok/s | ETA 5:04:09
2026-07-03 15:13:09 | [5:32:01] [############------------]  52.3% | step   4640/8870 | ep 5 | masked | loss  2.705 | lr 2.39e-04 |  51.78M words |  3819 tok/s | ETA 5:02:41
2026-07-03 15:14:32 | [5:33:24] [############------------]  52.5% | step   4660/8870 | ep 5 | masked | loss  2.707 | lr 2.38e-04 |  52.01M words |  3820 tok/s | ETA 5:01:13
2026-07-03 15:15:55 | [5:34:48] [############------------]  52.8% | step   4680/8870 | ep 5 | masked | loss  2.516 | lr 2.36e-04 |  52.23M words |  3820 tok/s | ETA 4:59:44
2026-07-03 15:17:20 | [5:36:13] [############------------]  53.0% | step   4700/8870 | ep 5 | masked | loss  3.020 | lr 2.34e-04 |  52.45M words |  3820 tok/s | ETA 4:58:18
2026-07-03 15:18:45 | [5:37:38] [############------------]  53.2% | step   4720/8870 | ep 5 | masked | loss  2.597 | lr 2.32e-04 |  52.68M words |  3820 tok/s | ETA 4:56:51
2026-07-03 15:20:10 | [5:39:03] [############------------]  53.4% | step   4740/8870 | ep 5 | masked | loss  2.768 | lr 2.30e-04 |  52.90M words |  3820 tok/s | ETA 4:55:25
2026-07-03 15:21:37 | [5:40:29] [############------------]  53.7% | step   4760/8870 | ep 5 | masked | loss  2.753 | lr 2.29e-04 |  53.12M words |  3820 tok/s | ETA 4:54:00
2026-07-03 15:23:01 | [5:41:54] [############------------]  53.9% | step   4780/8870 | ep 5 | masked | loss  2.859 | lr 2.27e-04 |  53.35M words |  3821 tok/s | ETA 4:52:32
2026-07-03 15:24:27 | [5:43:19] [############------------]  54.1% | step   4800/8870 | ep 5 | masked | loss  2.831 | lr 2.25e-04 |  53.57M words |  3821 tok/s | ETA 4:51:06
2026-07-03 15:25:54 | [5:44:46] [#############-----------]  54.3% | step   4820/8870 | ep 5 | masked | loss  3.044 | lr 2.23e-04 |  53.79M words |  3820 tok/s | ETA 4:49:41
2026-07-03 15:27:22 | [5:46:14] [#############-----------]  54.6% | step   4840/8870 | ep 5 | masked | loss  2.748 | lr 2.21e-04 |  54.01M words |  3820 tok/s | ETA 4:48:17
2026-07-03 15:28:48 | [5:47:41] [#############-----------]  54.8% | step   4860/8870 | ep 5 | masked | loss  2.583 | lr 2.20e-04 |  54.24M words |  3820 tok/s | ETA 4:46:52
2026-07-03 15:30:13 | [5:49:05] [#############-----------]  55.0% | step   4880/8870 | ep 5 | masked | loss  2.835 | lr 2.18e-04 |  54.46M words |  3820 tok/s | ETA 4:45:25
2026-07-03 15:31:38 | [5:50:30] [#############-----------]  55.2% | step   4900/8870 | ep 5 | masked | loss  2.637 | lr 2.16e-04 |  54.68M words |  3820 tok/s | ETA 4:43:59
2026-07-03 15:33:04 | [5:51:56] [#############-----------]  55.5% | step   4920/8870 | ep 5 | masked | loss  2.920 | lr 2.14e-04 |  54.91M words |  3820 tok/s | ETA 4:42:33
2026-07-03 15:34:29 | [5:53:22] [#############-----------]  55.7% | step   4940/8870 | ep 5 | masked | loss  2.696 | lr 2.13e-04 |  55.13M words |  3820 tok/s | ETA 4:41:07
2026-07-03 15:35:54 | [5:54:47] [#############-----------]  55.9% | step   4960/8870 | ep 5 | masked | loss  2.794 | lr 2.11e-04 |  55.35M words |  3820 tok/s | ETA 4:39:40
2026-07-03 15:37:19 | [5:56:11] [#############-----------]  56.1% | step   4980/8870 | ep 5 | masked | loss  2.945 | lr 2.09e-04 |  55.58M words |  3821 tok/s | ETA 4:38:14
2026-07-03 15:38:46 | [5:57:38] [#############-----------]  56.4% | step   5000/8870 | ep 5 | masked | loss  2.703 | lr 2.07e-04 |  55.80M words |  3820 tok/s | ETA 4:36:49
2026-07-03 15:40:14 | [5:59:06] [#############-----------]  56.6% | step   5020/8870 | ep 5 | masked | loss  2.825 | lr 2.05e-04 |  56.02M words |  3820 tok/s | ETA 4:35:24
2026-07-03 15:41:39 | [6:00:31] [#############-----------]  56.8% | step   5040/8870 | ep 5 | masked | loss  2.645 | lr 2.04e-04 |  56.24M words |  3820 tok/s | ETA 4:33:58
2026-07-03 15:43:04 | [6:01:57] [#############-----------]  57.0% | step   5060/8870 | ep 5 | masked | loss  2.670 | lr 2.02e-04 |  56.47M words |  3820 tok/s | ETA 4:32:32
2026-07-03 15:44:33 | [6:03:25] [#############-----------]  57.3% | step   5080/8870 | ep 5 | masked | loss  2.405 | lr 2.00e-04 |  56.69M words |  3820 tok/s | ETA 4:31:08
2026-07-03 15:45:59 | [6:04:52] [#############-----------]  57.5% | step   5100/8870 | ep 5 | masked | loss  2.795 | lr 1.98e-04 |  56.91M words |  3820 tok/s | ETA 4:29:43
2026-07-03 15:47:27 | [6:06:19] [#############-----------]  57.7% | step   5120/8870 | ep 5 | masked | loss  2.950 | lr 1.97e-04 |  57.14M words |  3819 tok/s | ETA 4:28:18
2026-07-03 15:48:52 | [6:07:45] [#############-----------]  57.9% | step   5140/8870 | ep 5 | masked | loss  2.501 | lr 1.95e-04 |  57.36M words |  3819 tok/s | ETA 4:26:52
2026-07-03 15:50:18 | [6:09:10] [#############-----------]  58.2% | step   5160/8870 | ep 5 | masked | loss  2.656 | lr 1.93e-04 |  57.58M words |  3819 tok/s | ETA 4:25:26
2026-07-03 15:51:44 | [6:10:37] [##############----------]  58.4% | step   5180/8870 | ep 5 | masked | loss  2.465 | lr 1.91e-04 |  57.81M words |  3819 tok/s | ETA 4:24:00
2026-07-03 15:53:08 | [6:12:01] [##############----------]  58.6% | step   5200/8870 | ep 5 | masked | loss  2.490 | lr 1.89e-04 |  58.03M words |  3820 tok/s | ETA 4:22:33
2026-07-03 15:54:31 | [6:13:24] [##############----------]  58.9% | step   5220/8870 | ep 5 | causal | loss  3.961 | lr 1.88e-04 |  58.25M words |  3820 tok/s | ETA 4:21:05
2026-07-03 15:55:56 | [6:14:49] [##############----------]  59.1% | step   5240/8870 | ep 5 | masked | loss  2.594 | lr 1.86e-04 |  58.48M words |  3820 tok/s | ETA 4:19:39
2026-07-03 15:57:21 | [6:16:13] [##############----------]  59.3% | step   5260/8870 | ep 5 | masked | loss  2.823 | lr 1.84e-04 |  58.70M words |  3820 tok/s | ETA 4:18:12
2026-07-03 15:58:46 | [6:17:39] [##############----------]  59.5% | step   5280/8870 | ep 5 | causal | loss  3.649 | lr 1.82e-04 |  58.92M words |  3820 tok/s | ETA 4:16:46
2026-07-03 16:00:12 | [6:19:04] [##############----------]  59.8% | step   5300/8870 | ep 5 | masked | loss  2.575 | lr 1.81e-04 |  59.14M words |  3820 tok/s | ETA 4:15:20
2026-07-03 16:01:38 | [6:20:31] [##############----------]  60.0% | step   5320/8870 | ep 5 | masked | loss  2.987 | lr 1.79e-04 |  59.37M words |  3820 tok/s | ETA 4:13:55
2026-07-03 16:03:06 | [6:21:59] [##############----------]  60.2% | step   5340/8870 | ep 6 | masked | loss  2.542 | lr 1.77e-04 |  59.60M words |  3821 tok/s | ETA 4:12:30
2026-07-03 16:04:30 | [6:23:23] [##############----------]  60.4% | step   5360/8870 | ep 6 | masked | loss  2.764 | lr 1.76e-04 |  59.82M words |  3821 tok/s | ETA 4:11:03
2026-07-03 16:05:40 |   >> saved checkpoint chck_60M at 60.00M words
2026-07-03 16:05:58 | [6:24:50] [##############----------]  60.7% | step   5380/8870 | ep 6 | masked | loss  2.429 | lr 1.74e-04 |  60.04M words |  3821 tok/s | ETA 4:09:39
2026-07-03 16:07:24 | [6:26:16] [##############----------]  60.9% | step   5400/8870 | ep 6 | masked | loss  2.799 | lr 1.72e-04 |  60.27M words |  3821 tok/s | ETA 4:08:13
2026-07-03 16:08:51 | [6:27:44] [##############----------]  61.1% | step   5420/8870 | ep 6 | causal | loss  3.822 | lr 1.70e-04 |  60.49M words |  3820 tok/s | ETA 4:06:48
2026-07-03 16:10:17 | [6:29:10] [##############----------]  61.3% | step   5440/8870 | ep 6 | masked | loss  2.771 | lr 1.69e-04 |  60.71M words |  3820 tok/s | ETA 4:05:22
2026-07-03 16:11:42 | [6:30:35] [##############----------]  61.6% | step   5460/8870 | ep 6 | masked | loss  2.429 | lr 1.67e-04 |  60.94M words |  3820 tok/s | ETA 4:03:56
2026-07-03 16:13:08 | [6:32:00] [##############----------]  61.8% | step   5480/8870 | ep 6 | masked | loss  2.483 | lr 1.65e-04 |  61.16M words |  3820 tok/s | ETA 4:02:30
2026-07-03 16:14:33 | [6:33:25] [##############----------]  62.0% | step   5500/8870 | ep 6 | masked | loss  2.479 | lr 1.64e-04 |  61.38M words |  3820 tok/s | ETA 4:01:03
2026-07-03 16:15:59 | [6:34:51] [##############----------]  62.2% | step   5520/8870 | ep 6 | causal | loss  3.879 | lr 1.62e-04 |  61.61M words |  3820 tok/s | ETA 3:59:38
2026-07-03 16:17:23 | [6:36:16] [##############----------]  62.5% | step   5540/8870 | ep 6 | causal | loss  3.948 | lr 1.60e-04 |  61.83M words |  3821 tok/s | ETA 3:58:11
2026-07-03 16:18:50 | [6:37:43] [###############---------]  62.7% | step   5560/8870 | ep 6 | masked | loss  2.662 | lr 1.59e-04 |  62.05M words |  3820 tok/s | ETA 3:56:46
2026-07-03 16:20:16 | [6:39:09] [###############---------]  62.9% | step   5580/8870 | ep 6 | masked | loss  2.671 | lr 1.57e-04 |  62.27M words |  3820 tok/s | ETA 3:55:20
2026-07-03 16:21:41 | [6:40:33] [###############---------]  63.1% | step   5600/8870 | ep 6 | masked | loss  2.509 | lr 1.55e-04 |  62.50M words |  3821 tok/s | ETA 3:53:54
2026-07-03 16:23:05 | [6:41:57] [###############---------]  63.4% | step   5620/8870 | ep 6 | masked | loss  2.383 | lr 1.54e-04 |  62.72M words |  3821 tok/s | ETA 3:52:27
2026-07-03 16:24:29 | [6:43:21] [###############---------]  63.6% | step   5640/8870 | ep 6 | masked | loss  2.716 | lr 1.52e-04 |  62.94M words |  3821 tok/s | ETA 3:51:00
2026-07-03 16:25:54 | [6:44:46] [###############---------]  63.8% | step   5660/8870 | ep 6 | masked | loss  2.822 | lr 1.50e-04 |  63.17M words |  3821 tok/s | ETA 3:49:34
2026-07-03 16:27:19 | [6:46:12] [###############---------]  64.0% | step   5680/8870 | ep 6 | masked | loss  2.781 | lr 1.49e-04 |  63.39M words |  3821 tok/s | ETA 3:48:07
2026-07-03 16:28:46 | [6:47:39] [###############---------]  64.3% | step   5700/8870 | ep 6 | masked | loss  2.643 | lr 1.47e-04 |  63.61M words |  3821 tok/s | ETA 3:46:42
2026-07-03 16:30:11 | [6:49:03] [###############---------]  64.5% | step   5720/8870 | ep 6 | masked | loss  2.487 | lr 1.45e-04 |  63.84M words |  3821 tok/s | ETA 3:45:16
2026-07-03 16:31:40 | [6:50:32] [###############---------]  64.7% | step   5740/8870 | ep 6 | masked | loss  2.710 | lr 1.44e-04 |  64.06M words |  3821 tok/s | ETA 3:43:52
2026-07-03 16:33:06 | [6:51:58] [###############---------]  64.9% | step   5760/8870 | ep 6 | masked | loss  2.599 | lr 1.42e-04 |  64.28M words |  3821 tok/s | ETA 3:42:26
2026-07-03 16:34:32 | [6:53:24] [###############---------]  65.2% | step   5780/8870 | ep 6 | masked | loss  2.915 | lr 1.40e-04 |  64.51M words |  3821 tok/s | ETA 3:41:00
2026-07-03 16:35:57 | [6:54:50] [###############---------]  65.4% | step   5800/8870 | ep 6 | masked | loss  2.599 | lr 1.39e-04 |  64.73M words |  3821 tok/s | ETA 3:39:34
2026-07-03 16:37:22 | [6:56:15] [###############---------]  65.6% | step   5820/8870 | ep 6 | masked | loss  2.590 | lr 1.37e-04 |  64.95M words |  3821 tok/s | ETA 3:38:08
2026-07-03 16:38:47 | [6:57:40] [###############---------]  65.8% | step   5840/8870 | ep 6 | masked | loss  2.538 | lr 1.35e-04 |  65.17M words |  3821 tok/s | ETA 3:36:42
2026-07-03 16:40:13 | [6:59:05] [###############---------]  66.1% | step   5860/8870 | ep 6 | masked | loss  2.639 | lr 1.34e-04 |  65.40M words |  3821 tok/s | ETA 3:35:16
2026-07-03 16:41:38 | [7:00:31] [###############---------]  66.3% | step   5880/8870 | ep 6 | masked | loss  2.669 | lr 1.32e-04 |  65.62M words |  3821 tok/s | ETA 3:33:50
2026-07-03 16:43:03 | [7:01:55] [###############---------]  66.5% | step   5900/8870 | ep 6 | masked | loss  2.910 | lr 1.31e-04 |  65.84M words |  3821 tok/s | ETA 3:32:23
2026-07-03 16:44:27 | [7:03:20] [################--------]  66.7% | step   5920/8870 | ep 6 | masked | loss  2.502 | lr 1.29e-04 |  66.07M words |  3821 tok/s | ETA 3:30:57
2026-07-03 16:45:52 | [7:04:44] [################--------]  67.0% | step   5940/8870 | ep 6 | masked | loss  2.553 | lr 1.28e-04 |  66.29M words |  3822 tok/s | ETA 3:29:30
2026-07-03 16:47:17 | [7:06:09] [################--------]  67.2% | step   5960/8870 | ep 6 | masked | loss  2.656 | lr 1.26e-04 |  66.51M words |  3822 tok/s | ETA 3:28:04
2026-07-03 16:48:41 | [7:07:33] [################--------]  67.4% | step   5980/8870 | ep 6 | masked | loss  2.468 | lr 1.24e-04 |  66.74M words |  3822 tok/s | ETA 3:26:37
2026-07-03 16:50:05 | [7:08:58] [################--------]  67.6% | step   6000/8870 | ep 6 | masked | loss  2.500 | lr 1.23e-04 |  66.96M words |  3822 tok/s | ETA 3:25:11
2026-07-03 16:51:30 | [7:10:23] [################--------]  67.9% | step   6020/8870 | ep 6 | masked | loss  2.397 | lr 1.21e-04 |  67.18M words |  3822 tok/s | ETA 3:23:45
2026-07-03 16:52:54 | [7:11:47] [################--------]  68.1% | step   6040/8870 | ep 6 | masked | loss  2.505 | lr 1.20e-04 |  67.40M words |  3823 tok/s | ETA 3:22:18
2026-07-03 16:54:19 | [7:13:11] [################--------]  68.3% | step   6060/8870 | ep 6 | masked | loss  2.450 | lr 1.18e-04 |  67.63M words |  3823 tok/s | ETA 3:20:52
2026-07-03 16:55:44 | [7:14:36] [################--------]  68.5% | step   6080/8870 | ep 6 | masked | loss  2.598 | lr 1.17e-04 |  67.85M words |  3823 tok/s | ETA 3:19:26
2026-07-03 16:57:09 | [7:16:01] [################--------]  68.8% | step   6100/8870 | ep 6 | masked | loss  2.411 | lr 1.15e-04 |  68.07M words |  3823 tok/s | ETA 3:17:59
2026-07-03 16:58:33 | [7:17:26] [################--------]  69.0% | step   6120/8870 | ep 6 | masked | loss  2.573 | lr 1.14e-04 |  68.30M words |  3823 tok/s | ETA 3:16:33
2026-07-03 16:59:58 | [7:18:50] [################--------]  69.2% | step   6140/8870 | ep 6 | masked | loss  2.430 | lr 1.12e-04 |  68.52M words |  3823 tok/s | ETA 3:15:07
2026-07-03 17:01:22 | [7:20:14] [################--------]  69.4% | step   6160/8870 | ep 6 | masked | loss  2.662 | lr 1.11e-04 |  68.74M words |  3824 tok/s | ETA 3:13:40
2026-07-03 17:02:47 | [7:21:40] [################--------]  69.7% | step   6180/8870 | ep 6 | masked | loss  2.439 | lr 1.09e-04 |  68.97M words |  3824 tok/s | ETA 3:12:14
2026-07-03 17:04:13 | [7:23:06] [################--------]  69.9% | step   6200/8870 | ep 6 | masked | loss  2.776 | lr 1.08e-04 |  69.19M words |  3824 tok/s | ETA 3:10:49
2026-07-03 17:05:42 | [7:24:35] [################--------]  70.1% | step   6220/8870 | ep 7 | masked | loss  2.525 | lr 1.06e-04 |  69.42M words |  3824 tok/s | ETA 3:09:24
2026-07-03 17:07:09 | [7:26:01] [################--------]  70.3% | step   6240/8870 | ep 7 | masked | loss  2.565 | lr 1.05e-04 |  69.64M words |  3823 tok/s | ETA 3:07:59
2026-07-03 17:08:36 | [7:27:28] [################--------]  70.6% | step   6260/8870 | ep 7 | masked | loss  2.426 | lr 1.03e-04 |  69.87M words |  3823 tok/s | ETA 3:06:34
2026-07-03 17:09:29 |   >> saved checkpoint chck_70M at 70.00M words
2026-07-03 17:10:03 | [7:28:56] [################--------]  70.8% | step   6280/8870 | ep 7 | masked | loss  2.467 | lr 1.02e-04 |  70.09M words |  3823 tok/s | ETA 3:05:08
2026-07-03 17:11:28 | [7:30:20] [#################-------]  71.0% | step   6300/8870 | ep 7 | masked | loss  2.664 | lr 1.00e-04 |  70.31M words |  3823 tok/s | ETA 3:03:42
2026-07-03 17:12:54 | [7:31:47] [#################-------]  71.3% | step   6320/8870 | ep 7 | masked | loss  2.420 | lr 9.89e-05 |  70.54M words |  3823 tok/s | ETA 3:02:17
2026-07-03 17:14:20 | [7:33:12] [#################-------]  71.5% | step   6340/8870 | ep 7 | masked | loss  2.462 | lr 9.74e-05 |  70.76M words |  3823 tok/s | ETA 3:00:51
2026-07-03 17:15:44 | [7:34:37] [#################-------]  71.7% | step   6360/8870 | ep 7 | masked | loss  2.467 | lr 9.60e-05 |  70.98M words |  3823 tok/s | ETA 2:59:25
2026-07-03 17:17:08 | [7:36:01] [#################-------]  71.9% | step   6380/8870 | ep 7 | masked | loss  2.671 | lr 9.46e-05 |  71.20M words |  3824 tok/s | ETA 2:57:58
2026-07-03 17:18:34 | [7:37:26] [#################-------]  72.2% | step   6400/8870 | ep 7 | masked | loss  2.621 | lr 9.32e-05 |  71.43M words |  3824 tok/s | ETA 2:56:32
2026-07-03 17:20:02 | [7:38:54] [#################-------]  72.4% | step   6420/8870 | ep 7 | masked | loss  2.350 | lr 9.18e-05 |  71.65M words |  3823 tok/s | ETA 2:55:07
2026-07-03 17:21:28 | [7:40:21] [#################-------]  72.6% | step   6440/8870 | ep 7 | masked | loss  2.567 | lr 9.04e-05 |  71.87M words |  3823 tok/s | ETA 2:53:42
2026-07-03 17:22:55 | [7:41:47] [#################-------]  72.8% | step   6460/8870 | ep 7 | masked | loss  2.668 | lr 8.90e-05 |  72.10M words |  3823 tok/s | ETA 2:52:16
2026-07-03 17:24:22 | [7:43:14] [#################-------]  73.1% | step   6480/8870 | ep 7 | causal | loss  3.782 | lr 8.76e-05 |  72.32M words |  3823 tok/s | ETA 2:50:51
2026-07-03 17:25:48 | [7:44:41] [#################-------]  73.3% | step   6500/8870 | ep 7 | masked | loss  2.624 | lr 8.62e-05 |  72.54M words |  3823 tok/s | ETA 2:49:25
2026-07-03 17:27:16 | [7:46:08] [#################-------]  73.5% | step   6520/8870 | ep 7 | masked | loss  2.679 | lr 8.49e-05 |  72.77M words |  3822 tok/s | ETA 2:48:00
2026-07-03 17:28:43 | [7:47:35] [#################-------]  73.7% | step   6540/8870 | ep 7 | causal | loss  3.937 | lr 8.35e-05 |  72.99M words |  3822 tok/s | ETA 2:46:35
2026-07-03 17:30:08 | [7:49:01] [#################-------]  74.0% | step   6560/8870 | ep 7 | masked | loss  2.641 | lr 8.22e-05 |  73.21M words |  3822 tok/s | ETA 2:45:09
2026-07-03 17:31:33 | [7:50:25] [#################-------]  74.2% | step   6580/8870 | ep 7 | masked | loss  2.263 | lr 8.08e-05 |  73.43M words |  3822 tok/s | ETA 2:43:43
2026-07-03 17:32:57 | [7:51:50] [#################-------]  74.4% | step   6600/8870 | ep 7 | causal | loss  3.997 | lr 7.95e-05 |  73.66M words |  3823 tok/s | ETA 2:42:17
2026-07-03 17:34:23 | [7:53:15] [#################-------]  74.6% | step   6620/8870 | ep 7 | masked | loss  2.545 | lr 7.82e-05 |  73.88M words |  3823 tok/s | ETA 2:40:51
2026-07-03 17:35:49 | [7:54:41] [#################-------]  74.9% | step   6640/8870 | ep 7 | masked | loss  2.571 | lr 7.69e-05 |  74.10M words |  3823 tok/s | ETA 2:39:25
2026-07-03 17:37:13 | [7:56:06] [##################------]  75.1% | step   6660/8870 | ep 7 | masked | loss  2.476 | lr 7.56e-05 |  74.33M words |  3823 tok/s | ETA 2:37:59
2026-07-03 17:38:39 | [7:57:31] [##################------]  75.3% | step   6680/8870 | ep 7 | masked | loss  2.498 | lr 7.43e-05 |  74.55M words |  3823 tok/s | ETA 2:36:33
2026-07-03 17:40:04 | [7:58:56] [##################------]  75.5% | step   6700/8870 | ep 7 | masked | loss  2.163 | lr 7.30e-05 |  74.77M words |  3823 tok/s | ETA 2:35:07
2026-07-03 17:41:29 | [8:00:22] [##################------]  75.8% | step   6720/8870 | ep 7 | masked | loss  2.601 | lr 7.17e-05 |  75.00M words |  3823 tok/s | ETA 2:33:41
2026-07-03 17:42:54 | [8:01:46] [##################------]  76.0% | step   6740/8870 | ep 7 | masked | loss  2.686 | lr 7.05e-05 |  75.22M words |  3823 tok/s | ETA 2:32:15
2026-07-03 17:44:20 | [8:03:12] [##################------]  76.2% | step   6760/8870 | ep 7 | masked | loss  2.280 | lr 6.92e-05 |  75.44M words |  3823 tok/s | ETA 2:30:49
2026-07-03 17:45:45 | [8:04:37] [##################------]  76.4% | step   6780/8870 | ep 7 | masked | loss  2.354 | lr 6.80e-05 |  75.67M words |  3823 tok/s | ETA 2:29:23
2026-07-03 17:47:09 | [8:06:01] [##################------]  76.7% | step   6800/8870 | ep 7 | masked | loss  2.381 | lr 6.68e-05 |  75.89M words |  3823 tok/s | ETA 2:27:57
2026-07-03 17:48:34 | [8:07:26] [##################------]  76.9% | step   6820/8870 | ep 7 | masked | loss  2.299 | lr 6.55e-05 |  76.11M words |  3824 tok/s | ETA 2:26:31
2026-07-03 17:49:58 | [8:08:50] [##################------]  77.1% | step   6840/8870 | ep 7 | masked | loss  2.372 | lr 6.43e-05 |  76.33M words |  3824 tok/s | ETA 2:25:04
2026-07-03 17:51:22 | [8:10:15] [##################------]  77.3% | step   6860/8870 | ep 7 | masked | loss  2.635 | lr 6.31e-05 |  76.56M words |  3824 tok/s | ETA 2:23:38
2026-07-03 17:52:47 | [8:11:40] [##################------]  77.6% | step   6880/8870 | ep 7 | masked | loss  2.459 | lr 6.19e-05 |  76.78M words |  3824 tok/s | ETA 2:22:12
2026-07-03 17:54:13 | [8:13:05] [##################------]  77.8% | step   6900/8870 | ep 7 | masked | loss  2.704 | lr 6.07e-05 |  77.00M words |  3824 tok/s | ETA 2:20:46
2026-07-03 17:55:40 | [8:14:32] [##################------]  78.0% | step   6920/8870 | ep 7 | masked | loss  2.554 | lr 5.96e-05 |  77.23M words |  3824 tok/s | ETA 2:19:21
2026-07-03 17:57:05 | [8:15:58] [##################------]  78.2% | step   6940/8870 | ep 7 | masked | loss  2.916 | lr 5.84e-05 |  77.45M words |  3824 tok/s | ETA 2:17:55
2026-07-03 17:58:37 | [8:17:29] [##################------]  78.5% | step   6960/8870 | ep 7 | masked | loss  2.460 | lr 5.72e-05 |  77.67M words |  3823 tok/s | ETA 2:16:31
2026-07-03 18:00:06 | [8:18:58] [##################------]  78.7% | step   6980/8870 | ep 7 | causal | loss  3.881 | lr 5.61e-05 |  77.90M words |  3823 tok/s | ETA 2:15:06
2026-07-03 18:01:35 | [8:20:27] [##################------]  78.9% | step   7000/8870 | ep 7 | masked | loss  2.524 | lr 5.49e-05 |  78.12M words |  3822 tok/s | ETA 2:13:41
2026-07-03 18:03:01 | [8:21:54] [##################------]  79.1% | step   7020/8870 | ep 7 | masked | loss  2.597 | lr 5.38e-05 |  78.34M words |  3822 tok/s | ETA 2:12:16
2026-07-03 18:04:26 | [8:23:19] [###################-----]  79.4% | step   7040/8870 | ep 7 | masked | loss  2.217 | lr 5.27e-05 |  78.56M words |  3822 tok/s | ETA 2:10:50
2026-07-03 18:05:51 | [8:24:43] [###################-----]  79.6% | step   7060/8870 | ep 7 | masked | loss  2.848 | lr 5.16e-05 |  78.79M words |  3822 tok/s | ETA 2:09:23
2026-07-03 18:07:16 | [8:26:08] [###################-----]  79.8% | step   7080/8870 | ep 7 | masked | loss  2.332 | lr 5.05e-05 |  79.01M words |  3823 tok/s | ETA 2:07:57
2026-07-03 18:08:44 | [8:27:37] [###################-----]  80.0% | step   7100/8870 | ep 8 | causal | loss  3.628 | lr 4.94e-05 |  79.24M words |  3823 tok/s | ETA 2:06:32
2026-07-03 18:10:09 | [8:29:01] [###################-----]  80.3% | step   7120/8870 | ep 8 | masked | loss  2.503 | lr 4.84e-05 |  79.46M words |  3823 tok/s | ETA 2:05:06
2026-07-03 18:11:34 | [8:30:27] [###################-----]  80.5% | step   7140/8870 | ep 8 | masked | loss  2.435 | lr 4.73e-05 |  79.69M words |  3823 tok/s | ETA 2:03:40
2026-07-03 18:12:58 | [8:31:50] [###################-----]  80.7% | step   7160/8870 | ep 8 | masked | loss  2.639 | lr 4.62e-05 |  79.91M words |  3823 tok/s | ETA 2:02:14
2026-07-03 18:13:32 |   >> saved checkpoint chck_80M at 80.00M words
2026-07-03 18:14:22 | [8:33:15] [###################-----]  80.9% | step   7180/8870 | ep 8 | masked | loss  2.703 | lr 4.52e-05 |  80.13M words |  3823 tok/s | ETA 2:00:48
2026-07-03 18:15:46 | [8:34:38] [###################-----]  81.2% | step   7200/8870 | ep 8 | masked | loss  2.564 | lr 4.42e-05 |  80.36M words |  3823 tok/s | ETA 1:59:22
2026-07-03 18:17:10 | [8:36:02] [###################-----]  81.4% | step   7220/8870 | ep 8 | masked | loss  2.789 | lr 4.31e-05 |  80.58M words |  3824 tok/s | ETA 1:57:55
2026-07-03 18:18:34 | [8:37:26] [###################-----]  81.6% | step   7240/8870 | ep 8 | masked | loss  2.469 | lr 4.21e-05 |  80.80M words |  3824 tok/s | ETA 1:56:29
2026-07-03 18:19:57 | [8:38:50] [###################-----]  81.8% | step   7260/8870 | ep 8 | masked | loss  2.558 | lr 4.11e-05 |  81.03M words |  3824 tok/s | ETA 1:55:03
2026-07-03 18:21:22 | [8:40:14] [###################-----]  82.1% | step   7280/8870 | ep 8 | masked | loss  2.663 | lr 4.01e-05 |  81.25M words |  3824 tok/s | ETA 1:53:37
2026-07-03 18:22:47 | [8:41:39] [###################-----]  82.3% | step   7300/8870 | ep 8 | masked | loss  2.442 | lr 3.92e-05 |  81.47M words |  3824 tok/s | ETA 1:52:11
2026-07-03 18:24:12 | [8:43:04] [###################-----]  82.5% | step   7320/8870 | ep 8 | masked | loss  2.517 | lr 3.82e-05 |  81.70M words |  3824 tok/s | ETA 1:50:45
2026-07-03 18:25:37 | [8:44:29] [###################-----]  82.8% | step   7340/8870 | ep 8 | masked | loss  2.224 | lr 3.73e-05 |  81.92M words |  3825 tok/s | ETA 1:49:19
2026-07-03 18:27:01 | [8:45:53] [###################-----]  83.0% | step   7360/8870 | ep 8 | masked | loss  2.660 | lr 3.63e-05 |  82.14M words |  3825 tok/s | ETA 1:47:53
2026-07-03 18:28:25 | [8:47:17] [###################-----]  83.2% | step   7380/8870 | ep 8 | masked | loss  2.437 | lr 3.54e-05 |  82.36M words |  3825 tok/s | ETA 1:46:27
2026-07-03 18:29:49 | [8:48:42] [####################----]  83.4% | step   7400/8870 | ep 8 | masked | loss  2.219 | lr 3.45e-05 |  82.59M words |  3825 tok/s | ETA 1:45:01
2026-07-03 18:31:13 | [8:50:05] [####################----]  83.7% | step   7420/8870 | ep 8 | masked | loss  2.443 | lr 3.35e-05 |  82.81M words |  3825 tok/s | ETA 1:43:35
2026-07-03 18:32:37 | [8:51:29] [####################----]  83.9% | step   7440/8870 | ep 8 | causal | loss  3.811 | lr 3.26e-05 |  83.03M words |  3826 tok/s | ETA 1:42:09
2026-07-03 18:34:01 | [8:52:54] [####################----]  84.1% | step   7460/8870 | ep 8 | masked | loss  2.371 | lr 3.18e-05 |  83.26M words |  3826 tok/s | ETA 1:40:43
2026-07-03 18:35:25 | [8:54:18] [####################----]  84.3% | step   7480/8870 | ep 8 | masked | loss  2.254 | lr 3.09e-05 |  83.48M words |  3826 tok/s | ETA 1:39:17
2026-07-03 18:36:49 | [8:55:42] [####################----]  84.6% | step   7500/8870 | ep 8 | masked | loss  2.567 | lr 3.00e-05 |  83.70M words |  3826 tok/s | ETA 1:37:51
2026-07-03 18:38:14 | [8:57:07] [####################----]  84.8% | step   7520/8870 | ep 8 | masked | loss  2.443 | lr 2.92e-05 |  83.93M words |  3826 tok/s | ETA 1:36:25
2026-07-03 18:39:39 | [8:58:31] [####################----]  85.0% | step   7540/8870 | ep 8 | masked | loss  2.449 | lr 2.83e-05 |  84.15M words |  3826 tok/s | ETA 1:34:59
2026-07-03 18:41:05 | [8:59:58] [####################----]  85.2% | step   7560/8870 | ep 8 | causal | loss  3.721 | lr 2.75e-05 |  84.37M words |  3826 tok/s | ETA 1:33:34
2026-07-03 18:42:30 | [9:01:23] [####################----]  85.5% | step   7580/8870 | ep 8 | masked | loss  2.269 | lr 2.67e-05 |  84.59M words |  3826 tok/s | ETA 1:32:08
2026-07-03 18:43:55 | [9:02:48] [####################----]  85.7% | step   7600/8870 | ep 8 | masked | loss  2.488 | lr 2.59e-05 |  84.82M words |  3826 tok/s | ETA 1:30:42
2026-07-03 18:45:19 | [9:04:12] [####################----]  85.9% | step   7620/8870 | ep 8 | masked | loss  2.363 | lr 2.51e-05 |  85.04M words |  3827 tok/s | ETA 1:29:16
2026-07-03 18:46:42 | [9:05:35] [####################----]  86.1% | step   7640/8870 | ep 8 | masked | loss  2.199 | lr 2.43e-05 |  85.26M words |  3827 tok/s | ETA 1:27:50
2026-07-03 18:48:08 | [9:07:00] [####################----]  86.4% | step   7660/8870 | ep 8 | masked | loss  2.627 | lr 2.35e-05 |  85.49M words |  3827 tok/s | ETA 1:26:24
2026-07-03 18:49:34 | [9:08:27] [####################----]  86.6% | step   7680/8870 | ep 8 | masked | loss  2.629 | lr 2.28e-05 |  85.71M words |  3827 tok/s | ETA 1:24:58
2026-07-03 18:51:00 | [9:09:52] [####################----]  86.8% | step   7700/8870 | ep 8 | masked | loss  2.647 | lr 2.20e-05 |  85.93M words |  3827 tok/s | ETA 1:23:33
2026-07-03 18:52:25 | [9:11:17] [####################----]  87.0% | step   7720/8870 | ep 8 | masked | loss  2.351 | lr 2.13e-05 |  86.16M words |  3827 tok/s | ETA 1:22:07
2026-07-03 18:53:49 | [9:12:42] [####################----]  87.3% | step   7740/8870 | ep 8 | masked | loss  2.329 | lr 2.06e-05 |  86.38M words |  3827 tok/s | ETA 1:20:41
2026-07-03 18:55:15 | [9:14:07] [####################----]  87.5% | step   7760/8870 | ep 8 | masked | loss  2.871 | lr 1.98e-05 |  86.60M words |  3827 tok/s | ETA 1:19:15
2026-07-03 18:56:40 | [9:15:33] [#####################---]  87.7% | step   7780/8870 | ep 8 | masked | loss  2.332 | lr 1.91e-05 |  86.82M words |  3827 tok/s | ETA 1:17:50
2026-07-03 18:58:06 | [9:16:59] [#####################---]  87.9% | step   7800/8870 | ep 8 | masked | loss  2.130 | lr 1.85e-05 |  87.05M words |  3827 tok/s | ETA 1:16:24
2026-07-03 18:59:31 | [9:18:24] [#####################---]  88.2% | step   7820/8870 | ep 8 | masked | loss  2.532 | lr 1.78e-05 |  87.27M words |  3827 tok/s | ETA 1:14:58
2026-07-03 19:00:57 | [9:19:49] [#####################---]  88.4% | step   7840/8870 | ep 8 | masked | loss  2.339 | lr 1.71e-05 |  87.49M words |  3827 tok/s | ETA 1:13:32
2026-07-03 19:02:22 | [9:21:15] [#####################---]  88.6% | step   7860/8870 | ep 8 | masked | loss  2.209 | lr 1.65e-05 |  87.72M words |  3827 tok/s | ETA 1:12:07
2026-07-03 19:03:49 | [9:22:41] [#####################---]  88.8% | step   7880/8870 | ep 8 | masked | loss  2.263 | lr 1.58e-05 |  87.94M words |  3827 tok/s | ETA 1:10:41
2026-07-03 19:05:14 | [9:24:07] [#####################---]  89.1% | step   7900/8870 | ep 8 | masked | loss  2.336 | lr 1.52e-05 |  88.16M words |  3827 tok/s | ETA 1:09:15
2026-07-03 19:06:40 | [9:25:33] [#####################---]  89.3% | step   7920/8870 | ep 8 | masked | loss  2.353 | lr 1.46e-05 |  88.39M words |  3827 tok/s | ETA 1:07:50
2026-07-03 19:08:06 | [9:26:59] [#####################---]  89.5% | step   7940/8870 | ep 8 | masked | loss  2.314 | lr 1.40e-05 |  88.61M words |  3827 tok/s | ETA 1:06:24
2026-07-03 19:09:33 | [9:28:25] [#####################---]  89.7% | step   7960/8870 | ep 8 | masked | loss  2.342 | lr 1.34e-05 |  88.83M words |  3827 tok/s | ETA 1:04:58
2026-07-03 19:10:59 | [9:29:51] [#####################---]  90.0% | step   7980/8870 | ep 8 | masked | loss  2.243 | lr 1.28e-05 |  89.06M words |  3827 tok/s | ETA 1:03:33
2026-07-03 19:12:27 | [9:31:20] [#####################---]  90.2% | step   8000/8870 | ep 9 | masked | loss  2.390 | lr 1.23e-05 |  89.29M words |  3827 tok/s | ETA 1:02:07
2026-07-03 19:13:52 | [9:32:45] [#####################---]  90.4% | step   8020/8870 | ep 9 | masked | loss  2.430 | lr 1.17e-05 |  89.51M words |  3827 tok/s | ETA 1:00:42
2026-07-03 19:15:17 | [9:34:09] [#####################---]  90.6% | step   8040/8870 | ep 9 | causal | loss  3.635 | lr 1.12e-05 |  89.73M words |  3827 tok/s | ETA 0:59:16
2026-07-03 19:16:43 | [9:35:35] [#####################---]  90.9% | step   8060/8870 | ep 9 | masked | loss  2.179 | lr 1.06e-05 |  89.96M words |  3827 tok/s | ETA 0:57:50
2026-07-03 19:17:01 |   >> saved checkpoint chck_90M at 90.00M words
2026-07-03 19:18:10 | [9:37:03] [#####################---]  91.1% | step   8080/8870 | ep 9 | masked | loss  2.245 | lr 1.01e-05 |  90.18M words |  3827 tok/s | ETA 0:56:25
2026-07-03 19:19:36 | [9:38:29] [#####################---]  91.3% | step   8100/8870 | ep 9 | masked | loss  2.600 | lr 9.62e-06 |  90.40M words |  3827 tok/s | ETA 0:54:59
2026-07-03 19:21:03 | [9:39:55] [#####################---]  91.5% | step   8120/8870 | ep 9 | masked | loss  2.227 | lr 9.13e-06 |  90.62M words |  3827 tok/s | ETA 0:53:33
2026-07-03 19:22:29 | [9:41:22] [######################--]  91.8% | step   8140/8870 | ep 9 | masked | loss  2.549 | lr 8.65e-06 |  90.85M words |  3826 tok/s | ETA 0:52:08
2026-07-03 19:23:55 | [9:42:47] [######################--]  92.0% | step   8160/8870 | ep 9 | causal | loss  3.900 | lr 8.18e-06 |  91.07M words |  3826 tok/s | ETA 0:50:42
2026-07-03 19:25:21 | [9:44:14] [######################--]  92.2% | step   8180/8870 | ep 9 | masked | loss  2.105 | lr 7.73e-06 |  91.29M words |  3826 tok/s | ETA 0:49:16
2026-07-03 19:26:48 | [9:45:40] [######################--]  92.4% | step   8200/8870 | ep 9 | masked | loss  2.258 | lr 7.29e-06 |  91.52M words |  3826 tok/s | ETA 0:47:51
2026-07-03 19:28:14 | [9:47:07] [######################--]  92.7% | step   8220/8870 | ep 9 | masked | loss  2.283 | lr 6.87e-06 |  91.74M words |  3826 tok/s | ETA 0:46:25
2026-07-03 19:29:39 | [9:48:32] [######################--]  92.9% | step   8240/8870 | ep 9 | masked | loss  2.349 | lr 6.45e-06 |  91.96M words |  3826 tok/s | ETA 0:44:59
2026-07-03 19:31:05 | [9:49:57] [######################--]  93.1% | step   8260/8870 | ep 9 | masked | loss  2.486 | lr 6.05e-06 |  92.19M words |  3826 tok/s | ETA 0:43:34
2026-07-03 19:32:32 | [9:51:25] [######################--]  93.3% | step   8280/8870 | ep 9 | masked | loss  2.407 | lr 5.66e-06 |  92.41M words |  3826 tok/s | ETA 0:42:08
2026-07-03 19:33:58 | [9:52:50] [######################--]  93.6% | step   8300/8870 | ep 9 | masked | loss  2.331 | lr 5.29e-06 |  92.63M words |  3826 tok/s | ETA 0:40:42
2026-07-03 19:35:24 | [9:54:16] [######################--]  93.8% | step   8320/8870 | ep 9 | masked | loss  2.236 | lr 4.92e-06 |  92.85M words |  3826 tok/s | ETA 0:39:17
2026-07-03 19:36:49 | [9:55:42] [######################--]  94.0% | step   8340/8870 | ep 9 | masked | loss  2.584 | lr 4.57e-06 |  93.08M words |  3826 tok/s | ETA 0:37:51
2026-07-03 19:38:16 | [9:57:09] [######################--]  94.3% | step   8360/8870 | ep 9 | masked | loss  2.310 | lr 4.23e-06 |  93.30M words |  3826 tok/s | ETA 0:36:25
2026-07-03 19:39:42 | [9:58:34] [######################--]  94.5% | step   8380/8870 | ep 9 | masked | loss  2.323 | lr 3.91e-06 |  93.52M words |  3826 tok/s | ETA 0:35:00
2026-07-03 19:41:08 | [10:00:01] [######################--]  94.7% | step   8400/8870 | ep 9 | masked | loss  2.264 | lr 3.60e-06 |  93.75M words |  3826 tok/s | ETA 0:33:34
2026-07-03 19:42:35 | [10:01:27] [######################--]  94.9% | step   8420/8870 | ep 9 | masked | loss  2.697 | lr 3.30e-06 |  93.97M words |  3826 tok/s | ETA 0:32:08
2026-07-03 19:43:59 | [10:02:52] [######################--]  95.2% | step   8440/8870 | ep 9 | masked | loss  2.352 | lr 3.01e-06 |  94.19M words |  3826 tok/s | ETA 0:30:42
2026-07-03 19:45:24 | [10:04:16] [######################--]  95.4% | step   8460/8870 | ep 9 | masked | loss  2.683 | lr 2.74e-06 |  94.42M words |  3826 tok/s | ETA 0:29:17
2026-07-03 19:46:51 | [10:05:43] [######################--]  95.6% | step   8480/8870 | ep 9 | masked | loss  2.413 | lr 2.48e-06 |  94.64M words |  3826 tok/s | ETA 0:27:51
2026-07-03 19:48:59 | [10:07:51] [######################--]  95.8% | step   8500/8870 | ep 9 | masked | loss  2.515 | lr 2.23e-06 |  94.86M words |  3821 tok/s | ETA 0:26:27
2026-07-03 19:50:23 | [10:09:16] [#######################-]  96.1% | step   8520/8870 | ep 9 | masked | loss  2.305 | lr 2.00e-06 |  95.09M words |  3822 tok/s | ETA 0:25:01
2026-07-03 19:51:47 | [10:10:39] [#######################-]  96.3% | step   8540/8870 | ep 9 | masked | loss  2.224 | lr 1.78e-06 |  95.31M words |  3822 tok/s | ETA 0:23:35
2026-07-03 19:53:10 | [10:12:03] [#######################-]  96.5% | step   8560/8870 | ep 9 | masked | loss  2.424 | lr 1.57e-06 |  95.53M words |  3822 tok/s | ETA 0:22:09
2026-07-03 19:54:34 | [10:13:27] [#######################-]  96.7% | step   8580/8870 | ep 9 | causal | loss  3.846 | lr 1.37e-06 |  95.75M words |  3822 tok/s | ETA 0:20:44
2026-07-03 19:55:58 | [10:14:50] [#######################-]  97.0% | step   8600/8870 | ep 9 | masked | loss  2.534 | lr 1.19e-06 |  95.98M words |  3822 tok/s | ETA 0:19:18
2026-07-03 19:57:22 | [10:16:15] [#######################-]  97.2% | step   8620/8870 | ep 9 | masked | loss  2.333 | lr 1.02e-06 |  96.20M words |  3823 tok/s | ETA 0:17:52
2026-07-03 19:58:47 | [10:17:40] [#######################-]  97.4% | step   8640/8870 | ep 9 | masked | loss  2.602 | lr 8.63e-07 |  96.42M words |  3823 tok/s | ETA 0:16:26
2026-07-03 20:08:19 | [10:27:12] [#######################-]  97.6% | step   8660/8870 | ep 9 | masked | loss  2.661 | lr 7.20e-07 |  96.65M words |  3773 tok/s | ETA 0:15:12
2026-07-03 21:24:32 | [11:43:24] [#######################-]  97.9% | step   8680/8870 | ep 9 | masked | loss  2.105 | lr 5.89e-07 |  96.87M words |  3372 tok/s | ETA 0:15:23
2026-07-03 21:45:33 | [12:04:25] [#######################-]  98.1% | step   8700/8870 | ep 9 | masked | loss  2.296 | lr 4.72e-07 |  97.09M words |  3282 tok/s | ETA 0:14:09
2026-07-03 22:27:40 | [12:46:32] [#######################-]  98.3% | step   8720/8870 | ep 9 | masked | loss  2.398 | lr 3.67e-07 |  97.32M words |  3109 tok/s | ETA 0:13:11
2026-07-03 22:41:23 | [13:00:16] [#######################-]  98.5% | step   8740/8870 | ep 9 | masked | loss  2.413 | lr 2.76e-07 |  97.54M words |  3061 tok/s | ETA 0:11:36
2026-07-03 22:42:55 | [13:01:47] [#######################-]  98.8% | step   8760/8870 | ep 9 | masked | loss  2.265 | lr 1.98e-07 |  97.76M words |  3062 tok/s | ETA 0:09:49
2026-07-03 22:44:18 | [13:03:11] [#######################-]  99.0% | step   8780/8870 | ep 9 | masked | loss  2.225 | lr 1.32e-07 |  97.98M words |  3064 tok/s | ETA 0:08:01
2026-07-03 22:45:42 | [13:04:34] [#######################-]  99.2% | step   8800/8870 | ep 9 | masked | loss  2.544 | lr 8.00e-08 |  98.21M words |  3065 tok/s | ETA 0:06:14
2026-07-03 22:47:05 | [13:05:57] [#######################-]  99.4% | step   8820/8870 | ep 9 | masked | loss  2.350 | lr 4.08e-08 |  98.43M words |  3067 tok/s | ETA 0:04:27
2026-07-03 22:48:28 | [13:07:21] [#######################-]  99.7% | step   8840/8870 | ep 9 | masked | loss  2.220 | lr 1.47e-08 |  98.65M words |  3068 tok/s | ETA 0:02:40
2026-07-03 22:49:52 | [13:08:44] [#######################-]  99.9% | step   8860/8870 | ep 9 | masked | loss  2.406 | lr 1.63e-09 |  98.88M words |  3070 tok/s | ETA 0:00:53
2026-07-03 22:50:34 | DONE: 8870 steps | 98.99M words seen | 13:09:27 elapsed | saved /Users/admin1/Downloads/babylm-eval/checkpoints/gptbert_small_uni8k_v1/final
