2026-07-01 10:09:54 | === run 'gptbert_small_muon_v1' | device=mps | config=small (33.0M params) ===
2026-07-01 10:09:54 | seq_len=128 batch=32 grad_accum=4 (eff batch 128) | lr=0.0005 | epochs=10
2026-07-01 10:09:54 | blocks/epoch=126,267 | steps/epoch=986 | max_steps=9,860 | ~163M tokens over 10 epochs
2026-07-01 10:09:54 | live log: /Users/admin1/Downloads/babylm-eval/checkpoints/gptbert_small_muon_v1/train.log
2026-07-01 10:09:54 | optimizer: MUON on 61 matrices (lr=0.02) + AdamW on 66 tensors (lr=0.0005)
2026-07-01 10:09:59 | [0:00:05] [------------------------]   0.0% | step      1/9860 | ep 0 | masked | loss  9.822 | lr 1.02e-04 |   0.01M words |  3084 tok/s | ETA 14:33:02
2026-07-01 10:11:26 | [0:01:31] [------------------------]   0.2% | step     20/9860 | ep 0 | masked | loss  8.873 | lr 2.03e-03 |   0.20M words |  3577 tok/s | ETA 12:31:14
2026-07-01 10:12:57 | [0:03:02] [------------------------]   0.4% | step     40/9860 | ep 0 | masked | loss  7.645 | lr 4.06e-03 |   0.40M words |  3582 tok/s | ETA 12:28:31
2026-07-01 10:14:29 | [0:04:34] [------------------------]   0.6% | step     60/9860 | ep 0 | masked | loss  6.651 | lr 6.09e-03 |   0.60M words |  3580 tok/s | ETA 12:27:27
2026-07-01 10:16:00 | [0:06:06] [------------------------]   0.8% | step     80/9860 | ep 0 | masked | loss  5.767 | lr 8.12e-03 |   0.80M words |  3578 tok/s | ETA 12:26:27
2026-07-01 10:17:31 | [0:07:37] [------------------------]   1.0% | step    100/9860 | ep 0 | masked | loss  5.723 | lr 1.02e-02 |   1.00M words |  3584 tok/s | ETA 12:23:38
2026-07-01 10:17:32 |   >> saved checkpoint chck_1M at 1.00M words
2026-07-01 10:19:02 | [0:09:07] [------------------------]   1.2% | step    120/9860 | ep 0 | masked | loss  5.317 | lr 1.22e-02 |   1.20M words |  3589 tok/s | ETA 12:21:03
2026-07-01 10:20:32 | [0:10:38] [------------------------]   1.4% | step    140/9860 | ep 0 | masked | loss  4.601 | lr 1.42e-02 |   1.41M words |  3593 tok/s | ETA 12:18:45
2026-07-01 10:22:05 | [0:12:11] [------------------------]   1.6% | step    160/9860 | ep 0 | masked | loss  5.020 | lr 1.62e-02 |   1.61M words |  3585 tok/s | ETA 12:18:47
2026-07-01 10:23:38 | [0:13:43] [------------------------]   1.8% | step    180/9860 | ep 0 | masked | loss  4.580 | lr 1.83e-02 |   1.81M words |  3580 tok/s | ETA 12:18:19
2026-07-01 10:25:11 | [0:15:16] [------------------------]   2.0% | step    200/9860 | ep 0 | masked | loss  4.749 | lr 2.00e-02 |   2.01M words |  3575 tok/s | ETA 12:17:45
2026-07-01 10:25:11 |   >> saved checkpoint chck_2M at 2.01M words
2026-07-01 10:26:43 | [0:16:49] [------------------------]   2.2% | step    220/9860 | ep 0 | masked | loss  4.455 | lr 2.00e-02 |   2.21M words |  3572 tok/s | ETA 12:16:55
2026-07-01 10:28:16 | [0:18:22] [------------------------]   2.4% | step    240/9860 | ep 0 | masked | loss  4.596 | lr 2.00e-02 |   2.41M words |  3568 tok/s | ETA 12:16:11
2026-07-01 10:29:49 | [0:19:54] [------------------------]   2.6% | step    260/9860 | ep 0 | masked | loss  4.326 | lr 2.00e-02 |   2.61M words |  3566 tok/s | ETA 12:15:10
2026-07-01 10:31:21 | [0:21:27] [------------------------]   2.8% | step    280/9860 | ep 0 | masked | loss  3.966 | lr 2.00e-02 |   2.81M words |  3563 tok/s | ETA 12:14:07
2026-07-01 10:32:51 |   >> saved checkpoint chck_3M at 3.00M words
2026-07-01 10:32:55 | [0:23:01] [------------------------]   3.0% | step    300/9860 | ep 0 | masked | loss  4.365 | lr 2.00e-02 |   3.01M words |  3558 tok/s | ETA 12:13:39
2026-07-01 10:34:28 | [0:24:33] [------------------------]   3.2% | step    320/9860 | ep 0 | masked | loss  3.867 | lr 2.00e-02 |   3.21M words |  3558 tok/s | ETA 12:12:08
2026-07-01 10:36:00 | [0:26:06] [------------------------]   3.4% | step    340/9860 | ep 0 | masked | loss  4.243 | lr 2.00e-02 |   3.41M words |  3557 tok/s | ETA 12:10:51
2026-07-01 10:37:33 | [0:27:38] [------------------------]   3.7% | step    360/9860 | ep 0 | masked | loss  4.383 | lr 2.00e-02 |   3.61M words |  3556 tok/s | ETA 12:09:29
2026-07-01 10:39:06 | [0:29:11] [------------------------]   3.9% | step    380/9860 | ep 0 | masked | loss  3.816 | lr 2.00e-02 |   3.81M words |  3555 tok/s | ETA 12:08:14
2026-07-01 10:40:34 |   >> saved checkpoint chck_4M at 4.00M words
2026-07-01 10:40:39 | [0:30:44] [------------------------]   4.1% | step    400/9860 | ep 0 | masked | loss  3.985 | lr 2.00e-02 |   4.01M words |  3553 tok/s | ETA 12:07:01
2026-07-01 10:42:10 | [0:32:16] [#-----------------------]   4.3% | step    420/9860 | ep 0 | masked | loss  3.707 | lr 2.00e-02 |   4.22M words |  3554 tok/s | ETA 12:05:21
2026-07-01 10:43:43 | [0:33:48] [#-----------------------]   4.5% | step    440/9860 | ep 0 | masked | loss  3.508 | lr 2.00e-02 |   4.42M words |  3554 tok/s | ETA 12:03:52
2026-07-01 10:45:15 | [0:35:21] [#-----------------------]   4.7% | step    460/9860 | ep 0 | masked | loss  3.969 | lr 2.00e-02 |   4.62M words |  3553 tok/s | ETA 12:02:30
2026-07-01 10:46:47 | [0:36:52] [#-----------------------]   4.9% | step    480/9860 | ep 0 | masked | loss  3.897 | lr 2.00e-02 |   4.82M words |  3554 tok/s | ETA 12:00:37
2026-07-01 10:48:14 |   >> saved checkpoint chck_5M at 5.01M words
2026-07-01 10:48:18 | [0:38:24] [#-----------------------]   5.1% | step    500/9860 | ep 0 | masked | loss  3.866 | lr 2.00e-02 |   5.02M words |  3555 tok/s | ETA 11:58:53
2026-07-01 10:49:49 | [0:39:54] [#-----------------------]   5.3% | step    520/9860 | ep 0 | masked | loss  3.710 | lr 1.99e-02 |   5.22M words |  3558 tok/s | ETA 11:56:48
2026-07-01 10:51:18 | [0:41:24] [#-----------------------]   5.5% | step    540/9860 | ep 0 | masked | loss  3.501 | lr 1.99e-02 |   5.42M words |  3561 tok/s | ETA 11:54:39
2026-07-01 10:52:48 | [0:42:54] [#-----------------------]   5.7% | step    560/9860 | ep 0 | masked | loss  3.876 | lr 1.99e-02 |   5.62M words |  3564 tok/s | ETA 11:52:27
2026-07-01 10:54:18 | [0:44:23] [#-----------------------]   5.9% | step    580/9860 | ep 0 | masked | loss  3.605 | lr 1.99e-02 |   5.82M words |  3568 tok/s | ETA 11:50:16
2026-07-01 10:55:39 |   >> saved checkpoint chck_6M at 6.00M words
2026-07-01 10:55:48 | [0:45:53] [#-----------------------]   6.1% | step    600/9860 | ep 0 | masked | loss  3.816 | lr 1.99e-02 |   6.02M words |  3570 tok/s | ETA 11:48:15
2026-07-01 10:57:16 | [0:47:22] [#-----------------------]   6.3% | step    620/9860 | ep 0 | masked | loss  4.125 | lr 1.99e-02 |   6.22M words |  3574 tok/s | ETA 11:45:59
2026-07-01 10:58:45 | [0:48:50] [#-----------------------]   6.5% | step    640/9860 | ep 0 | masked | loss  3.828 | lr 1.99e-02 |   6.42M words |  3578 tok/s | ETA 11:43:42
2026-07-01 11:00:13 | [0:50:19] [#-----------------------]   6.7% | step    660/9860 | ep 0 | causal | loss  3.932 | lr 1.99e-02 |   6.62M words |  3581 tok/s | ETA 11:41:26
2026-07-01 11:01:41 | [0:51:47] [#-----------------------]   6.9% | step    680/9860 | ep 0 | masked | loss  3.780 | lr 1.99e-02 |   6.82M words |  3586 tok/s | ETA 11:39:07
2026-07-01 11:03:01 |   >> saved checkpoint chck_7M at 7.00M words
2026-07-01 11:03:09 | [0:53:15] [#-----------------------]   7.1% | step    700/9860 | ep 0 | masked | loss  3.975 | lr 1.99e-02 |   7.03M words |  3589 tok/s | ETA 11:36:52
2026-07-01 11:04:37 | [0:54:42] [#-----------------------]   7.3% | step    720/9860 | ep 0 | masked | loss  3.688 | lr 1.99e-02 |   7.23M words |  3594 tok/s | ETA 11:34:31
2026-07-01 11:06:03 | [0:56:09] [#-----------------------]   7.5% | step    740/9860 | ep 0 | masked | loss  3.738 | lr 1.98e-02 |   7.43M words |  3598 tok/s | ETA 11:32:05
2026-07-01 11:07:30 | [0:57:35] [#-----------------------]   7.7% | step    760/9860 | ep 0 | masked | loss  3.775 | lr 1.98e-02 |   7.63M words |  3603 tok/s | ETA 11:29:35
2026-07-01 11:08:55 | [0:59:01] [#-----------------------]   7.9% | step    780/9860 | ep 0 | masked | loss  3.816 | lr 1.98e-02 |   7.83M words |  3609 tok/s | ETA 11:27:05
2026-07-01 11:10:13 |   >> saved checkpoint chck_8M at 8.01M words
2026-07-01 11:10:21 | [1:00:27] [#-----------------------]   8.1% | step    800/9860 | ep 0 | masked | loss  3.105 | lr 1.98e-02 |   8.03M words |  3614 tok/s | ETA 11:24:37
2026-07-01 11:11:46 | [1:01:52] [#-----------------------]   8.3% | step    820/9860 | ep 0 | masked | loss  3.783 | lr 1.98e-02 |   8.23M words |  3619 tok/s | ETA 11:22:03
2026-07-01 11:13:11 | [1:03:17] [##----------------------]   8.5% | step    840/9860 | ep 0 | masked | loss  3.547 | lr 1.98e-02 |   8.43M words |  3624 tok/s | ETA 11:19:34
2026-07-01 11:14:36 | [1:04:41] [##----------------------]   8.7% | step    860/9860 | ep 0 | masked | loss  3.815 | lr 1.98e-02 |   8.63M words |  3630 tok/s | ETA 11:17:01
2026-07-01 11:16:00 | [1:06:05] [##----------------------]   8.9% | step    880/9860 | ep 0 | masked | loss  3.668 | lr 1.98e-02 |   8.83M words |  3635 tok/s | ETA 11:14:29
2026-07-01 11:17:12 |   >> saved checkpoint chck_9M at 9.00M words
2026-07-01 11:17:24 | [1:07:30] [##----------------------]   9.1% | step    900/9860 | ep 0 | masked | loss  3.960 | lr 1.97e-02 |   9.03M words |  3641 tok/s | ETA 11:12:01
2026-07-01 11:18:48 | [1:08:53] [##----------------------]   9.3% | step    920/9860 | ep 0 | masked | loss  3.748 | lr 1.97e-02 |   9.23M words |  3646 tok/s | ETA 11:09:30
2026-07-01 11:20:11 | [1:10:17] [##----------------------]   9.5% | step    940/9860 | ep 0 | masked | loss  3.620 | lr 1.97e-02 |   9.43M words |  3652 tok/s | ETA 11:06:59
2026-07-01 11:21:33 | [1:11:39] [##----------------------]   9.7% | step    960/9860 | ep 0 | masked | loss  3.286 | lr 1.97e-02 |   9.63M words |  3658 tok/s | ETA 11:04:18
2026-07-01 11:22:54 | [1:12:59] [##----------------------]   9.9% | step    980/9860 | ep 0 | masked | loss  3.130 | lr 1.97e-02 |   9.84M words |  3666 tok/s | ETA 11:01:26
2026-07-01 11:24:03 |   >> saved checkpoint chck_10M at 10.01M words
2026-07-01 11:24:15 | [1:14:21] [##----------------------]  10.1% | step   1000/9860 | ep 1 | masked | loss  3.551 | lr 1.97e-02 |  10.04M words |  3674 tok/s | ETA 10:58:45
2026-07-01 11:25:35 | [1:15:40] [##----------------------]  10.3% | step   1020/9860 | ep 1 | masked | loss  3.633 | lr 1.96e-02 |  10.24M words |  3681 tok/s | ETA 10:55:54
2026-07-01 11:26:55 | [1:17:00] [##----------------------]  10.5% | step   1040/9860 | ep 1 | masked | loss  3.764 | lr 1.96e-02 |  10.44M words |  3688 tok/s | ETA 10:53:09
2026-07-01 11:28:15 | [1:18:20] [##----------------------]  10.8% | step   1060/9860 | ep 1 | causal | loss  4.613 | lr 1.96e-02 |  10.64M words |  3695 tok/s | ETA 10:50:26
2026-07-01 11:29:37 | [1:19:42] [##----------------------]  11.0% | step   1080/9860 | ep 1 | causal | loss  4.354 | lr 1.96e-02 |  10.84M words |  3701 tok/s | ETA 10:47:59
2026-07-01 11:30:58 | [1:21:03] [##----------------------]  11.2% | step   1100/9860 | ep 1 | causal | loss  4.223 | lr 1.96e-02 |  11.04M words |  3706 tok/s | ETA 10:45:34
2026-07-01 11:32:20 | [1:22:25] [##----------------------]  11.4% | step   1120/9860 | ep 1 | masked | loss  3.629 | lr 1.96e-02 |  11.24M words |  3711 tok/s | ETA 10:43:12
2026-07-01 11:33:41 | [1:23:46] [##----------------------]  11.6% | step   1140/9860 | ep 1 | masked | loss  3.041 | lr 1.95e-02 |  11.44M words |  3717 tok/s | ETA 10:40:49
2026-07-01 11:35:02 | [1:25:07] [##----------------------]  11.8% | step   1160/9860 | ep 1 | masked | loss  3.439 | lr 1.95e-02 |  11.64M words |  3722 tok/s | ETA 10:38:26
2026-07-01 11:36:22 | [1:26:28] [##----------------------]  12.0% | step   1180/9860 | ep 1 | masked | loss  3.435 | lr 1.95e-02 |  11.84M words |  3727 tok/s | ETA 10:36:02
2026-07-01 11:37:43 | [1:27:48] [##----------------------]  12.2% | step   1200/9860 | ep 1 | masked | loss  3.139 | lr 1.95e-02 |  12.05M words |  3732 tok/s | ETA 10:33:41
2026-07-01 11:39:03 | [1:29:08] [##----------------------]  12.4% | step   1220/9860 | ep 1 | masked | loss  3.385 | lr 1.95e-02 |  12.25M words |  3738 tok/s | ETA 10:31:19
2026-07-01 11:40:23 | [1:30:29] [###---------------------]  12.6% | step   1240/9860 | ep 1 | masked | loss  3.614 | lr 1.94e-02 |  12.45M words |  3743 tok/s | ETA 10:29:00
2026-07-01 11:41:43 | [1:31:48] [###---------------------]  12.8% | step   1260/9860 | ep 1 | masked | loss  3.946 | lr 1.94e-02 |  12.65M words |  3748 tok/s | ETA 10:26:37
2026-07-01 11:43:00 | [1:33:06] [###---------------------]  13.0% | step   1280/9860 | ep 1 | masked | loss  3.658 | lr 1.94e-02 |  12.85M words |  3755 tok/s | ETA 10:24:06
2026-07-01 11:44:19 | [1:34:24] [###---------------------]  13.2% | step   1300/9860 | ep 1 | masked | loss  3.670 | lr 1.94e-02 |  13.05M words |  3761 tok/s | ETA 10:21:39
2026-07-01 11:45:37 | [1:35:43] [###---------------------]  13.4% | step   1320/9860 | ep 1 | masked | loss  3.477 | lr 1.93e-02 |  13.25M words |  3766 tok/s | ETA 10:19:16
2026-07-01 11:46:55 | [1:37:00] [###---------------------]  13.6% | step   1340/9860 | ep 1 | masked | loss  3.561 | lr 1.93e-02 |  13.45M words |  3772 tok/s | ETA 10:16:50
2026-07-01 11:48:14 | [1:38:20] [###---------------------]  13.8% | step   1360/9860 | ep 1 | masked | loss  3.322 | lr 1.93e-02 |  13.65M words |  3777 tok/s | ETA 10:14:36
2026-07-01 11:49:33 | [1:39:39] [###---------------------]  14.0% | step   1380/9860 | ep 1 | masked | loss  3.331 | lr 1.93e-02 |  13.85M words |  3782 tok/s | ETA 10:12:22
2026-07-01 11:50:52 | [1:40:57] [###---------------------]  14.2% | step   1400/9860 | ep 1 | masked | loss  3.388 | lr 1.92e-02 |  14.05M words |  3787 tok/s | ETA 10:10:04
2026-07-01 11:52:11 | [1:42:17] [###---------------------]  14.4% | step   1420/9860 | ep 1 | masked | loss  3.810 | lr 1.92e-02 |  14.25M words |  3791 tok/s | ETA 10:07:58
2026-07-01 11:53:30 | [1:43:35] [###---------------------]  14.6% | step   1440/9860 | ep 1 | masked | loss  3.486 | lr 1.92e-02 |  14.45M words |  3796 tok/s | ETA 10:05:44
2026-07-01 11:54:48 | [1:44:54] [###---------------------]  14.8% | step   1460/9860 | ep 1 | causal | loss  4.256 | lr 1.92e-02 |  14.65M words |  3801 tok/s | ETA 10:03:33
2026-07-01 11:56:09 | [1:46:14] [###---------------------]  15.0% | step   1480/9860 | ep 1 | masked | loss  3.258 | lr 1.91e-02 |  14.86M words |  3805 tok/s | ETA 10:01:33
2026-07-01 11:57:26 | [1:47:31] [###---------------------]  15.2% | step   1500/9860 | ep 1 | masked | loss  3.611 | lr 1.91e-02 |  15.06M words |  3810 tok/s | ETA 9:59:16
2026-07-01 11:58:44 | [1:48:49] [###---------------------]  15.4% | step   1520/9860 | ep 1 | masked | loss  3.706 | lr 1.91e-02 |  15.26M words |  3814 tok/s | ETA 9:57:08
2026-07-01 12:00:02 | [1:50:07] [###---------------------]  15.6% | step   1540/9860 | ep 1 | masked | loss  3.202 | lr 1.91e-02 |  15.46M words |  3819 tok/s | ETA 9:54:58
2026-07-01 12:01:19 | [1:51:24] [###---------------------]  15.8% | step   1560/9860 | ep 1 | masked | loss  3.148 | lr 1.90e-02 |  15.66M words |  3824 tok/s | ETA 9:52:46
2026-07-01 12:02:36 | [1:52:42] [###---------------------]  16.0% | step   1580/9860 | ep 1 | causal | loss  3.819 | lr 1.90e-02 |  15.86M words |  3829 tok/s | ETA 9:50:36
2026-07-01 12:03:53 | [1:53:59] [###---------------------]  16.2% | step   1600/9860 | ep 1 | masked | loss  3.428 | lr 1.90e-02 |  16.06M words |  3834 tok/s | ETA 9:48:26
2026-07-01 12:05:09 | [1:55:15] [###---------------------]  16.4% | step   1620/9860 | ep 1 | masked | loss  3.212 | lr 1.89e-02 |  16.26M words |  3839 tok/s | ETA 9:46:14
2026-07-01 12:06:25 | [1:56:31] [###---------------------]  16.6% | step   1640/9860 | ep 1 | masked | loss  3.273 | lr 1.89e-02 |  16.46M words |  3844 tok/s | ETA 9:44:01
2026-07-01 12:07:41 | [1:57:47] [####--------------------]  16.8% | step   1660/9860 | ep 1 | masked | loss  3.667 | lr 1.89e-02 |  16.66M words |  3849 tok/s | ETA 9:41:49
2026-07-01 12:08:57 | [1:59:02] [####--------------------]  17.0% | step   1680/9860 | ep 1 | masked | loss  3.030 | lr 1.89e-02 |  16.86M words |  3854 tok/s | ETA 9:39:39
2026-07-01 12:10:15 | [2:00:20] [####--------------------]  17.2% | step   1700/9860 | ep 1 | masked | loss  3.106 | lr 1.88e-02 |  17.06M words |  3858 tok/s | ETA 9:37:40
2026-07-01 12:11:31 | [2:01:37] [####--------------------]  17.4% | step   1720/9860 | ep 1 | masked | loss  3.036 | lr 1.88e-02 |  17.26M words |  3862 tok/s | ETA 9:35:34
2026-07-01 12:12:47 | [2:02:52] [####--------------------]  17.6% | step   1740/9860 | ep 1 | masked | loss  3.720 | lr 1.88e-02 |  17.46M words |  3867 tok/s | ETA 9:33:25
2026-07-01 12:14:04 | [2:04:09] [####--------------------]  17.8% | step   1760/9860 | ep 1 | masked | loss  3.641 | lr 1.87e-02 |  17.67M words |  3871 tok/s | ETA 9:31:24
2026-07-01 12:15:19 | [2:05:25] [####--------------------]  18.1% | step   1780/9860 | ep 1 | masked | loss  3.167 | lr 1.87e-02 |  17.87M words |  3876 tok/s | ETA 9:29:19
2026-07-01 12:16:35 | [2:06:40] [####--------------------]  18.3% | step   1800/9860 | ep 1 | masked | loss  3.304 | lr 1.87e-02 |  18.07M words |  3881 tok/s | ETA 9:27:13
2026-07-01 12:17:50 | [2:07:55] [####--------------------]  18.5% | step   1820/9860 | ep 1 | masked | loss  3.590 | lr 1.86e-02 |  18.27M words |  3885 tok/s | ETA 9:25:08
2026-07-01 12:19:06 | [2:09:11] [####--------------------]  18.7% | step   1840/9860 | ep 1 | masked | loss  3.041 | lr 1.86e-02 |  18.47M words |  3890 tok/s | ETA 9:23:07
2026-07-01 12:20:23 | [2:10:28] [####--------------------]  18.9% | step   1860/9860 | ep 1 | masked | loss  2.718 | lr 1.86e-02 |  18.67M words |  3893 tok/s | ETA 9:21:11
2026-07-01 12:21:38 | [2:11:43] [####--------------------]  19.1% | step   1880/9860 | ep 1 | masked | loss  3.412 | lr 1.85e-02 |  18.87M words |  3898 tok/s | ETA 9:19:09
2026-07-01 12:22:53 | [2:12:59] [####--------------------]  19.3% | step   1900/9860 | ep 1 | causal | loss  4.073 | lr 1.85e-02 |  19.07M words |  3902 tok/s | ETA 9:17:08
2026-07-01 12:24:09 | [2:14:14] [####--------------------]  19.5% | step   1920/9860 | ep 1 | masked | loss  3.285 | lr 1.85e-02 |  19.27M words |  3906 tok/s | ETA 9:15:08
2026-07-01 12:25:23 | [2:15:29] [####--------------------]  19.7% | step   1940/9860 | ep 1 | masked | loss  3.443 | lr 1.84e-02 |  19.47M words |  3911 tok/s | ETA 9:13:06
2026-07-01 12:26:38 | [2:16:44] [####--------------------]  19.9% | step   1960/9860 | ep 1 | masked | loss  2.945 | lr 1.84e-02 |  19.67M words |  3915 tok/s | ETA 9:11:08
2026-07-01 12:27:55 | [2:18:01] [####--------------------]  20.1% | step   1980/9860 | ep 2 | causal | loss  4.146 | lr 1.84e-02 |  19.88M words |  3918 tok/s | ETA 9:09:17
2026-07-01 12:28:45 |   >> saved checkpoint chck_20M at 20.01M words
2026-07-01 12:29:11 | [2:19:16] [####--------------------]  20.3% | step   2000/9860 | ep 2 | masked | loss  3.280 | lr 1.83e-02 |  20.08M words |  3922 tok/s | ETA 9:07:22
2026-07-01 12:30:26 | [2:20:31] [####--------------------]  20.5% | step   2020/9860 | ep 2 | masked | loss  3.077 | lr 1.83e-02 |  20.28M words |  3926 tok/s | ETA 9:05:25
2026-07-01 12:31:41 | [2:21:47] [####--------------------]  20.7% | step   2040/9860 | ep 2 | masked | loss  3.159 | lr 1.83e-02 |  20.48M words |  3930 tok/s | ETA 9:03:31
2026-07-01 12:32:59 | [2:23:04] [#####-------------------]  20.9% | step   2060/9860 | ep 2 | masked | loss  3.362 | lr 1.82e-02 |  20.68M words |  3933 tok/s | ETA 9:01:44
2026-07-01 12:34:14 | [2:24:19] [#####-------------------]  21.1% | step   2080/9860 | ep 2 | causal | loss  3.829 | lr 1.82e-02 |  20.88M words |  3936 tok/s | ETA 8:59:50
2026-07-01 12:35:28 | [2:25:34] [#####-------------------]  21.3% | step   2100/9860 | ep 2 | masked | loss  3.527 | lr 1.81e-02 |  21.08M words |  3940 tok/s | ETA 8:57:55
2026-07-01 12:36:43 | [2:26:49] [#####-------------------]  21.5% | step   2120/9860 | ep 2 | masked | loss  3.203 | lr 1.81e-02 |  21.28M words |  3944 tok/s | ETA 8:56:02
2026-07-01 12:37:58 | [2:28:03] [#####-------------------]  21.7% | step   2140/9860 | ep 2 | masked | loss  2.890 | lr 1.81e-02 |  21.48M words |  3948 tok/s | ETA 8:54:08
2026-07-01 12:39:14 | [2:29:19] [#####-------------------]  21.9% | step   2160/9860 | ep 2 | masked | loss  3.126 | lr 1.80e-02 |  21.68M words |  3951 tok/s | ETA 8:52:19
2026-07-01 12:40:28 | [2:30:34] [#####-------------------]  22.1% | step   2180/9860 | ep 2 | masked | loss  3.333 | lr 1.80e-02 |  21.88M words |  3954 tok/s | ETA 8:50:27
2026-07-01 12:41:44 | [2:31:49] [#####-------------------]  22.3% | step   2200/9860 | ep 2 | masked | loss  2.727 | lr 1.80e-02 |  22.08M words |  3958 tok/s | ETA 8:48:38
2026-07-01 12:42:59 | [2:33:04] [#####-------------------]  22.5% | step   2220/9860 | ep 2 | masked | loss  3.014 | lr 1.79e-02 |  22.28M words |  3961 tok/s | ETA 8:46:49
2026-07-01 12:44:14 | [2:34:20] [#####-------------------]  22.7% | step   2240/9860 | ep 2 | masked | loss  3.178 | lr 1.79e-02 |  22.49M words |  3964 tok/s | ETA 8:45:01
2026-07-01 12:45:30 | [2:35:35] [#####-------------------]  22.9% | step   2260/9860 | ep 2 | masked | loss  3.104 | lr 1.78e-02 |  22.69M words |  3967 tok/s | ETA 8:43:13
2026-07-01 12:46:45 | [2:36:50] [#####-------------------]  23.1% | step   2280/9860 | ep 2 | masked | loss  3.630 | lr 1.78e-02 |  22.89M words |  3970 tok/s | ETA 8:41:26
2026-07-01 12:48:00 | [2:38:05] [#####-------------------]  23.3% | step   2300/9860 | ep 2 | masked | loss  3.276 | lr 1.78e-02 |  23.09M words |  3974 tok/s | ETA 8:39:38
2026-07-01 12:49:14 | [2:39:20] [#####-------------------]  23.5% | step   2320/9860 | ep 2 | masked | loss  3.347 | lr 1.77e-02 |  23.29M words |  3977 tok/s | ETA 8:37:51
2026-07-01 12:50:30 | [2:40:36] [#####-------------------]  23.7% | step   2340/9860 | ep 2 | masked | loss  3.220 | lr 1.77e-02 |  23.49M words |  3979 tok/s | ETA 8:36:07
2026-07-01 12:51:46 | [2:41:52] [#####-------------------]  23.9% | step   2360/9860 | ep 2 | masked | loss  3.226 | lr 1.76e-02 |  23.69M words |  3982 tok/s | ETA 8:34:24
2026-07-01 12:53:00 | [2:43:06] [#####-------------------]  24.1% | step   2380/9860 | ep 2 | masked | loss  2.861 | lr 1.76e-02 |  23.89M words |  3985 tok/s | ETA 8:32:37
2026-07-01 12:54:15 | [2:44:21] [#####-------------------]  24.3% | step   2400/9860 | ep 2 | masked | loss  3.301 | lr 1.75e-02 |  24.09M words |  3988 tok/s | ETA 8:30:52
2026-07-01 12:55:30 | [2:45:35] [#####-------------------]  24.5% | step   2420/9860 | ep 2 | masked | loss  3.088 | lr 1.75e-02 |  24.29M words |  3991 tok/s | ETA 8:29:06
2026-07-01 12:56:44 | [2:46:49] [#####-------------------]  24.7% | step   2440/9860 | ep 2 | masked | loss  3.082 | lr 1.75e-02 |  24.49M words |  3995 tok/s | ETA 8:27:19
2026-07-01 12:57:59 | [2:48:05] [#####-------------------]  24.9% | step   2460/9860 | ep 2 | masked | loss  3.292 | lr 1.74e-02 |  24.69M words |  3997 tok/s | ETA 8:25:37
2026-07-01 12:59:16 | [2:49:22] [######------------------]  25.2% | step   2480/9860 | ep 2 | masked | loss  3.324 | lr 1.74e-02 |  24.89M words |  3999 tok/s | ETA 8:24:00
2026-07-01 13:00:32 | [2:50:37] [######------------------]  25.4% | step   2500/9860 | ep 2 | masked | loss  2.793 | lr 1.73e-02 |  25.09M words |  4002 tok/s | ETA 8:22:20
2026-07-01 13:01:47 | [2:51:52] [######------------------]  25.6% | step   2520/9860 | ep 2 | masked | loss  3.378 | lr 1.73e-02 |  25.30M words |  4004 tok/s | ETA 8:20:37
2026-07-01 13:03:01 | [2:53:07] [######------------------]  25.8% | step   2540/9860 | ep 2 | masked | loss  2.813 | lr 1.72e-02 |  25.50M words |  4007 tok/s | ETA 8:18:54
2026-07-01 13:04:15 | [2:54:21] [######------------------]  26.0% | step   2560/9860 | ep 2 | masked | loss  3.315 | lr 1.72e-02 |  25.70M words |  4010 tok/s | ETA 8:17:11
2026-07-01 13:05:29 | [2:55:35] [######------------------]  26.2% | step   2580/9860 | ep 2 | masked | loss  2.751 | lr 1.71e-02 |  25.90M words |  4013 tok/s | ETA 8:15:27
2026-07-01 13:06:44 | [2:56:49] [######------------------]  26.4% | step   2600/9860 | ep 2 | masked | loss  3.158 | lr 1.71e-02 |  26.10M words |  4016 tok/s | ETA 8:13:45
2026-07-01 13:07:59 | [2:58:05] [######------------------]  26.6% | step   2620/9860 | ep 2 | masked | loss  3.109 | lr 1.71e-02 |  26.30M words |  4018 tok/s | ETA 8:12:06
2026-07-01 13:09:15 | [2:59:21] [######------------------]  26.8% | step   2640/9860 | ep 2 | masked | loss  3.495 | lr 1.70e-02 |  26.50M words |  4020 tok/s | ETA 8:10:30
2026-07-01 13:10:30 | [3:00:35] [######------------------]  27.0% | step   2660/9860 | ep 2 | masked | loss  3.122 | lr 1.70e-02 |  26.70M words |  4023 tok/s | ETA 8:08:49
2026-07-01 13:11:43 | [3:01:49] [######------------------]  27.2% | step   2680/9860 | ep 2 | masked | loss  3.083 | lr 1.69e-02 |  26.90M words |  4026 tok/s | ETA 8:07:06
2026-07-01 13:12:57 | [3:03:03] [######------------------]  27.4% | step   2700/9860 | ep 2 | masked | loss  3.162 | lr 1.69e-02 |  27.10M words |  4028 tok/s | ETA 8:05:25
2026-07-01 13:14:11 | [3:04:17] [######------------------]  27.6% | step   2720/9860 | ep 2 | masked | loss  3.296 | lr 1.68e-02 |  27.30M words |  4031 tok/s | ETA 8:03:45
2026-07-01 13:15:25 | [3:05:31] [######------------------]  27.8% | step   2740/9860 | ep 2 | masked | loss  2.992 | lr 1.68e-02 |  27.50M words |  4034 tok/s | ETA 8:02:05
2026-07-01 13:16:40 | [3:06:45] [######------------------]  28.0% | step   2760/9860 | ep 2 | masked | loss  3.276 | lr 1.67e-02 |  27.70M words |  4036 tok/s | ETA 8:00:26
2026-07-01 13:17:54 | [3:07:59] [######------------------]  28.2% | step   2780/9860 | ep 2 | masked | loss  3.260 | lr 1.67e-02 |  27.90M words |  4039 tok/s | ETA 7:58:46
2026-07-01 13:19:08 | [3:09:13] [######------------------]  28.4% | step   2800/9860 | ep 2 | masked | loss  3.112 | lr 1.66e-02 |  28.11M words |  4041 tok/s | ETA 7:57:07
2026-07-01 13:20:22 | [3:10:27] [######------------------]  28.6% | step   2820/9860 | ep 2 | masked | loss  3.002 | lr 1.66e-02 |  28.31M words |  4044 tok/s | ETA 7:55:28
2026-07-01 13:21:35 | [3:11:41] [######------------------]  28.8% | step   2840/9860 | ep 2 | masked | loss  3.130 | lr 1.65e-02 |  28.51M words |  4046 tok/s | ETA 7:53:48
2026-07-01 13:22:49 | [3:12:54] [######------------------]  29.0% | step   2860/9860 | ep 2 | masked | loss  3.170 | lr 1.65e-02 |  28.71M words |  4049 tok/s | ETA 7:52:09
2026-07-01 13:24:03 | [3:14:09] [#######-----------------]  29.2% | step   2880/9860 | ep 2 | causal | loss  3.899 | lr 1.64e-02 |  28.91M words |  4051 tok/s | ETA 7:50:32
2026-07-01 13:25:17 | [3:15:23] [#######-----------------]  29.4% | step   2900/9860 | ep 2 | masked | loss  3.013 | lr 1.64e-02 |  29.11M words |  4054 tok/s | ETA 7:48:56
2026-07-01 13:26:31 | [3:16:37] [#######-----------------]  29.6% | step   2920/9860 | ep 2 | causal | loss  3.875 | lr 1.63e-02 |  29.31M words |  4056 tok/s | ETA 7:47:18
2026-07-01 13:27:45 | [3:17:50] [#######-----------------]  29.8% | step   2940/9860 | ep 2 | masked | loss  3.115 | lr 1.63e-02 |  29.51M words |  4058 tok/s | ETA 7:45:40
2026-07-01 13:29:00 | [3:19:05] [#######-----------------]  30.0% | step   2960/9860 | ep 3 | masked | loss  3.289 | lr 1.62e-02 |  29.71M words |  4061 tok/s | ETA 7:44:06
2026-07-01 13:30:14 | [3:20:19] [#######-----------------]  30.2% | step   2980/9860 | ep 3 | masked | loss  3.071 | lr 1.62e-02 |  29.91M words |  4063 tok/s | ETA 7:42:30
2026-07-01 13:30:49 |   >> saved checkpoint chck_30M at 30.00M words
2026-07-01 13:31:32 | [3:21:37] [#######-----------------]  30.4% | step   3000/9860 | ep 3 | masked | loss  3.309 | lr 1.61e-02 |  30.11M words |  4064 tok/s | ETA 7:41:03
2026-07-01 13:32:48 | [3:22:53] [#######-----------------]  30.6% | step   3020/9860 | ep 3 | masked | loss  3.135 | lr 1.61e-02 |  30.32M words |  4066 tok/s | ETA 7:39:31
2026-07-01 13:34:04 | [3:24:09] [#######-----------------]  30.8% | step   3040/9860 | ep 3 | masked | loss  3.059 | lr 1.60e-02 |  30.52M words |  4067 tok/s | ETA 7:38:01
2026-07-01 13:35:20 | [3:25:25] [#######-----------------]  31.0% | step   3060/9860 | ep 3 | masked | loss  2.941 | lr 1.60e-02 |  30.72M words |  4069 tok/s | ETA 7:36:30
2026-07-01 13:36:36 | [3:26:41] [#######-----------------]  31.2% | step   3080/9860 | ep 3 | masked | loss  3.339 | lr 1.59e-02 |  30.92M words |  4070 tok/s | ETA 7:34:59
2026-07-01 13:37:52 | [3:27:57] [#######-----------------]  31.4% | step   3100/9860 | ep 3 | masked | loss  3.570 | lr 1.59e-02 |  31.12M words |  4071 tok/s | ETA 7:33:29
2026-07-01 13:39:08 | [3:29:13] [#######-----------------]  31.6% | step   3120/9860 | ep 3 | masked | loss  3.334 | lr 1.58e-02 |  31.32M words |  4073 tok/s | ETA 7:31:58
2026-07-01 13:40:24 | [3:30:29] [#######-----------------]  31.8% | step   3140/9860 | ep 3 | masked | loss  3.348 | lr 1.58e-02 |  31.52M words |  4074 tok/s | ETA 7:30:29
2026-07-01 13:41:40 | [3:31:45] [#######-----------------]  32.0% | step   3160/9860 | ep 3 | masked | loss  3.438 | lr 1.57e-02 |  31.72M words |  4076 tok/s | ETA 7:28:59
2026-07-01 13:42:55 | [3:33:01] [#######-----------------]  32.3% | step   3180/9860 | ep 3 | masked | loss  3.013 | lr 1.57e-02 |  31.92M words |  4077 tok/s | ETA 7:27:28
2026-07-01 13:44:11 | [3:34:16] [#######-----------------]  32.5% | step   3200/9860 | ep 3 | masked | loss  2.972 | lr 1.56e-02 |  32.12M words |  4079 tok/s | ETA 7:25:57
2026-07-01 13:45:27 | [3:35:32] [#######-----------------]  32.7% | step   3220/9860 | ep 3 | masked | loss  3.421 | lr 1.55e-02 |  32.32M words |  4080 tok/s | ETA 7:24:28
2026-07-01 13:46:43 | [3:36:48] [#######-----------------]  32.9% | step   3240/9860 | ep 3 | masked | loss  3.096 | lr 1.55e-02 |  32.52M words |  4082 tok/s | ETA 7:22:59
2026-07-01 13:47:58 | [3:38:04] [#######-----------------]  33.1% | step   3260/9860 | ep 3 | masked | loss  2.994 | lr 1.54e-02 |  32.72M words |  4083 tok/s | ETA 7:21:29
2026-07-01 13:49:15 | [3:39:20] [#######-----------------]  33.3% | step   3280/9860 | ep 3 | masked | loss  3.517 | lr 1.54e-02 |  32.92M words |  4084 tok/s | ETA 7:20:02
2026-07-01 13:50:29 | [3:40:34] [########----------------]  33.5% | step   3300/9860 | ep 3 | masked | loss  2.871 | lr 1.53e-02 |  33.13M words |  4086 tok/s | ETA 7:18:29
2026-07-01 13:51:42 | [3:41:47] [########----------------]  33.7% | step   3320/9860 | ep 3 | masked | loss  3.488 | lr 1.53e-02 |  33.33M words |  4088 tok/s | ETA 7:16:55
2026-07-01 13:52:55 | [3:43:00] [########----------------]  33.9% | step   3340/9860 | ep 3 | masked | loss  3.184 | lr 1.52e-02 |  33.53M words |  4091 tok/s | ETA 7:15:20
2026-07-01 13:54:08 | [3:44:14] [########----------------]  34.1% | step   3360/9860 | ep 3 | masked | loss  2.969 | lr 1.52e-02 |  33.73M words |  4093 tok/s | ETA 7:13:47
2026-07-01 13:55:22 | [3:45:27] [########----------------]  34.3% | step   3380/9860 | ep 3 | masked | loss  3.346 | lr 1.51e-02 |  33.93M words |  4095 tok/s | ETA 7:12:15
2026-07-01 13:56:35 | [3:46:41] [########----------------]  34.5% | step   3400/9860 | ep 3 | masked | loss  3.252 | lr 1.51e-02 |  34.13M words |  4097 tok/s | ETA 7:10:42
2026-07-01 13:57:49 | [3:47:54] [########----------------]  34.7% | step   3420/9860 | ep 3 | masked | loss  2.839 | lr 1.50e-02 |  34.33M words |  4099 tok/s | ETA 7:09:09
2026-07-01 13:59:02 | [3:49:07] [########----------------]  34.9% | step   3440/9860 | ep 3 | masked | loss  2.949 | lr 1.49e-02 |  34.53M words |  4101 tok/s | ETA 7:07:36
2026-07-01 14:00:15 | [3:50:21] [########----------------]  35.1% | step   3460/9860 | ep 3 | masked | loss  3.283 | lr 1.49e-02 |  34.73M words |  4102 tok/s | ETA 7:06:05
2026-07-01 14:01:31 | [3:51:36] [########----------------]  35.3% | step   3480/9860 | ep 3 | masked | loss  2.996 | lr 1.48e-02 |  34.93M words |  4104 tok/s | ETA 7:04:37
2026-07-01 14:02:46 | [3:52:51] [########----------------]  35.5% | step   3500/9860 | ep 3 | masked | loss  2.781 | lr 1.48e-02 |  35.13M words |  4105 tok/s | ETA 7:03:08
2026-07-01 14:04:03 | [3:54:08] [########----------------]  35.7% | step   3520/9860 | ep 3 | masked | loss  3.275 | lr 1.47e-02 |  35.33M words |  4106 tok/s | ETA 7:01:44
2026-07-01 14:05:18 | [3:55:23] [########----------------]  35.9% | step   3540/9860 | ep 3 | masked | loss  3.395 | lr 1.47e-02 |  35.53M words |  4107 tok/s | ETA 7:00:15
2026-07-01 14:06:41 | [3:56:47] [########----------------]  36.1% | step   3560/9860 | ep 3 | masked | loss  3.293 | lr 1.46e-02 |  35.73M words |  4106 tok/s | ETA 6:59:01
2026-07-01 14:07:56 | [3:58:01] [########----------------]  36.3% | step   3580/9860 | ep 3 | masked | loss  2.848 | lr 1.45e-02 |  35.94M words |  4108 tok/s | ETA 6:57:32
2026-07-01 14:09:09 | [3:59:15] [########----------------]  36.5% | step   3600/9860 | ep 3 | masked | loss  3.125 | lr 1.45e-02 |  36.14M words |  4110 tok/s | ETA 6:56:02
2026-07-01 14:10:23 | [4:00:28] [########----------------]  36.7% | step   3620/9860 | ep 3 | masked | loss  3.071 | lr 1.44e-02 |  36.34M words |  4111 tok/s | ETA 6:54:31
2026-07-01 14:11:36 | [4:01:42] [########----------------]  36.9% | step   3640/9860 | ep 3 | masked | loss  3.011 | lr 1.44e-02 |  36.54M words |  4113 tok/s | ETA 6:53:01
2026-07-01 14:12:49 | [4:02:55] [########----------------]  37.1% | step   3660/9860 | ep 3 | masked | loss  2.900 | lr 1.43e-02 |  36.74M words |  4115 tok/s | ETA 6:51:30
2026-07-01 14:14:02 | [4:04:08] [########----------------]  37.3% | step   3680/9860 | ep 3 | masked | loss  2.756 | lr 1.42e-02 |  36.94M words |  4117 tok/s | ETA 6:49:59
2026-07-01 14:15:16 | [4:05:21] [#########---------------]  37.5% | step   3700/9860 | ep 3 | masked | loss  3.172 | lr 1.42e-02 |  37.14M words |  4119 tok/s | ETA 6:48:29
2026-07-01 14:16:29 | [4:06:35] [#########---------------]  37.7% | step   3720/9860 | ep 3 | masked | loss  2.851 | lr 1.41e-02 |  37.34M words |  4120 tok/s | ETA 6:46:59
2026-07-01 14:17:43 | [4:07:48] [#########---------------]  37.9% | step   3740/9860 | ep 3 | masked | loss  3.106 | lr 1.41e-02 |  37.54M words |  4122 tok/s | ETA 6:45:30
2026-07-01 14:18:56 | [4:09:02] [#########---------------]  38.1% | step   3760/9860 | ep 3 | masked | loss  3.179 | lr 1.40e-02 |  37.74M words |  4124 tok/s | ETA 6:44:01
2026-07-01 14:20:09 | [4:10:15] [#########---------------]  38.3% | step   3780/9860 | ep 3 | masked | loss  3.485 | lr 1.39e-02 |  37.94M words |  4125 tok/s | ETA 6:42:31
2026-07-01 14:21:22 | [4:11:28] [#########---------------]  38.5% | step   3800/9860 | ep 3 | masked | loss  3.139 | lr 1.39e-02 |  38.14M words |  4127 tok/s | ETA 6:41:01
2026-07-01 14:22:37 | [4:12:42] [#########---------------]  38.7% | step   3820/9860 | ep 3 | masked | loss  3.111 | lr 1.38e-02 |  38.34M words |  4128 tok/s | ETA 6:39:34
2026-07-01 14:23:52 | [4:13:58] [#########---------------]  38.9% | step   3840/9860 | ep 3 | masked | loss  3.164 | lr 1.38e-02 |  38.55M words |  4129 tok/s | ETA 6:38:09
2026-07-01 14:25:08 | [4:15:14] [#########---------------]  39.1% | step   3860/9860 | ep 3 | masked | loss  2.880 | lr 1.37e-02 |  38.75M words |  4130 tok/s | ETA 6:36:44
2026-07-01 14:26:24 | [4:16:29] [#########---------------]  39.4% | step   3880/9860 | ep 3 | masked | loss  2.606 | lr 1.36e-02 |  38.95M words |  4132 tok/s | ETA 6:35:19
2026-07-01 14:27:39 | [4:17:45] [#########---------------]  39.6% | step   3900/9860 | ep 3 | masked | loss  3.310 | lr 1.36e-02 |  39.15M words |  4133 tok/s | ETA 6:33:53
2026-07-01 14:28:55 | [4:19:00] [#########---------------]  39.8% | step   3920/9860 | ep 3 | masked | loss  3.112 | lr 1.35e-02 |  39.35M words |  4134 tok/s | ETA 6:32:28
2026-07-01 14:30:10 | [4:20:15] [#########---------------]  40.0% | step   3940/9860 | ep 3 | masked | loss  3.320 | lr 1.35e-02 |  39.55M words |  4135 tok/s | ETA 6:31:03
2026-07-01 14:31:26 | [4:21:32] [#########---------------]  40.2% | step   3960/9860 | ep 4 | masked | loss  3.169 | lr 1.34e-02 |  39.75M words |  4136 tok/s | ETA 6:29:39
2026-07-01 14:32:42 | [4:22:47] [#########---------------]  40.4% | step   3980/9860 | ep 4 | masked | loss  3.006 | lr 1.33e-02 |  39.95M words |  4137 tok/s | ETA 6:28:14
2026-07-01 14:33:01 |   >> saved checkpoint chck_40M at 40.00M words
2026-07-01 14:33:58 | [4:24:03] [#########---------------]  40.6% | step   4000/9860 | ep 4 | masked | loss  3.067 | lr 1.33e-02 |  40.15M words |  4137 tok/s | ETA 6:26:50
2026-07-01 14:35:13 | [4:25:18] [#########---------------]  40.8% | step   4020/9860 | ep 4 | masked | loss  3.174 | lr 1.32e-02 |  40.35M words |  4139 tok/s | ETA 6:25:25
2026-07-01 14:36:28 | [4:26:34] [#########---------------]  41.0% | step   4040/9860 | ep 4 | masked | loss  3.080 | lr 1.32e-02 |  40.55M words |  4139 tok/s | ETA 6:24:01
2026-07-01 14:37:44 | [4:27:49] [#########---------------]  41.2% | step   4060/9860 | ep 4 | masked | loss  2.960 | lr 1.31e-02 |  40.76M words |  4140 tok/s | ETA 6:22:36
2026-07-01 14:38:59 | [4:29:05] [#########---------------]  41.4% | step   4080/9860 | ep 4 | masked | loss  2.983 | lr 1.30e-02 |  40.96M words |  4141 tok/s | ETA 6:21:12
2026-07-01 14:40:15 | [4:30:20] [#########---------------]  41.6% | step   4100/9860 | ep 4 | masked | loss  3.223 | lr 1.30e-02 |  41.16M words |  4142 tok/s | ETA 6:19:48
2026-07-01 14:41:30 | [4:31:36] [##########--------------]  41.8% | step   4120/9860 | ep 4 | masked | loss  3.320 | lr 1.29e-02 |  41.36M words |  4143 tok/s | ETA 6:18:23
2026-07-01 14:42:45 | [4:32:51] [##########--------------]  42.0% | step   4140/9860 | ep 4 | masked | loss  2.895 | lr 1.28e-02 |  41.56M words |  4144 tok/s | ETA 6:16:59
2026-07-01 14:44:01 | [4:34:06] [##########--------------]  42.2% | step   4160/9860 | ep 4 | masked | loss  3.324 | lr 1.28e-02 |  41.76M words |  4145 tok/s | ETA 6:15:34
2026-07-01 14:45:16 | [4:35:21] [##########--------------]  42.4% | step   4180/9860 | ep 4 | masked | loss  3.050 | lr 1.27e-02 |  41.96M words |  4146 tok/s | ETA 6:14:10
2026-07-01 14:46:31 | [4:36:37] [##########--------------]  42.6% | step   4200/9860 | ep 4 | causal | loss  3.758 | lr 1.27e-02 |  42.16M words |  4147 tok/s | ETA 6:12:46
2026-07-01 14:47:47 | [4:37:52] [##########--------------]  42.8% | step   4220/9860 | ep 4 | masked | loss  2.859 | lr 1.26e-02 |  42.36M words |  4148 tok/s | ETA 6:11:22
2026-07-01 14:49:02 | [4:39:08] [##########--------------]  43.0% | step   4240/9860 | ep 4 | masked | loss  3.216 | lr 1.25e-02 |  42.56M words |  4149 tok/s | ETA 6:09:59
2026-07-01 14:50:18 | [4:40:23] [##########--------------]  43.2% | step   4260/9860 | ep 4 | masked | loss  3.179 | lr 1.25e-02 |  42.76M words |  4150 tok/s | ETA 6:08:35
2026-07-01 14:51:33 | [4:41:38] [##########--------------]  43.4% | step   4280/9860 | ep 4 | masked | loss  2.867 | lr 1.24e-02 |  42.96M words |  4151 tok/s | ETA 6:07:11
2026-07-01 14:52:48 | [4:42:54] [##########--------------]  43.6% | step   4300/9860 | ep 4 | masked | loss  2.682 | lr 1.23e-02 |  43.16M words |  4151 tok/s | ETA 6:05:48
2026-07-01 14:54:04 | [4:44:09] [##########--------------]  43.8% | step   4320/9860 | ep 4 | masked | loss  2.430 | lr 1.23e-02 |  43.36M words |  4152 tok/s | ETA 6:04:24
2026-07-01 14:55:17 | [4:45:23] [##########--------------]  44.0% | step   4340/9860 | ep 4 | masked | loss  3.112 | lr 1.22e-02 |  43.57M words |  4154 tok/s | ETA 6:02:58
2026-07-01 14:56:30 | [4:46:36] [##########--------------]  44.2% | step   4360/9860 | ep 4 | masked | loss  2.652 | lr 1.22e-02 |  43.77M words |  4155 tok/s | ETA 6:01:32
2026-07-01 14:57:45 | [4:47:50] [##########--------------]  44.4% | step   4380/9860 | ep 4 | masked | loss  2.993 | lr 1.21e-02 |  43.97M words |  4156 tok/s | ETA 6:00:07
2026-07-01 14:58:58 | [4:49:03] [##########--------------]  44.6% | step   4400/9860 | ep 4 | masked | loss  2.707 | lr 1.20e-02 |  44.17M words |  4157 tok/s | ETA 5:58:41
2026-07-01 15:00:12 | [4:50:18] [##########--------------]  44.8% | step   4420/9860 | ep 4 | masked | loss  2.633 | lr 1.20e-02 |  44.37M words |  4159 tok/s | ETA 5:57:17
2026-07-01 15:01:26 | [4:51:31] [##########--------------]  45.0% | step   4440/9860 | ep 4 | masked | loss  2.751 | lr 1.19e-02 |  44.57M words |  4160 tok/s | ETA 5:55:52
2026-07-01 15:02:40 | [4:52:45] [##########--------------]  45.2% | step   4460/9860 | ep 4 | masked | loss  2.925 | lr 1.18e-02 |  44.77M words |  4161 tok/s | ETA 5:54:27
2026-07-01 15:03:53 | [4:53:58] [##########--------------]  45.4% | step   4480/9860 | ep 4 | masked | loss  3.074 | lr 1.18e-02 |  44.97M words |  4162 tok/s | ETA 5:53:02
2026-07-01 15:05:07 | [4:55:12] [##########--------------]  45.6% | step   4500/9860 | ep 4 | masked | loss  3.149 | lr 1.17e-02 |  45.17M words |  4163 tok/s | ETA 5:51:38
2026-07-01 15:06:22 | [4:56:28] [###########-------------]  45.8% | step   4520/9860 | ep 4 | masked | loss  2.883 | lr 1.16e-02 |  45.37M words |  4164 tok/s | ETA 5:50:15
2026-07-01 15:07:37 | [4:57:42] [###########-------------]  46.0% | step   4540/9860 | ep 4 | masked | loss  2.965 | lr 1.16e-02 |  45.57M words |  4165 tok/s | ETA 5:48:51
2026-07-01 15:08:53 | [4:58:58] [###########-------------]  46.2% | step   4560/9860 | ep 4 | masked | loss  3.029 | lr 1.15e-02 |  45.77M words |  4166 tok/s | ETA 5:47:29
2026-07-01 15:10:08 | [5:00:13] [###########-------------]  46.5% | step   4580/9860 | ep 4 | masked | loss  2.733 | lr 1.15e-02 |  45.97M words |  4167 tok/s | ETA 5:46:07
2026-07-01 15:11:23 | [5:01:29] [###########-------------]  46.7% | step   4600/9860 | ep 4 | masked | loss  3.144 | lr 1.14e-02 |  46.17M words |  4167 tok/s | ETA 5:44:44
2026-07-01 15:12:37 | [5:02:42] [###########-------------]  46.9% | step   4620/9860 | ep 4 | masked | loss  3.396 | lr 1.13e-02 |  46.38M words |  4168 tok/s | ETA 5:43:20
2026-07-01 15:13:51 | [5:03:57] [###########-------------]  47.1% | step   4640/9860 | ep 4 | masked | loss  2.877 | lr 1.13e-02 |  46.58M words |  4169 tok/s | ETA 5:41:56
2026-07-01 15:15:06 | [5:05:12] [###########-------------]  47.3% | step   4660/9860 | ep 4 | masked | loss  3.060 | lr 1.12e-02 |  46.78M words |  4170 tok/s | ETA 5:40:34
2026-07-01 15:16:21 | [5:06:27] [###########-------------]  47.5% | step   4680/9860 | ep 4 | masked | loss  3.076 | lr 1.11e-02 |  46.98M words |  4171 tok/s | ETA 5:39:11
2026-07-01 15:17:36 | [5:07:41] [###########-------------]  47.7% | step   4700/9860 | ep 4 | masked | loss  2.691 | lr 1.11e-02 |  47.18M words |  4172 tok/s | ETA 5:37:48
2026-07-01 15:18:51 | [5:08:57] [###########-------------]  47.9% | step   4720/9860 | ep 4 | masked | loss  2.933 | lr 1.10e-02 |  47.38M words |  4173 tok/s | ETA 5:36:26
2026-07-01 15:20:04 | [5:10:10] [###########-------------]  48.1% | step   4740/9860 | ep 4 | masked | loss  2.939 | lr 1.09e-02 |  47.58M words |  4174 tok/s | ETA 5:35:02
2026-07-01 15:21:17 | [5:11:23] [###########-------------]  48.3% | step   4760/9860 | ep 4 | masked | loss  3.233 | lr 1.09e-02 |  47.78M words |  4175 tok/s | ETA 5:33:37
2026-07-01 15:22:30 | [5:12:35] [###########-------------]  48.5% | step   4780/9860 | ep 4 | masked | loss  2.772 | lr 1.08e-02 |  47.98M words |  4176 tok/s | ETA 5:32:12
2026-07-01 15:23:42 | [5:13:48] [###########-------------]  48.7% | step   4800/9860 | ep 4 | masked | loss  2.843 | lr 1.07e-02 |  48.18M words |  4178 tok/s | ETA 5:30:48
2026-07-01 15:24:55 | [5:15:01] [###########-------------]  48.9% | step   4820/9860 | ep 4 | masked | loss  3.114 | lr 1.07e-02 |  48.38M words |  4179 tok/s | ETA 5:29:23
2026-07-01 15:26:08 | [5:16:13] [###########-------------]  49.1% | step   4840/9860 | ep 4 | masked | loss  2.904 | lr 1.06e-02 |  48.58M words |  4180 tok/s | ETA 5:27:59
2026-07-01 15:27:21 | [5:17:26] [###########-------------]  49.3% | step   4860/9860 | ep 4 | masked | loss  3.013 | lr 1.05e-02 |  48.78M words |  4181 tok/s | ETA 5:26:35
2026-07-01 15:28:34 | [5:18:39] [###########-------------]  49.5% | step   4880/9860 | ep 4 | masked | loss  3.319 | lr 1.05e-02 |  48.98M words |  4183 tok/s | ETA 5:25:11
2026-07-01 15:29:46 | [5:19:52] [###########-------------]  49.7% | step   4900/9860 | ep 4 | masked | loss  3.008 | lr 1.04e-02 |  49.19M words |  4184 tok/s | ETA 5:23:47
2026-07-01 15:31:01 | [5:21:06] [###########-------------]  49.9% | step   4920/9860 | ep 4 | masked | loss  3.027 | lr 1.04e-02 |  49.39M words |  4185 tok/s | ETA 5:22:25
2026-07-01 15:32:15 | [5:22:21] [############------------]  50.1% | step   4940/9860 | ep 5 | masked | loss  3.000 | lr 1.03e-02 |  49.59M words |  4186 tok/s | ETA 5:21:02
2026-07-01 15:33:28 | [5:23:34] [############------------]  50.3% | step   4960/9860 | ep 5 | masked | loss  3.121 | lr 1.02e-02 |  49.79M words |  4187 tok/s | ETA 5:19:39
2026-07-01 15:34:41 | [5:24:47] [############------------]  50.5% | step   4980/9860 | ep 5 | masked | loss  2.808 | lr 1.02e-02 |  49.99M words |  4188 tok/s | ETA 5:18:15
2026-07-01 15:34:45 |   >> saved checkpoint chck_50M at 50.00M words
2026-07-01 15:35:54 | [5:26:00] [############------------]  50.7% | step   5000/9860 | ep 5 | masked | loss  3.063 | lr 1.01e-02 |  50.19M words |  4189 tok/s | ETA 5:16:52
2026-07-01 15:37:09 | [5:27:14] [############------------]  50.9% | step   5020/9860 | ep 5 | masked | loss  3.089 | lr 1.00e-02 |  50.39M words |  4190 tok/s | ETA 5:15:30
2026-07-01 15:38:23 | [5:28:28] [############------------]  51.1% | step   5040/9860 | ep 5 | masked | loss  3.067 | lr 9.96e-03 |  50.59M words |  4191 tok/s | ETA 5:14:08
2026-07-01 15:39:36 | [5:29:42] [############------------]  51.3% | step   5060/9860 | ep 5 | masked | loss  3.264 | lr 9.90e-03 |  50.79M words |  4192 tok/s | ETA 5:12:45
2026-07-01 15:40:49 | [5:30:54] [############------------]  51.5% | step   5080/9860 | ep 5 | masked | loss  3.217 | lr 9.83e-03 |  50.99M words |  4193 tok/s | ETA 5:11:22
2026-07-01 15:42:01 | [5:32:07] [############------------]  51.7% | step   5100/9860 | ep 5 | masked | loss  3.113 | lr 9.77e-03 |  51.20M words |  4194 tok/s | ETA 5:09:58
2026-07-01 15:43:15 | [5:33:20] [############------------]  51.9% | step   5120/9860 | ep 5 | masked | loss  2.716 | lr 9.70e-03 |  51.40M words |  4195 tok/s | ETA 5:08:36
2026-07-01 15:44:28 | [5:34:33] [############------------]  52.1% | step   5140/9860 | ep 5 | masked | loss  2.756 | lr 9.64e-03 |  51.60M words |  4196 tok/s | ETA 5:07:13
2026-07-01 15:45:41 | [5:35:47] [############------------]  52.3% | step   5160/9860 | ep 5 | masked | loss  2.955 | lr 9.57e-03 |  51.80M words |  4197 tok/s | ETA 5:05:51
2026-07-01 15:46:54 | [5:37:00] [############------------]  52.5% | step   5180/9860 | ep 5 | masked | loss  3.019 | lr 9.51e-03 |  52.00M words |  4198 tok/s | ETA 5:04:28
2026-07-01 15:48:08 | [5:38:13] [############------------]  52.7% | step   5200/9860 | ep 5 | causal | loss  3.736 | lr 9.44e-03 |  52.20M words |  4199 tok/s | ETA 5:03:06
2026-07-01 15:49:21 | [5:39:27] [############------------]  52.9% | step   5220/9860 | ep 5 | masked | loss  3.026 | lr 9.38e-03 |  52.40M words |  4200 tok/s | ETA 5:01:44
2026-07-01 15:50:34 | [5:40:40] [############------------]  53.1% | step   5240/9860 | ep 5 | masked | loss  2.874 | lr 9.31e-03 |  52.60M words |  4201 tok/s | ETA 5:00:21
2026-07-01 15:51:47 | [5:41:53] [############------------]  53.3% | step   5260/9860 | ep 5 | masked | loss  2.562 | lr 9.25e-03 |  52.80M words |  4202 tok/s | ETA 4:58:59
2026-07-01 15:53:01 | [5:43:06] [############------------]  53.5% | step   5280/9860 | ep 5 | masked | loss  2.627 | lr 9.18e-03 |  53.00M words |  4203 tok/s | ETA 4:57:37
2026-07-01 15:54:14 | [5:44:20] [############------------]  53.8% | step   5300/9860 | ep 5 | masked | loss  3.132 | lr 9.12e-03 |  53.20M words |  4204 tok/s | ETA 4:56:15
2026-07-01 15:55:27 | [5:45:32] [############------------]  54.0% | step   5320/9860 | ep 5 | masked | loss  3.231 | lr 9.05e-03 |  53.40M words |  4205 tok/s | ETA 4:54:53
2026-07-01 15:56:40 | [5:46:46] [############------------]  54.2% | step   5340/9860 | ep 5 | masked | loss  2.795 | lr 8.99e-03 |  53.60M words |  4206 tok/s | ETA 4:53:31
2026-07-01 15:57:54 | [5:47:59] [#############-----------]  54.4% | step   5360/9860 | ep 5 | masked | loss  2.747 | lr 8.92e-03 |  53.80M words |  4207 tok/s | ETA 4:52:09
2026-07-01 15:59:07 | [5:49:12] [#############-----------]  54.6% | step   5380/9860 | ep 5 | masked | loss  2.524 | lr 8.86e-03 |  54.01M words |  4208 tok/s | ETA 4:50:47
2026-07-01 16:00:20 | [5:50:25] [#############-----------]  54.8% | step   5400/9860 | ep 5 | masked | loss  2.893 | lr 8.80e-03 |  54.21M words |  4209 tok/s | ETA 4:49:25
2026-07-01 16:01:33 | [5:51:38] [#############-----------]  55.0% | step   5420/9860 | ep 5 | masked | loss  2.802 | lr 8.73e-03 |  54.41M words |  4210 tok/s | ETA 4:48:03
2026-07-01 16:02:46 | [5:52:51] [#############-----------]  55.2% | step   5440/9860 | ep 5 | masked | loss  2.755 | lr 8.67e-03 |  54.61M words |  4211 tok/s | ETA 4:46:41
2026-07-01 16:03:59 | [5:54:04] [#############-----------]  55.4% | step   5460/9860 | ep 5 | causal | loss  3.738 | lr 8.60e-03 |  54.81M words |  4212 tok/s | ETA 4:45:20
2026-07-01 16:05:12 | [5:55:17] [#############-----------]  55.6% | step   5480/9860 | ep 5 | masked | loss  2.890 | lr 8.54e-03 |  55.01M words |  4213 tok/s | ETA 4:43:58
2026-07-01 16:06:26 | [5:56:31] [#############-----------]  55.8% | step   5500/9860 | ep 5 | masked | loss  3.158 | lr 8.47e-03 |  55.21M words |  4213 tok/s | ETA 4:42:37
2026-07-01 16:07:39 | [5:57:44] [#############-----------]  56.0% | step   5520/9860 | ep 5 | causal | loss  3.947 | lr 8.41e-03 |  55.41M words |  4214 tok/s | ETA 4:41:16
2026-07-01 16:08:52 | [5:58:58] [#############-----------]  56.2% | step   5540/9860 | ep 5 | masked | loss  2.967 | lr 8.34e-03 |  55.61M words |  4215 tok/s | ETA 4:39:55
2026-07-01 16:10:06 | [6:00:11] [#############-----------]  56.4% | step   5560/9860 | ep 5 | masked | loss  2.967 | lr 8.28e-03 |  55.81M words |  4216 tok/s | ETA 4:38:33
2026-07-01 16:11:19 | [6:01:24] [#############-----------]  56.6% | step   5580/9860 | ep 5 | masked | loss  2.820 | lr 8.22e-03 |  56.01M words |  4217 tok/s | ETA 4:37:12
2026-07-01 16:12:32 | [6:02:37] [#############-----------]  56.8% | step   5600/9860 | ep 5 | masked | loss  2.812 | lr 8.15e-03 |  56.21M words |  4218 tok/s | ETA 4:35:51
2026-07-01 16:13:45 | [6:03:50] [#############-----------]  57.0% | step   5620/9860 | ep 5 | masked | loss  3.185 | lr 8.09e-03 |  56.41M words |  4219 tok/s | ETA 4:34:30
2026-07-01 16:14:58 | [6:05:03] [#############-----------]  57.2% | step   5640/9860 | ep 5 | masked | loss  2.502 | lr 8.02e-03 |  56.61M words |  4220 tok/s | ETA 4:33:08
2026-07-01 16:16:12 | [6:06:17] [#############-----------]  57.4% | step   5660/9860 | ep 5 | masked | loss  2.858 | lr 7.96e-03 |  56.82M words |  4220 tok/s | ETA 4:31:48
2026-07-01 16:17:25 | [6:07:30] [#############-----------]  57.6% | step   5680/9860 | ep 5 | masked | loss  2.777 | lr 7.90e-03 |  57.02M words |  4221 tok/s | ETA 4:30:27
2026-07-01 16:18:38 | [6:08:43] [#############-----------]  57.8% | step   5700/9860 | ep 5 | masked | loss  3.086 | lr 7.83e-03 |  57.22M words |  4222 tok/s | ETA 4:29:06
2026-07-01 16:19:52 | [6:09:58] [#############-----------]  58.0% | step   5720/9860 | ep 5 | masked | loss  2.796 | lr 7.77e-03 |  57.42M words |  4223 tok/s | ETA 4:27:46
2026-07-01 16:21:06 | [6:11:12] [#############-----------]  58.2% | step   5740/9860 | ep 5 | masked | loss  2.993 | lr 7.71e-03 |  57.62M words |  4223 tok/s | ETA 4:26:26
2026-07-01 16:22:18 | [6:12:24] [##############----------]  58.4% | step   5760/9860 | ep 5 | masked | loss  2.775 | lr 7.64e-03 |  57.82M words |  4224 tok/s | ETA 4:25:04
2026-07-01 16:23:31 | [6:13:37] [##############----------]  58.6% | step   5780/9860 | ep 5 | masked | loss  3.145 | lr 7.58e-03 |  58.02M words |  4225 tok/s | ETA 4:23:43
2026-07-01 16:24:45 | [6:14:51] [##############----------]  58.8% | step   5800/9860 | ep 5 | masked | loss  2.638 | lr 7.52e-03 |  58.22M words |  4226 tok/s | ETA 4:22:23
2026-07-01 16:25:58 | [6:16:03] [##############----------]  59.0% | step   5820/9860 | ep 5 | masked | loss  2.727 | lr 7.46e-03 |  58.42M words |  4227 tok/s | ETA 4:21:02
2026-07-01 16:27:10 | [6:17:16] [##############----------]  59.2% | step   5840/9860 | ep 5 | masked | loss  3.171 | lr 7.39e-03 |  58.62M words |  4228 tok/s | ETA 4:19:41
2026-07-01 16:28:22 | [6:18:28] [##############----------]  59.4% | step   5860/9860 | ep 5 | causal | loss  3.536 | lr 7.33e-03 |  58.82M words |  4229 tok/s | ETA 4:18:20
2026-07-01 16:29:35 | [6:19:40] [##############----------]  59.6% | step   5880/9860 | ep 5 | masked | loss  3.053 | lr 7.27e-03 |  59.02M words |  4230 tok/s | ETA 4:16:59
2026-07-01 16:30:47 | [6:20:53] [##############----------]  59.8% | step   5900/9860 | ep 5 | masked | loss  2.629 | lr 7.20e-03 |  59.22M words |  4231 tok/s | ETA 4:15:38
2026-07-01 16:32:01 | [6:22:06] [##############----------]  60.0% | step   5920/9860 | ep 6 | masked | loss  2.634 | lr 7.14e-03 |  59.43M words |  4232 tok/s | ETA 4:14:18
2026-07-01 16:33:14 | [6:23:19] [##############----------]  60.2% | step   5940/9860 | ep 6 | masked | loss  2.856 | lr 7.08e-03 |  59.63M words |  4233 tok/s | ETA 4:12:58
2026-07-01 16:34:26 | [6:24:31] [##############----------]  60.4% | step   5960/9860 | ep 6 | masked | loss  2.722 | lr 7.02e-03 |  59.83M words |  4233 tok/s | ETA 4:11:37
2026-07-01 16:35:32 |   >> saved checkpoint chck_60M at 60.01M words
2026-07-01 16:35:39 | [6:25:44] [##############----------]  60.6% | step   5980/9860 | ep 6 | masked | loss  3.177 | lr 6.96e-03 |  60.03M words |  4234 tok/s | ETA 4:10:17
2026-07-01 16:36:51 | [6:26:57] [##############----------]  60.9% | step   6000/9860 | ep 6 | causal | loss  4.206 | lr 6.89e-03 |  60.23M words |  4235 tok/s | ETA 4:08:56
2026-07-01 16:38:04 | [6:28:09] [##############----------]  61.1% | step   6020/9860 | ep 6 | masked | loss  2.856 | lr 6.83e-03 |  60.43M words |  4236 tok/s | ETA 4:07:35
2026-07-01 16:39:16 | [6:29:22] [##############----------]  61.3% | step   6040/9860 | ep 6 | masked | loss  2.790 | lr 6.77e-03 |  60.63M words |  4237 tok/s | ETA 4:06:15
2026-07-01 16:40:29 | [6:30:35] [##############----------]  61.5% | step   6060/9860 | ep 6 | masked | loss  2.777 | lr 6.71e-03 |  60.83M words |  4238 tok/s | ETA 4:04:55
2026-07-01 16:41:41 | [6:31:47] [##############----------]  61.7% | step   6080/9860 | ep 6 | masked | loss  2.706 | lr 6.65e-03 |  61.03M words |  4239 tok/s | ETA 4:03:34
2026-07-01 16:42:54 | [6:33:00] [##############----------]  61.9% | step   6100/9860 | ep 6 | masked | loss  2.841 | lr 6.59e-03 |  61.23M words |  4239 tok/s | ETA 4:02:14
2026-07-01 16:44:07 | [6:34:12] [##############----------]  62.1% | step   6120/9860 | ep 6 | masked | loss  2.814 | lr 6.53e-03 |  61.43M words |  4240 tok/s | ETA 4:00:54
2026-07-01 16:45:20 | [6:35:25] [##############----------]  62.3% | step   6140/9860 | ep 6 | masked | loss  2.464 | lr 6.46e-03 |  61.63M words |  4241 tok/s | ETA 3:59:34
2026-07-01 16:46:33 | [6:36:38] [##############----------]  62.5% | step   6160/9860 | ep 6 | masked | loss  3.207 | lr 6.40e-03 |  61.84M words |  4242 tok/s | ETA 3:58:14
2026-07-01 16:47:46 | [6:37:51] [###############---------]  62.7% | step   6180/9860 | ep 6 | masked | loss  2.827 | lr 6.34e-03 |  62.04M words |  4243 tok/s | ETA 3:56:54
2026-07-01 16:48:59 | [6:39:04] [###############---------]  62.9% | step   6200/9860 | ep 6 | causal | loss  3.754 | lr 6.28e-03 |  62.24M words |  4243 tok/s | ETA 3:55:35
2026-07-01 16:50:12 | [6:40:18] [###############---------]  63.1% | step   6220/9860 | ep 6 | masked | loss  3.054 | lr 6.22e-03 |  62.44M words |  4244 tok/s | ETA 3:54:15
2026-07-01 16:51:26 | [6:41:31] [###############---------]  63.3% | step   6240/9860 | ep 6 | masked | loss  2.744 | lr 6.16e-03 |  62.64M words |  4245 tok/s | ETA 3:52:56
2026-07-01 16:52:39 | [6:42:44] [###############---------]  63.5% | step   6260/9860 | ep 6 | masked | loss  2.887 | lr 6.10e-03 |  62.84M words |  4245 tok/s | ETA 3:51:36
2026-07-01 16:53:52 | [6:43:57] [###############---------]  63.7% | step   6280/9860 | ep 6 | masked | loss  2.938 | lr 6.04e-03 |  63.04M words |  4246 tok/s | ETA 3:50:17
2026-07-01 16:55:05 | [6:45:10] [###############---------]  63.9% | step   6300/9860 | ep 6 | masked | loss  2.847 | lr 5.98e-03 |  63.24M words |  4247 tok/s | ETA 3:48:57
2026-07-01 16:56:18 | [6:46:23] [###############---------]  64.1% | step   6320/9860 | ep 6 | masked | loss  2.318 | lr 5.92e-03 |  63.44M words |  4248 tok/s | ETA 3:47:37
2026-07-01 16:57:32 | [6:47:37] [###############---------]  64.3% | step   6340/9860 | ep 6 | masked | loss  2.538 | lr 5.86e-03 |  63.64M words |  4248 tok/s | ETA 3:46:19
2026-07-01 16:58:46 | [6:48:51] [###############---------]  64.5% | step   6360/9860 | ep 6 | masked | loss  2.747 | lr 5.81e-03 |  63.84M words |  4249 tok/s | ETA 3:45:00
2026-07-01 17:00:00 | [6:50:06] [###############---------]  64.7% | step   6380/9860 | ep 6 | masked | loss  2.949 | lr 5.75e-03 |  64.04M words |  4249 tok/s | ETA 3:43:41
2026-07-01 17:01:13 | [6:51:19] [###############---------]  64.9% | step   6400/9860 | ep 6 | masked | loss  3.132 | lr 5.69e-03 |  64.24M words |  4250 tok/s | ETA 3:42:22
2026-07-01 17:02:28 | [6:52:33] [###############---------]  65.1% | step   6420/9860 | ep 6 | masked | loss  3.023 | lr 5.63e-03 |  64.44M words |  4250 tok/s | ETA 3:41:03
2026-07-01 17:03:42 | [6:53:47] [###############---------]  65.3% | step   6440/9860 | ep 6 | masked | loss  2.450 | lr 5.57e-03 |  64.65M words |  4251 tok/s | ETA 3:39:44
2026-07-01 17:04:55 | [6:55:01] [###############---------]  65.5% | step   6460/9860 | ep 6 | masked | loss  3.051 | lr 5.51e-03 |  64.85M words |  4251 tok/s | ETA 3:38:25
2026-07-01 17:06:09 | [6:56:14] [###############---------]  65.7% | step   6480/9860 | ep 6 | masked | loss  3.236 | lr 5.45e-03 |  65.05M words |  4252 tok/s | ETA 3:37:07
2026-07-01 17:07:22 | [6:57:28] [###############---------]  65.9% | step   6500/9860 | ep 6 | masked | loss  3.029 | lr 5.40e-03 |  65.25M words |  4253 tok/s | ETA 3:35:48
2026-07-01 17:08:36 | [6:58:41] [###############---------]  66.1% | step   6520/9860 | ep 6 | masked | loss  2.956 | lr 5.34e-03 |  65.45M words |  4253 tok/s | ETA 3:34:29
2026-07-01 17:09:49 | [6:59:54] [###############---------]  66.3% | step   6540/9860 | ep 6 | masked | loss  2.469 | lr 5.28e-03 |  65.65M words |  4254 tok/s | ETA 3:33:09
2026-07-01 17:11:01 | [7:01:07] [###############---------]  66.5% | step   6560/9860 | ep 6 | masked | loss  2.841 | lr 5.22e-03 |  65.85M words |  4255 tok/s | ETA 3:31:50
2026-07-01 17:12:14 | [7:02:20] [################--------]  66.7% | step   6580/9860 | ep 6 | masked | loss  2.828 | lr 5.17e-03 |  66.05M words |  4255 tok/s | ETA 3:30:31
2026-07-01 17:13:27 | [7:03:32] [################--------]  66.9% | step   6600/9860 | ep 6 | masked | loss  2.687 | lr 5.11e-03 |  66.25M words |  4256 tok/s | ETA 3:29:12
2026-07-01 17:14:42 | [7:04:47] [################--------]  67.1% | step   6620/9860 | ep 6 | masked | loss  2.636 | lr 5.05e-03 |  66.45M words |  4256 tok/s | ETA 3:27:54
2026-07-01 17:15:55 | [7:06:01] [################--------]  67.3% | step   6640/9860 | ep 6 | masked | loss  2.684 | lr 5.00e-03 |  66.65M words |  4257 tok/s | ETA 3:26:35
2026-07-01 17:17:08 | [7:07:14] [################--------]  67.5% | step   6660/9860 | ep 6 | masked | loss  2.257 | lr 4.94e-03 |  66.85M words |  4258 tok/s | ETA 3:25:16
2026-07-01 17:18:22 | [7:08:28] [################--------]  67.7% | step   6680/9860 | ep 6 | masked | loss  2.765 | lr 4.89e-03 |  67.05M words |  4258 tok/s | ETA 3:23:58
2026-07-01 17:19:35 | [7:09:40] [################--------]  68.0% | step   6700/9860 | ep 6 | masked | loss  2.732 | lr 4.83e-03 |  67.25M words |  4259 tok/s | ETA 3:22:39
2026-07-01 17:20:48 | [7:10:53] [################--------]  68.2% | step   6720/9860 | ep 6 | masked | loss  3.082 | lr 4.77e-03 |  67.46M words |  4260 tok/s | ETA 3:21:20
2026-07-01 17:22:03 | [7:12:08] [################--------]  68.4% | step   6740/9860 | ep 6 | masked | loss  2.836 | lr 4.72e-03 |  67.66M words |  4260 tok/s | ETA 3:20:02
2026-07-01 17:23:16 | [7:13:21] [################--------]  68.6% | step   6760/9860 | ep 6 | masked | loss  2.967 | lr 4.66e-03 |  67.86M words |  4261 tok/s | ETA 3:18:43
2026-07-01 17:24:29 | [7:14:34] [################--------]  68.8% | step   6780/9860 | ep 6 | masked | loss  2.831 | lr 4.61e-03 |  68.06M words |  4261 tok/s | ETA 3:17:25
2026-07-01 17:25:42 | [7:15:48] [################--------]  69.0% | step   6800/9860 | ep 6 | masked | loss  2.719 | lr 4.55e-03 |  68.26M words |  4262 tok/s | ETA 3:16:06
2026-07-01 17:26:57 | [7:17:02] [################--------]  69.2% | step   6820/9860 | ep 6 | causal | loss  3.677 | lr 4.50e-03 |  68.46M words |  4262 tok/s | ETA 3:14:48
2026-07-01 17:28:10 | [7:18:16] [################--------]  69.4% | step   6840/9860 | ep 6 | masked | loss  2.817 | lr 4.45e-03 |  68.66M words |  4263 tok/s | ETA 3:13:30
2026-07-01 17:29:23 | [7:19:29] [################--------]  69.6% | step   6860/9860 | ep 6 | masked | loss  3.183 | lr 4.39e-03 |  68.86M words |  4263 tok/s | ETA 3:12:11
2026-07-01 17:30:36 | [7:20:41] [################--------]  69.8% | step   6880/9860 | ep 6 | masked | loss  2.981 | lr 4.34e-03 |  69.06M words |  4264 tok/s | ETA 3:10:52
2026-07-01 17:31:48 | [7:21:53] [################--------]  70.0% | step   6900/9860 | ep 6 | masked | loss  2.555 | lr 4.28e-03 |  69.26M words |  4265 tok/s | ETA 3:09:34
2026-07-01 17:33:02 | [7:23:07] [################--------]  70.2% | step   6920/9860 | ep 7 | masked | loss  2.687 | lr 4.23e-03 |  69.47M words |  4265 tok/s | ETA 3:08:15
2026-07-01 17:34:15 | [7:24:20] [################--------]  70.4% | step   6940/9860 | ep 7 | masked | loss  2.488 | lr 4.18e-03 |  69.67M words |  4266 tok/s | ETA 3:06:57
2026-07-01 17:35:28 | [7:25:33] [################--------]  70.6% | step   6960/9860 | ep 7 | masked | loss  2.642 | lr 4.13e-03 |  69.87M words |  4267 tok/s | ETA 3:05:38
2026-07-01 17:36:19 |   >> saved checkpoint chck_70M at 70.01M words
2026-07-01 17:36:41 | [7:26:47] [################--------]  70.8% | step   6980/9860 | ep 7 | masked | loss  3.128 | lr 4.07e-03 |  70.07M words |  4267 tok/s | ETA 3:04:20
2026-07-01 17:37:54 | [7:28:00] [#################-------]  71.0% | step   7000/9860 | ep 7 | masked | loss  3.086 | lr 4.02e-03 |  70.27M words |  4268 tok/s | ETA 3:03:02
2026-07-01 17:39:07 | [7:29:12] [#################-------]  71.2% | step   7020/9860 | ep 7 | masked | loss  2.473 | lr 3.97e-03 |  70.47M words |  4268 tok/s | ETA 3:01:43
2026-07-01 17:40:20 | [7:30:25] [#################-------]  71.4% | step   7040/9860 | ep 7 | masked | loss  2.762 | lr 3.92e-03 |  70.67M words |  4269 tok/s | ETA 3:00:25
2026-07-01 17:41:32 | [7:31:38] [#################-------]  71.6% | step   7060/9860 | ep 7 | masked | loss  2.912 | lr 3.87e-03 |  70.87M words |  4270 tok/s | ETA 2:59:07
2026-07-01 17:42:45 | [7:32:51] [#################-------]  71.8% | step   7080/9860 | ep 7 | masked | loss  2.805 | lr 3.81e-03 |  71.07M words |  4270 tok/s | ETA 2:57:48
2026-07-01 17:43:58 | [7:34:04] [#################-------]  72.0% | step   7100/9860 | ep 7 | masked | loss  2.766 | lr 3.76e-03 |  71.27M words |  4271 tok/s | ETA 2:56:30
2026-07-01 17:45:11 | [7:35:16] [#################-------]  72.2% | step   7120/9860 | ep 7 | masked | loss  2.659 | lr 3.71e-03 |  71.47M words |  4272 tok/s | ETA 2:55:12
2026-07-01 17:46:23 | [7:36:28] [#################-------]  72.4% | step   7140/9860 | ep 7 | masked | loss  2.495 | lr 3.66e-03 |  71.67M words |  4272 tok/s | ETA 2:53:53
2026-07-01 17:47:37 | [7:37:42] [#################-------]  72.6% | step   7160/9860 | ep 7 | masked | loss  2.913 | lr 3.61e-03 |  71.87M words |  4273 tok/s | ETA 2:52:36
2026-07-01 17:48:49 | [7:38:55] [#################-------]  72.8% | step   7180/9860 | ep 7 | masked | loss  2.525 | lr 3.56e-03 |  72.07M words |  4273 tok/s | ETA 2:51:17
2026-07-01 17:50:02 | [7:40:08] [#################-------]  73.0% | step   7200/9860 | ep 7 | causal | loss  3.834 | lr 3.51e-03 |  72.28M words |  4274 tok/s | ETA 2:49:59
2026-07-01 17:51:15 | [7:41:21] [#################-------]  73.2% | step   7220/9860 | ep 7 | masked | loss  2.435 | lr 3.46e-03 |  72.48M words |  4274 tok/s | ETA 2:48:41
2026-07-01 17:52:28 | [7:42:34] [#################-------]  73.4% | step   7240/9860 | ep 7 | masked | loss  2.835 | lr 3.41e-03 |  72.68M words |  4275 tok/s | ETA 2:47:23
2026-07-01 17:53:42 | [7:43:48] [#################-------]  73.6% | step   7260/9860 | ep 7 | masked | loss  2.362 | lr 3.36e-03 |  72.88M words |  4275 tok/s | ETA 2:46:06
2026-07-01 17:54:57 | [7:45:02] [#################-------]  73.8% | step   7280/9860 | ep 7 | masked | loss  2.646 | lr 3.32e-03 |  73.08M words |  4276 tok/s | ETA 2:44:48
2026-07-01 17:56:10 | [7:46:15] [#################-------]  74.0% | step   7300/9860 | ep 7 | masked | loss  2.904 | lr 3.27e-03 |  73.28M words |  4276 tok/s | ETA 2:43:30
2026-07-01 17:57:24 | [7:47:29] [#################-------]  74.2% | step   7320/9860 | ep 7 | masked | loss  2.822 | lr 3.22e-03 |  73.48M words |  4277 tok/s | ETA 2:42:13
2026-07-01 17:58:36 | [7:48:41] [#################-------]  74.4% | step   7340/9860 | ep 7 | masked | loss  2.321 | lr 3.17e-03 |  73.68M words |  4277 tok/s | ETA 2:40:54
2026-07-01 17:59:50 | [7:49:56] [#################-------]  74.6% | step   7360/9860 | ep 7 | masked | loss  3.051 | lr 3.13e-03 |  73.88M words |  4278 tok/s | ETA 2:39:37
2026-07-01 18:01:03 | [7:51:08] [#################-------]  74.8% | step   7380/9860 | ep 7 | masked | loss  2.804 | lr 3.08e-03 |  74.08M words |  4278 tok/s | ETA 2:38:19
2026-07-01 18:02:15 | [7:52:21] [##################------]  75.1% | step   7400/9860 | ep 7 | masked | loss  2.850 | lr 3.03e-03 |  74.28M words |  4279 tok/s | ETA 2:37:01
2026-07-01 18:03:28 | [7:53:34] [##################------]  75.3% | step   7420/9860 | ep 7 | masked | loss  2.675 | lr 2.98e-03 |  74.48M words |  4279 tok/s | ETA 2:35:43
2026-07-01 18:04:42 | [7:54:48] [##################------]  75.5% | step   7440/9860 | ep 7 | masked | loss  2.515 | lr 2.94e-03 |  74.68M words |  4280 tok/s | ETA 2:34:26
2026-07-01 18:05:56 | [7:56:01] [##################------]  75.7% | step   7460/9860 | ep 7 | masked | loss  2.743 | lr 2.89e-03 |  74.88M words |  4280 tok/s | ETA 2:33:08
2026-07-01 18:07:10 | [7:57:16] [##################------]  75.9% | step   7480/9860 | ep 7 | causal | loss  3.674 | lr 2.85e-03 |  75.09M words |  4281 tok/s | ETA 2:31:51
2026-07-01 18:08:25 | [7:58:30] [##################------]  76.1% | step   7500/9860 | ep 7 | masked | loss  2.636 | lr 2.80e-03 |  75.29M words |  4281 tok/s | ETA 2:30:34
2026-07-01 18:09:40 | [7:59:45] [##################------]  76.3% | step   7520/9860 | ep 7 | masked | loss  2.822 | lr 2.76e-03 |  75.49M words |  4281 tok/s | ETA 2:29:17
2026-07-01 18:10:53 | [8:00:59] [##################------]  76.5% | step   7540/9860 | ep 7 | masked | loss  2.583 | lr 2.71e-03 |  75.69M words |  4282 tok/s | ETA 2:27:59
2026-07-01 18:12:06 | [8:02:11] [##################------]  76.7% | step   7560/9860 | ep 7 | masked | loss  2.551 | lr 2.67e-03 |  75.89M words |  4282 tok/s | ETA 2:26:41
2026-07-01 18:13:18 | [8:03:24] [##################------]  76.9% | step   7580/9860 | ep 7 | masked | loss  3.044 | lr 2.62e-03 |  76.09M words |  4283 tok/s | ETA 2:25:24
2026-07-01 18:14:32 | [8:04:38] [##################------]  77.1% | step   7600/9860 | ep 7 | masked | loss  2.970 | lr 2.58e-03 |  76.29M words |  4283 tok/s | ETA 2:24:06
2026-07-01 18:15:46 | [8:05:51] [##################------]  77.3% | step   7620/9860 | ep 7 | masked | loss  3.126 | lr 2.54e-03 |  76.49M words |  4284 tok/s | ETA 2:22:49
2026-07-01 18:16:59 | [8:07:05] [##################------]  77.5% | step   7640/9860 | ep 7 | masked | loss  2.831 | lr 2.49e-03 |  76.69M words |  4284 tok/s | ETA 2:21:32
2026-07-01 18:18:14 | [8:08:19] [##################------]  77.7% | step   7660/9860 | ep 7 | masked | loss  2.534 | lr 2.45e-03 |  76.89M words |  4284 tok/s | ETA 2:20:15
2026-07-01 18:19:26 | [8:09:32] [##################------]  77.9% | step   7680/9860 | ep 7 | masked | loss  2.878 | lr 2.41e-03 |  77.09M words |  4285 tok/s | ETA 2:18:57
2026-07-01 18:20:39 | [8:10:45] [##################------]  78.1% | step   7700/9860 | ep 7 | masked | loss  2.511 | lr 2.37e-03 |  77.29M words |  4285 tok/s | ETA 2:17:39
2026-07-01 18:21:53 | [8:11:58] [##################------]  78.3% | step   7720/9860 | ep 7 | masked | loss  2.795 | lr 2.32e-03 |  77.49M words |  4286 tok/s | ETA 2:16:22
2026-07-01 18:23:05 | [8:13:11] [##################------]  78.5% | step   7740/9860 | ep 7 | masked | loss  2.666 | lr 2.28e-03 |  77.69M words |  4286 tok/s | ETA 2:15:05
2026-07-01 18:24:19 | [8:14:24] [##################------]  78.7% | step   7760/9860 | ep 7 | masked | loss  2.690 | lr 2.24e-03 |  77.90M words |  4287 tok/s | ETA 2:13:47
2026-07-01 18:25:31 | [8:15:36] [##################------]  78.9% | step   7780/9860 | ep 7 | masked | loss  2.936 | lr 2.20e-03 |  78.10M words |  4287 tok/s | ETA 2:12:30
2026-07-01 18:26:43 | [8:16:49] [##################------]  79.1% | step   7800/9860 | ep 7 | masked | loss  2.747 | lr 2.16e-03 |  78.30M words |  4288 tok/s | ETA 2:11:12
2026-07-01 18:27:55 | [8:18:01] [###################-----]  79.3% | step   7820/9860 | ep 7 | masked | loss  2.923 | lr 2.12e-03 |  78.50M words |  4289 tok/s | ETA 2:09:55
2026-07-01 18:29:07 | [8:19:13] [###################-----]  79.5% | step   7840/9860 | ep 7 | masked | loss  2.747 | lr 2.08e-03 |  78.70M words |  4289 tok/s | ETA 2:08:37
2026-07-01 18:30:19 | [8:20:25] [###################-----]  79.7% | step   7860/9860 | ep 7 | masked | loss  2.930 | lr 2.04e-03 |  78.90M words |  4290 tok/s | ETA 2:07:20
2026-07-01 18:31:32 | [8:21:38] [###################-----]  79.9% | step   7880/9860 | ep 7 | masked | loss  3.001 | lr 2.00e-03 |  79.10M words |  4290 tok/s | ETA 2:06:02
2026-07-01 18:32:50 | [8:22:56] [###################-----]  80.1% | step   7900/9860 | ep 8 | masked | loss  2.888 | lr 1.96e-03 |  79.30M words |  4290 tok/s | ETA 2:04:46
2026-07-01 18:34:05 | [8:24:10] [###################-----]  80.3% | step   7920/9860 | ep 8 | masked | loss  2.553 | lr 1.92e-03 |  79.50M words |  4291 tok/s | ETA 2:03:29
2026-07-01 18:35:19 | [8:25:25] [###################-----]  80.5% | step   7940/9860 | ep 8 | masked | loss  2.660 | lr 1.89e-03 |  79.70M words |  4291 tok/s | ETA 2:02:13
2026-07-01 18:36:34 | [8:26:39] [###################-----]  80.7% | step   7960/9860 | ep 8 | masked | loss  2.531 | lr 1.85e-03 |  79.91M words |  4291 tok/s | ETA 2:00:56
2026-07-01 18:37:11 |   >> saved checkpoint chck_80M at 80.01M words
2026-07-01 18:37:47 | [8:27:53] [###################-----]  80.9% | step   7980/9860 | ep 8 | masked | loss  3.010 | lr 1.81e-03 |  80.11M words |  4292 tok/s | ETA 1:59:39
2026-07-01 18:39:00 | [8:29:05] [###################-----]  81.1% | step   8000/9860 | ep 8 | masked | loss  2.785 | lr 1.77e-03 |  80.31M words |  4292 tok/s | ETA 1:58:21
2026-07-01 18:40:12 | [8:30:18] [###################-----]  81.3% | step   8020/9860 | ep 8 | masked | loss  2.678 | lr 1.74e-03 |  80.51M words |  4293 tok/s | ETA 1:57:04
2026-07-01 18:41:26 | [8:31:31] [###################-----]  81.5% | step   8040/9860 | ep 8 | masked | loss  2.550 | lr 1.70e-03 |  80.71M words |  4293 tok/s | ETA 1:55:47
2026-07-01 18:42:38 | [8:32:44] [###################-----]  81.7% | step   8060/9860 | ep 8 | masked | loss  2.824 | lr 1.66e-03 |  80.91M words |  4294 tok/s | ETA 1:54:30
2026-07-01 18:43:51 | [8:33:57] [###################-----]  81.9% | step   8080/9860 | ep 8 | masked | loss  2.557 | lr 1.63e-03 |  81.11M words |  4294 tok/s | ETA 1:53:13
2026-07-01 18:45:04 | [8:35:10] [###################-----]  82.2% | step   8100/9860 | ep 8 | masked | loss  2.667 | lr 1.59e-03 |  81.31M words |  4294 tok/s | ETA 1:51:56
2026-07-01 18:46:17 | [8:36:22] [###################-----]  82.4% | step   8120/9860 | ep 8 | masked | loss  2.566 | lr 1.56e-03 |  81.51M words |  4295 tok/s | ETA 1:50:39
2026-07-01 18:47:31 | [8:37:36] [###################-----]  82.6% | step   8140/9860 | ep 8 | masked | loss  2.691 | lr 1.52e-03 |  81.71M words |  4295 tok/s | ETA 1:49:22
2026-07-01 18:48:43 | [8:38:49] [###################-----]  82.8% | step   8160/9860 | ep 8 | causal | loss  3.652 | lr 1.49e-03 |  81.91M words |  4296 tok/s | ETA 1:48:05
2026-07-01 18:49:57 | [8:40:02] [###################-----]  83.0% | step   8180/9860 | ep 8 | masked | loss  2.469 | lr 1.45e-03 |  82.11M words |  4296 tok/s | ETA 1:46:48
2026-07-01 18:51:09 | [8:41:15] [###################-----]  83.2% | step   8200/9860 | ep 8 | masked | loss  2.912 | lr 1.42e-03 |  82.31M words |  4297 tok/s | ETA 1:45:31
2026-07-01 18:52:22 | [8:42:27] [####################----]  83.4% | step   8220/9860 | ep 8 | masked | loss  2.537 | lr 1.39e-03 |  82.51M words |  4297 tok/s | ETA 1:44:14
2026-07-01 18:53:34 | [8:43:39] [####################----]  83.6% | step   8240/9860 | ep 8 | masked | loss  2.742 | lr 1.36e-03 |  82.72M words |  4298 tok/s | ETA 1:42:57
2026-07-01 18:54:47 | [8:44:53] [####################----]  83.8% | step   8260/9860 | ep 8 | masked | loss  2.426 | lr 1.32e-03 |  82.92M words |  4298 tok/s | ETA 1:41:40
2026-07-01 18:56:00 | [8:46:05] [####################----]  84.0% | step   8280/9860 | ep 8 | masked | loss  2.648 | lr 1.29e-03 |  83.12M words |  4299 tok/s | ETA 1:40:23
2026-07-01 18:57:12 | [8:47:18] [####################----]  84.2% | step   8300/9860 | ep 8 | masked | loss  2.516 | lr 1.26e-03 |  83.32M words |  4299 tok/s | ETA 1:39:06
2026-07-01 18:58:27 | [8:48:32] [####################----]  84.4% | step   8320/9860 | ep 8 | masked | loss  2.394 | lr 1.23e-03 |  83.52M words |  4299 tok/s | ETA 1:37:49
2026-07-01 18:59:42 | [8:49:47] [####################----]  84.6% | step   8340/9860 | ep 8 | masked | loss  2.521 | lr 1.20e-03 |  83.72M words |  4300 tok/s | ETA 1:36:33
2026-07-01 19:00:57 | [8:51:02] [####################----]  84.8% | step   8360/9860 | ep 8 | masked | loss  3.033 | lr 1.17e-03 |  83.92M words |  4300 tok/s | ETA 1:35:17
2026-07-01 19:02:13 | [8:52:18] [####################----]  85.0% | step   8380/9860 | ep 8 | masked | loss  3.119 | lr 1.14e-03 |  84.12M words |  4300 tok/s | ETA 1:34:00
2026-07-01 19:03:28 | [8:53:33] [####################----]  85.2% | step   8400/9860 | ep 8 | causal | loss  3.731 | lr 1.11e-03 |  84.32M words |  4300 tok/s | ETA 1:32:44
2026-07-01 19:04:43 | [8:54:48] [####################----]  85.4% | step   8420/9860 | ep 8 | masked | loss  2.301 | lr 1.08e-03 |  84.52M words |  4300 tok/s | ETA 1:31:27
2026-07-01 19:05:58 | [8:56:03] [####################----]  85.6% | step   8440/9860 | ep 8 | masked | loss  2.830 | lr 1.05e-03 |  84.72M words |  4300 tok/s | ETA 1:30:11
2026-07-01 19:07:13 | [8:57:18] [####################----]  85.8% | step   8460/9860 | ep 8 | causal | loss  3.896 | lr 1.02e-03 |  84.92M words |  4300 tok/s | ETA 1:28:55
2026-07-01 19:08:28 | [8:58:33] [####################----]  86.0% | step   8480/9860 | ep 8 | masked | loss  2.689 | lr 9.90e-04 |  85.12M words |  4301 tok/s | ETA 1:27:38
2026-07-01 19:09:43 | [8:59:48] [####################----]  86.2% | step   8500/9860 | ep 8 | masked | loss  2.936 | lr 9.62e-04 |  85.32M words |  4301 tok/s | ETA 1:26:22
2026-07-01 19:10:58 | [9:01:03] [####################----]  86.4% | step   8520/9860 | ep 8 | masked | loss  2.434 | lr 9.34e-04 |  85.53M words |  4301 tok/s | ETA 1:25:05
2026-07-01 19:12:13 | [9:02:18] [####################----]  86.6% | step   8540/9860 | ep 8 | masked | loss  3.007 | lr 9.07e-04 |  85.73M words |  4301 tok/s | ETA 1:23:49
2026-07-01 19:13:28 | [9:03:33] [####################----]  86.8% | step   8560/9860 | ep 8 | masked | loss  2.926 | lr 8.80e-04 |  85.93M words |  4301 tok/s | ETA 1:22:32
2026-07-01 19:14:42 | [9:04:47] [####################----]  87.0% | step   8580/9860 | ep 8 | causal | loss  3.753 | lr 8.53e-04 |  86.13M words |  4302 tok/s | ETA 1:21:16
2026-07-01 19:15:57 | [9:06:03] [####################----]  87.2% | step   8600/9860 | ep 8 | masked | loss  2.481 | lr 8.27e-04 |  86.33M words |  4302 tok/s | ETA 1:20:00
2026-07-01 19:17:12 | [9:07:18] [####################----]  87.4% | step   8620/9860 | ep 8 | masked | loss  2.617 | lr 8.02e-04 |  86.53M words |  4302 tok/s | ETA 1:18:43
2026-07-01 19:18:27 | [9:08:33] [#####################---]  87.6% | step   8640/9860 | ep 8 | masked | loss  2.976 | lr 7.76e-04 |  86.73M words |  4302 tok/s | ETA 1:17:27
2026-07-01 19:19:42 | [9:09:48] [#####################---]  87.8% | step   8660/9860 | ep 8 | causal | loss  3.829 | lr 7.51e-04 |  86.93M words |  4302 tok/s | ETA 1:16:11
2026-07-01 19:20:57 | [9:11:03] [#####################---]  88.0% | step   8680/9860 | ep 8 | masked | loss  2.451 | lr 7.27e-04 |  87.13M words |  4302 tok/s | ETA 1:14:54
2026-07-01 19:22:12 | [9:12:17] [#####################---]  88.2% | step   8700/9860 | ep 8 | masked | loss  2.584 | lr 7.03e-04 |  87.33M words |  4302 tok/s | ETA 1:13:38
2026-07-01 19:23:27 | [9:13:32] [#####################---]  88.4% | step   8720/9860 | ep 8 | masked | loss  2.747 | lr 6.79e-04 |  87.53M words |  4303 tok/s | ETA 1:12:22
2026-07-01 19:24:42 | [9:14:48] [#####################---]  88.6% | step   8740/9860 | ep 8 | masked | loss  2.777 | lr 6.56e-04 |  87.73M words |  4303 tok/s | ETA 1:11:05
2026-07-01 19:25:57 | [9:16:03] [#####################---]  88.8% | step   8760/9860 | ep 8 | masked | loss  2.689 | lr 6.33e-04 |  87.93M words |  4303 tok/s | ETA 1:09:49
2026-07-01 19:27:12 | [9:17:18] [#####################---]  89.0% | step   8780/9860 | ep 8 | masked | loss  2.444 | lr 6.10e-04 |  88.13M words |  4303 tok/s | ETA 1:08:33
2026-07-01 19:28:27 | [9:18:33] [#####################---]  89.2% | step   8800/9860 | ep 8 | masked | loss  2.528 | lr 5.88e-04 |  88.34M words |  4303 tok/s | ETA 1:07:16
2026-07-01 19:29:42 | [9:19:48] [#####################---]  89.5% | step   8820/9860 | ep 8 | masked | loss  2.785 | lr 5.66e-04 |  88.54M words |  4303 tok/s | ETA 1:06:00
2026-07-01 19:30:57 | [9:21:03] [#####################---]  89.7% | step   8840/9860 | ep 8 | masked | loss  2.438 | lr 5.45e-04 |  88.74M words |  4303 tok/s | ETA 1:04:44
2026-07-01 19:32:12 | [9:22:18] [#####################---]  89.9% | step   8860/9860 | ep 8 | masked | loss  2.713 | lr 5.24e-04 |  88.94M words |  4304 tok/s | ETA 1:03:27
2026-07-01 19:33:28 | [9:23:33] [#####################---]  90.1% | step   8880/9860 | ep 9 | masked | loss  2.924 | lr 5.03e-04 |  89.14M words |  4304 tok/s | ETA 1:02:11
2026-07-01 19:34:43 | [9:24:48] [#####################---]  90.3% | step   8900/9860 | ep 9 | masked | loss  3.123 | lr 4.83e-04 |  89.34M words |  4304 tok/s | ETA 1:00:55
2026-07-01 19:35:59 | [9:26:04] [#####################---]  90.5% | step   8920/9860 | ep 9 | masked | loss  2.291 | lr 4.63e-04 |  89.54M words |  4304 tok/s | ETA 0:59:39
2026-07-01 19:37:14 | [9:27:19] [#####################---]  90.7% | step   8940/9860 | ep 9 | masked | loss  2.503 | lr 4.44e-04 |  89.74M words |  4304 tok/s | ETA 0:58:22
2026-07-01 19:38:29 | [9:28:34] [#####################---]  90.9% | step   8960/9860 | ep 9 | masked | loss  2.821 | lr 4.25e-04 |  89.94M words |  4304 tok/s | ETA 0:57:06
2026-07-01 19:38:52 |   >> saved checkpoint chck_90M at 90.00M words
2026-07-01 19:39:44 | [9:29:49] [#####################---]  91.1% | step   8980/9860 | ep 9 | masked | loss  2.440 | lr 4.06e-04 |  90.14M words |  4304 tok/s | ETA 0:55:50
2026-07-01 19:40:57 | [9:31:02] [#####################---]  91.3% | step   9000/9860 | ep 9 | masked | loss  2.742 | lr 3.88e-04 |  90.34M words |  4305 tok/s | ETA 0:54:33
2026-07-01 19:42:11 | [9:32:16] [#####################---]  91.5% | step   9020/9860 | ep 9 | causal | loss  3.850 | lr 3.71e-04 |  90.55M words |  4305 tok/s | ETA 0:53:17
2026-07-01 19:43:26 | [9:33:32] [######################--]  91.7% | step   9040/9860 | ep 9 | masked | loss  2.831 | lr 3.53e-04 |  90.75M words |  4305 tok/s | ETA 0:52:01
2026-07-01 19:44:41 | [9:34:47] [######################--]  91.9% | step   9060/9860 | ep 9 | masked | loss  2.760 | lr 3.36e-04 |  90.95M words |  4305 tok/s | ETA 0:50:45
2026-07-01 19:45:56 | [9:36:02] [######################--]  92.1% | step   9080/9860 | ep 9 | masked | loss  2.447 | lr 3.20e-04 |  91.15M words |  4305 tok/s | ETA 0:49:28
2026-07-01 19:47:11 | [9:37:17] [######################--]  92.3% | step   9100/9860 | ep 9 | masked | loss  2.872 | lr 3.04e-04 |  91.35M words |  4306 tok/s | ETA 0:48:12
2026-07-01 19:48:26 | [9:38:32] [######################--]  92.5% | step   9120/9860 | ep 9 | masked | loss  2.816 | lr 2.88e-04 |  91.55M words |  4306 tok/s | ETA 0:46:56
2026-07-01 19:49:41 | [9:39:47] [######################--]  92.7% | step   9140/9860 | ep 9 | masked | loss  2.498 | lr 2.73e-04 |  91.75M words |  4306 tok/s | ETA 0:45:40
2026-07-01 19:50:56 | [9:41:02] [######################--]  92.9% | step   9160/9860 | ep 9 | masked | loss  2.865 | lr 2.58e-04 |  91.95M words |  4306 tok/s | ETA 0:44:24
2026-07-01 19:52:11 | [9:42:17] [######################--]  93.1% | step   9180/9860 | ep 9 | masked | loss  2.488 | lr 2.43e-04 |  92.15M words |  4306 tok/s | ETA 0:43:07
2026-07-01 19:53:26 | [9:43:32] [######################--]  93.3% | step   9200/9860 | ep 9 | masked | loss  2.599 | lr 2.29e-04 |  92.35M words |  4306 tok/s | ETA 0:41:51
2026-07-01 19:54:41 | [9:44:47] [######################--]  93.5% | step   9220/9860 | ep 9 | masked | loss  2.665 | lr 2.16e-04 |  92.55M words |  4306 tok/s | ETA 0:40:35
2026-07-01 19:55:56 | [9:46:02] [######################--]  93.7% | step   9240/9860 | ep 9 | masked | loss  2.828 | lr 2.02e-04 |  92.75M words |  4306 tok/s | ETA 0:39:19
2026-07-01 19:57:11 | [9:47:17] [######################--]  93.9% | step   9260/9860 | ep 9 | masked | loss  2.349 | lr 1.90e-04 |  92.95M words |  4307 tok/s | ETA 0:38:03
2026-07-01 19:58:26 | [9:48:32] [######################--]  94.1% | step   9280/9860 | ep 9 | masked | loss  3.138 | lr 1.77e-04 |  93.15M words |  4307 tok/s | ETA 0:36:47
2026-07-01 19:59:41 | [9:49:46] [######################--]  94.3% | step   9300/9860 | ep 9 | masked | loss  2.664 | lr 1.65e-04 |  93.36M words |  4307 tok/s | ETA 0:35:30
2026-07-01 20:00:56 | [9:51:01] [######################--]  94.5% | step   9320/9860 | ep 9 | masked | loss  2.361 | lr 1.54e-04 |  93.56M words |  4307 tok/s | ETA 0:34:14
2026-07-01 20:02:11 | [9:52:16] [######################--]  94.7% | step   9340/9860 | ep 9 | masked | loss  2.876 | lr 1.43e-04 |  93.76M words |  4307 tok/s | ETA 0:32:58
2026-07-01 20:03:26 | [9:53:31] [######################--]  94.9% | step   9360/9860 | ep 9 | masked | loss  2.622 | lr 1.32e-04 |  93.96M words |  4307 tok/s | ETA 0:31:42
2026-07-01 20:04:41 | [9:54:46] [######################--]  95.1% | step   9380/9860 | ep 9 | masked | loss  2.508 | lr 1.22e-04 |  94.16M words |  4307 tok/s | ETA 0:30:26
2026-07-01 20:05:56 | [9:56:01] [######################--]  95.3% | step   9400/9860 | ep 9 | masked | loss  2.787 | lr 1.12e-04 |  94.36M words |  4308 tok/s | ETA 0:29:10
2026-07-01 20:07:10 | [9:57:16] [######################--]  95.5% | step   9420/9860 | ep 9 | masked | loss  2.961 | lr 1.02e-04 |  94.56M words |  4308 tok/s | ETA 0:27:53
2026-07-01 20:08:25 | [9:58:31] [######################--]  95.7% | step   9440/9860 | ep 9 | masked | loss  2.691 | lr 9.31e-05 |  94.76M words |  4308 tok/s | ETA 0:26:37
2026-07-01 20:09:40 | [9:59:45] [#######################-]  95.9% | step   9460/9860 | ep 9 | masked | loss  2.811 | lr 8.44e-05 |  94.96M words |  4308 tok/s | ETA 0:25:21
2026-07-01 20:10:55 | [10:01:00] [#######################-]  96.1% | step   9480/9860 | ep 9 | masked | loss  2.796 | lr 7.62e-05 |  95.16M words |  4308 tok/s | ETA 0:24:05
2026-07-01 20:12:10 | [10:02:15] [#######################-]  96.3% | step   9500/9860 | ep 9 | masked | loss  2.535 | lr 6.84e-05 |  95.36M words |  4308 tok/s | ETA 0:22:49
2026-07-01 20:13:25 | [10:03:30] [#######################-]  96.6% | step   9520/9860 | ep 9 | masked | loss  2.976 | lr 6.10e-05 |  95.56M words |  4308 tok/s | ETA 0:21:33
2026-07-01 20:14:40 | [10:04:45] [#######################-]  96.8% | step   9540/9860 | ep 9 | masked | loss  2.502 | lr 5.41e-05 |  95.76M words |  4309 tok/s | ETA 0:20:17
2026-07-01 20:15:55 | [10:06:00] [#######################-]  97.0% | step   9560/9860 | ep 9 | masked | loss  2.537 | lr 4.75e-05 |  95.96M words |  4309 tok/s | ETA 0:19:01
2026-07-01 20:17:10 | [10:07:16] [#######################-]  97.2% | step   9580/9860 | ep 9 | masked | loss  2.796 | lr 4.14e-05 |  96.17M words |  4309 tok/s | ETA 0:17:44
2026-07-01 20:18:25 | [10:08:30] [#######################-]  97.4% | step   9600/9860 | ep 9 | masked | loss  3.191 | lr 3.57e-05 |  96.37M words |  4309 tok/s | ETA 0:16:28
2026-07-01 20:19:40 | [10:09:45] [#######################-]  97.6% | step   9620/9860 | ep 9 | causal | loss  3.646 | lr 3.04e-05 |  96.57M words |  4309 tok/s | ETA 0:15:12
2026-07-01 20:20:55 | [10:11:00] [#######################-]  97.8% | step   9640/9860 | ep 9 | masked | loss  2.362 | lr 2.56e-05 |  96.77M words |  4309 tok/s | ETA 0:13:56
2026-07-01 20:22:10 | [10:12:15] [#######################-]  98.0% | step   9660/9860 | ep 9 | masked | loss  2.512 | lr 2.11e-05 |  96.97M words |  4309 tok/s | ETA 0:12:40
2026-07-01 20:23:26 | [10:13:31] [#######################-]  98.2% | step   9680/9860 | ep 9 | masked | loss  2.139 | lr 1.71e-05 |  97.17M words |  4309 tok/s | ETA 0:11:24
2026-07-01 20:24:41 | [10:14:46] [#######################-]  98.4% | step   9700/9860 | ep 9 | masked | loss  2.932 | lr 1.35e-05 |  97.37M words |  4309 tok/s | ETA 0:10:08
2026-07-01 20:25:56 | [10:16:01] [#######################-]  98.6% | step   9720/9860 | ep 9 | masked | loss  2.901 | lr 1.04e-05 |  97.57M words |  4310 tok/s | ETA 0:08:52
2026-07-01 20:27:11 | [10:17:16] [#######################-]  98.8% | step   9740/9860 | ep 9 | masked | loss  2.752 | lr 7.61e-06 |  97.77M words |  4310 tok/s | ETA 0:07:36
2026-07-01 20:28:26 | [10:18:31] [#######################-]  99.0% | step   9760/9860 | ep 9 | masked | loss  2.764 | lr 5.28e-06 |  97.97M words |  4310 tok/s | ETA 0:06:20
2026-07-01 20:29:41 | [10:19:46] [#######################-]  99.2% | step   9780/9860 | ep 9 | masked | loss  2.587 | lr 3.38e-06 |  98.17M words |  4310 tok/s | ETA 0:05:04
2026-07-01 20:30:56 | [10:21:01] [#######################-]  99.4% | step   9800/9860 | ep 9 | masked | loss  2.818 | lr 1.90e-06 |  98.37M words |  4310 tok/s | ETA 0:03:48
2026-07-01 20:32:11 | [10:22:17] [#######################-]  99.6% | step   9820/9860 | ep 9 | causal | loss  3.887 | lr 8.46e-07 |  98.57M words |  4310 tok/s | ETA 0:02:32
2026-07-01 20:33:26 | [10:23:32] [#######################-]  99.8% | step   9840/9860 | ep 9 | masked | loss  2.767 | lr 2.11e-07 |  98.77M words |  4310 tok/s | ETA 0:01:16
2026-07-01 20:34:41 | [10:24:47] [########################] 100.0% | step   9860/9860 | ep 9 | masked | loss  2.576 | lr 0.00e+00 |  98.98M words |  4310 tok/s | ETA 0:00:00
2026-07-01 20:34:42 | DONE: 9860 steps | 98.98M words seen | 10:24:47 elapsed | saved /Users/admin1/Downloads/babylm-eval/checkpoints/gptbert_small_muon_v1/final
