2026-07-02 17:07:38 | === run 'gptbert_small_slm_v1' | device=mps | config=small (33.0M params) ===
2026-07-02 17:07:38 | seq_len=128 batch=32 grad_accum=4 (eff batch 128) | lr=0.0005 | epochs=10
2026-07-02 17:07:38 | blocks/epoch=126,267 | steps/epoch=986 | max_steps=9,860 | ~163M tokens over 10 epochs
2026-07-02 17:07:38 | live log: /Users/admin1/Downloads/babylm-eval/checkpoints/gptbert_small_slm_v1/train.log
2026-07-02 17:07:38 | optimizer: AdamW (lr=0.0005)
2026-07-02 17:07:38 | SLM ON | ref=/Users/admin1/Downloads/babylm-eval/data/processed/ref_nll_final.pt | keep top 60% of tokens by excess loss (mean scored ref NLL 3.285)
2026-07-02 17:07:44 | [0:00:06] [------------------------]   0.0% | step      1/9860 | ep 0 | masked | loss  9.883 | all  9.822 | lr 2.54e-06 |   0.01M words |  2677 tok/s | ETA 16:45:39
2026-07-02 17:09:18 | [0:01:40] [------------------------]   0.2% | step     20/9860 | ep 0 | masked | loss  9.016 | all  8.826 | lr 5.08e-05 |   0.20M words |  3259 tok/s | ETA 13:44:25
2026-07-02 17:10:53 | [0:03:14] [------------------------]   0.4% | step     40/9860 | ep 0 | masked | loss  8.480 | all  7.921 | lr 1.02e-04 |   0.40M words |  3364 tok/s | ETA 13:17:06
2026-07-02 17:12:25 | [0:04:47] [------------------------]   0.6% | step     60/9860 | ep 0 | masked | loss  7.499 | all  6.918 | lr 1.52e-04 |   0.60M words |  3420 tok/s | ETA 13:02:23
2026-07-02 17:13:58 | [0:06:20] [------------------------]   0.8% | step     80/9860 | ep 0 | masked | loss  7.046 | all  6.159 | lr 2.03e-04 |   0.80M words |  3449 tok/s | ETA 12:54:18
2026-07-02 17:15:27 | [0:07:49] [------------------------]   1.0% | step    100/9860 | ep 0 | masked | loss  7.054 | all  6.108 | lr 2.54e-04 |   1.00M words |  3491 tok/s | ETA 12:43:22
2026-07-02 17:15:28 |   >> saved checkpoint chck_1M at 1.00M words
2026-07-02 17:16:58 | [0:09:19] [------------------------]   1.2% | step    120/9860 | ep 0 | masked | loss  7.021 | all  5.756 | lr 3.05e-04 |   1.20M words |  3511 tok/s | ETA 12:37:31
2026-07-02 17:18:28 | [0:10:49] [------------------------]   1.4% | step    140/9860 | ep 0 | masked | loss  6.293 | all  5.079 | lr 3.55e-04 |   1.41M words |  3529 tok/s | ETA 12:32:04
2026-07-02 17:20:00 | [0:12:22] [------------------------]   1.6% | step    160/9860 | ep 0 | masked | loss  6.737 | all  5.462 | lr 4.06e-04 |   1.61M words |  3532 tok/s | ETA 12:29:53
2026-07-02 17:21:31 | [0:13:53] [------------------------]   1.8% | step    180/9860 | ep 0 | masked | loss  6.213 | all  5.013 | lr 4.57e-04 |   1.81M words |  3539 tok/s | ETA 12:26:49
2026-07-02 17:23:02 | [0:15:24] [------------------------]   2.0% | step    200/9860 | ep 0 | masked | loss  6.432 | all  5.115 | lr 5.00e-04 |   2.01M words |  3545 tok/s | ETA 12:24:11
2026-07-02 17:23:03 |   >> saved checkpoint chck_2M at 2.01M words
2026-07-02 17:24:32 | [0:16:54] [------------------------]   2.2% | step    220/9860 | ep 0 | masked | loss  6.257 | all  4.793 | lr 5.00e-04 |   2.21M words |  3555 tok/s | ETA 12:20:31
2026-07-02 17:26:02 | [0:18:24] [------------------------]   2.4% | step    240/9860 | ep 0 | masked | loss  6.137 | all  4.882 | lr 5.00e-04 |   2.41M words |  3560 tok/s | ETA 12:17:52
2026-07-02 17:27:34 | [0:19:56] [------------------------]   2.6% | step    260/9860 | ep 0 | masked | loss  5.916 | all  4.635 | lr 5.00e-04 |   2.61M words |  3561 tok/s | ETA 12:16:07
2026-07-02 17:29:03 | [0:21:25] [------------------------]   2.8% | step    280/9860 | ep 0 | masked | loss  5.163 | all  4.268 | lr 5.00e-04 |   2.81M words |  3570 tok/s | ETA 12:12:50
2026-07-02 17:30:30 |   >> saved checkpoint chck_3M at 3.00M words
2026-07-02 17:30:35 | [0:22:56] [------------------------]   3.0% | step    300/9860 | ep 0 | masked | loss  5.851 | all  4.665 | lr 5.00e-04 |   3.01M words |  3570 tok/s | ETA 12:11:15
2026-07-02 17:32:04 | [0:24:26] [------------------------]   3.2% | step    320/9860 | ep 0 | masked | loss  5.203 | all  4.143 | lr 5.00e-04 |   3.21M words |  3576 tok/s | ETA 12:08:31
2026-07-02 17:33:32 | [0:25:54] [------------------------]   3.4% | step    340/9860 | ep 0 | masked | loss  5.836 | all  4.467 | lr 5.00e-04 |   3.41M words |  3583 tok/s | ETA 12:05:28
2026-07-02 17:35:02 | [0:27:24] [------------------------]   3.7% | step    360/9860 | ep 0 | masked | loss  5.526 | all  4.665 | lr 5.00e-04 |   3.61M words |  3587 tok/s | ETA 12:03:10
2026-07-02 17:36:33 | [0:28:54] [------------------------]   3.9% | step    380/9860 | ep 0 | masked | loss  4.884 | all  4.061 | lr 5.00e-04 |   3.81M words |  3589 tok/s | ETA 12:01:17
2026-07-02 17:37:58 |   >> saved checkpoint chck_4M at 4.00M words
2026-07-02 17:38:03 | [0:30:25] [------------------------]   4.1% | step    400/9860 | ep 0 | masked | loss  4.945 | all  4.263 | lr 4.99e-04 |   4.01M words |  3590 tok/s | ETA 11:59:27
2026-07-02 17:39:37 | [0:31:58] [#-----------------------]   4.3% | step    420/9860 | ep 0 | masked | loss  4.532 | all  3.980 | lr 4.99e-04 |   4.22M words |  3586 tok/s | ETA 11:58:49
2026-07-02 17:41:07 | [0:33:29] [#-----------------------]   4.5% | step    440/9860 | ep 0 | masked | loss  4.310 | all  3.777 | lr 4.99e-04 |   4.42M words |  3588 tok/s | ETA 11:56:53
2026-07-02 17:42:37 | [0:34:58] [#-----------------------]   4.7% | step    460/9860 | ep 0 | masked | loss  4.772 | all  4.210 | lr 4.99e-04 |   4.62M words |  3591 tok/s | ETA 11:54:46
2026-07-02 17:44:06 | [0:36:28] [#-----------------------]   4.9% | step    480/9860 | ep 0 | masked | loss  4.782 | all  4.141 | lr 4.99e-04 |   4.82M words |  3594 tok/s | ETA 11:52:44
2026-07-02 17:45:33 |   >> saved checkpoint chck_5M at 5.01M words
2026-07-02 17:45:37 | [0:37:59] [#-----------------------]   5.1% | step    500/9860 | ep 0 | masked | loss  4.852 | all  4.098 | lr 4.99e-04 |   5.02M words |  3594 tok/s | ETA 11:51:11
2026-07-02 17:47:08 | [0:39:29] [#-----------------------]   5.3% | step    520/9860 | ep 0 | masked | loss  4.774 | all  3.937 | lr 4.99e-04 |   5.22M words |  3595 tok/s | ETA 11:49:27
2026-07-02 17:48:39 | [0:41:01] [#-----------------------]   5.5% | step    540/9860 | ep 0 | masked | loss  4.048 | all  3.722 | lr 4.98e-04 |   5.42M words |  3595 tok/s | ETA 11:47:55
2026-07-02 17:50:10 | [0:42:32] [#-----------------------]   5.7% | step    560/9860 | ep 0 | masked | loss  4.779 | all  4.042 | lr 4.98e-04 |   5.62M words |  3595 tok/s | ETA 11:46:26
2026-07-02 17:51:41 | [0:44:02] [#-----------------------]   5.9% | step    580/9860 | ep 0 | masked | loss  4.470 | all  3.828 | lr 4.98e-04 |   5.82M words |  3596 tok/s | ETA 11:44:43
2026-07-02 17:53:02 |   >> saved checkpoint chck_6M at 6.00M words
2026-07-02 17:53:11 | [0:45:33] [#-----------------------]   6.1% | step    600/9860 | ep 0 | masked | loss  4.568 | all  3.998 | lr 4.98e-04 |   6.02M words |  3597 tok/s | ETA 11:43:00
2026-07-02 17:54:41 | [0:47:02] [#-----------------------]   6.3% | step    620/9860 | ep 0 | masked | loss  4.844 | all  4.308 | lr 4.98e-04 |   6.22M words |  3599 tok/s | ETA 11:41:06
2026-07-02 17:56:11 | [0:48:32] [#-----------------------]   6.5% | step    640/9860 | ep 0 | masked | loss  4.658 | all  4.058 | lr 4.97e-04 |   6.42M words |  3600 tok/s | ETA 11:39:20
2026-07-02 17:57:40 | [0:50:01] [#-----------------------]   6.7% | step    660/9860 | ep 0 | causal | loss  5.016 | all  3.902 | lr 4.97e-04 |   6.62M words |  3602 tok/s | ETA 11:37:23
2026-07-02 17:59:11 | [0:51:32] [#-----------------------]   6.9% | step    680/9860 | ep 0 | masked | loss  4.572 | all  3.994 | lr 4.97e-04 |   6.82M words |  3602 tok/s | ETA 11:35:52
2026-07-02 18:00:32 |   >> saved checkpoint chck_7M at 7.00M words
2026-07-02 18:00:41 | [0:53:03] [#-----------------------]   7.1% | step    700/9860 | ep 0 | masked | loss  4.664 | all  4.132 | lr 4.97e-04 |   7.03M words |  3603 tok/s | ETA 11:34:15
2026-07-02 18:02:12 | [0:54:33] [#-----------------------]   7.3% | step    720/9860 | ep 0 | masked | loss  4.458 | all  3.910 | lr 4.96e-04 |   7.23M words |  3603 tok/s | ETA 11:32:37
2026-07-02 18:03:41 | [0:56:03] [#-----------------------]   7.5% | step    740/9860 | ep 0 | masked | loss  4.489 | all  3.923 | lr 4.96e-04 |   7.43M words |  3605 tok/s | ETA 11:30:51
2026-07-02 18:05:13 | [0:57:34] [#-----------------------]   7.7% | step    760/9860 | ep 0 | masked | loss  4.458 | all  3.951 | lr 4.96e-04 |   7.63M words |  3604 tok/s | ETA 11:29:26
2026-07-02 18:06:44 | [0:59:05] [#-----------------------]   7.9% | step    780/9860 | ep 0 | masked | loss  4.477 | all  4.041 | lr 4.96e-04 |   7.83M words |  3604 tok/s | ETA 11:27:55
2026-07-02 18:08:06 |   >> saved checkpoint chck_8M at 8.01M words
2026-07-02 18:08:15 | [1:00:37] [#-----------------------]   8.1% | step    800/9860 | ep 0 | masked | loss  3.572 | all  3.307 | lr 4.95e-04 |   8.03M words |  3604 tok/s | ETA 11:26:32
2026-07-02 18:09:45 | [1:02:07] [#-----------------------]   8.3% | step    820/9860 | ep 0 | masked | loss  4.722 | all  3.990 | lr 4.95e-04 |   8.23M words |  3605 tok/s | ETA 11:24:49
2026-07-02 18:11:17 | [1:03:38] [##----------------------]   8.5% | step    840/9860 | ep 0 | masked | loss  4.184 | all  3.702 | lr 4.95e-04 |   8.43M words |  3604 tok/s | ETA 11:23:25
2026-07-02 18:12:50 | [1:05:11] [##----------------------]   8.7% | step    860/9860 | ep 0 | masked | loss  4.447 | all  4.028 | lr 4.94e-04 |   8.63M words |  3602 tok/s | ETA 11:22:16
2026-07-02 18:14:21 | [1:06:43] [##----------------------]   8.9% | step    880/9860 | ep 0 | masked | loss  4.291 | all  3.836 | lr 4.94e-04 |   8.83M words |  3601 tok/s | ETA 11:20:53
2026-07-02 18:15:39 |   >> saved checkpoint chck_9M at 9.00M words
2026-07-02 18:15:53 | [1:08:15] [##----------------------]   9.1% | step    900/9860 | ep 0 | masked | loss  4.648 | all  4.072 | lr 4.93e-04 |   9.03M words |  3601 tok/s | ETA 11:19:28
2026-07-02 18:17:24 | [1:09:45] [##----------------------]   9.3% | step    920/9860 | ep 0 | masked | loss  4.519 | all  3.997 | lr 4.93e-04 |   9.23M words |  3601 tok/s | ETA 11:17:56
2026-07-02 18:18:55 | [1:11:17] [##----------------------]   9.5% | step    940/9860 | ep 0 | masked | loss  4.344 | all  3.787 | lr 4.93e-04 |   9.43M words |  3601 tok/s | ETA 11:16:27
2026-07-02 18:20:26 | [1:12:48] [##----------------------]   9.7% | step    960/9860 | ep 0 | masked | loss  3.849 | all  3.451 | lr 4.92e-04 |   9.63M words |  3601 tok/s | ETA 11:14:56
2026-07-02 18:21:57 | [1:14:19] [##----------------------]   9.9% | step    980/9860 | ep 0 | masked | loss  3.504 | all  3.264 | lr 4.92e-04 |   9.84M words |  3601 tok/s | ETA 11:13:28
2026-07-02 18:23:16 |   >> saved checkpoint chck_10M at 10.01M words
2026-07-02 18:23:30 | [1:15:52] [##----------------------]  10.1% | step   1000/9860 | ep 1 | masked | loss  4.070 | all  3.729 | lr 4.92e-04 |  10.04M words |  3600 tok/s | ETA 11:12:14
2026-07-02 18:25:01 | [1:17:23] [##----------------------]  10.3% | step   1020/9860 | ep 1 | masked | loss  4.142 | all  3.808 | lr 4.91e-04 |  10.24M words |  3600 tok/s | ETA 11:10:44
2026-07-02 18:26:32 | [1:18:54] [##----------------------]  10.5% | step   1040/9860 | ep 1 | masked | loss  4.291 | all  3.922 | lr 4.91e-04 |  10.44M words |  3600 tok/s | ETA 11:09:08
2026-07-02 18:28:04 | [1:20:26] [##----------------------]  10.8% | step   1060/9860 | ep 1 | causal | loss  5.499 | all  4.495 | lr 4.90e-04 |  10.64M words |  3599 tok/s | ETA 11:07:45
2026-07-02 18:29:36 | [1:21:58] [##----------------------]  11.0% | step   1080/9860 | ep 1 | causal | loss  5.190 | all  4.290 | lr 4.90e-04 |  10.84M words |  3599 tok/s | ETA 11:06:22
2026-07-02 18:31:08 | [1:23:30] [##----------------------]  11.2% | step   1100/9860 | ep 1 | causal | loss  4.941 | all  4.100 | lr 4.89e-04 |  11.04M words |  3598 tok/s | ETA 11:04:57
2026-07-02 18:32:38 | [1:25:00] [##----------------------]  11.4% | step   1120/9860 | ep 1 | masked | loss  4.138 | all  3.813 | lr 4.89e-04 |  11.24M words |  3598 tok/s | ETA 11:03:22
2026-07-02 18:34:09 | [1:26:31] [##----------------------]  11.6% | step   1140/9860 | ep 1 | masked | loss  3.237 | all  3.151 | lr 4.88e-04 |  11.44M words |  3599 tok/s | ETA 11:01:49
2026-07-02 18:35:41 | [1:28:02] [##----------------------]  11.8% | step   1160/9860 | ep 1 | masked | loss  3.829 | all  3.575 | lr 4.88e-04 |  11.64M words |  3598 tok/s | ETA 11:00:21
2026-07-02 18:37:11 | [1:29:33] [##----------------------]  12.0% | step   1180/9860 | ep 1 | masked | loss  3.993 | all  3.578 | lr 4.87e-04 |  11.84M words |  3599 tok/s | ETA 10:58:47
2026-07-02 18:38:44 | [1:31:05] [##----------------------]  12.2% | step   1200/9860 | ep 1 | masked | loss  3.611 | all  3.310 | lr 4.87e-04 |  12.05M words |  3598 tok/s | ETA 10:57:24
2026-07-02 18:40:14 | [1:32:36] [##----------------------]  12.4% | step   1220/9860 | ep 1 | masked | loss  3.880 | all  3.545 | lr 4.86e-04 |  12.25M words |  3598 tok/s | ETA 10:55:48
2026-07-02 18:41:44 | [1:34:06] [###---------------------]  12.6% | step   1240/9860 | ep 1 | masked | loss  4.277 | all  3.700 | lr 4.86e-04 |  12.45M words |  3599 tok/s | ETA 10:54:12
2026-07-02 18:43:15 | [1:35:37] [###---------------------]  12.8% | step   1260/9860 | ep 1 | masked | loss  4.548 | all  4.058 | lr 4.85e-04 |  12.65M words |  3599 tok/s | ETA 10:52:38
2026-07-02 18:44:46 | [1:37:07] [###---------------------]  13.0% | step   1280/9860 | ep 1 | masked | loss  4.029 | all  3.774 | lr 4.85e-04 |  12.85M words |  3599 tok/s | ETA 10:51:05
2026-07-02 18:46:17 | [1:38:39] [###---------------------]  13.2% | step   1300/9860 | ep 1 | masked | loss  4.184 | all  3.826 | lr 4.84e-04 |  13.05M words |  3599 tok/s | ETA 10:49:38
2026-07-02 18:47:50 | [1:40:11] [###---------------------]  13.4% | step   1320/9860 | ep 1 | masked | loss  3.913 | all  3.613 | lr 4.84e-04 |  13.25M words |  3598 tok/s | ETA 10:48:15
2026-07-02 18:49:19 | [1:41:41] [###---------------------]  13.6% | step   1340/9860 | ep 1 | masked | loss  4.109 | all  3.672 | lr 4.83e-04 |  13.45M words |  3599 tok/s | ETA 10:46:32
2026-07-02 18:50:48 | [1:43:10] [###---------------------]  13.8% | step   1360/9860 | ep 1 | masked | loss  3.772 | all  3.457 | lr 4.82e-04 |  13.65M words |  3600 tok/s | ETA 10:44:50
2026-07-02 18:52:19 | [1:44:41] [###---------------------]  14.0% | step   1380/9860 | ep 1 | masked | loss  3.902 | all  3.489 | lr 4.82e-04 |  13.85M words |  3600 tok/s | ETA 10:43:19
2026-07-02 18:53:52 | [1:46:14] [###---------------------]  14.2% | step   1400/9860 | ep 1 | masked | loss  3.835 | all  3.532 | lr 4.81e-04 |  14.05M words |  3599 tok/s | ETA 10:42:00
2026-07-02 18:55:23 | [1:47:44] [###---------------------]  14.4% | step   1420/9860 | ep 1 | masked | loss  4.252 | all  3.901 | lr 4.80e-04 |  14.25M words |  3599 tok/s | ETA 10:40:23
2026-07-02 18:56:53 | [1:49:15] [###---------------------]  14.6% | step   1440/9860 | ep 1 | masked | loss  3.909 | all  3.617 | lr 4.80e-04 |  14.45M words |  3600 tok/s | ETA 10:38:48
2026-07-02 18:58:25 | [1:50:47] [###---------------------]  14.8% | step   1460/9860 | ep 1 | causal | loss  4.860 | all  4.119 | lr 4.79e-04 |  14.65M words |  3599 tok/s | ETA 10:37:24
2026-07-02 18:59:56 | [1:52:18] [###---------------------]  15.0% | step   1480/9860 | ep 1 | masked | loss  3.762 | all  3.437 | lr 4.79e-04 |  14.86M words |  3599 tok/s | ETA 10:35:53
2026-07-02 19:01:27 | [1:53:49] [###---------------------]  15.2% | step   1500/9860 | ep 1 | masked | loss  4.077 | all  3.699 | lr 4.78e-04 |  15.06M words |  3599 tok/s | ETA 10:34:22
2026-07-02 19:02:58 | [1:55:19] [###---------------------]  15.4% | step   1520/9860 | ep 1 | masked | loss  4.206 | all  3.790 | lr 4.77e-04 |  15.26M words |  3600 tok/s | ETA 10:32:47
2026-07-02 19:04:29 | [1:56:51] [###---------------------]  15.6% | step   1540/9860 | ep 1 | masked | loss  3.704 | all  3.359 | lr 4.77e-04 |  15.46M words |  3599 tok/s | ETA 10:31:20
2026-07-02 19:05:59 | [1:58:21] [###---------------------]  15.8% | step   1560/9860 | ep 1 | masked | loss  3.605 | all  3.270 | lr 4.76e-04 |  15.66M words |  3600 tok/s | ETA 10:29:42
2026-07-02 19:07:31 | [1:59:52] [###---------------------]  16.0% | step   1580/9860 | ep 1 | causal | loss  4.487 | all  3.672 | lr 4.75e-04 |  15.86M words |  3600 tok/s | ETA 10:28:13
2026-07-02 19:09:02 | [2:01:24] [###---------------------]  16.2% | step   1600/9860 | ep 1 | masked | loss  3.713 | all  3.517 | lr 4.74e-04 |  16.06M words |  3599 tok/s | ETA 10:26:45
2026-07-02 19:10:32 | [2:02:54] [###---------------------]  16.4% | step   1620/9860 | ep 1 | masked | loss  3.527 | all  3.300 | lr 4.74e-04 |  16.26M words |  3600 tok/s | ETA 10:25:10
2026-07-02 19:12:04 | [2:04:26] [###---------------------]  16.6% | step   1640/9860 | ep 1 | masked | loss  3.678 | all  3.353 | lr 4.73e-04 |  16.46M words |  3599 tok/s | ETA 10:23:41
2026-07-02 19:13:36 | [2:05:57] [####--------------------]  16.8% | step   1660/9860 | ep 1 | masked | loss  3.985 | all  3.700 | lr 4.72e-04 |  16.66M words |  3599 tok/s | ETA 10:22:13
2026-07-02 19:15:05 | [2:07:27] [####--------------------]  17.0% | step   1680/9860 | ep 1 | masked | loss  3.408 | all  3.154 | lr 4.72e-04 |  16.86M words |  3600 tok/s | ETA 10:20:35
2026-07-02 19:16:35 | [2:08:57] [####--------------------]  17.2% | step   1700/9860 | ep 1 | masked | loss  3.349 | all  3.177 | lr 4.71e-04 |  17.06M words |  3600 tok/s | ETA 10:19:00
2026-07-02 19:18:06 | [2:10:28] [####--------------------]  17.4% | step   1720/9860 | ep 1 | masked | loss  3.263 | all  3.165 | lr 4.70e-04 |  17.26M words |  3600 tok/s | ETA 10:17:28
2026-07-02 19:19:37 | [2:11:58] [####--------------------]  17.6% | step   1740/9860 | ep 1 | masked | loss  4.120 | all  3.781 | lr 4.69e-04 |  17.46M words |  3601 tok/s | ETA 10:15:53
2026-07-02 19:21:10 | [2:13:31] [####--------------------]  17.8% | step   1760/9860 | ep 1 | masked | loss  4.297 | all  3.780 | lr 4.68e-04 |  17.67M words |  3600 tok/s | ETA 10:14:32
2026-07-02 19:22:41 | [2:15:03] [####--------------------]  18.1% | step   1780/9860 | ep 1 | masked | loss  3.470 | all  3.291 | lr 4.68e-04 |  17.87M words |  3599 tok/s | ETA 10:13:04
2026-07-02 19:24:13 | [2:16:34] [####--------------------]  18.3% | step   1800/9860 | ep 1 | masked | loss  3.627 | all  3.376 | lr 4.67e-04 |  18.07M words |  3599 tok/s | ETA 10:11:34
2026-07-02 19:25:44 | [2:18:05] [####--------------------]  18.5% | step   1820/9860 | ep 1 | masked | loss  4.045 | all  3.630 | lr 4.66e-04 |  18.27M words |  3599 tok/s | ETA 10:10:03
2026-07-02 19:27:14 | [2:19:36] [####--------------------]  18.7% | step   1840/9860 | ep 1 | masked | loss  3.276 | all  3.085 | lr 4.65e-04 |  18.47M words |  3599 tok/s | ETA 10:08:30
2026-07-02 19:28:44 | [2:21:06] [####--------------------]  18.9% | step   1860/9860 | ep 1 | masked | loss  2.913 | all  2.818 | lr 4.64e-04 |  18.67M words |  3600 tok/s | ETA 10:06:53
2026-07-02 19:30:15 | [2:22:36] [####--------------------]  19.1% | step   1880/9860 | ep 1 | masked | loss  3.733 | all  3.482 | lr 4.64e-04 |  18.87M words |  3600 tok/s | ETA 10:05:21
2026-07-02 19:31:45 | [2:24:07] [####--------------------]  19.3% | step   1900/9860 | ep 1 | causal | loss  4.706 | all  3.909 | lr 4.63e-04 |  19.07M words |  3601 tok/s | ETA 10:03:46
2026-07-02 19:33:15 | [2:25:37] [####--------------------]  19.5% | step   1920/9860 | ep 1 | masked | loss  3.569 | all  3.347 | lr 4.62e-04 |  19.27M words |  3601 tok/s | ETA 10:02:11
2026-07-02 19:34:46 | [2:27:08] [####--------------------]  19.7% | step   1940/9860 | ep 1 | masked | loss  3.744 | all  3.490 | lr 4.61e-04 |  19.47M words |  3601 tok/s | ETA 10:00:40
2026-07-02 19:36:17 | [2:28:39] [####--------------------]  19.9% | step   1960/9860 | ep 1 | masked | loss  3.208 | all  2.981 | lr 4.60e-04 |  19.67M words |  3601 tok/s | ETA 9:59:10
2026-07-02 19:37:49 | [2:30:11] [####--------------------]  20.1% | step   1980/9860 | ep 2 | causal | loss  4.704 | all  3.952 | lr 4.59e-04 |  19.88M words |  3601 tok/s | ETA 9:57:44
2026-07-02 19:38:50 |   >> saved checkpoint chck_20M at 20.01M words
2026-07-02 19:39:23 | [2:31:45] [####--------------------]  20.3% | step   2000/9860 | ep 2 | masked | loss  3.591 | all  3.339 | lr 4.58e-04 |  20.08M words |  3600 tok/s | ETA 9:56:23
2026-07-02 19:40:54 | [2:33:16] [####--------------------]  20.5% | step   2020/9860 | ep 2 | masked | loss  3.464 | all  3.111 | lr 4.57e-04 |  20.28M words |  3600 tok/s | ETA 9:54:52
2026-07-02 19:42:24 | [2:34:46] [####--------------------]  20.7% | step   2040/9860 | ep 2 | masked | loss  3.526 | all  3.260 | lr 4.56e-04 |  20.48M words |  3600 tok/s | ETA 9:53:17
2026-07-02 19:43:53 | [2:36:15] [#####-------------------]  20.9% | step   2060/9860 | ep 2 | masked | loss  3.561 | all  3.324 | lr 4.56e-04 |  20.68M words |  3601 tok/s | ETA 9:51:39
2026-07-02 19:45:23 | [2:37:44] [#####-------------------]  21.1% | step   2080/9860 | ep 2 | causal | loss  4.331 | all  3.635 | lr 4.55e-04 |  20.88M words |  3601 tok/s | ETA 9:50:01
2026-07-02 19:46:52 | [2:39:13] [#####-------------------]  21.3% | step   2100/9860 | ep 2 | masked | loss  3.765 | all  3.533 | lr 4.54e-04 |  21.08M words |  3602 tok/s | ETA 9:48:23
2026-07-02 19:48:22 | [2:40:44] [#####-------------------]  21.5% | step   2120/9860 | ep 2 | masked | loss  3.482 | all  3.194 | lr 4.53e-04 |  21.28M words |  3602 tok/s | ETA 9:46:50
2026-07-02 19:49:52 | [2:42:14] [#####-------------------]  21.7% | step   2140/9860 | ep 2 | masked | loss  3.154 | all  2.968 | lr 4.52e-04 |  21.48M words |  3603 tok/s | ETA 9:45:16
2026-07-02 19:51:22 | [2:43:43] [#####-------------------]  21.9% | step   2160/9860 | ep 2 | masked | loss  3.420 | all  3.246 | lr 4.51e-04 |  21.68M words |  3603 tok/s | ETA 9:43:40
2026-07-02 19:52:51 | [2:45:12] [#####-------------------]  22.1% | step   2180/9860 | ep 2 | masked | loss  3.634 | all  3.305 | lr 4.50e-04 |  21.88M words |  3604 tok/s | ETA 9:42:02
2026-07-02 19:54:21 | [2:46:42] [#####-------------------]  22.3% | step   2200/9860 | ep 2 | masked | loss  2.759 | all  2.715 | lr 4.49e-04 |  22.08M words |  3604 tok/s | ETA 9:40:28
2026-07-02 19:55:51 | [2:48:13] [#####-------------------]  22.5% | step   2220/9860 | ep 2 | masked | loss  3.269 | all  3.085 | lr 4.48e-04 |  22.28M words |  3604 tok/s | ETA 9:38:55
2026-07-02 19:57:22 | [2:49:44] [#####-------------------]  22.7% | step   2240/9860 | ep 2 | masked | loss  3.617 | all  3.252 | lr 4.47e-04 |  22.49M words |  3604 tok/s | ETA 9:37:24
2026-07-02 19:58:53 | [2:51:15] [#####-------------------]  22.9% | step   2260/9860 | ep 2 | masked | loss  3.272 | all  3.106 | lr 4.46e-04 |  22.69M words |  3604 tok/s | ETA 9:35:53
2026-07-02 20:00:23 | [2:52:45] [#####-------------------]  23.1% | step   2280/9860 | ep 2 | masked | loss  3.922 | all  3.641 | lr 4.45e-04 |  22.89M words |  3605 tok/s | ETA 9:34:21
2026-07-02 20:01:52 | [2:54:14] [#####-------------------]  23.3% | step   2300/9860 | ep 2 | masked | loss  3.628 | all  3.325 | lr 4.44e-04 |  23.09M words |  3605 tok/s | ETA 9:32:43
2026-07-02 20:03:21 | [2:55:43] [#####-------------------]  23.5% | step   2320/9860 | ep 2 | masked | loss  3.497 | all  3.342 | lr 4.43e-04 |  23.29M words |  3606 tok/s | ETA 9:31:04
2026-07-02 20:04:50 | [2:57:12] [#####-------------------]  23.7% | step   2340/9860 | ep 2 | masked | loss  3.258 | all  3.201 | lr 4.42e-04 |  23.49M words |  3607 tok/s | ETA 9:29:28
2026-07-02 20:06:20 | [2:58:42] [#####-------------------]  23.9% | step   2360/9860 | ep 2 | masked | loss  3.393 | all  3.202 | lr 4.41e-04 |  23.69M words |  3607 tok/s | ETA 9:27:55
2026-07-02 20:07:52 | [3:00:13] [#####-------------------]  24.1% | step   2380/9860 | ep 2 | masked | loss  3.047 | all  2.882 | lr 4.40e-04 |  23.89M words |  3607 tok/s | ETA 9:26:26
2026-07-02 20:09:27 | [3:01:49] [#####-------------------]  24.3% | step   2400/9860 | ep 2 | masked | loss  3.351 | all  3.274 | lr 4.39e-04 |  24.09M words |  3605 tok/s | ETA 9:25:09
2026-07-02 20:10:59 | [3:03:20] [#####-------------------]  24.5% | step   2420/9860 | ep 2 | masked | loss  3.294 | all  3.079 | lr 4.38e-04 |  24.29M words |  3605 tok/s | ETA 9:23:40
2026-07-02 20:12:29 | [3:04:51] [#####-------------------]  24.7% | step   2440/9860 | ep 2 | masked | loss  3.272 | all  3.070 | lr 4.36e-04 |  24.49M words |  3605 tok/s | ETA 9:22:08
2026-07-02 20:14:00 | [3:06:22] [#####-------------------]  24.9% | step   2460/9860 | ep 2 | masked | loss  3.523 | all  3.348 | lr 4.35e-04 |  24.69M words |  3605 tok/s | ETA 9:20:38
2026-07-02 20:15:32 | [3:07:54] [######------------------]  25.2% | step   2480/9860 | ep 2 | masked | loss  3.603 | all  3.308 | lr 4.34e-04 |  24.89M words |  3605 tok/s | ETA 9:19:10
2026-07-02 20:17:04 | [3:09:25] [######------------------]  25.4% | step   2500/9860 | ep 2 | masked | loss  2.836 | all  2.776 | lr 4.33e-04 |  25.09M words |  3605 tok/s | ETA 9:17:40
2026-07-02 20:18:35 | [3:10:57] [######------------------]  25.6% | step   2520/9860 | ep 2 | masked | loss  3.509 | all  3.313 | lr 4.32e-04 |  25.30M words |  3604 tok/s | ETA 9:16:11
2026-07-02 20:20:10 | [3:12:31] [######------------------]  25.8% | step   2540/9860 | ep 2 | masked | loss  3.007 | all  2.893 | lr 4.31e-04 |  25.50M words |  3603 tok/s | ETA 9:14:50
2026-07-02 20:21:43 | [3:14:04] [######------------------]  26.0% | step   2560/9860 | ep 2 | masked | loss  3.494 | all  3.244 | lr 4.30e-04 |  25.70M words |  3603 tok/s | ETA 9:13:25
2026-07-02 20:23:14 | [3:15:36] [######------------------]  26.2% | step   2580/9860 | ep 2 | masked | loss  2.859 | all  2.786 | lr 4.29e-04 |  25.90M words |  3602 tok/s | ETA 9:11:57
2026-07-02 20:24:47 | [3:17:08] [######------------------]  26.4% | step   2600/9860 | ep 2 | masked | loss  3.292 | all  3.130 | lr 4.28e-04 |  26.10M words |  3602 tok/s | ETA 9:10:29
2026-07-02 20:26:19 | [3:18:41] [######------------------]  26.6% | step   2620/9860 | ep 2 | masked | loss  3.288 | all  3.124 | lr 4.26e-04 |  26.30M words |  3601 tok/s | ETA 9:09:03
2026-07-02 20:27:52 | [3:20:13] [######------------------]  26.8% | step   2640/9860 | ep 2 | masked | loss  3.714 | all  3.462 | lr 4.25e-04 |  26.50M words |  3601 tok/s | ETA 9:07:36
2026-07-02 20:29:23 | [3:21:45] [######------------------]  27.0% | step   2660/9860 | ep 2 | masked | loss  3.499 | all  3.164 | lr 4.24e-04 |  26.70M words |  3601 tok/s | ETA 9:06:06
2026-07-02 20:30:55 | [3:23:17] [######------------------]  27.2% | step   2680/9860 | ep 2 | masked | loss  3.400 | all  3.142 | lr 4.23e-04 |  26.90M words |  3601 tok/s | ETA 9:04:37
2026-07-02 20:32:27 | [3:24:49] [######------------------]  27.4% | step   2700/9860 | ep 2 | masked | loss  3.256 | all  3.090 | lr 4.22e-04 |  27.10M words |  3600 tok/s | ETA 9:03:08
2026-07-02 20:33:58 | [3:26:20] [######------------------]  27.6% | step   2720/9860 | ep 2 | masked | loss  3.453 | all  3.256 | lr 4.21e-04 |  27.30M words |  3600 tok/s | ETA 9:01:39
2026-07-02 20:35:31 | [3:27:53] [######------------------]  27.8% | step   2740/9860 | ep 2 | masked | loss  3.189 | all  2.951 | lr 4.19e-04 |  27.50M words |  3600 tok/s | ETA 9:00:12
2026-07-02 20:37:04 | [3:29:25] [######------------------]  28.0% | step   2760/9860 | ep 2 | masked | loss  3.427 | all  3.299 | lr 4.18e-04 |  27.70M words |  3599 tok/s | ETA 8:58:45
2026-07-02 20:38:35 | [3:30:57] [######------------------]  28.2% | step   2780/9860 | ep 2 | masked | loss  3.407 | all  3.203 | lr 4.17e-04 |  27.90M words |  3599 tok/s | ETA 8:57:15
2026-07-02 20:40:08 | [3:32:29] [######------------------]  28.4% | step   2800/9860 | ep 2 | masked | loss  3.418 | all  3.077 | lr 4.16e-04 |  28.11M words |  3599 tok/s | ETA 8:55:47
2026-07-02 20:41:40 | [3:34:02] [######------------------]  28.6% | step   2820/9860 | ep 2 | masked | loss  3.278 | all  2.952 | lr 4.14e-04 |  28.31M words |  3598 tok/s | ETA 8:54:20
2026-07-02 20:43:13 | [3:35:34] [######------------------]  28.8% | step   2840/9860 | ep 2 | masked | loss  3.278 | all  3.138 | lr 4.13e-04 |  28.51M words |  3598 tok/s | ETA 8:52:52
2026-07-02 20:44:44 | [3:37:05] [######------------------]  29.0% | step   2860/9860 | ep 2 | masked | loss  3.356 | all  3.096 | lr 4.12e-04 |  28.71M words |  3598 tok/s | ETA 8:51:21
2026-07-02 20:46:17 | [3:38:38] [#######-----------------]  29.2% | step   2880/9860 | ep 2 | causal | loss  4.307 | all  3.655 | lr 4.11e-04 |  28.91M words |  3597 tok/s | ETA 8:49:54
2026-07-02 20:47:50 | [3:40:12] [#######-----------------]  29.4% | step   2900/9860 | ep 2 | masked | loss  3.149 | all  3.005 | lr 4.10e-04 |  29.11M words |  3597 tok/s | ETA 8:48:29
2026-07-02 20:49:22 | [3:41:44] [#######-----------------]  29.6% | step   2920/9860 | ep 2 | causal | loss  4.358 | all  3.629 | lr 4.08e-04 |  29.31M words |  3597 tok/s | ETA 8:47:00
2026-07-02 20:50:54 | [3:43:16] [#######-----------------]  29.8% | step   2940/9860 | ep 2 | masked | loss  3.131 | all  3.049 | lr 4.07e-04 |  29.51M words |  3596 tok/s | ETA 8:45:32
2026-07-02 20:52:27 | [3:44:48] [#######-----------------]  30.0% | step   2960/9860 | ep 3 | masked | loss  3.421 | all  3.228 | lr 4.06e-04 |  29.71M words |  3596 tok/s | ETA 8:44:03
2026-07-02 20:53:58 | [3:46:20] [#######-----------------]  30.2% | step   2980/9860 | ep 3 | masked | loss  3.157 | all  3.043 | lr 4.04e-04 |  29.91M words |  3596 tok/s | ETA 8:42:33
2026-07-02 20:54:40 |   >> saved checkpoint chck_30M at 30.00M words
2026-07-02 20:55:30 | [3:47:52] [#######-----------------]  30.4% | step   3000/9860 | ep 3 | masked | loss  3.501 | all  3.297 | lr 4.03e-04 |  30.11M words |  3596 tok/s | ETA 8:41:03
2026-07-02 20:57:01 | [3:49:23] [#######-----------------]  30.6% | step   3020/9860 | ep 3 | masked | loss  3.252 | all  3.140 | lr 4.02e-04 |  30.32M words |  3596 tok/s | ETA 8:39:33
2026-07-02 20:58:34 | [3:50:56] [#######-----------------]  30.8% | step   3040/9860 | ep 3 | masked | loss  3.272 | all  3.105 | lr 4.01e-04 |  30.52M words |  3595 tok/s | ETA 8:38:05
2026-07-02 21:00:08 | [3:52:29] [#######-----------------]  31.0% | step   3060/9860 | ep 3 | masked | loss  3.008 | all  2.931 | lr 3.99e-04 |  30.72M words |  3595 tok/s | ETA 8:36:39
2026-07-02 21:01:42 | [3:54:03] [#######-----------------]  31.2% | step   3080/9860 | ep 3 | masked | loss  3.649 | all  3.335 | lr 3.98e-04 |  30.92M words |  3594 tok/s | ETA 8:35:14
2026-07-02 21:03:15 | [3:55:37] [#######-----------------]  31.4% | step   3100/9860 | ep 3 | masked | loss  3.924 | all  3.557 | lr 3.97e-04 |  31.12M words |  3594 tok/s | ETA 8:33:48
2026-07-02 21:04:49 | [3:57:10] [#######-----------------]  31.6% | step   3120/9860 | ep 3 | masked | loss  3.233 | all  3.207 | lr 3.95e-04 |  31.32M words |  3593 tok/s | ETA 8:32:22
2026-07-02 21:06:21 | [3:58:43] [#######-----------------]  31.8% | step   3140/9860 | ep 3 | masked | loss  3.582 | all  3.335 | lr 3.94e-04 |  31.52M words |  3593 tok/s | ETA 8:30:53
2026-07-02 21:07:53 | [4:00:15] [#######-----------------]  32.0% | step   3160/9860 | ep 3 | masked | loss  3.570 | all  3.398 | lr 3.93e-04 |  31.72M words |  3592 tok/s | ETA 8:29:23
2026-07-02 21:09:25 | [4:01:46] [#######-----------------]  32.3% | step   3180/9860 | ep 3 | masked | loss  3.145 | all  3.040 | lr 3.91e-04 |  31.92M words |  3592 tok/s | ETA 8:27:53
2026-07-02 21:10:56 | [4:03:18] [#######-----------------]  32.5% | step   3200/9860 | ep 3 | masked | loss  3.115 | all  2.945 | lr 3.90e-04 |  32.12M words |  3592 tok/s | ETA 8:26:22
2026-07-02 21:12:29 | [4:04:51] [#######-----------------]  32.7% | step   3220/9860 | ep 3 | masked | loss  3.785 | all  3.446 | lr 3.89e-04 |  32.32M words |  3592 tok/s | ETA 8:24:54
2026-07-02 21:14:00 | [4:06:22] [#######-----------------]  32.9% | step   3240/9860 | ep 3 | masked | loss  3.131 | all  2.993 | lr 3.87e-04 |  32.52M words |  3592 tok/s | ETA 8:23:23
2026-07-02 21:15:32 | [4:07:53] [#######-----------------]  33.1% | step   3260/9860 | ep 3 | masked | loss  2.989 | all  2.960 | lr 3.86e-04 |  32.72M words |  3592 tok/s | ETA 8:21:52
2026-07-02 21:17:05 | [4:09:27] [#######-----------------]  33.3% | step   3280/9860 | ep 3 | masked | loss  3.770 | all  3.431 | lr 3.85e-04 |  32.92M words |  3591 tok/s | ETA 8:20:26
2026-07-02 21:18:39 | [4:11:00] [########----------------]  33.5% | step   3300/9860 | ep 3 | masked | loss  2.824 | all  2.834 | lr 3.83e-04 |  33.13M words |  3591 tok/s | ETA 8:18:58
2026-07-02 21:20:11 | [4:12:32] [########----------------]  33.7% | step   3320/9860 | ep 3 | masked | loss  3.595 | all  3.359 | lr 3.82e-04 |  33.33M words |  3591 tok/s | ETA 8:17:28
2026-07-02 21:21:42 | [4:14:04] [########----------------]  33.9% | step   3340/9860 | ep 3 | masked | loss  3.187 | all  3.123 | lr 3.80e-04 |  33.53M words |  3591 tok/s | ETA 8:15:58
2026-07-02 21:23:16 | [4:15:37] [########----------------]  34.1% | step   3360/9860 | ep 3 | masked | loss  2.982 | all  2.916 | lr 3.79e-04 |  33.73M words |  3590 tok/s | ETA 8:14:31
2026-07-02 21:24:48 | [4:17:09] [########----------------]  34.3% | step   3380/9860 | ep 3 | masked | loss  3.300 | all  3.246 | lr 3.78e-04 |  33.93M words |  3590 tok/s | ETA 8:13:01
2026-07-02 21:26:21 | [4:18:43] [########----------------]  34.5% | step   3400/9860 | ep 3 | masked | loss  3.431 | all  3.190 | lr 3.76e-04 |  34.13M words |  3589 tok/s | ETA 8:11:34
2026-07-02 21:27:56 | [4:20:18] [########----------------]  34.7% | step   3420/9860 | ep 3 | masked | loss  2.790 | all  2.788 | lr 3.75e-04 |  34.33M words |  3589 tok/s | ETA 8:10:09
2026-07-02 21:29:34 | [4:21:55] [########----------------]  34.9% | step   3440/9860 | ep 3 | masked | loss  2.967 | all  2.848 | lr 3.73e-04 |  34.53M words |  3587 tok/s | ETA 8:08:50
2026-07-02 21:31:07 | [4:23:29] [########----------------]  35.1% | step   3460/9860 | ep 3 | masked | loss  3.448 | all  3.163 | lr 3.72e-04 |  34.73M words |  3587 tok/s | ETA 8:07:22
2026-07-02 21:32:38 | [4:25:00] [########----------------]  35.3% | step   3480/9860 | ep 3 | masked | loss  3.207 | all  2.966 | lr 3.71e-04 |  34.93M words |  3587 tok/s | ETA 8:05:51
2026-07-02 21:34:11 | [4:26:33] [########----------------]  35.5% | step   3500/9860 | ep 3 | masked | loss  2.647 | all  2.692 | lr 3.69e-04 |  35.13M words |  3586 tok/s | ETA 8:04:22
2026-07-02 21:35:43 | [4:28:05] [########----------------]  35.7% | step   3520/9860 | ep 3 | masked | loss  3.532 | all  3.214 | lr 3.68e-04 |  35.33M words |  3586 tok/s | ETA 8:02:52
2026-07-02 21:37:15 | [4:29:37] [########----------------]  35.9% | step   3540/9860 | ep 3 | masked | loss  3.672 | all  3.340 | lr 3.66e-04 |  35.53M words |  3586 tok/s | ETA 8:01:21
2026-07-02 21:38:46 | [4:31:08] [########----------------]  36.1% | step   3560/9860 | ep 3 | masked | loss  3.333 | all  3.190 | lr 3.65e-04 |  35.73M words |  3586 tok/s | ETA 7:59:49
2026-07-02 21:40:18 | [4:32:39] [########----------------]  36.3% | step   3580/9860 | ep 3 | masked | loss  2.821 | all  2.786 | lr 3.63e-04 |  35.94M words |  3586 tok/s | ETA 7:58:18
2026-07-02 21:41:48 | [4:34:10] [########----------------]  36.5% | step   3600/9860 | ep 3 | masked | loss  3.305 | all  3.118 | lr 3.62e-04 |  36.14M words |  3586 tok/s | ETA 7:56:44
2026-07-02 21:43:19 | [4:35:40] [########----------------]  36.7% | step   3620/9860 | ep 3 | masked | loss  3.281 | all  3.040 | lr 3.61e-04 |  36.34M words |  3586 tok/s | ETA 7:55:12
2026-07-02 21:44:49 | [4:37:11] [########----------------]  36.9% | step   3640/9860 | ep 3 | masked | loss  3.047 | all  2.852 | lr 3.59e-04 |  36.54M words |  3587 tok/s | ETA 7:53:39
2026-07-02 21:46:19 | [4:38:41] [########----------------]  37.1% | step   3660/9860 | ep 3 | masked | loss  2.974 | all  2.925 | lr 3.58e-04 |  36.74M words |  3587 tok/s | ETA 7:52:06
2026-07-02 21:47:50 | [4:40:12] [########----------------]  37.3% | step   3680/9860 | ep 3 | masked | loss  2.761 | all  2.717 | lr 3.56e-04 |  36.94M words |  3587 tok/s | ETA 7:50:34
2026-07-02 21:49:25 | [4:41:47] [#########---------------]  37.5% | step   3700/9860 | ep 3 | masked | loss  3.313 | all  3.070 | lr 3.55e-04 |  37.14M words |  3586 tok/s | ETA 7:49:08
2026-07-02 21:50:56 | [4:43:17] [#########---------------]  37.7% | step   3720/9860 | ep 3 | masked | loss  2.909 | all  2.759 | lr 3.53e-04 |  37.34M words |  3586 tok/s | ETA 7:47:35
2026-07-02 21:52:31 | [4:44:53] [#########---------------]  37.9% | step   3740/9860 | ep 3 | masked | loss  3.077 | all  3.046 | lr 3.52e-04 |  37.54M words |  3586 tok/s | ETA 7:46:10
2026-07-02 21:54:05 | [4:46:27] [#########---------------]  38.1% | step   3760/9860 | ep 3 | masked | loss  3.197 | all  3.106 | lr 3.50e-04 |  37.74M words |  3585 tok/s | ETA 7:44:43
2026-07-02 21:55:39 | [4:48:01] [#########---------------]  38.3% | step   3780/9860 | ep 3 | masked | loss  3.685 | all  3.424 | lr 3.49e-04 |  37.94M words |  3584 tok/s | ETA 7:43:16
2026-07-02 21:57:11 | [4:49:33] [#########---------------]  38.5% | step   3800/9860 | ep 3 | masked | loss  3.103 | all  3.032 | lr 3.47e-04 |  38.14M words |  3584 tok/s | ETA 7:41:45
2026-07-02 21:58:45 | [4:51:07] [#########---------------]  38.7% | step   3820/9860 | ep 3 | masked | loss  3.105 | all  3.036 | lr 3.46e-04 |  38.34M words |  3584 tok/s | ETA 7:40:18
2026-07-02 22:00:17 | [4:52:38] [#########---------------]  38.9% | step   3840/9860 | ep 3 | masked | loss  3.409 | all  3.108 | lr 3.44e-04 |  38.55M words |  3584 tok/s | ETA 7:38:46
2026-07-02 22:01:48 | [4:54:09] [#########---------------]  39.1% | step   3860/9860 | ep 3 | masked | loss  2.781 | all  2.797 | lr 3.43e-04 |  38.75M words |  3584 tok/s | ETA 7:37:14
2026-07-02 22:03:19 | [4:55:41] [#########---------------]  39.4% | step   3880/9860 | ep 3 | masked | loss  2.436 | all  2.545 | lr 3.41e-04 |  38.95M words |  3584 tok/s | ETA 7:35:43
2026-07-02 22:04:51 | [4:57:13] [#########---------------]  39.6% | step   3900/9860 | ep 3 | masked | loss  3.560 | all  3.283 | lr 3.40e-04 |  39.15M words |  3584 tok/s | ETA 7:34:13
2026-07-02 22:06:25 | [4:58:47] [#########---------------]  39.8% | step   3920/9860 | ep 3 | masked | loss  3.283 | all  3.063 | lr 3.38e-04 |  39.35M words |  3583 tok/s | ETA 7:32:45
2026-07-02 22:07:58 | [5:00:19] [#########---------------]  40.0% | step   3940/9860 | ep 3 | masked | loss  3.261 | all  3.168 | lr 3.37e-04 |  39.55M words |  3583 tok/s | ETA 7:31:15
2026-07-02 22:09:31 | [5:01:53] [#########---------------]  40.2% | step   3960/9860 | ep 4 | masked | loss  3.302 | all  3.087 | lr 3.35e-04 |  39.75M words |  3583 tok/s | ETA 7:29:46
2026-07-02 22:11:04 | [5:03:26] [#########---------------]  40.4% | step   3980/9860 | ep 4 | masked | loss  2.927 | all  2.891 | lr 3.34e-04 |  39.95M words |  3583 tok/s | ETA 7:28:17
2026-07-02 22:11:28 |   >> saved checkpoint chck_40M at 40.00M words
2026-07-02 22:12:38 | [5:04:59] [#########---------------]  40.6% | step   4000/9860 | ep 4 | masked | loss  3.220 | all  3.044 | lr 3.32e-04 |  40.15M words |  3582 tok/s | ETA 7:26:49
2026-07-02 22:14:12 | [5:06:34] [#########---------------]  40.8% | step   4020/9860 | ep 4 | masked | loss  3.363 | all  3.093 | lr 3.31e-04 |  40.35M words |  3582 tok/s | ETA 7:25:22
2026-07-02 22:15:44 | [5:08:06] [#########---------------]  41.0% | step   4040/9860 | ep 4 | masked | loss  3.082 | all  2.998 | lr 3.29e-04 |  40.55M words |  3581 tok/s | ETA 7:23:51
2026-07-02 22:17:17 | [5:09:39] [#########---------------]  41.2% | step   4060/9860 | ep 4 | masked | loss  2.925 | all  2.778 | lr 3.27e-04 |  40.76M words |  3581 tok/s | ETA 7:22:22
2026-07-02 22:18:49 | [5:11:11] [#########---------------]  41.4% | step   4080/9860 | ep 4 | masked | loss  3.101 | all  2.944 | lr 3.26e-04 |  40.96M words |  3581 tok/s | ETA 7:20:51
2026-07-02 22:20:22 | [5:12:44] [#########---------------]  41.6% | step   4100/9860 | ep 4 | masked | loss  3.173 | all  3.087 | lr 3.24e-04 |  41.16M words |  3581 tok/s | ETA 7:19:21
2026-07-02 22:21:54 | [5:14:16] [##########--------------]  41.8% | step   4120/9860 | ep 4 | masked | loss  3.363 | all  3.142 | lr 3.23e-04 |  41.36M words |  3581 tok/s | ETA 7:17:50
2026-07-02 22:23:26 | [5:15:48] [##########--------------]  42.0% | step   4140/9860 | ep 4 | masked | loss  2.677 | all  2.765 | lr 3.21e-04 |  41.56M words |  3581 tok/s | ETA 7:16:19
2026-07-02 22:24:58 | [5:17:19] [##########--------------]  42.2% | step   4160/9860 | ep 4 | masked | loss  3.386 | all  3.201 | lr 3.20e-04 |  41.76M words |  3581 tok/s | ETA 7:14:48
2026-07-02 22:26:30 | [5:18:51] [##########--------------]  42.4% | step   4180/9860 | ep 4 | masked | loss  2.971 | all  2.944 | lr 3.18e-04 |  41.96M words |  3581 tok/s | ETA 7:13:17
2026-07-02 22:28:10 | [5:20:32] [##########--------------]  42.6% | step   4200/9860 | ep 4 | causal | loss  3.748 | all  3.399 | lr 3.17e-04 |  42.16M words |  3579 tok/s | ETA 7:11:58
2026-07-02 22:29:54 | [5:22:15] [##########--------------]  42.8% | step   4220/9860 | ep 4 | masked | loss  2.864 | all  2.776 | lr 3.15e-04 |  42.36M words |  3577 tok/s | ETA 7:10:42
2026-07-02 22:31:34 | [5:23:55] [##########--------------]  43.0% | step   4240/9860 | ep 4 | masked | loss  3.267 | all  3.065 | lr 3.13e-04 |  42.56M words |  3575 tok/s | ETA 7:09:21
2026-07-02 22:33:06 | [5:25:27] [##########--------------]  43.2% | step   4260/9860 | ep 4 | masked | loss  3.171 | all  3.023 | lr 3.12e-04 |  42.76M words |  3575 tok/s | ETA 7:07:50
2026-07-02 22:34:36 | [5:26:58] [##########--------------]  43.4% | step   4280/9860 | ep 4 | masked | loss  2.763 | all  2.783 | lr 3.10e-04 |  42.96M words |  3575 tok/s | ETA 7:06:16
2026-07-02 22:36:06 | [5:28:27] [##########--------------]  43.6% | step   4300/9860 | ep 4 | masked | loss  2.698 | all  2.696 | lr 3.09e-04 |  43.16M words |  3576 tok/s | ETA 7:04:42
2026-07-02 22:37:37 | [5:29:59] [##########--------------]  43.8% | step   4320/9860 | ep 4 | masked | loss  2.227 | all  2.352 | lr 3.07e-04 |  43.36M words |  3576 tok/s | ETA 7:03:10
2026-07-02 22:39:08 | [5:31:30] [##########--------------]  44.0% | step   4340/9860 | ep 4 | masked | loss  3.125 | all  3.050 | lr 3.05e-04 |  43.57M words |  3576 tok/s | ETA 7:01:38
2026-07-02 22:40:40 | [5:33:01] [##########--------------]  44.2% | step   4360/9860 | ep 4 | masked | loss  2.518 | all  2.589 | lr 3.04e-04 |  43.77M words |  3576 tok/s | ETA 7:00:06
2026-07-02 22:42:10 | [5:34:31] [##########--------------]  44.4% | step   4380/9860 | ep 4 | masked | loss  3.244 | all  2.941 | lr 3.02e-04 |  43.97M words |  3576 tok/s | ETA 6:58:32
2026-07-02 22:43:42 | [5:36:03] [##########--------------]  44.6% | step   4400/9860 | ep 4 | masked | loss  2.675 | all  2.627 | lr 3.01e-04 |  44.17M words |  3576 tok/s | ETA 6:57:01
2026-07-02 22:45:12 | [5:37:34] [##########--------------]  44.8% | step   4420/9860 | ep 4 | masked | loss  2.546 | all  2.574 | lr 2.99e-04 |  44.37M words |  3576 tok/s | ETA 6:55:28
2026-07-02 22:46:43 | [5:39:05] [##########--------------]  45.0% | step   4440/9860 | ep 4 | masked | loss  2.721 | all  2.695 | lr 2.98e-04 |  44.57M words |  3576 tok/s | ETA 6:53:56
2026-07-02 22:48:15 | [5:40:37] [##########--------------]  45.2% | step   4460/9860 | ep 4 | masked | loss  2.760 | all  2.740 | lr 2.96e-04 |  44.77M words |  3576 tok/s | ETA 6:52:24
2026-07-02 22:49:46 | [5:42:08] [##########--------------]  45.4% | step   4480/9860 | ep 4 | masked | loss  3.093 | all  2.990 | lr 2.94e-04 |  44.97M words |  3576 tok/s | ETA 6:50:52
2026-07-02 22:51:17 | [5:43:38] [##########--------------]  45.6% | step   4500/9860 | ep 4 | masked | loss  3.144 | all  2.980 | lr 2.93e-04 |  45.17M words |  3577 tok/s | ETA 6:49:19
2026-07-02 22:52:46 | [5:45:08] [###########-------------]  45.8% | step   4520/9860 | ep 4 | masked | loss  2.685 | all  2.621 | lr 2.91e-04 |  45.37M words |  3577 tok/s | ETA 6:47:45
2026-07-02 22:54:16 | [5:46:37] [###########-------------]  46.0% | step   4540/9860 | ep 4 | masked | loss  2.975 | all  2.905 | lr 2.90e-04 |  45.57M words |  3577 tok/s | ETA 6:46:11
2026-07-02 22:55:46 | [5:48:08] [###########-------------]  46.2% | step   4560/9860 | ep 4 | masked | loss  2.866 | all  2.778 | lr 2.88e-04 |  45.77M words |  3577 tok/s | ETA 6:44:37
2026-07-02 22:57:18 | [5:49:39] [###########-------------]  46.5% | step   4580/9860 | ep 4 | masked | loss  2.580 | all  2.588 | lr 2.86e-04 |  45.97M words |  3578 tok/s | ETA 6:43:06
2026-07-02 22:58:49 | [5:51:11] [###########-------------]  46.7% | step   4600/9860 | ep 4 | masked | loss  3.298 | all  3.057 | lr 2.85e-04 |  46.17M words |  3577 tok/s | ETA 6:41:34
2026-07-02 23:00:20 | [5:52:42] [###########-------------]  46.9% | step   4620/9860 | ep 4 | masked | loss  3.493 | all  3.275 | lr 2.83e-04 |  46.38M words |  3578 tok/s | ETA 6:40:02
2026-07-02 23:01:54 | [5:54:15] [###########-------------]  47.1% | step   4640/9860 | ep 4 | masked | loss  2.748 | all  2.693 | lr 2.81e-04 |  46.58M words |  3577 tok/s | ETA 6:38:32
2026-07-02 23:03:24 | [5:55:45] [###########-------------]  47.3% | step   4660/9860 | ep 4 | masked | loss  2.980 | all  3.000 | lr 2.80e-04 |  46.78M words |  3578 tok/s | ETA 6:36:59
2026-07-02 23:04:53 | [5:57:15] [###########-------------]  47.5% | step   4680/9860 | ep 4 | masked | loss  3.165 | all  2.979 | lr 2.78e-04 |  46.98M words |  3578 tok/s | ETA 6:35:25
2026-07-02 23:06:26 | [5:58:48] [###########-------------]  47.7% | step   4700/9860 | ep 4 | masked | loss  2.540 | all  2.543 | lr 2.77e-04 |  47.18M words |  3578 tok/s | ETA 6:33:55
2026-07-02 23:07:58 | [6:00:19] [###########-------------]  47.9% | step   4720/9860 | ep 4 | masked | loss  2.756 | all  2.853 | lr 2.75e-04 |  47.38M words |  3578 tok/s | ETA 6:32:23
2026-07-02 23:09:29 | [6:01:51] [###########-------------]  48.1% | step   4740/9860 | ep 4 | masked | loss  2.901 | all  2.801 | lr 2.73e-04 |  47.58M words |  3578 tok/s | ETA 6:30:51
2026-07-02 23:11:00 | [6:03:22] [###########-------------]  48.3% | step   4760/9860 | ep 4 | masked | loss  3.299 | all  3.118 | lr 2.72e-04 |  47.78M words |  3578 tok/s | ETA 6:29:19
2026-07-02 23:12:29 | [6:04:51] [###########-------------]  48.5% | step   4780/9860 | ep 4 | masked | loss  2.751 | all  2.693 | lr 2.70e-04 |  47.98M words |  3578 tok/s | ETA 6:27:45
2026-07-02 23:14:01 | [6:06:22] [###########-------------]  48.7% | step   4800/9860 | ep 4 | masked | loss  2.579 | all  2.633 | lr 2.69e-04 |  48.18M words |  3578 tok/s | ETA 6:26:13
2026-07-02 23:15:31 | [6:07:53] [###########-------------]  48.9% | step   4820/9860 | ep 4 | masked | loss  3.153 | all  2.988 | lr 2.67e-04 |  48.38M words |  3578 tok/s | ETA 6:24:40
2026-07-02 23:17:02 | [6:09:23] [###########-------------]  49.1% | step   4840/9860 | ep 4 | masked | loss  2.810 | all  2.776 | lr 2.65e-04 |  48.58M words |  3579 tok/s | ETA 6:23:07
2026-07-02 23:18:32 | [6:10:54] [###########-------------]  49.3% | step   4860/9860 | ep 4 | masked | loss  2.984 | all  2.869 | lr 2.64e-04 |  48.78M words |  3579 tok/s | ETA 6:21:35
2026-07-02 23:20:02 | [6:12:24] [###########-------------]  49.5% | step   4880/9860 | ep 4 | masked | loss  3.487 | all  3.197 | lr 2.62e-04 |  48.98M words |  3579 tok/s | ETA 6:20:02
2026-07-02 23:21:33 | [6:13:54] [###########-------------]  49.7% | step   4900/9860 | ep 4 | masked | loss  3.010 | all  2.922 | lr 2.60e-04 |  49.19M words |  3579 tok/s | ETA 6:18:29
2026-07-02 23:23:02 | [6:15:24] [###########-------------]  49.9% | step   4920/9860 | ep 4 | masked | loss  3.008 | all  2.860 | lr 2.59e-04 |  49.39M words |  3579 tok/s | ETA 6:16:56
2026-07-02 23:24:33 | [6:16:55] [############------------]  50.1% | step   4940/9860 | ep 5 | masked | loss  2.945 | all  2.848 | lr 2.57e-04 |  49.59M words |  3580 tok/s | ETA 6:15:23
2026-07-02 23:26:04 | [6:18:25] [############------------]  50.3% | step   4960/9860 | ep 5 | masked | loss  2.937 | all  2.935 | lr 2.56e-04 |  49.79M words |  3580 tok/s | ETA 6:13:51
2026-07-02 23:27:34 | [6:19:56] [############------------]  50.5% | step   4980/9860 | ep 5 | masked | loss  2.656 | all  2.647 | lr 2.54e-04 |  49.99M words |  3580 tok/s | ETA 6:12:18
2026-07-02 23:27:40 |   >> saved checkpoint chck_50M at 50.00M words
2026-07-02 23:29:11 | [6:21:32] [############------------]  50.7% | step   5000/9860 | ep 5 | masked | loss  3.090 | all  3.012 | lr 2.52e-04 |  50.19M words |  3579 tok/s | ETA 6:10:51
2026-07-02 23:30:43 | [6:23:05] [############------------]  50.9% | step   5020/9860 | ep 5 | masked | loss  3.264 | all  3.015 | lr 2.51e-04 |  50.39M words |  3579 tok/s | ETA 6:09:21
2026-07-02 23:32:17 | [6:24:39] [############------------]  51.1% | step   5040/9860 | ep 5 | masked | loss  2.974 | all  2.889 | lr 2.49e-04 |  50.59M words |  3579 tok/s | ETA 6:07:52
2026-07-02 23:33:52 | [6:26:13] [############------------]  51.3% | step   5060/9860 | ep 5 | masked | loss  3.308 | all  3.119 | lr 2.47e-04 |  50.79M words |  3578 tok/s | ETA 6:06:22
2026-07-02 23:35:28 | [6:27:50] [############------------]  51.5% | step   5080/9860 | ep 5 | masked | loss  3.133 | all  3.036 | lr 2.46e-04 |  50.99M words |  3578 tok/s | ETA 6:04:55
2026-07-02 23:37:01 | [6:29:23] [############------------]  51.7% | step   5100/9860 | ep 5 | masked | loss  3.138 | all  2.976 | lr 2.44e-04 |  51.20M words |  3577 tok/s | ETA 6:03:25
2026-07-02 23:38:35 | [6:30:57] [############------------]  51.9% | step   5120/9860 | ep 5 | masked | loss  2.561 | all  2.600 | lr 2.43e-04 |  51.40M words |  3577 tok/s | ETA 6:01:56
2026-07-02 23:40:08 | [6:32:29] [############------------]  52.1% | step   5140/9860 | ep 5 | masked | loss  2.664 | all  2.600 | lr 2.41e-04 |  51.60M words |  3577 tok/s | ETA 6:00:25
2026-07-02 23:41:40 | [6:34:02] [############------------]  52.3% | step   5160/9860 | ep 5 | masked | loss  3.174 | all  2.874 | lr 2.39e-04 |  51.80M words |  3577 tok/s | ETA 5:58:54
2026-07-02 23:43:13 | [6:35:34] [############------------]  52.5% | step   5180/9860 | ep 5 | masked | loss  2.909 | all  2.920 | lr 2.38e-04 |  52.00M words |  3577 tok/s | ETA 5:57:23
2026-07-02 23:44:44 | [6:37:06] [############------------]  52.7% | step   5200/9860 | ep 5 | causal | loss  3.691 | all  3.424 | lr 2.36e-04 |  52.20M words |  3577 tok/s | ETA 5:55:52
2026-07-02 23:46:16 | [6:38:37] [############------------]  52.9% | step   5220/9860 | ep 5 | masked | loss  2.960 | all  2.850 | lr 2.34e-04 |  52.40M words |  3577 tok/s | ETA 5:54:20
2026-07-02 23:47:47 | [6:40:08] [############------------]  53.1% | step   5240/9860 | ep 5 | masked | loss  2.526 | all  2.724 | lr 2.33e-04 |  52.60M words |  3577 tok/s | ETA 5:52:47
2026-07-02 23:49:19 | [6:41:40] [############------------]  53.3% | step   5260/9860 | ep 5 | masked | loss  2.463 | all  2.451 | lr 2.31e-04 |  52.80M words |  3577 tok/s | ETA 5:51:16
2026-07-02 23:50:49 | [6:43:11] [############------------]  53.5% | step   5280/9860 | ep 5 | masked | loss  2.412 | all  2.503 | lr 2.30e-04 |  53.00M words |  3577 tok/s | ETA 5:49:44
2026-07-02 23:52:20 | [6:44:42] [############------------]  53.8% | step   5300/9860 | ep 5 | masked | loss  3.086 | all  3.013 | lr 2.28e-04 |  53.20M words |  3577 tok/s | ETA 5:48:11
2026-07-02 23:53:50 | [6:46:12] [############------------]  54.0% | step   5320/9860 | ep 5 | masked | loss  3.448 | all  3.143 | lr 2.26e-04 |  53.40M words |  3577 tok/s | ETA 5:46:38
2026-07-02 23:55:23 | [6:47:45] [############------------]  54.2% | step   5340/9860 | ep 5 | masked | loss  2.575 | all  2.668 | lr 2.25e-04 |  53.60M words |  3577 tok/s | ETA 5:45:08
2026-07-02 23:56:55 | [6:49:16] [#############-----------]  54.4% | step   5360/9860 | ep 5 | masked | loss  2.367 | all  2.511 | lr 2.23e-04 |  53.80M words |  3577 tok/s | ETA 5:43:36
2026-07-02 23:58:30 | [6:50:51] [#############-----------]  54.6% | step   5380/9860 | ep 5 | masked | loss  2.160 | all  2.334 | lr 2.21e-04 |  54.01M words |  3576 tok/s | ETA 5:42:08
2026-07-03 00:00:09 | [6:52:30] [#############-----------]  54.8% | step   5400/9860 | ep 5 | masked | loss  2.778 | all  2.771 | lr 2.20e-04 |  54.21M words |  3575 tok/s | ETA 5:40:42
2026-07-03 00:01:49 | [6:54:10] [#############-----------]  55.0% | step   5420/9860 | ep 5 | masked | loss  2.861 | all  2.719 | lr 2.18e-04 |  54.41M words |  3574 tok/s | ETA 5:39:17
2026-07-03 00:03:20 | [6:55:42] [#############-----------]  55.2% | step   5440/9860 | ep 5 | masked | loss  2.544 | all  2.650 | lr 2.17e-04 |  54.61M words |  3574 tok/s | ETA 5:37:45
2026-07-03 00:04:52 | [6:57:14] [#############-----------]  55.4% | step   5460/9860 | ep 5 | causal | loss  3.756 | all  3.423 | lr 2.15e-04 |  54.81M words |  3574 tok/s | ETA 5:36:14
2026-07-03 00:06:24 | [6:58:46] [#############-----------]  55.6% | step   5480/9860 | ep 5 | masked | loss  2.755 | all  2.770 | lr 2.13e-04 |  55.01M words |  3574 tok/s | ETA 5:34:42
2026-07-03 00:07:56 | [7:00:18] [#############-----------]  55.8% | step   5500/9860 | ep 5 | masked | loss  2.820 | all  2.790 | lr 2.12e-04 |  55.21M words |  3574 tok/s | ETA 5:33:11
2026-07-03 00:09:30 | [7:01:51] [#############-----------]  56.0% | step   5520/9860 | ep 5 | causal | loss  3.865 | all  3.585 | lr 2.10e-04 |  55.41M words |  3574 tok/s | ETA 5:31:41
2026-07-03 00:11:02 | [7:03:24] [#############-----------]  56.2% | step   5540/9860 | ep 5 | masked | loss  3.007 | all  2.893 | lr 2.09e-04 |  55.61M words |  3574 tok/s | ETA 5:30:09
2026-07-03 00:12:34 | [7:04:56] [#############-----------]  56.4% | step   5560/9860 | ep 5 | masked | loss  2.823 | all  2.787 | lr 2.07e-04 |  55.81M words |  3574 tok/s | ETA 5:28:38
2026-07-03 00:14:07 | [7:06:29] [#############-----------]  56.6% | step   5580/9860 | ep 5 | masked | loss  2.638 | all  2.640 | lr 2.05e-04 |  56.01M words |  3573 tok/s | ETA 5:27:07
2026-07-03 00:15:44 | [7:08:05] [#############-----------]  56.8% | step   5600/9860 | ep 5 | masked | loss  2.741 | all  2.651 | lr 2.04e-04 |  56.21M words |  3573 tok/s | ETA 5:25:39
2026-07-03 00:17:20 | [7:09:42] [#############-----------]  57.0% | step   5620/9860 | ep 5 | masked | loss  3.119 | all  3.034 | lr 2.02e-04 |  56.41M words |  3572 tok/s | ETA 5:24:11
2026-07-03 00:18:55 | [7:11:16] [#############-----------]  57.2% | step   5640/9860 | ep 5 | masked | loss  2.309 | all  2.429 | lr 2.01e-04 |  56.61M words |  3572 tok/s | ETA 5:22:41
2026-07-03 00:20:28 | [7:12:49] [#############-----------]  57.4% | step   5660/9860 | ep 5 | masked | loss  2.733 | all  2.740 | lr 1.99e-04 |  56.82M words |  3572 tok/s | ETA 5:21:10
2026-07-03 00:21:59 | [7:14:20] [#############-----------]  57.6% | step   5680/9860 | ep 5 | masked | loss  2.622 | all  2.708 | lr 1.97e-04 |  57.02M words |  3572 tok/s | ETA 5:19:38
2026-07-03 00:23:30 | [7:15:51] [#############-----------]  57.8% | step   5700/9860 | ep 5 | masked | loss  3.154 | all  2.962 | lr 1.96e-04 |  57.22M words |  3572 tok/s | ETA 5:18:06
2026-07-03 00:25:01 | [7:17:23] [#############-----------]  58.0% | step   5720/9860 | ep 5 | masked | loss  2.713 | all  2.613 | lr 1.94e-04 |  57.42M words |  3572 tok/s | ETA 5:16:34
2026-07-03 00:26:32 | [7:18:54] [#############-----------]  58.2% | step   5740/9860 | ep 5 | masked | loss  2.996 | all  2.820 | lr 1.93e-04 |  57.62M words |  3572 tok/s | ETA 5:15:01
2026-07-03 00:28:03 | [7:20:24] [##############----------]  58.4% | step   5760/9860 | ep 5 | masked | loss  2.476 | all  2.534 | lr 1.91e-04 |  57.82M words |  3572 tok/s | ETA 5:13:29
2026-07-03 00:29:37 | [7:21:58] [##############----------]  58.6% | step   5780/9860 | ep 5 | masked | loss  2.992 | all  2.958 | lr 1.90e-04 |  58.02M words |  3572 tok/s | ETA 5:11:59
2026-07-03 00:31:10 | [7:23:32] [##############----------]  58.8% | step   5800/9860 | ep 5 | masked | loss  2.483 | all  2.517 | lr 1.88e-04 |  58.22M words |  3572 tok/s | ETA 5:10:28
2026-07-03 00:32:43 | [7:25:04] [##############----------]  59.0% | step   5820/9860 | ep 5 | masked | loss  2.743 | all  2.617 | lr 1.86e-04 |  58.42M words |  3571 tok/s | ETA 5:08:57
2026-07-03 00:34:15 | [7:26:36] [##############----------]  59.2% | step   5840/9860 | ep 5 | masked | loss  3.033 | all  2.877 | lr 1.85e-04 |  58.62M words |  3571 tok/s | ETA 5:07:25
2026-07-03 00:35:47 | [7:28:08] [##############----------]  59.4% | step   5860/9860 | ep 5 | causal | loss  3.585 | all  3.221 | lr 1.83e-04 |  58.82M words |  3571 tok/s | ETA 5:05:54
2026-07-03 00:37:18 | [7:29:39] [##############----------]  59.6% | step   5880/9860 | ep 5 | masked | loss  2.976 | all  2.829 | lr 1.82e-04 |  59.02M words |  3572 tok/s | ETA 5:04:21
2026-07-03 00:38:49 | [7:31:10] [##############----------]  59.8% | step   5900/9860 | ep 5 | masked | loss  2.271 | all  2.419 | lr 1.80e-04 |  59.22M words |  3572 tok/s | ETA 5:02:49
2026-07-03 00:40:21 | [7:32:43] [##############----------]  60.0% | step   5920/9860 | ep 6 | masked | loss  2.553 | all  2.504 | lr 1.79e-04 |  59.43M words |  3572 tok/s | ETA 5:01:18
2026-07-03 00:41:53 | [7:34:14] [##############----------]  60.2% | step   5940/9860 | ep 6 | masked | loss  2.700 | all  2.711 | lr 1.77e-04 |  59.63M words |  3572 tok/s | ETA 4:59:46
2026-07-03 00:43:24 | [7:35:45] [##############----------]  60.4% | step   5960/9860 | ep 6 | masked | loss  2.595 | all  2.531 | lr 1.75e-04 |  59.83M words |  3572 tok/s | ETA 4:58:13
2026-07-03 00:44:47 |   >> saved checkpoint chck_60M at 60.01M words
2026-07-03 00:44:56 | [7:37:18] [##############----------]  60.6% | step   5980/9860 | ep 6 | masked | loss  3.050 | all  2.932 | lr 1.74e-04 |  60.03M words |  3572 tok/s | ETA 4:56:42
2026-07-03 00:46:27 | [7:38:48] [##############----------]  60.9% | step   6000/9860 | ep 6 | causal | loss  4.137 | all  3.809 | lr 1.72e-04 |  60.23M words |  3572 tok/s | ETA 4:55:10
2026-07-03 00:47:58 | [7:40:20] [##############----------]  61.1% | step   6020/9860 | ep 6 | masked | loss  2.806 | all  2.651 | lr 1.71e-04 |  60.43M words |  3572 tok/s | ETA 4:53:38
2026-07-03 00:49:30 | [7:41:51] [##############----------]  61.3% | step   6040/9860 | ep 6 | masked | loss  2.806 | all  2.679 | lr 1.69e-04 |  60.63M words |  3572 tok/s | ETA 4:52:06
2026-07-03 00:51:01 | [7:43:23] [##############----------]  61.5% | step   6060/9860 | ep 6 | masked | loss  2.380 | all  2.588 | lr 1.68e-04 |  60.83M words |  3572 tok/s | ETA 4:50:34
2026-07-03 00:52:33 | [7:44:55] [##############----------]  61.7% | step   6080/9860 | ep 6 | masked | loss  2.601 | all  2.604 | lr 1.66e-04 |  61.03M words |  3572 tok/s | ETA 4:49:02
2026-07-03 00:54:04 | [7:46:25] [##############----------]  61.9% | step   6100/9860 | ep 6 | masked | loss  2.693 | all  2.662 | lr 1.65e-04 |  61.23M words |  3572 tok/s | ETA 4:47:30
2026-07-03 00:55:34 | [7:47:56] [##############----------]  62.1% | step   6120/9860 | ep 6 | masked | loss  2.738 | all  2.708 | lr 1.63e-04 |  61.43M words |  3572 tok/s | ETA 4:45:57
2026-07-03 00:57:06 | [7:49:27] [##############----------]  62.3% | step   6140/9860 | ep 6 | masked | loss  2.301 | all  2.418 | lr 1.62e-04 |  61.63M words |  3572 tok/s | ETA 4:44:25
2026-07-03 00:58:38 | [7:51:00] [##############----------]  62.5% | step   6160/9860 | ep 6 | masked | loss  2.986 | all  3.029 | lr 1.60e-04 |  61.84M words |  3572 tok/s | ETA 4:42:54
2026-07-03 01:00:10 | [7:52:31] [###############---------]  62.7% | step   6180/9860 | ep 6 | masked | loss  2.830 | all  2.719 | lr 1.59e-04 |  62.04M words |  3572 tok/s | ETA 4:41:22
2026-07-03 01:01:41 | [7:54:03] [###############---------]  62.9% | step   6200/9860 | ep 6 | causal | loss  3.637 | all  3.458 | lr 1.57e-04 |  62.24M words |  3572 tok/s | ETA 4:39:50
2026-07-03 01:03:13 | [7:55:35] [###############---------]  63.1% | step   6220/9860 | ep 6 | masked | loss  3.047 | all  2.872 | lr 1.56e-04 |  62.44M words |  3572 tok/s | ETA 4:38:19
2026-07-03 01:04:48 | [7:57:09] [###############---------]  63.3% | step   6240/9860 | ep 6 | masked | loss  2.573 | all  2.636 | lr 1.54e-04 |  62.64M words |  3572 tok/s | ETA 4:36:48
2026-07-03 01:06:20 | [7:58:41] [###############---------]  63.5% | step   6260/9860 | ep 6 | masked | loss  2.915 | all  2.796 | lr 1.53e-04 |  62.84M words |  3572 tok/s | ETA 4:35:17
2026-07-03 01:07:54 | [8:00:16] [###############---------]  63.7% | step   6280/9860 | ep 6 | masked | loss  2.841 | all  2.772 | lr 1.51e-04 |  63.04M words |  3571 tok/s | ETA 4:33:46
2026-07-03 01:09:29 | [8:01:51] [###############---------]  63.9% | step   6300/9860 | ep 6 | masked | loss  3.026 | all  2.790 | lr 1.50e-04 |  63.24M words |  3571 tok/s | ETA 4:32:17
2026-07-03 01:11:02 | [8:03:24] [###############---------]  64.1% | step   6320/9860 | ep 6 | masked | loss  2.094 | all  2.195 | lr 1.48e-04 |  63.44M words |  3571 tok/s | ETA 4:30:46
2026-07-03 01:12:34 | [8:04:55] [###############---------]  64.3% | step   6340/9860 | ep 6 | masked | loss  2.183 | all  2.421 | lr 1.47e-04 |  63.64M words |  3571 tok/s | ETA 4:29:14
2026-07-03 01:14:05 | [8:06:27] [###############---------]  64.5% | step   6360/9860 | ep 6 | masked | loss  2.714 | all  2.607 | lr 1.45e-04 |  63.84M words |  3571 tok/s | ETA 4:27:42
2026-07-03 01:15:37 | [8:07:58] [###############---------]  64.7% | step   6380/9860 | ep 6 | masked | loss  2.831 | all  2.780 | lr 1.44e-04 |  64.04M words |  3571 tok/s | ETA 4:26:10
2026-07-03 01:17:09 | [8:09:31] [###############---------]  64.9% | step   6400/9860 | ep 6 | masked | loss  2.910 | all  2.996 | lr 1.42e-04 |  64.24M words |  3571 tok/s | ETA 4:24:38
2026-07-03 01:18:41 | [8:11:02] [###############---------]  65.1% | step   6420/9860 | ep 6 | masked | loss  2.966 | all  2.818 | lr 1.41e-04 |  64.44M words |  3571 tok/s | ETA 4:23:06
2026-07-03 01:20:13 | [8:12:35] [###############---------]  65.3% | step   6440/9860 | ep 6 | masked | loss  2.230 | all  2.337 | lr 1.39e-04 |  64.65M words |  3571 tok/s | ETA 4:21:35
2026-07-03 01:21:46 | [8:14:08] [###############---------]  65.5% | step   6460/9860 | ep 6 | masked | loss  2.973 | all  2.814 | lr 1.38e-04 |  64.85M words |  3571 tok/s | ETA 4:20:04
2026-07-03 01:23:18 | [8:15:40] [###############---------]  65.7% | step   6480/9860 | ep 6 | masked | loss  3.211 | all  3.057 | lr 1.36e-04 |  65.05M words |  3571 tok/s | ETA 4:18:32
2026-07-03 01:24:51 | [8:17:13] [###############---------]  65.9% | step   6500/9860 | ep 6 | masked | loss  2.880 | all  2.878 | lr 1.35e-04 |  65.25M words |  3571 tok/s | ETA 4:17:01
2026-07-03 01:26:26 | [8:18:47] [###############---------]  66.1% | step   6520/9860 | ep 6 | masked | loss  2.741 | all  2.812 | lr 1.33e-04 |  65.45M words |  3570 tok/s | ETA 4:15:31
2026-07-03 01:28:03 | [8:20:24] [###############---------]  66.3% | step   6540/9860 | ep 6 | masked | loss  2.257 | all  2.394 | lr 1.32e-04 |  65.65M words |  3570 tok/s | ETA 4:14:01
2026-07-03 01:29:40 | [8:22:01] [###############---------]  66.5% | step   6560/9860 | ep 6 | masked | loss  2.383 | all  2.670 | lr 1.31e-04 |  65.85M words |  3569 tok/s | ETA 4:12:32
2026-07-03 01:31:18 | [8:23:40] [################--------]  66.7% | step   6580/9860 | ep 6 | masked | loss  2.692 | all  2.735 | lr 1.29e-04 |  66.05M words |  3568 tok/s | ETA 4:11:04
2026-07-03 01:32:55 | [8:25:17] [################--------]  66.9% | step   6600/9860 | ep 6 | masked | loss  2.514 | all  2.476 | lr 1.28e-04 |  66.25M words |  3568 tok/s | ETA 4:09:35
2026-07-03 01:34:33 | [8:26:54] [################--------]  67.1% | step   6620/9860 | ep 6 | masked | loss  2.545 | all  2.522 | lr 1.26e-04 |  66.45M words |  3567 tok/s | ETA 4:08:05
2026-07-03 01:36:11 | [8:28:33] [################--------]  67.3% | step   6640/9860 | ep 6 | masked | loss  2.422 | all  2.508 | lr 1.25e-04 |  66.65M words |  3566 tok/s | ETA 4:06:37
2026-07-03 01:37:47 | [8:30:09] [################--------]  67.5% | step   6660/9860 | ep 6 | masked | loss  1.840 | all  2.026 | lr 1.24e-04 |  66.85M words |  3566 tok/s | ETA 4:05:07
2026-07-03 01:39:25 | [8:31:46] [################--------]  67.7% | step   6680/9860 | ep 6 | masked | loss  2.510 | all  2.561 | lr 1.22e-04 |  67.05M words |  3565 tok/s | ETA 4:03:37
2026-07-03 01:41:01 | [8:33:23] [################--------]  68.0% | step   6700/9860 | ep 6 | masked | loss  2.460 | all  2.561 | lr 1.21e-04 |  67.25M words |  3564 tok/s | ETA 4:02:08
2026-07-03 01:42:38 | [8:34:59] [################--------]  68.2% | step   6720/9860 | ep 6 | masked | loss  2.724 | all  2.788 | lr 1.19e-04 |  67.46M words |  3564 tok/s | ETA 4:00:38
2026-07-03 01:44:13 | [8:36:34] [################--------]  68.4% | step   6740/9860 | ep 6 | masked | loss  2.616 | all  2.631 | lr 1.18e-04 |  67.66M words |  3564 tok/s | ETA 3:59:07
2026-07-03 01:45:48 | [8:38:10] [################--------]  68.6% | step   6760/9860 | ep 6 | masked | loss  2.810 | all  2.814 | lr 1.17e-04 |  67.86M words |  3563 tok/s | ETA 3:57:37
2026-07-03 01:47:24 | [8:39:46] [################--------]  68.8% | step   6780/9860 | ep 6 | masked | loss  2.681 | all  2.674 | lr 1.15e-04 |  68.06M words |  3563 tok/s | ETA 3:56:07
2026-07-03 01:49:00 | [8:41:22] [################--------]  69.0% | step   6800/9860 | ep 6 | masked | loss  2.635 | all  2.676 | lr 1.14e-04 |  68.26M words |  3562 tok/s | ETA 3:54:37
2026-07-03 01:50:37 | [8:42:58] [################--------]  69.2% | step   6820/9860 | ep 6 | causal | loss  3.503 | all  3.231 | lr 1.12e-04 |  68.46M words |  3562 tok/s | ETA 3:53:07
2026-07-03 01:52:13 | [8:44:35] [################--------]  69.4% | step   6840/9860 | ep 6 | masked | loss  2.617 | all  2.679 | lr 1.11e-04 |  68.66M words |  3561 tok/s | ETA 3:51:36
2026-07-03 01:53:49 | [8:46:11] [################--------]  69.6% | step   6860/9860 | ep 6 | masked | loss  2.979 | all  3.021 | lr 1.10e-04 |  68.86M words |  3561 tok/s | ETA 3:50:06
2026-07-03 01:55:25 | [8:47:47] [################--------]  69.8% | step   6880/9860 | ep 6 | masked | loss  2.962 | all  2.824 | lr 1.08e-04 |  69.06M words |  3560 tok/s | ETA 3:48:36
2026-07-03 01:57:01 | [8:49:23] [################--------]  70.0% | step   6900/9860 | ep 6 | masked | loss  2.238 | all  2.393 | lr 1.07e-04 |  69.26M words |  3560 tok/s | ETA 3:47:05
2026-07-03 01:58:39 | [8:51:00] [################--------]  70.2% | step   6920/9860 | ep 7 | masked | loss  2.450 | all  2.452 | lr 1.06e-04 |  69.47M words |  3559 tok/s | ETA 3:45:36
2026-07-03 02:00:14 | [8:52:36] [################--------]  70.4% | step   6940/9860 | ep 7 | masked | loss  2.197 | all  2.361 | lr 1.04e-04 |  69.67M words |  3559 tok/s | ETA 3:44:05
2026-07-03 02:01:50 | [8:54:12] [################--------]  70.6% | step   6960/9860 | ep 7 | masked | loss  2.452 | all  2.462 | lr 1.03e-04 |  69.87M words |  3559 tok/s | ETA 3:42:35
2026-07-03 02:02:58 |   >> saved checkpoint chck_70M at 70.01M words
2026-07-03 02:03:27 | [8:55:49] [################--------]  70.8% | step   6980/9860 | ep 7 | masked | loss  2.917 | all  2.964 | lr 1.02e-04 |  70.07M words |  3558 tok/s | ETA 3:41:05
2026-07-03 02:05:04 | [8:57:26] [#################-------]  71.0% | step   7000/9860 | ep 7 | masked | loss  3.046 | all  2.822 | lr 1.01e-04 |  70.27M words |  3558 tok/s | ETA 3:39:34
2026-07-03 02:06:40 | [8:59:01] [#################-------]  71.2% | step   7020/9860 | ep 7 | masked | loss  2.182 | all  2.351 | lr 9.92e-05 |  70.47M words |  3557 tok/s | ETA 3:38:04
2026-07-03 02:08:16 | [9:00:38] [#################-------]  71.4% | step   7040/9860 | ep 7 | masked | loss  2.486 | all  2.520 | lr 9.79e-05 |  70.67M words |  3557 tok/s | ETA 3:36:33
2026-07-03 02:09:52 | [9:02:14] [#################-------]  71.6% | step   7060/9860 | ep 7 | masked | loss  2.910 | all  2.777 | lr 9.66e-05 |  70.87M words |  3556 tok/s | ETA 3:35:03
2026-07-03 02:11:29 | [9:03:50] [#################-------]  71.8% | step   7080/9860 | ep 7 | masked | loss  2.683 | all  2.618 | lr 9.53e-05 |  71.07M words |  3556 tok/s | ETA 3:33:32
2026-07-03 02:13:05 | [9:05:27] [#################-------]  72.0% | step   7100/9860 | ep 7 | masked | loss  2.479 | all  2.586 | lr 9.41e-05 |  71.27M words |  3555 tok/s | ETA 3:32:02
2026-07-03 02:14:41 | [9:07:03] [#################-------]  72.2% | step   7120/9860 | ep 7 | masked | loss  2.435 | all  2.503 | lr 9.28e-05 |  71.47M words |  3555 tok/s | ETA 3:30:31
2026-07-03 02:16:18 | [9:08:40] [#################-------]  72.4% | step   7140/9860 | ep 7 | masked | loss  2.566 | all  2.484 | lr 9.15e-05 |  71.67M words |  3554 tok/s | ETA 3:29:00
2026-07-03 02:17:53 | [9:10:14] [#################-------]  72.6% | step   7160/9860 | ep 7 | masked | loss  2.835 | all  2.817 | lr 9.03e-05 |  71.87M words |  3554 tok/s | ETA 3:27:29
2026-07-03 02:19:28 | [9:11:50] [#################-------]  72.8% | step   7180/9860 | ep 7 | masked | loss  2.314 | all  2.339 | lr 8.90e-05 |  72.07M words |  3554 tok/s | ETA 3:25:58
2026-07-03 02:21:06 | [9:13:28] [#################-------]  73.0% | step   7200/9860 | ep 7 | causal | loss  3.557 | all  3.430 | lr 8.78e-05 |  72.28M words |  3553 tok/s | ETA 3:24:28
2026-07-03 02:22:42 | [9:15:04] [#################-------]  73.2% | step   7220/9860 | ep 7 | masked | loss  2.181 | all  2.399 | lr 8.66e-05 |  72.48M words |  3553 tok/s | ETA 3:22:57
2026-07-03 02:24:18 | [9:16:40] [#################-------]  73.4% | step   7240/9860 | ep 7 | masked | loss  2.656 | all  2.555 | lr 8.53e-05 |  72.68M words |  3552 tok/s | ETA 3:21:26
2026-07-03 02:25:55 | [9:18:16] [#################-------]  73.6% | step   7260/9860 | ep 7 | masked | loss  2.056 | all  2.176 | lr 8.41e-05 |  72.88M words |  3552 tok/s | ETA 3:19:56
2026-07-03 02:27:30 | [9:19:52] [#################-------]  73.8% | step   7280/9860 | ep 7 | masked | loss  2.541 | all  2.589 | lr 8.29e-05 |  73.08M words |  3552 tok/s | ETA 3:18:24
2026-07-03 02:29:06 | [9:21:28] [#################-------]  74.0% | step   7300/9860 | ep 7 | masked | loss  2.585 | all  2.728 | lr 8.17e-05 |  73.28M words |  3551 tok/s | ETA 3:16:53
2026-07-03 02:30:42 | [9:23:04] [#################-------]  74.2% | step   7320/9860 | ep 7 | masked | loss  2.689 | all  2.671 | lr 8.05e-05 |  73.48M words |  3551 tok/s | ETA 3:15:23
2026-07-03 02:32:18 | [9:24:39] [#################-------]  74.4% | step   7340/9860 | ep 7 | masked | loss  2.302 | all  2.305 | lr 7.93e-05 |  73.68M words |  3550 tok/s | ETA 3:13:51
2026-07-03 02:33:53 | [9:26:14] [#################-------]  74.6% | step   7360/9860 | ep 7 | masked | loss  3.182 | all  2.938 | lr 7.81e-05 |  73.88M words |  3550 tok/s | ETA 3:12:20
2026-07-03 02:35:29 | [9:27:50] [#################-------]  74.8% | step   7380/9860 | ep 7 | masked | loss  2.642 | all  2.678 | lr 7.70e-05 |  74.08M words |  3550 tok/s | ETA 3:10:49
2026-07-03 02:37:04 | [9:29:26] [##################------]  75.1% | step   7400/9860 | ep 7 | masked | loss  2.737 | all  2.773 | lr 7.58e-05 |  74.28M words |  3549 tok/s | ETA 3:09:18
2026-07-03 02:38:41 | [9:31:03] [##################------]  75.3% | step   7420/9860 | ep 7 | masked | loss  2.437 | all  2.488 | lr 7.46e-05 |  74.48M words |  3549 tok/s | ETA 3:07:47
2026-07-03 02:40:17 | [9:32:39] [##################------]  75.5% | step   7440/9860 | ep 7 | masked | loss  2.298 | all  2.345 | lr 7.35e-05 |  74.68M words |  3549 tok/s | ETA 3:06:15
2026-07-03 02:41:52 | [9:34:13] [##################------]  75.7% | step   7460/9860 | ep 7 | masked | loss  2.422 | all  2.616 | lr 7.23e-05 |  74.88M words |  3548 tok/s | ETA 3:04:44
2026-07-03 02:43:28 | [9:35:49] [##################------]  75.9% | step   7480/9860 | ep 7 | causal | loss  3.402 | all  3.316 | lr 7.12e-05 |  75.09M words |  3548 tok/s | ETA 3:03:13
2026-07-03 02:45:03 | [9:37:25] [##################------]  76.1% | step   7500/9860 | ep 7 | masked | loss  2.440 | all  2.476 | lr 7.00e-05 |  75.29M words |  3548 tok/s | ETA 3:01:41
2026-07-03 02:46:37 | [9:38:59] [##################------]  76.3% | step   7520/9860 | ep 7 | masked | loss  2.574 | all  2.647 | lr 6.89e-05 |  75.49M words |  3547 tok/s | ETA 3:00:09
2026-07-03 02:48:13 | [9:40:35] [##################------]  76.5% | step   7540/9860 | ep 7 | masked | loss  2.193 | all  2.305 | lr 6.78e-05 |  75.69M words |  3547 tok/s | ETA 2:58:38
2026-07-03 02:49:51 | [9:42:13] [##################------]  76.7% | step   7560/9860 | ep 7 | masked | loss  2.437 | all  2.547 | lr 6.67e-05 |  75.89M words |  3547 tok/s | ETA 2:57:07
2026-07-03 02:51:27 | [9:43:49] [##################------]  76.9% | step   7580/9860 | ep 7 | masked | loss  2.868 | all  2.826 | lr 6.56e-05 |  76.09M words |  3546 tok/s | ETA 2:55:36
2026-07-03 02:53:02 | [9:45:24] [##################------]  77.1% | step   7600/9860 | ep 7 | masked | loss  3.054 | all  2.827 | lr 6.45e-05 |  76.29M words |  3546 tok/s | ETA 2:54:04
2026-07-03 02:54:38 | [9:47:00] [##################------]  77.3% | step   7620/9860 | ep 7 | masked | loss  2.929 | all  2.943 | lr 6.34e-05 |  76.49M words |  3546 tok/s | ETA 2:52:33
2026-07-03 02:56:16 | [9:48:38] [##################------]  77.5% | step   7640/9860 | ep 7 | masked | loss  2.706 | all  2.729 | lr 6.23e-05 |  76.69M words |  3545 tok/s | ETA 2:51:02
2026-07-03 02:57:52 | [9:50:13] [##################------]  77.7% | step   7660/9860 | ep 7 | masked | loss  2.328 | all  2.381 | lr 6.13e-05 |  76.89M words |  3545 tok/s | ETA 2:49:31
2026-07-03 02:59:28 | [9:51:50] [##################------]  77.9% | step   7680/9860 | ep 7 | masked | loss  2.801 | all  2.736 | lr 6.02e-05 |  77.09M words |  3544 tok/s | ETA 2:47:59
2026-07-03 03:01:05 | [9:53:26] [##################------]  78.1% | step   7700/9860 | ep 7 | masked | loss  2.341 | all  2.410 | lr 5.92e-05 |  77.29M words |  3544 tok/s | ETA 2:46:28
2026-07-03 03:02:40 | [9:55:02] [##################------]  78.3% | step   7720/9860 | ep 7 | masked | loss  2.761 | all  2.736 | lr 5.81e-05 |  77.49M words |  3544 tok/s | ETA 2:44:56
2026-07-03 03:04:16 | [9:56:38] [##################------]  78.5% | step   7740/9860 | ep 7 | masked | loss  2.496 | all  2.516 | lr 5.71e-05 |  77.69M words |  3543 tok/s | ETA 2:43:25
2026-07-03 03:05:52 | [9:58:14] [##################------]  78.7% | step   7760/9860 | ep 7 | masked | loss  2.443 | all  2.537 | lr 5.60e-05 |  77.90M words |  3543 tok/s | ETA 2:41:53
2026-07-03 03:07:28 | [9:59:50] [##################------]  78.9% | step   7780/9860 | ep 7 | masked | loss  2.897 | all  2.848 | lr 5.50e-05 |  78.10M words |  3543 tok/s | ETA 2:40:22
2026-07-03 03:09:04 | [10:01:25] [##################------]  79.1% | step   7800/9860 | ep 7 | masked | loss  2.523 | all  2.625 | lr 5.40e-05 |  78.30M words |  3542 tok/s | ETA 2:38:50
2026-07-03 03:10:40 | [10:03:02] [###################-----]  79.3% | step   7820/9860 | ep 7 | masked | loss  2.897 | all  2.793 | lr 5.30e-05 |  78.50M words |  3542 tok/s | ETA 2:37:18
2026-07-03 03:12:14 | [10:04:36] [###################-----]  79.5% | step   7840/9860 | ep 7 | masked | loss  2.564 | all  2.596 | lr 5.20e-05 |  78.70M words |  3542 tok/s | ETA 2:35:46
2026-07-03 03:13:50 | [10:06:12] [###################-----]  79.7% | step   7860/9860 | ep 7 | masked | loss  2.913 | all  2.690 | lr 5.10e-05 |  78.90M words |  3541 tok/s | ETA 2:34:15
2026-07-03 03:15:25 | [10:07:47] [###################-----]  79.9% | step   7880/9860 | ep 7 | masked | loss  2.913 | all  2.814 | lr 5.00e-05 |  79.10M words |  3541 tok/s | ETA 2:32:43
2026-07-03 03:17:02 | [10:09:24] [###################-----]  80.1% | step   7900/9860 | ep 8 | masked | loss  2.785 | all  2.715 | lr 4.91e-05 |  79.30M words |  3541 tok/s | ETA 2:31:11
2026-07-03 03:18:38 | [10:11:00] [###################-----]  80.3% | step   7920/9860 | ep 8 | masked | loss  2.207 | all  2.327 | lr 4.81e-05 |  79.50M words |  3540 tok/s | ETA 2:29:39
2026-07-03 03:20:14 | [10:12:36] [###################-----]  80.5% | step   7940/9860 | ep 8 | masked | loss  2.366 | all  2.444 | lr 4.71e-05 |  79.70M words |  3540 tok/s | ETA 2:28:08
2026-07-03 03:21:52 | [10:14:13] [###################-----]  80.7% | step   7960/9860 | ep 8 | masked | loss  2.297 | all  2.436 | lr 4.62e-05 |  79.91M words |  3540 tok/s | ETA 2:26:36
2026-07-03 03:22:40 |   >> saved checkpoint chck_80M at 80.01M words
2026-07-03 03:23:29 | [10:15:50] [###################-----]  80.9% | step   7980/9860 | ep 8 | masked | loss  2.999 | all  2.802 | lr 4.53e-05 |  80.11M words |  3539 tok/s | ETA 2:25:05
2026-07-03 03:25:05 | [10:17:26] [###################-----]  81.1% | step   8000/9860 | ep 8 | masked | loss  2.540 | all  2.628 | lr 4.43e-05 |  80.31M words |  3539 tok/s | ETA 2:23:33
2026-07-03 03:26:41 | [10:19:03] [###################-----]  81.3% | step   8020/9860 | ep 8 | masked | loss  2.647 | all  2.611 | lr 4.34e-05 |  80.51M words |  3539 tok/s | ETA 2:22:01
2026-07-03 03:28:17 | [10:20:39] [###################-----]  81.5% | step   8040/9860 | ep 8 | masked | loss  2.173 | all  2.368 | lr 4.25e-05 |  80.71M words |  3538 tok/s | ETA 2:20:29
2026-07-03 03:29:54 | [10:22:16] [###################-----]  81.7% | step   8060/9860 | ep 8 | masked | loss  2.527 | all  2.594 | lr 4.16e-05 |  80.91M words |  3538 tok/s | ETA 2:18:58
2026-07-03 03:31:29 | [10:23:51] [###################-----]  81.9% | step   8080/9860 | ep 8 | masked | loss  2.163 | all  2.467 | lr 4.07e-05 |  81.11M words |  3538 tok/s | ETA 2:17:26
2026-07-03 03:33:06 | [10:25:27] [###################-----]  82.2% | step   8100/9860 | ep 8 | masked | loss  2.485 | all  2.539 | lr 3.98e-05 |  81.31M words |  3537 tok/s | ETA 2:15:54
2026-07-03 03:34:41 | [10:27:03] [###################-----]  82.4% | step   8120/9860 | ep 8 | masked | loss  2.171 | all  2.361 | lr 3.89e-05 |  81.51M words |  3537 tok/s | ETA 2:14:22
2026-07-03 03:36:17 | [10:28:39] [###################-----]  82.6% | step   8140/9860 | ep 8 | masked | loss  2.266 | all  2.533 | lr 3.81e-05 |  81.71M words |  3537 tok/s | ETA 2:12:50
2026-07-03 03:37:53 | [10:30:14] [###################-----]  82.8% | step   8160/9860 | ep 8 | causal | loss  3.372 | all  3.301 | lr 3.72e-05 |  81.91M words |  3536 tok/s | ETA 2:11:18
2026-07-03 03:39:29 | [10:31:51] [###################-----]  83.0% | step   8180/9860 | ep 8 | masked | loss  2.226 | all  2.306 | lr 3.64e-05 |  82.11M words |  3536 tok/s | ETA 2:09:46
2026-07-03 03:41:05 | [10:33:27] [###################-----]  83.2% | step   8200/9860 | ep 8 | masked | loss  2.730 | all  2.710 | lr 3.55e-05 |  82.31M words |  3536 tok/s | ETA 2:08:14
2026-07-03 03:42:41 | [10:35:03] [####################----]  83.4% | step   8220/9860 | ep 8 | masked | loss  2.311 | all  2.397 | lr 3.47e-05 |  82.51M words |  3535 tok/s | ETA 2:06:42
2026-07-03 03:44:17 | [10:36:38] [####################----]  83.6% | step   8240/9860 | ep 8 | masked | loss  2.584 | all  2.530 | lr 3.39e-05 |  82.72M words |  3535 tok/s | ETA 2:05:09
2026-07-03 03:45:53 | [10:38:15] [####################----]  83.8% | step   8260/9860 | ep 8 | masked | loss  2.077 | all  2.243 | lr 3.31e-05 |  82.92M words |  3535 tok/s | ETA 2:03:37
2026-07-03 03:47:29 | [10:39:51] [####################----]  84.0% | step   8280/9860 | ep 8 | masked | loss  2.479 | all  2.495 | lr 3.23e-05 |  83.12M words |  3534 tok/s | ETA 2:02:05
2026-07-03 03:49:05 | [10:41:27] [####################----]  84.2% | step   8300/9860 | ep 8 | masked | loss  2.169 | all  2.343 | lr 3.15e-05 |  83.32M words |  3534 tok/s | ETA 2:00:33
2026-07-03 03:50:42 | [10:43:04] [####################----]  84.4% | step   8320/9860 | ep 8 | masked | loss  2.178 | all  2.302 | lr 3.07e-05 |  83.52M words |  3534 tok/s | ETA 1:59:01
2026-07-03 03:52:19 | [10:44:40] [####################----]  84.6% | step   8340/9860 | ep 8 | masked | loss  2.219 | all  2.334 | lr 2.99e-05 |  83.72M words |  3533 tok/s | ETA 1:57:29
2026-07-03 03:53:53 | [10:46:15] [####################----]  84.8% | step   8360/9860 | ep 8 | masked | loss  3.123 | all  2.940 | lr 2.91e-05 |  83.92M words |  3533 tok/s | ETA 1:55:57
2026-07-03 03:55:31 | [10:47:53] [####################----]  85.0% | step   8380/9860 | ep 8 | masked | loss  2.876 | all  2.888 | lr 2.84e-05 |  84.12M words |  3533 tok/s | ETA 1:54:25
2026-07-03 03:57:06 | [10:49:28] [####################----]  85.2% | step   8400/9860 | ep 8 | causal | loss  3.433 | all  3.388 | lr 2.76e-05 |  84.32M words |  3533 tok/s | ETA 1:52:53
2026-07-03 03:58:42 | [10:51:04] [####################----]  85.4% | step   8420/9860 | ep 8 | masked | loss  1.946 | all  2.052 | lr 2.69e-05 |  84.52M words |  3532 tok/s | ETA 1:51:20
2026-07-03 04:00:18 | [10:52:40] [####################----]  85.6% | step   8440/9860 | ep 8 | masked | loss  2.714 | all  2.643 | lr 2.62e-05 |  84.72M words |  3532 tok/s | ETA 1:49:48
2026-07-03 04:01:54 | [10:54:16] [####################----]  85.8% | step   8460/9860 | ep 8 | causal | loss  3.445 | all  3.510 | lr 2.55e-05 |  84.92M words |  3532 tok/s | ETA 1:48:16
2026-07-03 04:03:30 | [10:55:52] [####################----]  86.0% | step   8480/9860 | ep 8 | masked | loss  2.576 | all  2.616 | lr 2.47e-05 |  85.12M words |  3531 tok/s | ETA 1:46:44
2026-07-03 04:05:05 | [10:57:27] [####################----]  86.2% | step   8500/9860 | ep 8 | masked | loss  2.772 | all  2.759 | lr 2.40e-05 |  85.32M words |  3531 tok/s | ETA 1:45:11
2026-07-03 04:06:41 | [10:59:02] [####################----]  86.4% | step   8520/9860 | ep 8 | masked | loss  2.245 | all  2.308 | lr 2.34e-05 |  85.53M words |  3531 tok/s | ETA 1:43:39
2026-07-03 04:08:16 | [11:00:38] [####################----]  86.6% | step   8540/9860 | ep 8 | masked | loss  3.196 | all  2.878 | lr 2.27e-05 |  85.73M words |  3531 tok/s | ETA 1:42:06
2026-07-03 04:09:52 | [11:02:13] [####################----]  86.8% | step   8560/9860 | ep 8 | masked | loss  2.922 | all  2.823 | lr 2.20e-05 |  85.93M words |  3530 tok/s | ETA 1:40:34
2026-07-03 04:11:28 | [11:03:49] [####################----]  87.0% | step   8580/9860 | ep 8 | causal | loss  3.461 | all  3.415 | lr 2.13e-05 |  86.13M words |  3530 tok/s | ETA 1:39:01
2026-07-03 04:13:03 | [11:05:25] [####################----]  87.2% | step   8600/9860 | ep 8 | masked | loss  2.250 | all  2.416 | lr 2.07e-05 |  86.33M words |  3530 tok/s | ETA 1:37:29
2026-07-03 04:14:39 | [11:07:00] [####################----]  87.4% | step   8620/9860 | ep 8 | masked | loss  2.332 | all  2.534 | lr 2.00e-05 |  86.53M words |  3530 tok/s | ETA 1:35:57
2026-07-03 04:16:14 | [11:08:35] [#####################---]  87.6% | step   8640/9860 | ep 8 | masked | loss  2.842 | all  2.697 | lr 1.94e-05 |  86.73M words |  3530 tok/s | ETA 1:34:24
2026-07-03 04:17:49 | [11:10:10] [#####################---]  87.8% | step   8660/9860 | ep 8 | causal | loss  3.505 | all  3.460 | lr 1.88e-05 |  86.93M words |  3529 tok/s | ETA 1:32:51
2026-07-03 04:19:24 | [11:11:46] [#####################---]  88.0% | step   8680/9860 | ep 8 | masked | loss  2.240 | all  2.379 | lr 1.82e-05 |  87.13M words |  3529 tok/s | ETA 1:31:19
2026-07-03 04:21:00 | [11:13:22] [#####################---]  88.2% | step   8700/9860 | ep 8 | masked | loss  2.381 | all  2.366 | lr 1.76e-05 |  87.33M words |  3529 tok/s | ETA 1:29:46
2026-07-03 04:22:38 | [11:15:00] [#####################---]  88.4% | step   8720/9860 | ep 8 | masked | loss  2.457 | all  2.549 | lr 1.70e-05 |  87.53M words |  3528 tok/s | ETA 1:28:14
2026-07-03 04:24:13 | [11:16:34] [#####################---]  88.6% | step   8740/9860 | ep 8 | masked | loss  2.652 | all  2.611 | lr 1.64e-05 |  87.73M words |  3528 tok/s | ETA 1:26:42
2026-07-03 04:25:49 | [11:18:11] [#####################---]  88.8% | step   8760/9860 | ep 8 | masked | loss  2.652 | all  2.574 | lr 1.58e-05 |  87.93M words |  3528 tok/s | ETA 1:25:09
2026-07-03 04:27:26 | [11:19:48] [#####################---]  89.0% | step   8780/9860 | ep 8 | masked | loss  2.150 | all  2.320 | lr 1.53e-05 |  88.13M words |  3528 tok/s | ETA 1:23:37
2026-07-03 04:29:02 | [11:21:24] [#####################---]  89.2% | step   8800/9860 | ep 8 | masked | loss  2.322 | all  2.394 | lr 1.47e-05 |  88.34M words |  3527 tok/s | ETA 1:22:04
2026-07-03 04:30:39 | [11:23:00] [#####################---]  89.5% | step   8820/9860 | ep 8 | masked | loss  2.423 | all  2.560 | lr 1.42e-05 |  88.54M words |  3527 tok/s | ETA 1:20:32
2026-07-03 04:32:14 | [11:24:36] [#####################---]  89.7% | step   8840/9860 | ep 8 | masked | loss  2.264 | all  2.362 | lr 1.36e-05 |  88.74M words |  3527 tok/s | ETA 1:18:59
2026-07-03 04:33:51 | [11:26:12] [#####################---]  89.9% | step   8860/9860 | ep 8 | masked | loss  2.420 | all  2.560 | lr 1.31e-05 |  88.94M words |  3526 tok/s | ETA 1:17:27
2026-07-03 04:35:28 | [11:27:49] [#####################---]  90.1% | step   8880/9860 | ep 9 | masked | loss  2.841 | all  2.835 | lr 1.26e-05 |  89.14M words |  3526 tok/s | ETA 1:15:54
2026-07-03 04:37:03 | [11:29:25] [#####################---]  90.3% | step   8900/9860 | ep 9 | masked | loss  2.770 | all  2.736 | lr 1.21e-05 |  89.34M words |  3526 tok/s | ETA 1:14:21
2026-07-03 04:38:41 | [11:31:02] [#####################---]  90.5% | step   8920/9860 | ep 9 | masked | loss  2.006 | all  2.141 | lr 1.16e-05 |  89.54M words |  3526 tok/s | ETA 1:12:49
2026-07-03 04:40:16 | [11:32:37] [#####################---]  90.7% | step   8940/9860 | ep 9 | masked | loss  2.148 | all  2.307 | lr 1.11e-05 |  89.74M words |  3525 tok/s | ETA 1:11:16
2026-07-03 04:41:51 | [11:34:13] [#####################---]  90.9% | step   8960/9860 | ep 9 | masked | loss  2.472 | all  2.583 | lr 1.06e-05 |  89.94M words |  3525 tok/s | ETA 1:09:43
2026-07-03 04:42:21 |   >> saved checkpoint chck_90M at 90.00M words
2026-07-03 04:43:28 | [11:35:49] [#####################---]  91.1% | step   8980/9860 | ep 9 | masked | loss  2.299 | all  2.299 | lr 1.02e-05 |  90.14M words |  3525 tok/s | ETA 1:08:11
2026-07-03 04:45:04 | [11:37:25] [#####################---]  91.3% | step   9000/9860 | ep 9 | masked | loss  2.684 | all  2.654 | lr 9.71e-06 |  90.34M words |  3525 tok/s | ETA 1:06:38
2026-07-03 04:46:39 | [11:39:00] [#####################---]  91.5% | step   9020/9860 | ep 9 | causal | loss  3.432 | all  3.462 | lr 9.26e-06 |  90.55M words |  3525 tok/s | ETA 1:05:05
2026-07-03 04:48:14 | [11:40:36] [######################--]  91.7% | step   9040/9860 | ep 9 | masked | loss  2.710 | all  2.639 | lr 8.83e-06 |  90.75M words |  3524 tok/s | ETA 1:03:33
2026-07-03 04:49:51 | [11:42:13] [######################--]  91.9% | step   9060/9860 | ep 9 | masked | loss  2.481 | all  2.529 | lr 8.41e-06 |  90.95M words |  3524 tok/s | ETA 1:02:00
2026-07-03 04:51:28 | [11:43:50] [######################--]  92.1% | step   9080/9860 | ep 9 | masked | loss  2.385 | all  2.433 | lr 8.00e-06 |  91.15M words |  3524 tok/s | ETA 1:00:27
2026-07-03 04:53:04 | [11:45:26] [######################--]  92.3% | step   9100/9860 | ep 9 | masked | loss  2.793 | all  2.754 | lr 7.59e-06 |  91.35M words |  3523 tok/s | ETA 0:58:54
2026-07-03 04:54:41 | [11:47:02] [######################--]  92.5% | step   9120/9860 | ep 9 | masked | loss  2.577 | all  2.703 | lr 7.20e-06 |  91.55M words |  3523 tok/s | ETA 0:57:22
2026-07-03 04:56:19 | [11:48:40] [######################--]  92.7% | step   9140/9860 | ep 9 | masked | loss  2.155 | all  2.386 | lr 6.82e-06 |  91.75M words |  3523 tok/s | ETA 0:55:49
2026-07-03 04:57:55 | [11:50:16] [######################--]  92.9% | step   9160/9860 | ep 9 | masked | loss  2.888 | all  2.785 | lr 6.45e-06 |  91.95M words |  3522 tok/s | ETA 0:54:16
2026-07-03 04:59:30 | [11:51:52] [######################--]  93.1% | step   9180/9860 | ep 9 | masked | loss  2.508 | all  2.398 | lr 6.08e-06 |  92.15M words |  3522 tok/s | ETA 0:52:43
2026-07-03 05:01:06 | [11:53:28] [######################--]  93.3% | step   9200/9860 | ep 9 | masked | loss  2.182 | all  2.393 | lr 5.73e-06 |  92.35M words |  3522 tok/s | ETA 0:51:11
2026-07-03 05:02:41 | [11:55:03] [######################--]  93.5% | step   9220/9860 | ep 9 | masked | loss  2.473 | all  2.525 | lr 5.39e-06 |  92.55M words |  3522 tok/s | ETA 0:49:38
2026-07-03 05:04:17 | [11:56:39] [######################--]  93.7% | step   9240/9860 | ep 9 | masked | loss  2.576 | all  2.675 | lr 5.06e-06 |  92.75M words |  3522 tok/s | ETA 0:48:05
2026-07-03 05:05:54 | [11:58:15] [######################--]  93.9% | step   9260/9860 | ep 9 | masked | loss  1.985 | all  2.244 | lr 4.74e-06 |  92.95M words |  3521 tok/s | ETA 0:46:32
2026-07-03 05:07:30 | [11:59:51] [######################--]  94.1% | step   9280/9860 | ep 9 | masked | loss  3.048 | all  2.870 | lr 4.43e-06 |  93.15M words |  3521 tok/s | ETA 0:44:59
2026-07-03 05:09:06 | [12:01:28] [######################--]  94.3% | step   9300/9860 | ep 9 | masked | loss  2.168 | all  2.313 | lr 4.13e-06 |  93.36M words |  3521 tok/s | ETA 0:43:26
2026-07-03 05:10:43 | [12:03:04] [######################--]  94.5% | step   9320/9860 | ep 9 | masked | loss  2.060 | all  2.219 | lr 3.84e-06 |  93.56M words |  3520 tok/s | ETA 0:41:53
2026-07-03 05:12:19 | [12:04:41] [######################--]  94.7% | step   9340/9860 | ep 9 | masked | loss  2.545 | all  2.663 | lr 3.56e-06 |  93.76M words |  3520 tok/s | ETA 0:40:20
2026-07-03 05:13:55 | [12:06:17] [######################--]  94.9% | step   9360/9860 | ep 9 | masked | loss  2.481 | all  2.507 | lr 3.30e-06 |  93.96M words |  3520 tok/s | ETA 0:38:47
2026-07-03 05:15:31 | [12:07:53] [######################--]  95.1% | step   9380/9860 | ep 9 | masked | loss  2.314 | all  2.401 | lr 3.04e-06 |  94.16M words |  3520 tok/s | ETA 0:37:14
2026-07-03 05:17:05 | [12:09:27] [######################--]  95.3% | step   9400/9860 | ep 9 | masked | loss  2.543 | all  2.628 | lr 2.79e-06 |  94.36M words |  3520 tok/s | ETA 0:35:41
2026-07-03 05:18:42 | [12:11:04] [######################--]  95.5% | step   9420/9860 | ep 9 | masked | loss  2.635 | all  2.842 | lr 2.55e-06 |  94.56M words |  3519 tok/s | ETA 0:34:08
2026-07-03 05:20:20 | [12:12:41] [######################--]  95.7% | step   9440/9860 | ep 9 | masked | loss  2.369 | all  2.598 | lr 2.33e-06 |  94.76M words |  3519 tok/s | ETA 0:32:35
2026-07-03 05:21:57 | [12:14:18] [#######################-]  95.9% | step   9460/9860 | ep 9 | masked | loss  2.519 | all  2.637 | lr 2.11e-06 |  94.96M words |  3519 tok/s | ETA 0:31:02
2026-07-03 05:23:33 | [12:15:54] [#######################-]  96.1% | step   9480/9860 | ep 9 | masked | loss  2.590 | all  2.529 | lr 1.91e-06 |  95.16M words |  3518 tok/s | ETA 0:29:29
2026-07-03 05:25:09 | [12:17:31] [#######################-]  96.3% | step   9500/9860 | ep 9 | masked | loss  2.240 | all  2.387 | lr 1.71e-06 |  95.36M words |  3518 tok/s | ETA 0:27:56
2026-07-03 05:26:45 | [12:19:06] [#######################-]  96.6% | step   9520/9860 | ep 9 | masked | loss  2.597 | all  2.728 | lr 1.53e-06 |  95.56M words |  3518 tok/s | ETA 0:26:23
2026-07-03 05:28:21 | [12:20:43] [#######################-]  96.8% | step   9540/9860 | ep 9 | masked | loss  2.077 | all  2.369 | lr 1.35e-06 |  95.76M words |  3518 tok/s | ETA 0:24:50
2026-07-03 05:29:57 | [12:22:19] [#######################-]  97.0% | step   9560/9860 | ep 9 | masked | loss  2.317 | all  2.387 | lr 1.19e-06 |  95.96M words |  3518 tok/s | ETA 0:23:17
2026-07-03 05:31:32 | [12:23:53] [#######################-]  97.2% | step   9580/9860 | ep 9 | masked | loss  2.626 | all  2.598 | lr 1.04e-06 |  96.17M words |  3517 tok/s | ETA 0:21:44
2026-07-03 05:33:07 | [12:25:28] [#######################-]  97.4% | step   9600/9860 | ep 9 | masked | loss  2.907 | all  2.916 | lr 8.93e-07 |  96.37M words |  3517 tok/s | ETA 0:20:11
2026-07-03 05:34:42 | [12:27:04] [#######################-]  97.6% | step   9620/9860 | ep 9 | causal | loss  3.292 | all  3.281 | lr 7.61e-07 |  96.57M words |  3517 tok/s | ETA 0:18:38
2026-07-03 05:36:19 | [12:28:40] [#######################-]  97.8% | step   9640/9860 | ep 9 | masked | loss  1.945 | all  2.173 | lr 6.39e-07 |  96.77M words |  3517 tok/s | ETA 0:17:05
2026-07-03 05:37:55 | [12:30:16] [#######################-]  98.0% | step   9660/9860 | ep 9 | masked | loss  2.201 | all  2.361 | lr 5.28e-07 |  96.97M words |  3517 tok/s | ETA 0:15:32
2026-07-03 05:39:31 | [12:31:53] [#######################-]  98.2% | step   9680/9860 | ep 9 | masked | loss  1.615 | all  1.913 | lr 4.28e-07 |  97.17M words |  3516 tok/s | ETA 0:13:58
2026-07-03 05:41:08 | [12:33:29] [#######################-]  98.4% | step   9700/9860 | ep 9 | masked | loss  2.716 | all  2.753 | lr 3.38e-07 |  97.37M words |  3516 tok/s | ETA 0:12:25
2026-07-03 05:42:43 | [12:35:05] [#######################-]  98.6% | step   9720/9860 | ep 9 | masked | loss  2.575 | all  2.631 | lr 2.59e-07 |  97.57M words |  3516 tok/s | ETA 0:10:52
2026-07-03 05:44:18 | [12:36:40] [#######################-]  98.8% | step   9740/9860 | ep 9 | masked | loss  2.322 | all  2.573 | lr 1.90e-07 |  97.77M words |  3516 tok/s | ETA 0:09:19
2026-07-03 05:45:54 | [12:38:16] [#######################-]  99.0% | step   9760/9860 | ep 9 | masked | loss  2.559 | all  2.654 | lr 1.32e-07 |  97.97M words |  3516 tok/s | ETA 0:07:46
2026-07-03 05:47:29 | [12:39:51] [#######################-]  99.2% | step   9780/9860 | ep 9 | masked | loss  2.313 | all  2.476 | lr 8.46e-08 |  98.17M words |  3515 tok/s | ETA 0:06:12
2026-07-03 05:49:05 | [12:41:27] [#######################-]  99.4% | step   9800/9860 | ep 9 | masked | loss  2.597 | all  2.602 | lr 4.76e-08 |  98.37M words |  3515 tok/s | ETA 0:04:39
2026-07-03 05:50:44 | [12:43:06] [#######################-]  99.6% | step   9820/9860 | ep 9 | causal | loss  3.518 | all  3.524 | lr 2.11e-08 |  98.57M words |  3515 tok/s | ETA 0:03:06
2026-07-03 05:52:22 | [12:44:44] [#######################-]  99.8% | step   9840/9860 | ep 9 | masked | loss  2.476 | all  2.584 | lr 5.28e-09 |  98.77M words |  3514 tok/s | ETA 0:01:33
2026-07-03 05:53:58 | [12:46:19] [########################] 100.0% | step   9860/9860 | ep 9 | masked | loss  2.387 | all  2.425 | lr 0.00e+00 |  98.98M words |  3514 tok/s | ETA 0:00:00
2026-07-03 05:53:58 | DONE: 9860 steps | 98.98M words seen | 12:46:20 elapsed | saved /Users/admin1/Downloads/babylm-eval/checkpoints/gptbert_small_slm_v1/final
