2026-06-30 15:45:04 | === run 'gptbert_small_span_v2' | device=mps | config=small (33.0M params) ===
2026-06-30 15:45:04 | seq_len=128 batch=32 grad_accum=4 (eff batch 128) | lr=0.0005 | epochs=10
2026-06-30 15:45:04 | blocks/epoch=126,267 | steps/epoch=986 | max_steps=9,860 | ~163M tokens over 10 epochs
2026-06-30 15:45:04 | live log: /Users/admin1/Downloads/babylm-eval/checkpoints/gptbert_small_span_v2/train.log
2026-06-30 15:45:10 | [0:00:05] [------------------------]   0.0% | step      1/9860 | ep 0 | masked | loss  9.853 | lr 2.54e-06 |   0.01M words |  2907 tok/s | ETA 15:25:59
2026-06-30 15:46:35 | [0:01:30] [------------------------]   0.2% | step     20/9860 | ep 0 | masked | loss  8.820 | lr 5.08e-05 |   0.20M words |  3603 tok/s | ETA 12:25:49
2026-06-30 15:48:05 | [0:03:00] [------------------------]   0.4% | step     40/9860 | ep 0 | masked | loss  7.982 | lr 1.02e-04 |   0.40M words |  3628 tok/s | ETA 12:19:07
2026-06-30 15:49:35 | [0:04:30] [------------------------]   0.6% | step     60/9860 | ep 0 | masked | loss  7.006 | lr 1.52e-04 |   0.60M words |  3630 tok/s | ETA 12:17:12
2026-06-30 15:51:04 | [0:05:59] [------------------------]   0.8% | step     80/9860 | ep 0 | masked | loss  6.433 | lr 2.03e-04 |   0.80M words |  3643 tok/s | ETA 12:13:07
2026-06-30 15:52:34 | [0:07:29] [------------------------]   1.0% | step    100/9860 | ep 0 | masked | loss  6.094 | lr 2.54e-04 |   1.00M words |  3646 tok/s | ETA 12:10:55
2026-06-30 15:52:34 |   >> saved checkpoint chck_1M at 1.00M words
2026-06-30 15:54:03 | [0:08:58] [------------------------]   1.2% | step    120/9860 | ep 0 | masked | loss  6.027 | lr 3.05e-04 |   1.20M words |  3651 tok/s | ETA 12:08:30
2026-06-30 15:55:32 | [0:10:27] [------------------------]   1.4% | step    140/9860 | ep 0 | masked | loss  5.509 | lr 3.55e-04 |   1.41M words |  3657 tok/s | ETA 12:05:52
2026-06-30 15:57:01 | [0:11:56] [------------------------]   1.6% | step    160/9860 | ep 0 | masked | loss  5.615 | lr 4.06e-04 |   1.61M words |  3657 tok/s | ETA 12:04:23
2026-06-30 15:58:32 | [0:13:27] [------------------------]   1.8% | step    180/9860 | ep 0 | masked | loss  5.210 | lr 4.57e-04 |   1.81M words |  3652 tok/s | ETA 12:03:53
2026-06-30 16:00:01 | [0:14:56] [------------------------]   2.0% | step    200/9860 | ep 0 | masked | loss  5.479 | lr 5.00e-04 |   2.01M words |  3655 tok/s | ETA 12:01:40
2026-06-30 16:00:01 |   >> saved checkpoint chck_2M at 2.01M words
2026-06-30 16:01:31 | [0:16:26] [------------------------]   2.2% | step    220/9860 | ep 0 | masked | loss  5.008 | lr 5.00e-04 |   2.21M words |  3655 tok/s | ETA 12:00:14
2026-06-30 16:03:00 | [0:17:55] [------------------------]   2.4% | step    240/9860 | ep 0 | causal | loss  4.946 | lr 5.00e-04 |   2.41M words |  3657 tok/s | ETA 11:58:21
2026-06-30 16:04:29 | [0:19:25] [------------------------]   2.6% | step    260/9860 | ep 0 | masked | loss  4.973 | lr 5.00e-04 |   2.61M words |  3656 tok/s | ETA 11:56:59
2026-06-30 16:05:59 | [0:20:55] [------------------------]   2.8% | step    280/9860 | ep 0 | masked | loss  4.680 | lr 5.00e-04 |   2.81M words |  3655 tok/s | ETA 11:55:41
2026-06-30 16:07:25 |   >> saved checkpoint chck_3M at 3.00M words
2026-06-30 16:07:29 | [0:22:24] [------------------------]   3.0% | step    300/9860 | ep 0 | masked | loss  5.008 | lr 5.00e-04 |   3.01M words |  3654 tok/s | ETA 11:54:19
2026-06-30 16:08:59 | [0:23:54] [------------------------]   3.2% | step    320/9860 | ep 0 | masked | loss  4.819 | lr 5.00e-04 |   3.21M words |  3655 tok/s | ETA 11:52:42
2026-06-30 16:10:28 | [0:25:23] [------------------------]   3.4% | step    340/9860 | ep 0 | masked | loss  4.882 | lr 5.00e-04 |   3.41M words |  3656 tok/s | ETA 11:51:02
2026-06-30 16:11:57 | [0:26:53] [------------------------]   3.7% | step    360/9860 | ep 0 | masked | loss  5.229 | lr 5.00e-04 |   3.61M words |  3657 tok/s | ETA 11:49:26
2026-06-30 16:13:26 | [0:28:22] [------------------------]   3.9% | step    380/9860 | ep 0 | masked | loss  4.637 | lr 5.00e-04 |   3.81M words |  3658 tok/s | ETA 11:47:41
2026-06-30 16:14:52 |   >> saved checkpoint chck_4M at 4.00M words
2026-06-30 16:14:56 | [0:29:52] [------------------------]   4.1% | step    400/9860 | ep 0 | masked | loss  4.674 | lr 4.99e-04 |   4.01M words |  3657 tok/s | ETA 11:46:20
2026-06-30 16:16:26 | [0:31:21] [#-----------------------]   4.3% | step    420/9860 | ep 0 | masked | loss  4.410 | lr 4.99e-04 |   4.22M words |  3658 tok/s | ETA 11:44:43
2026-06-30 16:17:57 | [0:32:52] [#-----------------------]   4.5% | step    440/9860 | ep 0 | masked | loss  4.419 | lr 4.99e-04 |   4.42M words |  3655 tok/s | ETA 11:43:46
2026-06-30 16:19:27 | [0:34:22] [#-----------------------]   4.7% | step    460/9860 | ep 0 | masked | loss  4.816 | lr 4.99e-04 |   4.62M words |  3654 tok/s | ETA 11:42:25
2026-06-30 16:20:57 | [0:35:52] [#-----------------------]   4.9% | step    480/9860 | ep 0 | masked | loss  4.405 | lr 4.99e-04 |   4.82M words |  3654 tok/s | ETA 11:40:58
2026-06-30 16:22:22 |   >> saved checkpoint chck_5M at 5.01M words
2026-06-30 16:22:27 | [0:37:22] [#-----------------------]   5.1% | step    500/9860 | ep 0 | masked | loss  4.656 | lr 4.99e-04 |   5.02M words |  3653 tok/s | ETA 11:39:37
2026-06-30 16:23:58 | [0:38:54] [#-----------------------]   5.3% | step    520/9860 | ep 0 | masked | loss  4.288 | lr 4.99e-04 |   5.22M words |  3650 tok/s | ETA 11:38:43
2026-06-30 16:25:30 | [0:40:25] [#-----------------------]   5.5% | step    540/9860 | ep 0 | masked | loss  4.236 | lr 4.98e-04 |   5.42M words |  3648 tok/s | ETA 11:37:40
2026-06-30 16:27:00 | [0:41:56] [#-----------------------]   5.7% | step    560/9860 | ep 0 | masked | loss  4.542 | lr 4.98e-04 |   5.62M words |  3647 tok/s | ETA 11:36:23
2026-06-30 16:28:33 | [0:43:28] [#-----------------------]   5.9% | step    580/9860 | ep 0 | masked | loss  4.467 | lr 4.98e-04 |   5.82M words |  3643 tok/s | ETA 11:35:32
2026-06-30 16:29:54 |   >> saved checkpoint chck_6M at 6.00M words
2026-06-30 16:30:03 | [0:44:58] [#-----------------------]   6.1% | step    600/9860 | ep 0 | causal | loss  4.379 | lr 4.98e-04 |   6.02M words |  3643 tok/s | ETA 11:34:05
2026-06-30 16:31:32 | [0:46:27] [#-----------------------]   6.3% | step    620/9860 | ep 0 | masked | loss  4.900 | lr 4.98e-04 |   6.22M words |  3644 tok/s | ETA 11:32:27
2026-06-30 16:33:02 | [0:47:57] [#-----------------------]   6.5% | step    640/9860 | ep 0 | masked | loss  4.731 | lr 4.97e-04 |   6.42M words |  3644 tok/s | ETA 11:30:51
2026-06-30 16:34:31 | [0:49:26] [#-----------------------]   6.7% | step    660/9860 | ep 0 | masked | loss  4.007 | lr 4.97e-04 |   6.62M words |  3645 tok/s | ETA 11:29:09
2026-06-30 16:36:00 | [0:50:56] [#-----------------------]   6.9% | step    680/9860 | ep 0 | masked | loss  4.802 | lr 4.97e-04 |   6.82M words |  3646 tok/s | ETA 11:27:37
2026-06-30 16:37:21 |   >> saved checkpoint chck_7M at 7.00M words
2026-06-30 16:37:30 | [0:52:25] [#-----------------------]   7.1% | step    700/9860 | ep 0 | masked | loss  4.710 | lr 4.97e-04 |   7.03M words |  3646 tok/s | ETA 11:26:07
2026-06-30 16:38:59 | [0:53:54] [#-----------------------]   7.3% | step    720/9860 | ep 0 | masked | loss  4.414 | lr 4.96e-04 |   7.23M words |  3647 tok/s | ETA 11:24:25
2026-06-30 16:40:30 | [0:55:25] [#-----------------------]   7.5% | step    740/9860 | ep 0 | masked | loss  4.407 | lr 4.96e-04 |   7.43M words |  3646 tok/s | ETA 11:23:02
2026-06-30 16:41:59 | [0:56:54] [#-----------------------]   7.7% | step    760/9860 | ep 0 | masked | loss  4.200 | lr 4.96e-04 |   7.63M words |  3647 tok/s | ETA 11:21:24
2026-06-30 16:43:28 | [0:58:24] [#-----------------------]   7.9% | step    780/9860 | ep 0 | masked | loss  4.436 | lr 4.96e-04 |   7.83M words |  3647 tok/s | ETA 11:19:51
2026-06-30 16:44:49 |   >> saved checkpoint chck_8M at 8.01M words
2026-06-30 16:44:59 | [0:59:54] [#-----------------------]   8.1% | step    800/9860 | ep 0 | masked | loss  3.723 | lr 4.95e-04 |   8.03M words |  3647 tok/s | ETA 11:18:23
2026-06-30 16:46:28 | [1:01:23] [#-----------------------]   8.3% | step    820/9860 | ep 0 | masked | loss  4.562 | lr 4.95e-04 |   8.23M words |  3647 tok/s | ETA 11:16:50
2026-06-30 16:47:58 | [1:02:53] [##----------------------]   8.5% | step    840/9860 | ep 0 | masked | loss  4.154 | lr 4.95e-04 |   8.43M words |  3647 tok/s | ETA 11:15:17
2026-06-30 16:49:27 | [1:04:22] [##----------------------]   8.7% | step    860/9860 | ep 0 | masked | loss  4.420 | lr 4.94e-04 |   8.63M words |  3648 tok/s | ETA 11:13:43
2026-06-30 16:50:56 | [1:05:51] [##----------------------]   8.9% | step    880/9860 | ep 0 | masked | loss  4.268 | lr 4.94e-04 |   8.83M words |  3648 tok/s | ETA 11:12:07
2026-06-30 16:52:12 |   >> saved checkpoint chck_9M at 9.00M words
2026-06-30 16:52:26 | [1:07:21] [##----------------------]   9.1% | step    900/9860 | ep 0 | masked | loss  4.831 | lr 4.93e-04 |   9.03M words |  3648 tok/s | ETA 11:10:36
2026-06-30 16:53:55 | [1:08:50] [##----------------------]   9.3% | step    920/9860 | ep 0 | masked | loss  4.441 | lr 4.93e-04 |   9.23M words |  3649 tok/s | ETA 11:08:56
2026-06-30 16:55:25 | [1:10:20] [##----------------------]   9.5% | step    940/9860 | ep 0 | causal | loss  4.094 | lr 4.93e-04 |   9.43M words |  3649 tok/s | ETA 11:07:31
2026-06-30 16:56:56 | [1:11:51] [##----------------------]   9.7% | step    960/9860 | ep 0 | masked | loss  4.030 | lr 4.92e-04 |   9.63M words |  3648 tok/s | ETA 11:06:08
2026-06-30 16:58:25 | [1:13:20] [##----------------------]   9.9% | step    980/9860 | ep 0 | masked | loss  3.736 | lr 4.92e-04 |   9.84M words |  3649 tok/s | ETA 11:04:36
2026-06-30 16:59:42 |   >> saved checkpoint chck_10M at 10.01M words
2026-06-30 16:59:55 | [1:14:50] [##----------------------]  10.1% | step   1000/9860 | ep 1 | masked | loss  4.680 | lr 4.92e-04 |  10.04M words |  3649 tok/s | ETA 11:03:09
2026-06-30 17:01:25 | [1:16:20] [##----------------------]  10.3% | step   1020/9860 | ep 1 | masked | loss  4.620 | lr 4.91e-04 |  10.24M words |  3649 tok/s | ETA 11:01:35
2026-06-30 17:02:53 | [1:17:48] [##----------------------]  10.5% | step   1040/9860 | ep 1 | masked | loss  4.477 | lr 4.91e-04 |  10.44M words |  3651 tok/s | ETA 10:59:54
2026-06-30 17:04:22 | [1:19:17] [##----------------------]  10.8% | step   1060/9860 | ep 1 | masked | loss  4.877 | lr 4.90e-04 |  10.64M words |  3651 tok/s | ETA 10:58:16
2026-06-30 17:05:51 | [1:20:46] [##----------------------]  11.0% | step   1080/9860 | ep 1 | masked | loss  4.402 | lr 4.90e-04 |  10.84M words |  3652 tok/s | ETA 10:56:39
2026-06-30 17:07:20 | [1:22:15] [##----------------------]  11.2% | step   1100/9860 | ep 1 | masked | loss  4.264 | lr 4.89e-04 |  11.04M words |  3652 tok/s | ETA 10:55:04
2026-06-30 17:08:49 | [1:23:44] [##----------------------]  11.4% | step   1120/9860 | ep 1 | masked | loss  4.435 | lr 4.89e-04 |  11.24M words |  3653 tok/s | ETA 10:53:31
2026-06-30 17:10:18 | [1:25:14] [##----------------------]  11.6% | step   1140/9860 | ep 1 | masked | loss  3.824 | lr 4.88e-04 |  11.44M words |  3653 tok/s | ETA 10:51:57
2026-06-30 17:11:48 | [1:26:44] [##----------------------]  11.8% | step   1160/9860 | ep 1 | masked | loss  4.039 | lr 4.88e-04 |  11.64M words |  3653 tok/s | ETA 10:50:30
2026-06-30 17:13:20 | [1:28:15] [##----------------------]  12.0% | step   1180/9860 | ep 1 | masked | loss  4.331 | lr 4.87e-04 |  11.84M words |  3651 tok/s | ETA 10:49:14
2026-06-30 17:14:50 | [1:29:45] [##----------------------]  12.2% | step   1200/9860 | ep 1 | masked | loss  3.614 | lr 4.87e-04 |  12.05M words |  3652 tok/s | ETA 10:47:44
2026-06-30 17:16:20 | [1:31:15] [##----------------------]  12.4% | step   1220/9860 | ep 1 | masked | loss  4.108 | lr 4.86e-04 |  12.25M words |  3651 tok/s | ETA 10:46:15
2026-06-30 17:17:50 | [1:32:45] [###---------------------]  12.6% | step   1240/9860 | ep 1 | masked | loss  4.491 | lr 4.86e-04 |  12.45M words |  3651 tok/s | ETA 10:44:47
2026-06-30 17:19:19 | [1:34:14] [###---------------------]  12.8% | step   1260/9860 | ep 1 | causal | loss  4.742 | lr 4.85e-04 |  12.65M words |  3651 tok/s | ETA 10:43:17
2026-06-30 17:20:49 | [1:35:44] [###---------------------]  13.0% | step   1280/9860 | ep 1 | masked | loss  4.299 | lr 4.85e-04 |  12.85M words |  3651 tok/s | ETA 10:41:48
2026-06-30 17:22:19 | [1:37:15] [###---------------------]  13.2% | step   1300/9860 | ep 1 | masked | loss  4.339 | lr 4.84e-04 |  13.05M words |  3651 tok/s | ETA 10:40:21
2026-06-30 17:23:50 | [1:38:45] [###---------------------]  13.4% | step   1320/9860 | ep 1 | masked | loss  4.651 | lr 4.84e-04 |  13.25M words |  3650 tok/s | ETA 10:38:56
2026-06-30 17:25:21 | [1:40:16] [###---------------------]  13.6% | step   1340/9860 | ep 1 | masked | loss  4.412 | lr 4.83e-04 |  13.45M words |  3650 tok/s | ETA 10:37:36
2026-06-30 17:26:50 | [1:41:46] [###---------------------]  13.8% | step   1360/9860 | ep 1 | causal | loss  4.138 | lr 4.82e-04 |  13.65M words |  3650 tok/s | ETA 10:36:02
2026-06-30 17:28:20 | [1:43:15] [###---------------------]  14.0% | step   1380/9860 | ep 1 | masked | loss  4.193 | lr 4.82e-04 |  13.85M words |  3650 tok/s | ETA 10:34:32
2026-06-30 17:29:49 | [1:44:44] [###---------------------]  14.2% | step   1400/9860 | ep 1 | masked | loss  4.019 | lr 4.81e-04 |  14.05M words |  3651 tok/s | ETA 10:32:55
2026-06-30 17:31:19 | [1:46:14] [###---------------------]  14.4% | step   1420/9860 | ep 1 | masked | loss  4.403 | lr 4.80e-04 |  14.25M words |  3650 tok/s | ETA 10:31:28
2026-06-30 17:32:50 | [1:47:45] [###---------------------]  14.6% | step   1440/9860 | ep 1 | masked | loss  4.282 | lr 4.80e-04 |  14.45M words |  3649 tok/s | ETA 10:30:07
2026-06-30 17:34:21 | [1:49:17] [###---------------------]  14.8% | step   1460/9860 | ep 1 | masked | loss  4.294 | lr 4.79e-04 |  14.65M words |  3649 tok/s | ETA 10:28:46
2026-06-30 17:35:53 | [1:50:48] [###---------------------]  15.0% | step   1480/9860 | ep 1 | masked | loss  4.136 | lr 4.79e-04 |  14.86M words |  3648 tok/s | ETA 10:27:24
2026-06-30 17:37:24 | [1:52:19] [###---------------------]  15.2% | step   1500/9860 | ep 1 | masked | loss  4.349 | lr 4.78e-04 |  15.06M words |  3647 tok/s | ETA 10:26:03
2026-06-30 17:38:55 | [1:53:51] [###---------------------]  15.4% | step   1520/9860 | ep 1 | masked | loss  4.365 | lr 4.77e-04 |  15.26M words |  3646 tok/s | ETA 10:24:40
2026-06-30 17:40:27 | [1:55:22] [###---------------------]  15.6% | step   1540/9860 | ep 1 | masked | loss  4.016 | lr 4.77e-04 |  15.46M words |  3645 tok/s | ETA 10:23:18
2026-06-30 17:41:58 | [1:56:53] [###---------------------]  15.8% | step   1560/9860 | ep 1 | masked | loss  3.909 | lr 4.76e-04 |  15.66M words |  3645 tok/s | ETA 10:21:54
2026-06-30 17:43:29 | [1:58:24] [###---------------------]  16.0% | step   1580/9860 | ep 1 | masked | loss  3.920 | lr 4.75e-04 |  15.86M words |  3644 tok/s | ETA 10:20:30
2026-06-30 17:45:00 | [1:59:55] [###---------------------]  16.2% | step   1600/9860 | ep 1 | causal | loss  4.179 | lr 4.74e-04 |  16.06M words |  3644 tok/s | ETA 10:19:07
2026-06-30 17:46:31 | [2:01:26] [###---------------------]  16.4% | step   1620/9860 | ep 1 | masked | loss  3.675 | lr 4.74e-04 |  16.26M words |  3643 tok/s | ETA 10:17:44
2026-06-30 17:48:02 | [2:02:58] [###---------------------]  16.6% | step   1640/9860 | ep 1 | masked | loss  3.800 | lr 4.73e-04 |  16.46M words |  3642 tok/s | ETA 10:16:20
2026-06-30 17:49:34 | [2:04:29] [####--------------------]  16.8% | step   1660/9860 | ep 1 | masked | loss  4.290 | lr 4.72e-04 |  16.66M words |  3642 tok/s | ETA 10:14:57
2026-06-30 17:51:04 | [2:06:00] [####--------------------]  17.0% | step   1680/9860 | ep 1 | causal | loss  3.755 | lr 4.72e-04 |  16.86M words |  3641 tok/s | ETA 10:13:30
2026-06-30 17:52:35 | [2:07:30] [####--------------------]  17.2% | step   1700/9860 | ep 1 | masked | loss  3.555 | lr 4.71e-04 |  17.06M words |  3641 tok/s | ETA 10:12:02
2026-06-30 17:54:06 | [2:09:01] [####--------------------]  17.4% | step   1720/9860 | ep 1 | masked | loss  3.727 | lr 4.70e-04 |  17.26M words |  3641 tok/s | ETA 10:10:37
2026-06-30 17:55:37 | [2:10:32] [####--------------------]  17.6% | step   1740/9860 | ep 1 | masked | loss  4.321 | lr 4.69e-04 |  17.46M words |  3640 tok/s | ETA 10:09:12
2026-06-30 17:57:08 | [2:12:03] [####--------------------]  17.8% | step   1760/9860 | ep 1 | masked | loss  4.424 | lr 4.68e-04 |  17.67M words |  3640 tok/s | ETA 10:07:48
2026-06-30 17:58:40 | [2:13:35] [####--------------------]  18.1% | step   1780/9860 | ep 1 | causal | loss  3.839 | lr 4.68e-04 |  17.87M words |  3639 tok/s | ETA 10:06:24
2026-06-30 18:00:11 | [2:15:06] [####--------------------]  18.3% | step   1800/9860 | ep 1 | masked | loss  3.865 | lr 4.67e-04 |  18.07M words |  3638 tok/s | ETA 10:05:00
2026-06-30 18:01:42 | [2:16:37] [####--------------------]  18.5% | step   1820/9860 | ep 1 | masked | loss  4.085 | lr 4.66e-04 |  18.27M words |  3638 tok/s | ETA 10:03:33
2026-06-30 18:03:12 | [2:18:08] [####--------------------]  18.7% | step   1840/9860 | ep 1 | masked | loss  3.586 | lr 4.65e-04 |  18.47M words |  3638 tok/s | ETA 10:02:05
2026-06-30 18:04:42 | [2:19:37] [####--------------------]  18.9% | step   1860/9860 | ep 1 | masked | loss  3.282 | lr 4.64e-04 |  18.67M words |  3638 tok/s | ETA 10:00:32
2026-06-30 18:06:11 | [2:21:06] [####--------------------]  19.1% | step   1880/9860 | ep 1 | masked | loss  4.034 | lr 4.64e-04 |  18.87M words |  3638 tok/s | ETA 9:58:58
2026-06-30 18:07:40 | [2:22:35] [####--------------------]  19.3% | step   1900/9860 | ep 1 | masked | loss  4.228 | lr 4.63e-04 |  19.07M words |  3639 tok/s | ETA 9:57:22
2026-06-30 18:09:09 | [2:24:04] [####--------------------]  19.5% | step   1920/9860 | ep 1 | masked | loss  4.032 | lr 4.62e-04 |  19.27M words |  3639 tok/s | ETA 9:55:49
2026-06-30 18:10:38 | [2:25:33] [####--------------------]  19.7% | step   1940/9860 | ep 1 | masked | loss  4.340 | lr 4.61e-04 |  19.47M words |  3640 tok/s | ETA 9:54:15
2026-06-30 18:12:07 | [2:27:03] [####--------------------]  19.9% | step   1960/9860 | ep 1 | causal | loss  3.633 | lr 4.60e-04 |  19.67M words |  3640 tok/s | ETA 9:52:42
2026-06-30 18:13:37 | [2:28:32] [####--------------------]  20.1% | step   1980/9860 | ep 2 | masked | loss  4.014 | lr 4.59e-04 |  19.88M words |  3641 tok/s | ETA 9:51:11
2026-06-30 18:14:35 |   >> saved checkpoint chck_20M at 20.01M words
2026-06-30 18:15:06 | [2:30:01] [####--------------------]  20.3% | step   2000/9860 | ep 2 | masked | loss  3.836 | lr 4.58e-04 |  20.08M words |  3641 tok/s | ETA 9:49:37
2026-06-30 18:16:36 | [2:31:32] [####--------------------]  20.5% | step   2020/9860 | ep 2 | masked | loss  3.859 | lr 4.57e-04 |  20.28M words |  3641 tok/s | ETA 9:48:07
2026-06-30 18:18:06 | [2:33:02] [####--------------------]  20.7% | step   2040/9860 | ep 2 | masked | loss  3.767 | lr 4.56e-04 |  20.48M words |  3641 tok/s | ETA 9:46:37
2026-06-30 18:19:38 | [2:34:33] [#####-------------------]  20.9% | step   2060/9860 | ep 2 | masked | loss  3.815 | lr 4.56e-04 |  20.68M words |  3640 tok/s | ETA 9:45:12
2026-06-30 18:21:09 | [2:36:05] [#####-------------------]  21.1% | step   2080/9860 | ep 2 | masked | loss  3.860 | lr 4.55e-04 |  20.88M words |  3640 tok/s | ETA 9:43:48
2026-06-30 18:22:40 | [2:37:35] [#####-------------------]  21.3% | step   2100/9860 | ep 2 | causal | loss  4.136 | lr 4.54e-04 |  21.08M words |  3640 tok/s | ETA 9:42:19
2026-06-30 18:24:10 | [2:39:05] [#####-------------------]  21.5% | step   2120/9860 | ep 2 | masked | loss  3.921 | lr 4.53e-04 |  21.28M words |  3640 tok/s | ETA 9:40:49
2026-06-30 18:25:41 | [2:40:36] [#####-------------------]  21.7% | step   2140/9860 | ep 2 | masked | loss  3.797 | lr 4.52e-04 |  21.48M words |  3639 tok/s | ETA 9:39:24
2026-06-30 18:27:11 | [2:42:06] [#####-------------------]  21.9% | step   2160/9860 | ep 2 | masked | loss  3.584 | lr 4.51e-04 |  21.68M words |  3639 tok/s | ETA 9:37:52
2026-06-30 18:28:40 | [2:43:35] [#####-------------------]  22.1% | step   2180/9860 | ep 2 | masked | loss  3.812 | lr 4.50e-04 |  21.88M words |  3640 tok/s | ETA 9:36:19
2026-06-30 18:30:09 | [2:45:04] [#####-------------------]  22.3% | step   2200/9860 | ep 2 | masked | loss  3.380 | lr 4.49e-04 |  22.08M words |  3640 tok/s | ETA 9:34:46
2026-06-30 18:31:38 | [2:46:33] [#####-------------------]  22.5% | step   2220/9860 | ep 2 | masked | loss  3.642 | lr 4.48e-04 |  22.28M words |  3640 tok/s | ETA 9:33:13
2026-06-30 18:33:08 | [2:48:03] [#####-------------------]  22.7% | step   2240/9860 | ep 2 | masked | loss  3.841 | lr 4.47e-04 |  22.49M words |  3640 tok/s | ETA 9:31:41
2026-06-30 18:34:37 | [2:49:32] [#####-------------------]  22.9% | step   2260/9860 | ep 2 | masked | loss  3.745 | lr 4.46e-04 |  22.69M words |  3641 tok/s | ETA 9:30:09
2026-06-30 18:36:07 | [2:51:02] [#####-------------------]  23.1% | step   2280/9860 | ep 2 | masked | loss  4.094 | lr 4.45e-04 |  22.89M words |  3641 tok/s | ETA 9:28:37
2026-06-30 18:37:36 | [2:52:31] [#####-------------------]  23.3% | step   2300/9860 | ep 2 | masked | loss  4.070 | lr 4.44e-04 |  23.09M words |  3641 tok/s | ETA 9:27:05
2026-06-30 18:39:06 | [2:54:01] [#####-------------------]  23.5% | step   2320/9860 | ep 2 | masked | loss  4.052 | lr 4.43e-04 |  23.29M words |  3641 tok/s | ETA 9:25:34
2026-06-30 18:40:37 | [2:55:32] [#####-------------------]  23.7% | step   2340/9860 | ep 2 | masked | loss  3.786 | lr 4.42e-04 |  23.49M words |  3641 tok/s | ETA 9:24:08
2026-06-30 18:42:08 | [2:57:03] [#####-------------------]  23.9% | step   2360/9860 | ep 2 | masked | loss  4.078 | lr 4.41e-04 |  23.69M words |  3640 tok/s | ETA 9:22:41
2026-06-30 18:43:39 | [2:58:34] [#####-------------------]  24.1% | step   2380/9860 | ep 2 | masked | loss  3.425 | lr 4.40e-04 |  23.89M words |  3640 tok/s | ETA 9:21:15
2026-06-30 18:45:11 | [3:00:06] [#####-------------------]  24.3% | step   2400/9860 | ep 2 | masked | loss  3.807 | lr 4.39e-04 |  24.09M words |  3640 tok/s | ETA 9:19:49
2026-06-30 18:46:42 | [3:01:37] [#####-------------------]  24.5% | step   2420/9860 | ep 2 | masked | loss  3.617 | lr 4.38e-04 |  24.29M words |  3639 tok/s | ETA 9:18:22
2026-06-30 18:48:13 | [3:03:08] [#####-------------------]  24.7% | step   2440/9860 | ep 2 | masked | loss  3.790 | lr 4.36e-04 |  24.49M words |  3639 tok/s | ETA 9:16:56
2026-06-30 18:49:44 | [3:04:39] [#####-------------------]  24.9% | step   2460/9860 | ep 2 | masked | loss  4.267 | lr 4.35e-04 |  24.69M words |  3638 tok/s | ETA 9:15:29
2026-06-30 18:51:16 | [3:06:11] [######------------------]  25.2% | step   2480/9860 | ep 2 | causal | loss  3.926 | lr 4.34e-04 |  24.89M words |  3638 tok/s | ETA 9:14:03
2026-06-30 18:52:47 | [3:07:42] [######------------------]  25.4% | step   2500/9860 | ep 2 | masked | loss  3.585 | lr 4.33e-04 |  25.09M words |  3638 tok/s | ETA 9:12:36
2026-06-30 18:54:18 | [3:09:13] [######------------------]  25.6% | step   2520/9860 | ep 2 | masked | loss  3.792 | lr 4.32e-04 |  25.30M words |  3637 tok/s | ETA 9:11:08
2026-06-30 18:55:49 | [3:10:44] [######------------------]  25.8% | step   2540/9860 | ep 2 | masked | loss  3.545 | lr 4.31e-04 |  25.50M words |  3637 tok/s | ETA 9:09:42
2026-06-30 18:57:20 | [3:12:15] [######------------------]  26.0% | step   2560/9860 | ep 2 | masked | loss  3.948 | lr 4.30e-04 |  25.70M words |  3637 tok/s | ETA 9:08:15
2026-06-30 18:58:50 | [3:13:45] [######------------------]  26.2% | step   2580/9860 | ep 2 | masked | loss  3.534 | lr 4.29e-04 |  25.90M words |  3637 tok/s | ETA 9:06:43
2026-06-30 19:00:19 | [3:15:14] [######------------------]  26.4% | step   2600/9860 | ep 2 | masked | loss  3.681 | lr 4.28e-04 |  26.10M words |  3637 tok/s | ETA 9:05:11
2026-06-30 19:01:50 | [3:16:45] [######------------------]  26.6% | step   2620/9860 | ep 2 | masked | loss  4.146 | lr 4.26e-04 |  26.30M words |  3637 tok/s | ETA 9:03:42
2026-06-30 19:03:19 | [3:18:14] [######------------------]  26.8% | step   2640/9860 | ep 2 | masked | loss  4.259 | lr 4.25e-04 |  26.50M words |  3637 tok/s | ETA 9:02:09
2026-06-30 19:04:48 | [3:19:43] [######------------------]  27.0% | step   2660/9860 | ep 2 | causal | loss  3.760 | lr 4.24e-04 |  26.70M words |  3638 tok/s | ETA 9:00:36
2026-06-30 19:06:17 | [3:21:12] [######------------------]  27.2% | step   2680/9860 | ep 2 | masked | loss  3.885 | lr 4.23e-04 |  26.90M words |  3638 tok/s | ETA 8:59:03
2026-06-30 19:07:46 | [3:22:41] [######------------------]  27.4% | step   2700/9860 | ep 2 | masked | loss  3.855 | lr 4.22e-04 |  27.10M words |  3638 tok/s | ETA 8:57:30
2026-06-30 19:09:15 | [3:24:10] [######------------------]  27.6% | step   2720/9860 | ep 2 | masked | loss  4.087 | lr 4.21e-04 |  27.30M words |  3638 tok/s | ETA 8:55:58
2026-06-30 19:10:44 | [3:25:39] [######------------------]  27.8% | step   2740/9860 | ep 2 | masked | loss  3.751 | lr 4.19e-04 |  27.50M words |  3639 tok/s | ETA 8:54:24
2026-06-30 19:12:13 | [3:27:08] [######------------------]  28.0% | step   2760/9860 | ep 2 | masked | loss  4.095 | lr 4.18e-04 |  27.70M words |  3639 tok/s | ETA 8:52:53
2026-06-30 19:13:43 | [3:28:39] [######------------------]  28.2% | step   2780/9860 | ep 2 | masked | loss  4.104 | lr 4.17e-04 |  27.90M words |  3639 tok/s | ETA 8:51:23
2026-06-30 19:15:13 | [3:30:08] [######------------------]  28.4% | step   2800/9860 | ep 2 | masked | loss  3.815 | lr 4.16e-04 |  28.11M words |  3639 tok/s | ETA 8:49:50
2026-06-30 19:16:42 | [3:31:37] [######------------------]  28.6% | step   2820/9860 | ep 2 | masked | loss  3.546 | lr 4.14e-04 |  28.31M words |  3639 tok/s | ETA 8:48:19
2026-06-30 19:18:12 | [3:33:07] [######------------------]  28.8% | step   2840/9860 | ep 2 | masked | loss  3.860 | lr 4.13e-04 |  28.51M words |  3639 tok/s | ETA 8:46:48
2026-06-30 19:19:41 | [3:34:36] [######------------------]  29.0% | step   2860/9860 | ep 2 | masked | loss  3.468 | lr 4.12e-04 |  28.71M words |  3640 tok/s | ETA 8:45:16
2026-06-30 19:21:11 | [3:36:06] [#######-----------------]  29.2% | step   2880/9860 | ep 2 | masked | loss  3.696 | lr 4.11e-04 |  28.91M words |  3640 tok/s | ETA 8:43:45
2026-06-30 19:22:42 | [3:37:37] [#######-----------------]  29.4% | step   2900/9860 | ep 2 | causal | loss  3.850 | lr 4.10e-04 |  29.11M words |  3639 tok/s | ETA 8:42:18
2026-06-30 19:24:13 | [3:39:08] [#######-----------------]  29.6% | step   2920/9860 | ep 2 | masked | loss  3.682 | lr 4.08e-04 |  29.31M words |  3639 tok/s | ETA 8:40:51
2026-06-30 19:25:45 | [3:40:40] [#######-----------------]  29.8% | step   2940/9860 | ep 2 | masked | loss  3.466 | lr 4.07e-04 |  29.51M words |  3639 tok/s | ETA 8:39:24
2026-06-30 19:27:17 | [3:42:13] [#######-----------------]  30.0% | step   2960/9860 | ep 3 | masked | loss  3.877 | lr 4.06e-04 |  29.71M words |  3638 tok/s | ETA 8:38:00
2026-06-30 19:28:47 | [3:43:42] [#######-----------------]  30.2% | step   2980/9860 | ep 3 | masked | loss  3.870 | lr 4.04e-04 |  29.91M words |  3638 tok/s | ETA 8:36:28
2026-06-30 19:29:27 |   >> saved checkpoint chck_30M at 30.00M words
2026-06-30 19:30:16 | [3:45:11] [#######-----------------]  30.4% | step   3000/9860 | ep 3 | masked | loss  3.922 | lr 4.03e-04 |  30.11M words |  3639 tok/s | ETA 8:34:56
2026-06-30 19:31:46 | [3:46:41] [#######-----------------]  30.6% | step   3020/9860 | ep 3 | masked | loss  3.844 | lr 4.02e-04 |  30.32M words |  3639 tok/s | ETA 8:33:25
2026-06-30 19:33:16 | [3:48:11] [#######-----------------]  30.8% | step   3040/9860 | ep 3 | masked | loss  3.771 | lr 4.01e-04 |  30.52M words |  3639 tok/s | ETA 8:31:55
2026-06-30 19:34:45 | [3:49:41] [#######-----------------]  31.0% | step   3060/9860 | ep 3 | masked | loss  3.477 | lr 3.99e-04 |  30.72M words |  3639 tok/s | ETA 8:30:24
2026-06-30 19:36:15 | [3:51:10] [#######-----------------]  31.2% | step   3080/9860 | ep 3 | masked | loss  3.860 | lr 3.98e-04 |  30.92M words |  3639 tok/s | ETA 8:28:52
2026-06-30 19:37:44 | [3:52:39] [#######-----------------]  31.4% | step   3100/9860 | ep 3 | masked | loss  4.318 | lr 3.97e-04 |  31.12M words |  3639 tok/s | ETA 8:27:21
2026-06-30 19:39:13 | [3:54:08] [#######-----------------]  31.6% | step   3120/9860 | ep 3 | masked | loss  3.997 | lr 3.95e-04 |  31.32M words |  3639 tok/s | ETA 8:25:49
2026-06-30 19:40:43 | [3:55:38] [#######-----------------]  31.8% | step   3140/9860 | ep 3 | masked | loss  3.856 | lr 3.94e-04 |  31.52M words |  3640 tok/s | ETA 8:24:18
2026-06-30 19:42:14 | [3:57:10] [#######-----------------]  32.0% | step   3160/9860 | ep 3 | masked | loss  4.053 | lr 3.93e-04 |  31.72M words |  3639 tok/s | ETA 8:22:51
2026-06-30 19:43:46 | [3:58:41] [#######-----------------]  32.3% | step   3180/9860 | ep 3 | masked | loss  3.788 | lr 3.91e-04 |  31.92M words |  3639 tok/s | ETA 8:21:23
2026-06-30 19:45:17 | [4:00:12] [#######-----------------]  32.5% | step   3200/9860 | ep 3 | masked | loss  3.631 | lr 3.90e-04 |  32.12M words |  3638 tok/s | ETA 8:19:56
2026-06-30 19:46:49 | [4:01:44] [#######-----------------]  32.7% | step   3220/9860 | ep 3 | masked | loss  4.004 | lr 3.89e-04 |  32.32M words |  3638 tok/s | ETA 8:18:30
2026-06-30 19:48:21 | [4:03:16] [#######-----------------]  32.9% | step   3240/9860 | ep 3 | masked | loss  3.873 | lr 3.87e-04 |  32.52M words |  3638 tok/s | ETA 8:17:03
2026-06-30 19:49:53 | [4:04:48] [#######-----------------]  33.1% | step   3260/9860 | ep 3 | masked | loss  3.722 | lr 3.86e-04 |  32.72M words |  3637 tok/s | ETA 8:15:36
2026-06-30 19:51:24 | [4:06:19] [#######-----------------]  33.3% | step   3280/9860 | ep 3 | masked | loss  4.339 | lr 3.85e-04 |  32.92M words |  3637 tok/s | ETA 8:14:09
2026-06-30 19:52:55 | [4:07:51] [########----------------]  33.5% | step   3300/9860 | ep 3 | masked | loss  3.314 | lr 3.83e-04 |  33.13M words |  3637 tok/s | ETA 8:12:41
2026-06-30 19:54:27 | [4:09:22] [########----------------]  33.7% | step   3320/9860 | ep 3 | masked | loss  4.158 | lr 3.82e-04 |  33.33M words |  3636 tok/s | ETA 8:11:13
2026-06-30 19:55:58 | [4:10:53] [########----------------]  33.9% | step   3340/9860 | ep 3 | masked | loss  4.125 | lr 3.80e-04 |  33.53M words |  3636 tok/s | ETA 8:09:46
2026-06-30 19:57:29 | [4:12:25] [########----------------]  34.1% | step   3360/9860 | ep 3 | masked | loss  3.602 | lr 3.79e-04 |  33.73M words |  3636 tok/s | ETA 8:08:18
2026-06-30 19:59:01 | [4:13:56] [########----------------]  34.3% | step   3380/9860 | ep 3 | masked | loss  4.229 | lr 3.78e-04 |  33.93M words |  3635 tok/s | ETA 8:06:51
2026-06-30 20:00:32 | [4:15:27] [########----------------]  34.5% | step   3400/9860 | ep 3 | masked | loss  3.870 | lr 3.76e-04 |  34.13M words |  3635 tok/s | ETA 8:05:22
2026-06-30 20:02:04 | [4:16:59] [########----------------]  34.7% | step   3420/9860 | ep 3 | masked | loss  3.417 | lr 3.75e-04 |  34.33M words |  3635 tok/s | ETA 8:03:55
2026-06-30 20:03:35 | [4:18:30] [########----------------]  34.9% | step   3440/9860 | ep 3 | masked | loss  3.670 | lr 3.73e-04 |  34.53M words |  3634 tok/s | ETA 8:02:27
2026-06-30 20:05:07 | [4:20:02] [########----------------]  35.1% | step   3460/9860 | ep 3 | masked | loss  3.764 | lr 3.72e-04 |  34.73M words |  3634 tok/s | ETA 8:00:59
2026-06-30 20:06:38 | [4:21:33] [########----------------]  35.3% | step   3480/9860 | ep 3 | masked | loss  3.658 | lr 3.71e-04 |  34.93M words |  3634 tok/s | ETA 7:59:31
2026-06-30 20:08:10 | [4:23:05] [########----------------]  35.5% | step   3500/9860 | ep 3 | masked | loss  3.404 | lr 3.69e-04 |  35.13M words |  3634 tok/s | ETA 7:58:04
2026-06-30 20:09:41 | [4:24:36] [########----------------]  35.7% | step   3520/9860 | ep 3 | masked | loss  3.915 | lr 3.68e-04 |  35.33M words |  3633 tok/s | ETA 7:56:36
2026-06-30 20:11:12 | [4:26:08] [########----------------]  35.9% | step   3540/9860 | ep 3 | masked | loss  4.000 | lr 3.66e-04 |  35.53M words |  3633 tok/s | ETA 7:55:08
2026-06-30 20:12:43 | [4:27:39] [########----------------]  36.1% | step   3560/9860 | ep 3 | masked | loss  3.857 | lr 3.65e-04 |  35.73M words |  3633 tok/s | ETA 7:53:39
2026-06-30 20:14:15 | [4:29:10] [########----------------]  36.3% | step   3580/9860 | ep 3 | masked | loss  3.198 | lr 3.63e-04 |  35.94M words |  3633 tok/s | ETA 7:52:10
2026-06-30 20:15:46 | [4:30:41] [########----------------]  36.5% | step   3600/9860 | ep 3 | masked | loss  3.912 | lr 3.62e-04 |  36.14M words |  3632 tok/s | ETA 7:50:42
2026-06-30 20:17:18 | [4:32:13] [########----------------]  36.7% | step   3620/9860 | ep 3 | masked | loss  3.688 | lr 3.61e-04 |  36.34M words |  3632 tok/s | ETA 7:49:15
2026-06-30 20:18:50 | [4:33:45] [########----------------]  36.9% | step   3640/9860 | ep 3 | masked | loss  3.412 | lr 3.59e-04 |  36.54M words |  3632 tok/s | ETA 7:47:47
2026-06-30 20:20:22 | [4:35:17] [########----------------]  37.1% | step   3660/9860 | ep 3 | masked | loss  3.661 | lr 3.58e-04 |  36.74M words |  3631 tok/s | ETA 7:46:19
2026-06-30 20:21:53 | [4:36:48] [########----------------]  37.3% | step   3680/9860 | ep 3 | masked | loss  3.463 | lr 3.56e-04 |  36.94M words |  3631 tok/s | ETA 7:44:52
2026-06-30 20:23:25 | [4:38:20] [#########---------------]  37.5% | step   3700/9860 | ep 3 | masked | loss  3.672 | lr 3.55e-04 |  37.14M words |  3631 tok/s | ETA 7:43:23
2026-06-30 20:24:57 | [4:39:52] [#########---------------]  37.7% | step   3720/9860 | ep 3 | masked | loss  3.568 | lr 3.53e-04 |  37.34M words |  3630 tok/s | ETA 7:41:56
2026-06-30 20:26:28 | [4:41:23] [#########---------------]  37.9% | step   3740/9860 | ep 3 | masked | loss  3.754 | lr 3.52e-04 |  37.54M words |  3630 tok/s | ETA 7:40:28
2026-06-30 20:27:59 | [4:42:55] [#########---------------]  38.1% | step   3760/9860 | ep 3 | masked | loss  3.465 | lr 3.50e-04 |  37.74M words |  3630 tok/s | ETA 7:38:59
2026-06-30 20:29:31 | [4:44:26] [#########---------------]  38.3% | step   3780/9860 | ep 3 | masked | loss  4.094 | lr 3.49e-04 |  37.94M words |  3630 tok/s | ETA 7:37:30
2026-06-30 20:31:03 | [4:45:58] [#########---------------]  38.5% | step   3800/9860 | ep 3 | masked | loss  4.023 | lr 3.47e-04 |  38.14M words |  3629 tok/s | ETA 7:36:02
2026-06-30 20:32:36 | [4:47:31] [#########---------------]  38.7% | step   3820/9860 | ep 3 | masked | loss  3.846 | lr 3.46e-04 |  38.34M words |  3629 tok/s | ETA 7:34:37
2026-06-30 20:34:08 | [4:49:03] [#########---------------]  38.9% | step   3840/9860 | ep 3 | masked | loss  4.103 | lr 3.44e-04 |  38.55M words |  3628 tok/s | ETA 7:33:09
2026-06-30 20:35:39 | [4:50:34] [#########---------------]  39.1% | step   3860/9860 | ep 3 | masked | loss  3.413 | lr 3.43e-04 |  38.75M words |  3628 tok/s | ETA 7:31:40
2026-06-30 20:37:10 | [4:52:06] [#########---------------]  39.4% | step   3880/9860 | ep 3 | masked | loss  3.161 | lr 3.41e-04 |  38.95M words |  3628 tok/s | ETA 7:30:11
2026-06-30 20:38:42 | [4:53:37] [#########---------------]  39.6% | step   3900/9860 | ep 3 | masked | loss  3.809 | lr 3.40e-04 |  39.15M words |  3628 tok/s | ETA 7:28:43
2026-06-30 20:40:14 | [4:55:09] [#########---------------]  39.8% | step   3920/9860 | ep 3 | masked | loss  3.666 | lr 3.38e-04 |  39.35M words |  3627 tok/s | ETA 7:27:15
2026-06-30 20:41:46 | [4:56:41] [#########---------------]  40.0% | step   3940/9860 | ep 3 | masked | loss  3.875 | lr 3.37e-04 |  39.55M words |  3627 tok/s | ETA 7:25:47
2026-06-30 20:43:19 | [4:58:14] [#########---------------]  40.2% | step   3960/9860 | ep 4 | masked | loss  4.021 | lr 3.35e-04 |  39.75M words |  3627 tok/s | ETA 7:24:21
2026-06-30 20:44:51 | [4:59:46] [#########---------------]  40.4% | step   3980/9860 | ep 4 | masked | loss  3.461 | lr 3.34e-04 |  39.95M words |  3626 tok/s | ETA 7:22:53
2026-06-30 20:45:14 |   >> saved checkpoint chck_40M at 40.00M words
2026-06-30 20:46:23 | [5:01:18] [#########---------------]  40.6% | step   4000/9860 | ep 4 | masked | loss  3.851 | lr 3.32e-04 |  40.15M words |  3626 tok/s | ETA 7:21:25
2026-06-30 20:47:56 | [5:02:51] [#########---------------]  40.8% | step   4020/9860 | ep 4 | masked | loss  3.733 | lr 3.31e-04 |  40.35M words |  3625 tok/s | ETA 7:19:58
2026-06-30 20:49:28 | [5:04:23] [#########---------------]  41.0% | step   4040/9860 | ep 4 | masked | loss  3.845 | lr 3.29e-04 |  40.55M words |  3625 tok/s | ETA 7:18:30
2026-06-30 20:51:00 | [5:05:55] [#########---------------]  41.2% | step   4060/9860 | ep 4 | masked | loss  3.624 | lr 3.27e-04 |  40.76M words |  3625 tok/s | ETA 7:17:02
2026-06-30 20:52:31 | [5:07:27] [#########---------------]  41.4% | step   4080/9860 | ep 4 | masked | loss  3.458 | lr 3.26e-04 |  40.96M words |  3625 tok/s | ETA 7:15:33
2026-06-30 20:54:02 | [5:08:58] [#########---------------]  41.6% | step   4100/9860 | ep 4 | masked | loss  3.801 | lr 3.24e-04 |  41.16M words |  3624 tok/s | ETA 7:14:03
2026-06-30 20:55:34 | [5:10:29] [##########--------------]  41.8% | step   4120/9860 | ep 4 | masked | loss  3.684 | lr 3.23e-04 |  41.36M words |  3624 tok/s | ETA 7:12:34
2026-06-30 20:57:05 | [5:12:00] [##########--------------]  42.0% | step   4140/9860 | ep 4 | masked | loss  3.493 | lr 3.21e-04 |  41.56M words |  3624 tok/s | ETA 7:11:05
2026-06-30 20:58:37 | [5:13:32] [##########--------------]  42.2% | step   4160/9860 | ep 4 | masked | loss  3.825 | lr 3.20e-04 |  41.76M words |  3624 tok/s | ETA 7:09:36
2026-06-30 21:00:08 | [5:15:03] [##########--------------]  42.4% | step   4180/9860 | ep 4 | masked | loss  3.625 | lr 3.18e-04 |  41.96M words |  3624 tok/s | ETA 7:08:07
2026-06-30 21:01:39 | [5:16:34] [##########--------------]  42.6% | step   4200/9860 | ep 4 | masked | loss  3.493 | lr 3.17e-04 |  42.16M words |  3624 tok/s | ETA 7:06:38
2026-06-30 21:03:10 | [5:18:05] [##########--------------]  42.8% | step   4220/9860 | ep 4 | masked | loss  3.499 | lr 3.15e-04 |  42.36M words |  3623 tok/s | ETA 7:05:08
2026-06-30 21:04:41 | [5:19:36] [##########--------------]  43.0% | step   4240/9860 | ep 4 | masked | loss  4.049 | lr 3.13e-04 |  42.56M words |  3623 tok/s | ETA 7:03:38
2026-06-30 21:06:12 | [5:21:08] [##########--------------]  43.2% | step   4260/9860 | ep 4 | masked | loss  3.621 | lr 3.12e-04 |  42.76M words |  3623 tok/s | ETA 7:02:08
2026-06-30 21:07:44 | [5:22:39] [##########--------------]  43.4% | step   4280/9860 | ep 4 | masked | loss  3.368 | lr 3.10e-04 |  42.96M words |  3623 tok/s | ETA 7:00:39
2026-06-30 21:09:15 | [5:24:10] [##########--------------]  43.6% | step   4300/9860 | ep 4 | masked | loss  3.537 | lr 3.09e-04 |  43.16M words |  3623 tok/s | ETA 6:59:09
2026-06-30 21:10:46 | [5:25:41] [##########--------------]  43.8% | step   4320/9860 | ep 4 | masked | loss  3.007 | lr 3.07e-04 |  43.36M words |  3623 tok/s | ETA 6:57:39
2026-06-30 21:12:17 | [5:27:12] [##########--------------]  44.0% | step   4340/9860 | ep 4 | masked | loss  3.919 | lr 3.05e-04 |  43.57M words |  3623 tok/s | ETA 6:56:10
2026-06-30 21:13:48 | [5:28:43] [##########--------------]  44.2% | step   4360/9860 | ep 4 | masked | loss  3.492 | lr 3.04e-04 |  43.77M words |  3623 tok/s | ETA 6:54:40
2026-06-30 21:15:19 | [5:30:14] [##########--------------]  44.4% | step   4380/9860 | ep 4 | causal | loss  3.774 | lr 3.02e-04 |  43.97M words |  3623 tok/s | ETA 6:53:10
2026-06-30 21:16:50 | [5:31:45] [##########--------------]  44.6% | step   4400/9860 | ep 4 | masked | loss  3.426 | lr 3.01e-04 |  44.17M words |  3622 tok/s | ETA 6:51:41
2026-06-30 21:18:21 | [5:33:16] [##########--------------]  44.8% | step   4420/9860 | ep 4 | masked | loss  3.429 | lr 2.99e-04 |  44.37M words |  3622 tok/s | ETA 6:50:11
2026-06-30 21:19:52 | [5:34:47] [##########--------------]  45.0% | step   4440/9860 | ep 4 | causal | loss  3.495 | lr 2.98e-04 |  44.57M words |  3622 tok/s | ETA 6:48:41
2026-06-30 21:21:23 | [5:36:18] [##########--------------]  45.2% | step   4460/9860 | ep 4 | masked | loss  3.292 | lr 2.96e-04 |  44.77M words |  3622 tok/s | ETA 6:47:11
2026-06-30 21:22:54 | [5:37:49] [##########--------------]  45.4% | step   4480/9860 | ep 4 | masked | loss  3.304 | lr 2.94e-04 |  44.97M words |  3622 tok/s | ETA 6:45:41
2026-06-30 21:24:26 | [5:39:21] [##########--------------]  45.6% | step   4500/9860 | ep 4 | masked | loss  3.848 | lr 2.93e-04 |  45.17M words |  3622 tok/s | ETA 6:44:12
2026-06-30 21:25:57 | [5:40:52] [###########-------------]  45.8% | step   4520/9860 | ep 4 | masked | loss  3.351 | lr 2.91e-04 |  45.37M words |  3622 tok/s | ETA 6:42:43
2026-06-30 21:27:28 | [5:42:23] [###########-------------]  46.0% | step   4540/9860 | ep 4 | causal | loss  3.659 | lr 2.90e-04 |  45.57M words |  3622 tok/s | ETA 6:41:12
2026-06-30 21:28:59 | [5:43:54] [###########-------------]  46.2% | step   4560/9860 | ep 4 | masked | loss  3.228 | lr 2.88e-04 |  45.77M words |  3621 tok/s | ETA 6:39:43
2026-06-30 21:30:30 | [5:45:26] [###########-------------]  46.5% | step   4580/9860 | ep 4 | masked | loss  3.380 | lr 2.86e-04 |  45.97M words |  3621 tok/s | ETA 6:38:13
2026-06-30 21:32:02 | [5:46:57] [###########-------------]  46.7% | step   4600/9860 | ep 4 | masked | loss  3.728 | lr 2.85e-04 |  46.17M words |  3621 tok/s | ETA 6:36:44
2026-06-30 21:33:33 | [5:48:28] [###########-------------]  46.9% | step   4620/9860 | ep 4 | masked | loss  3.937 | lr 2.83e-04 |  46.38M words |  3621 tok/s | ETA 6:35:14
2026-06-30 21:35:05 | [5:50:00] [###########-------------]  47.1% | step   4640/9860 | ep 4 | masked | loss  3.584 | lr 2.81e-04 |  46.58M words |  3621 tok/s | ETA 6:33:45
2026-06-30 21:36:36 | [5:51:31] [###########-------------]  47.3% | step   4660/9860 | ep 4 | masked | loss  3.841 | lr 2.80e-04 |  46.78M words |  3621 tok/s | ETA 6:32:15
2026-06-30 21:38:07 | [5:53:03] [###########-------------]  47.5% | step   4680/9860 | ep 4 | masked | loss  3.698 | lr 2.78e-04 |  46.98M words |  3621 tok/s | ETA 6:30:46
2026-06-30 21:39:39 | [5:54:34] [###########-------------]  47.7% | step   4700/9860 | ep 4 | masked | loss  3.340 | lr 2.77e-04 |  47.18M words |  3620 tok/s | ETA 6:29:16
2026-06-30 21:41:10 | [5:56:05] [###########-------------]  47.9% | step   4720/9860 | ep 4 | masked | loss  3.600 | lr 2.75e-04 |  47.38M words |  3620 tok/s | ETA 6:27:46
2026-06-30 21:42:41 | [5:57:36] [###########-------------]  48.1% | step   4740/9860 | ep 4 | masked | loss  3.211 | lr 2.73e-04 |  47.58M words |  3620 tok/s | ETA 6:26:16
2026-06-30 21:44:12 | [5:59:07] [###########-------------]  48.3% | step   4760/9860 | ep 4 | masked | loss  4.015 | lr 2.72e-04 |  47.78M words |  3620 tok/s | ETA 6:24:46
2026-06-30 21:45:43 | [6:00:38] [###########-------------]  48.5% | step   4780/9860 | ep 4 | masked | loss  3.199 | lr 2.70e-04 |  47.98M words |  3620 tok/s | ETA 6:23:16
2026-06-30 21:47:14 | [6:02:09] [###########-------------]  48.7% | step   4800/9860 | ep 4 | masked | loss  3.331 | lr 2.69e-04 |  48.18M words |  3620 tok/s | ETA 6:21:46
2026-06-30 21:48:46 | [6:03:41] [###########-------------]  48.9% | step   4820/9860 | ep 4 | masked | loss  3.441 | lr 2.67e-04 |  48.38M words |  3620 tok/s | ETA 6:20:17
2026-06-30 21:50:17 | [6:05:12] [###########-------------]  49.1% | step   4840/9860 | ep 4 | masked | loss  3.431 | lr 2.65e-04 |  48.58M words |  3620 tok/s | ETA 6:18:47
2026-06-30 21:51:48 | [6:06:43] [###########-------------]  49.3% | step   4860/9860 | ep 4 | causal | loss  3.820 | lr 2.64e-04 |  48.78M words |  3620 tok/s | ETA 6:17:17
2026-06-30 21:53:20 | [6:08:15] [###########-------------]  49.5% | step   4880/9860 | ep 4 | masked | loss  4.055 | lr 2.62e-04 |  48.98M words |  3619 tok/s | ETA 6:15:48
2026-06-30 21:54:50 | [6:09:46] [###########-------------]  49.7% | step   4900/9860 | ep 4 | masked | loss  3.742 | lr 2.60e-04 |  49.19M words |  3619 tok/s | ETA 6:14:17
2026-06-30 21:56:22 | [6:11:17] [###########-------------]  49.9% | step   4920/9860 | ep 4 | masked | loss  3.622 | lr 2.59e-04 |  49.39M words |  3619 tok/s | ETA 6:12:47
2026-06-30 21:57:54 | [6:12:49] [############------------]  50.1% | step   4940/9860 | ep 5 | masked | loss  3.563 | lr 2.57e-04 |  49.59M words |  3619 tok/s | ETA 6:11:18
2026-06-30 21:59:25 | [6:14:20] [############------------]  50.3% | step   4960/9860 | ep 5 | masked | loss  3.571 | lr 2.56e-04 |  49.79M words |  3619 tok/s | ETA 6:09:49
2026-06-30 22:00:56 | [6:15:51] [############------------]  50.5% | step   4980/9860 | ep 5 | masked | loss  3.336 | lr 2.54e-04 |  49.99M words |  3619 tok/s | ETA 6:08:18
2026-06-30 22:01:01 |   >> saved checkpoint chck_50M at 50.00M words
2026-06-30 22:02:27 | [6:17:23] [############------------]  50.7% | step   5000/9860 | ep 5 | masked | loss  3.291 | lr 2.52e-04 |  50.19M words |  3619 tok/s | ETA 6:06:49
2026-06-30 22:03:59 | [6:18:54] [############------------]  50.9% | step   5020/9860 | ep 5 | masked | loss  3.803 | lr 2.51e-04 |  50.39M words |  3619 tok/s | ETA 6:05:19
2026-06-30 22:05:30 | [6:20:25] [############------------]  51.1% | step   5040/9860 | ep 5 | masked | loss  3.617 | lr 2.49e-04 |  50.59M words |  3619 tok/s | ETA 6:03:48
2026-06-30 22:06:59 | [6:21:54] [############------------]  51.3% | step   5060/9860 | ep 5 | masked | loss  3.664 | lr 2.47e-04 |  50.79M words |  3619 tok/s | ETA 6:02:16
2026-06-30 22:08:29 | [6:23:25] [############------------]  51.5% | step   5080/9860 | ep 5 | masked | loss  3.636 | lr 2.46e-04 |  50.99M words |  3619 tok/s | ETA 6:00:46
2026-06-30 22:09:59 | [6:24:54] [############------------]  51.7% | step   5100/9860 | ep 5 | masked | loss  3.992 | lr 2.44e-04 |  51.20M words |  3619 tok/s | ETA 5:59:14
2026-06-30 22:11:28 | [6:26:23] [############------------]  51.9% | step   5120/9860 | ep 5 | causal | loss  3.364 | lr 2.43e-04 |  51.40M words |  3619 tok/s | ETA 5:57:42
2026-06-30 22:12:58 | [6:27:53] [############------------]  52.1% | step   5140/9860 | ep 5 | causal | loss  3.359 | lr 2.41e-04 |  51.60M words |  3619 tok/s | ETA 5:56:11
2026-06-30 22:14:27 | [6:29:23] [############------------]  52.3% | step   5160/9860 | ep 5 | masked | loss  3.687 | lr 2.39e-04 |  51.80M words |  3619 tok/s | ETA 5:54:40
2026-06-30 22:15:57 | [6:30:52] [############------------]  52.5% | step   5180/9860 | ep 5 | masked | loss  3.718 | lr 2.38e-04 |  52.00M words |  3620 tok/s | ETA 5:53:08
2026-06-30 22:17:26 | [6:32:22] [############------------]  52.7% | step   5200/9860 | ep 5 | masked | loss  3.414 | lr 2.36e-04 |  52.20M words |  3620 tok/s | ETA 5:51:37
2026-06-30 22:18:56 | [6:33:51] [############------------]  52.9% | step   5220/9860 | ep 5 | masked | loss  3.677 | lr 2.34e-04 |  52.40M words |  3620 tok/s | ETA 5:50:05
2026-06-30 22:20:25 | [6:35:20] [############------------]  53.1% | step   5240/9860 | ep 5 | masked | loss  3.470 | lr 2.33e-04 |  52.60M words |  3620 tok/s | ETA 5:48:33
2026-06-30 22:21:55 | [6:36:50] [############------------]  53.3% | step   5260/9860 | ep 5 | masked | loss  3.158 | lr 2.31e-04 |  52.80M words |  3620 tok/s | ETA 5:47:02
2026-06-30 22:23:24 | [6:38:19] [############------------]  53.5% | step   5280/9860 | ep 5 | causal | loss  3.367 | lr 2.30e-04 |  53.00M words |  3620 tok/s | ETA 5:45:31
2026-06-30 22:24:54 | [6:39:49] [############------------]  53.8% | step   5300/9860 | ep 5 | causal | loss  3.687 | lr 2.28e-04 |  53.20M words |  3621 tok/s | ETA 5:43:59
2026-06-30 22:26:23 | [6:41:18] [############------------]  54.0% | step   5320/9860 | ep 5 | masked | loss  3.982 | lr 2.26e-04 |  53.40M words |  3621 tok/s | ETA 5:42:28
2026-06-30 22:27:52 | [6:42:47] [############------------]  54.2% | step   5340/9860 | ep 5 | masked | loss  3.608 | lr 2.25e-04 |  53.60M words |  3621 tok/s | ETA 5:40:56
2026-06-30 22:29:21 | [6:44:16] [#############-----------]  54.4% | step   5360/9860 | ep 5 | masked | loss  3.152 | lr 2.23e-04 |  53.80M words |  3621 tok/s | ETA 5:39:24
2026-06-30 22:30:51 | [6:45:46] [#############-----------]  54.6% | step   5380/9860 | ep 5 | masked | loss  3.051 | lr 2.21e-04 |  54.01M words |  3621 tok/s | ETA 5:37:53
2026-06-30 22:32:20 | [6:47:15] [#############-----------]  54.8% | step   5400/9860 | ep 5 | masked | loss  3.272 | lr 2.20e-04 |  54.21M words |  3622 tok/s | ETA 5:36:21
2026-06-30 22:33:52 | [6:48:47] [#############-----------]  55.0% | step   5420/9860 | ep 5 | masked | loss  3.617 | lr 2.18e-04 |  54.41M words |  3621 tok/s | ETA 5:34:52
2026-06-30 22:35:23 | [6:50:18] [#############-----------]  55.2% | step   5440/9860 | ep 5 | masked | loss  3.419 | lr 2.17e-04 |  54.61M words |  3621 tok/s | ETA 5:33:22
2026-06-30 22:36:52 | [6:51:48] [#############-----------]  55.4% | step   5460/9860 | ep 5 | masked | loss  3.580 | lr 2.15e-04 |  54.81M words |  3621 tok/s | ETA 5:31:51
2026-06-30 22:38:22 | [6:53:18] [#############-----------]  55.6% | step   5480/9860 | ep 5 | masked | loss  3.388 | lr 2.13e-04 |  55.01M words |  3621 tok/s | ETA 5:30:20
2026-06-30 22:39:52 | [6:54:47] [#############-----------]  55.8% | step   5500/9860 | ep 5 | masked | loss  3.245 | lr 2.12e-04 |  55.21M words |  3622 tok/s | ETA 5:28:49
2026-06-30 22:41:22 | [6:56:17] [#############-----------]  56.0% | step   5520/9860 | ep 5 | masked | loss  3.555 | lr 2.10e-04 |  55.41M words |  3622 tok/s | ETA 5:27:18
2026-06-30 22:42:52 | [6:57:47] [#############-----------]  56.2% | step   5540/9860 | ep 5 | masked | loss  3.530 | lr 2.09e-04 |  55.61M words |  3622 tok/s | ETA 5:25:47
2026-06-30 22:44:22 | [6:59:17] [#############-----------]  56.4% | step   5560/9860 | ep 5 | masked | loss  3.391 | lr 2.07e-04 |  55.81M words |  3622 tok/s | ETA 5:24:16
2026-06-30 22:45:51 | [7:00:46] [#############-----------]  56.6% | step   5580/9860 | ep 5 | masked | loss  3.317 | lr 2.05e-04 |  56.01M words |  3622 tok/s | ETA 5:22:45
2026-06-30 22:47:21 | [7:02:16] [#############-----------]  56.8% | step   5600/9860 | ep 5 | masked | loss  3.292 | lr 2.04e-04 |  56.21M words |  3622 tok/s | ETA 5:21:13
2026-06-30 22:48:50 | [7:03:45] [#############-----------]  57.0% | step   5620/9860 | ep 5 | masked | loss  3.895 | lr 2.02e-04 |  56.41M words |  3622 tok/s | ETA 5:19:42
2026-06-30 22:50:20 | [7:05:15] [#############-----------]  57.2% | step   5640/9860 | ep 5 | masked | loss  3.220 | lr 2.01e-04 |  56.61M words |  3622 tok/s | ETA 5:18:11
2026-06-30 22:51:49 | [7:06:44] [#############-----------]  57.4% | step   5660/9860 | ep 5 | masked | loss  3.361 | lr 1.99e-04 |  56.82M words |  3623 tok/s | ETA 5:16:39
2026-06-30 22:53:19 | [7:08:14] [#############-----------]  57.6% | step   5680/9860 | ep 5 | masked | loss  3.564 | lr 1.97e-04 |  57.02M words |  3623 tok/s | ETA 5:15:09
2026-06-30 22:54:48 | [7:09:44] [#############-----------]  57.8% | step   5700/9860 | ep 5 | masked | loss  3.633 | lr 1.96e-04 |  57.22M words |  3623 tok/s | ETA 5:13:37
2026-06-30 22:56:17 | [7:11:13] [#############-----------]  58.0% | step   5720/9860 | ep 5 | masked | loss  3.174 | lr 1.94e-04 |  57.42M words |  3623 tok/s | ETA 5:12:06
2026-06-30 22:57:47 | [7:12:42] [#############-----------]  58.2% | step   5740/9860 | ep 5 | masked | loss  3.472 | lr 1.93e-04 |  57.62M words |  3623 tok/s | ETA 5:10:34
2026-06-30 22:59:16 | [7:14:11] [##############----------]  58.4% | step   5760/9860 | ep 5 | masked | loss  3.027 | lr 1.91e-04 |  57.82M words |  3623 tok/s | ETA 5:09:03
2026-06-30 23:00:45 | [7:15:40] [##############----------]  58.6% | step   5780/9860 | ep 5 | masked | loss  3.767 | lr 1.90e-04 |  58.02M words |  3623 tok/s | ETA 5:07:32
2026-06-30 23:02:14 | [7:17:09] [##############----------]  58.8% | step   5800/9860 | ep 5 | masked | loss  3.245 | lr 1.88e-04 |  58.22M words |  3624 tok/s | ETA 5:06:00
2026-06-30 23:03:43 | [7:18:39] [##############----------]  59.0% | step   5820/9860 | ep 5 | masked | loss  3.442 | lr 1.86e-04 |  58.42M words |  3624 tok/s | ETA 5:04:29
2026-06-30 23:05:13 | [7:20:08] [##############----------]  59.2% | step   5840/9860 | ep 5 | masked | loss  3.462 | lr 1.85e-04 |  58.62M words |  3624 tok/s | ETA 5:02:58
2026-06-30 23:06:42 | [7:21:37] [##############----------]  59.4% | step   5860/9860 | ep 5 | masked | loss  3.225 | lr 1.83e-04 |  58.82M words |  3624 tok/s | ETA 5:01:27
2026-06-30 23:08:11 | [7:23:07] [##############----------]  59.6% | step   5880/9860 | ep 5 | masked | loss  3.407 | lr 1.82e-04 |  59.02M words |  3624 tok/s | ETA 4:59:55
2026-06-30 23:09:41 | [7:24:36] [##############----------]  59.8% | step   5900/9860 | ep 5 | masked | loss  2.976 | lr 1.80e-04 |  59.22M words |  3624 tok/s | ETA 4:58:24
2026-06-30 23:11:11 | [7:26:07] [##############----------]  60.0% | step   5920/9860 | ep 6 | masked | loss  3.235 | lr 1.79e-04 |  59.43M words |  3625 tok/s | ETA 4:56:54
2026-06-30 23:12:43 | [7:27:38] [##############----------]  60.2% | step   5940/9860 | ep 6 | masked | loss  3.376 | lr 1.77e-04 |  59.63M words |  3624 tok/s | ETA 4:55:24
2026-06-30 23:14:13 | [7:29:08] [##############----------]  60.4% | step   5960/9860 | ep 6 | masked | loss  3.488 | lr 1.75e-04 |  59.83M words |  3624 tok/s | ETA 4:53:53
2026-06-30 23:15:34 |   >> saved checkpoint chck_60M at 60.01M words
2026-06-30 23:15:43 | [7:30:38] [##############----------]  60.6% | step   5980/9860 | ep 6 | masked | loss  3.313 | lr 1.74e-04 |  60.03M words |  3624 tok/s | ETA 4:52:23
2026-06-30 23:17:13 | [7:32:08] [##############----------]  60.9% | step   6000/9860 | ep 6 | masked | loss  3.932 | lr 1.72e-04 |  60.23M words |  3625 tok/s | ETA 4:50:52
2026-06-30 23:18:42 | [7:33:38] [##############----------]  61.1% | step   6020/9860 | ep 6 | masked | loss  3.533 | lr 1.71e-04 |  60.43M words |  3625 tok/s | ETA 4:49:21
2026-06-30 23:20:12 | [7:35:08] [##############----------]  61.3% | step   6040/9860 | ep 6 | masked | loss  3.055 | lr 1.69e-04 |  60.63M words |  3625 tok/s | ETA 4:47:51
2026-06-30 23:21:43 | [7:36:38] [##############----------]  61.5% | step   6060/9860 | ep 6 | masked | loss  3.295 | lr 1.68e-04 |  60.83M words |  3625 tok/s | ETA 4:46:20
2026-06-30 23:23:13 | [7:38:08] [##############----------]  61.7% | step   6080/9860 | ep 6 | masked | loss  3.348 | lr 1.66e-04 |  61.03M words |  3625 tok/s | ETA 4:44:50
2026-06-30 23:24:43 | [7:39:38] [##############----------]  61.9% | step   6100/9860 | ep 6 | masked | loss  3.309 | lr 1.65e-04 |  61.23M words |  3625 tok/s | ETA 4:43:19
2026-06-30 23:26:12 | [7:41:07] [##############----------]  62.1% | step   6120/9860 | ep 6 | causal | loss  3.593 | lr 1.63e-04 |  61.43M words |  3625 tok/s | ETA 4:41:48
2026-06-30 23:27:42 | [7:42:37] [##############----------]  62.3% | step   6140/9860 | ep 6 | masked | loss  2.833 | lr 1.62e-04 |  61.63M words |  3625 tok/s | ETA 4:40:17
2026-06-30 23:29:13 | [7:44:08] [##############----------]  62.5% | step   6160/9860 | ep 6 | masked | loss  3.464 | lr 1.60e-04 |  61.84M words |  3625 tok/s | ETA 4:38:47
2026-06-30 23:30:45 | [7:45:40] [###############---------]  62.7% | step   6180/9860 | ep 6 | masked | loss  3.820 | lr 1.59e-04 |  62.04M words |  3625 tok/s | ETA 4:37:17
2026-06-30 23:32:16 | [7:47:11] [###############---------]  62.9% | step   6200/9860 | ep 6 | masked | loss  3.534 | lr 1.57e-04 |  62.24M words |  3625 tok/s | ETA 4:35:47
2026-06-30 23:33:46 | [7:48:41] [###############---------]  63.1% | step   6220/9860 | ep 6 | masked | loss  3.665 | lr 1.56e-04 |  62.44M words |  3625 tok/s | ETA 4:34:17
2026-06-30 23:35:17 | [7:50:12] [###############---------]  63.3% | step   6240/9860 | ep 6 | masked | loss  3.055 | lr 1.54e-04 |  62.64M words |  3625 tok/s | ETA 4:32:46
2026-06-30 23:36:47 | [7:51:42] [###############---------]  63.5% | step   6260/9860 | ep 6 | masked | loss  3.663 | lr 1.53e-04 |  62.84M words |  3625 tok/s | ETA 4:31:16
2026-06-30 23:38:18 | [7:53:13] [###############---------]  63.7% | step   6280/9860 | ep 6 | masked | loss  3.825 | lr 1.51e-04 |  63.04M words |  3625 tok/s | ETA 4:29:46
2026-06-30 23:39:49 | [7:54:44] [###############---------]  63.9% | step   6300/9860 | ep 6 | masked | loss  3.744 | lr 1.50e-04 |  63.24M words |  3625 tok/s | ETA 4:28:16
2026-06-30 23:41:20 | [7:56:15] [###############---------]  64.1% | step   6320/9860 | ep 6 | masked | loss  2.850 | lr 1.48e-04 |  63.44M words |  3624 tok/s | ETA 4:26:46
2026-06-30 23:42:51 | [7:57:46] [###############---------]  64.3% | step   6340/9860 | ep 6 | masked | loss  3.212 | lr 1.47e-04 |  63.64M words |  3624 tok/s | ETA 4:25:15
2026-06-30 23:44:22 | [7:59:17] [###############---------]  64.5% | step   6360/9860 | ep 6 | causal | loss  3.542 | lr 1.45e-04 |  63.84M words |  3624 tok/s | ETA 4:23:45
2026-06-30 23:45:52 | [8:00:47] [###############---------]  64.7% | step   6380/9860 | ep 6 | masked | loss  3.222 | lr 1.44e-04 |  64.04M words |  3624 tok/s | ETA 4:22:15
2026-06-30 23:47:22 | [8:02:17] [###############---------]  64.9% | step   6400/9860 | ep 6 | masked | loss  3.792 | lr 1.42e-04 |  64.24M words |  3624 tok/s | ETA 4:20:44
2026-06-30 23:48:53 | [8:03:48] [###############---------]  65.1% | step   6420/9860 | ep 6 | masked | loss  3.614 | lr 1.41e-04 |  64.44M words |  3624 tok/s | ETA 4:19:14
2026-06-30 23:50:24 | [8:05:19] [###############---------]  65.3% | step   6440/9860 | ep 6 | masked | loss  2.877 | lr 1.39e-04 |  64.65M words |  3624 tok/s | ETA 4:17:44
2026-06-30 23:51:55 | [8:06:50] [###############---------]  65.5% | step   6460/9860 | ep 6 | masked | loss  3.852 | lr 1.38e-04 |  64.85M words |  3624 tok/s | ETA 4:16:13
2026-06-30 23:53:25 | [8:08:21] [###############---------]  65.7% | step   6480/9860 | ep 6 | masked | loss  3.696 | lr 1.36e-04 |  65.05M words |  3624 tok/s | ETA 4:14:43
2026-06-30 23:54:56 | [8:09:52] [###############---------]  65.9% | step   6500/9860 | ep 6 | masked | loss  3.684 | lr 1.35e-04 |  65.25M words |  3624 tok/s | ETA 4:13:13
2026-06-30 23:56:28 | [8:11:23] [###############---------]  66.1% | step   6520/9860 | ep 6 | masked | loss  3.553 | lr 1.33e-04 |  65.45M words |  3624 tok/s | ETA 4:11:43
2026-06-30 23:57:58 | [8:12:53] [###############---------]  66.3% | step   6540/9860 | ep 6 | masked | loss  3.130 | lr 1.32e-04 |  65.65M words |  3624 tok/s | ETA 4:10:12
2026-06-30 23:59:27 | [8:14:22] [###############---------]  66.5% | step   6560/9860 | ep 6 | masked | loss  3.315 | lr 1.31e-04 |  65.85M words |  3624 tok/s | ETA 4:08:41
2026-07-01 00:00:57 | [8:15:52] [################--------]  66.7% | step   6580/9860 | ep 6 | masked | loss  3.520 | lr 1.29e-04 |  66.05M words |  3624 tok/s | ETA 4:07:11
2026-07-01 00:02:27 | [8:17:23] [################--------]  66.9% | step   6600/9860 | ep 6 | masked | loss  3.337 | lr 1.28e-04 |  66.25M words |  3624 tok/s | ETA 4:05:40
2026-07-01 00:03:57 | [8:18:52] [################--------]  67.1% | step   6620/9860 | ep 6 | masked | loss  2.952 | lr 1.26e-04 |  66.45M words |  3624 tok/s | ETA 4:04:09
2026-07-01 00:05:27 | [8:20:22] [################--------]  67.3% | step   6640/9860 | ep 6 | causal | loss  3.542 | lr 1.25e-04 |  66.65M words |  3624 tok/s | ETA 4:02:39
2026-07-01 00:06:57 | [8:21:52] [################--------]  67.5% | step   6660/9860 | ep 6 | masked | loss  2.682 | lr 1.24e-04 |  66.85M words |  3624 tok/s | ETA 4:01:08
2026-07-01 00:08:28 | [8:23:23] [################--------]  67.7% | step   6680/9860 | ep 6 | masked | loss  3.242 | lr 1.22e-04 |  67.05M words |  3624 tok/s | ETA 3:59:38
2026-07-01 00:10:00 | [8:24:55] [################--------]  68.0% | step   6700/9860 | ep 6 | masked | loss  3.334 | lr 1.21e-04 |  67.25M words |  3624 tok/s | ETA 3:58:08
2026-07-01 00:11:31 | [8:26:26] [################--------]  68.2% | step   6720/9860 | ep 6 | masked | loss  3.429 | lr 1.19e-04 |  67.46M words |  3624 tok/s | ETA 3:56:38
2026-07-01 00:13:02 | [8:27:57] [################--------]  68.4% | step   6740/9860 | ep 6 | masked | loss  3.260 | lr 1.18e-04 |  67.66M words |  3624 tok/s | ETA 3:55:08
2026-07-01 00:14:32 | [8:29:28] [################--------]  68.6% | step   6760/9860 | ep 6 | masked | loss  3.524 | lr 1.17e-04 |  67.86M words |  3624 tok/s | ETA 3:53:37
2026-07-01 00:16:03 | [8:30:58] [################--------]  68.8% | step   6780/9860 | ep 6 | masked | loss  3.415 | lr 1.15e-04 |  68.06M words |  3624 tok/s | ETA 3:52:07
2026-07-01 00:17:32 | [8:32:28] [################--------]  69.0% | step   6800/9860 | ep 6 | masked | loss  3.764 | lr 1.14e-04 |  68.26M words |  3624 tok/s | ETA 3:50:36
2026-07-01 00:19:03 | [8:33:59] [################--------]  69.2% | step   6820/9860 | ep 6 | masked | loss  3.098 | lr 1.12e-04 |  68.46M words |  3624 tok/s | ETA 3:49:06
2026-07-01 00:20:34 | [8:35:29] [################--------]  69.4% | step   6840/9860 | ep 6 | masked | loss  3.716 | lr 1.11e-04 |  68.66M words |  3624 tok/s | ETA 3:47:36
2026-07-01 00:22:04 | [8:36:59] [################--------]  69.6% | step   6860/9860 | ep 6 | masked | loss  3.729 | lr 1.10e-04 |  68.86M words |  3624 tok/s | ETA 3:46:05
2026-07-01 00:23:35 | [8:38:30] [################--------]  69.8% | step   6880/9860 | ep 6 | masked | loss  3.683 | lr 1.08e-04 |  69.06M words |  3624 tok/s | ETA 3:44:35
2026-07-01 00:25:05 | [8:40:00] [################--------]  70.0% | step   6900/9860 | ep 6 | masked | loss  3.025 | lr 1.07e-04 |  69.26M words |  3624 tok/s | ETA 3:43:04
2026-07-01 00:26:37 | [8:41:33] [################--------]  70.2% | step   6920/9860 | ep 7 | masked | loss  3.360 | lr 1.06e-04 |  69.47M words |  3624 tok/s | ETA 3:41:35
2026-07-01 00:28:10 | [8:43:05] [################--------]  70.4% | step   6940/9860 | ep 7 | masked | loss  2.917 | lr 1.04e-04 |  69.67M words |  3624 tok/s | ETA 3:40:05
2026-07-01 00:29:41 | [8:44:36] [################--------]  70.6% | step   6960/9860 | ep 7 | masked | loss  3.414 | lr 1.03e-04 |  69.87M words |  3624 tok/s | ETA 3:38:35
2026-07-01 00:30:46 |   >> saved checkpoint chck_70M at 70.01M words
2026-07-01 00:31:13 | [8:46:08] [################--------]  70.8% | step   6980/9860 | ep 7 | masked | loss  3.651 | lr 1.02e-04 |  70.07M words |  3623 tok/s | ETA 3:37:05
2026-07-01 00:32:45 | [8:47:40] [#################-------]  71.0% | step   7000/9860 | ep 7 | causal | loss  3.858 | lr 1.01e-04 |  70.27M words |  3623 tok/s | ETA 3:35:35
2026-07-01 00:34:16 | [8:49:11] [#################-------]  71.2% | step   7020/9860 | ep 7 | masked | loss  3.397 | lr 9.92e-05 |  70.47M words |  3623 tok/s | ETA 3:34:05
2026-07-01 00:35:47 | [8:50:42] [#################-------]  71.4% | step   7040/9860 | ep 7 | masked | loss  3.387 | lr 9.79e-05 |  70.67M words |  3623 tok/s | ETA 3:32:35
2026-07-01 00:37:18 | [8:52:13] [#################-------]  71.6% | step   7060/9860 | ep 7 | masked | loss  3.362 | lr 9.66e-05 |  70.87M words |  3623 tok/s | ETA 3:31:04
2026-07-01 00:38:50 | [8:53:45] [#################-------]  71.8% | step   7080/9860 | ep 7 | masked | loss  3.382 | lr 9.53e-05 |  71.07M words |  3623 tok/s | ETA 3:29:34
2026-07-01 00:40:21 | [8:55:16] [#################-------]  72.0% | step   7100/9860 | ep 7 | masked | loss  3.324 | lr 9.41e-05 |  71.27M words |  3623 tok/s | ETA 3:28:04
2026-07-01 00:41:53 | [8:56:48] [#################-------]  72.2% | step   7120/9860 | ep 7 | causal | loss  3.499 | lr 9.28e-05 |  71.47M words |  3623 tok/s | ETA 3:26:34
2026-07-01 00:43:25 | [8:58:20] [#################-------]  72.4% | step   7140/9860 | ep 7 | masked | loss  3.156 | lr 9.15e-05 |  71.67M words |  3623 tok/s | ETA 3:25:04
2026-07-01 00:44:56 | [8:59:52] [#################-------]  72.6% | step   7160/9860 | ep 7 | masked | loss  3.361 | lr 9.03e-05 |  71.87M words |  3622 tok/s | ETA 3:23:34
2026-07-01 00:46:27 | [9:01:23] [#################-------]  72.8% | step   7180/9860 | ep 7 | masked | loss  3.414 | lr 8.90e-05 |  72.07M words |  3622 tok/s | ETA 3:22:04
2026-07-01 00:47:59 | [9:02:54] [#################-------]  73.0% | step   7200/9860 | ep 7 | masked | loss  3.427 | lr 8.78e-05 |  72.28M words |  3622 tok/s | ETA 3:20:34
2026-07-01 00:49:31 | [9:04:26] [#################-------]  73.2% | step   7220/9860 | ep 7 | masked | loss  3.187 | lr 8.66e-05 |  72.48M words |  3622 tok/s | ETA 3:19:04
2026-07-01 00:51:02 | [9:05:57] [#################-------]  73.4% | step   7240/9860 | ep 7 | masked | loss  3.325 | lr 8.53e-05 |  72.68M words |  3622 tok/s | ETA 3:17:34
2026-07-01 00:52:33 | [9:07:28] [#################-------]  73.6% | step   7260/9860 | ep 7 | causal | loss  3.143 | lr 8.41e-05 |  72.88M words |  3622 tok/s | ETA 3:16:03
2026-07-01 00:54:04 | [9:08:59] [#################-------]  73.8% | step   7280/9860 | ep 7 | masked | loss  3.374 | lr 8.29e-05 |  73.08M words |  3622 tok/s | ETA 3:14:33
2026-07-01 00:55:35 | [9:10:31] [#################-------]  74.0% | step   7300/9860 | ep 7 | masked | loss  3.709 | lr 8.17e-05 |  73.28M words |  3622 tok/s | ETA 3:13:03
2026-07-01 00:57:07 | [9:12:02] [#################-------]  74.2% | step   7320/9860 | ep 7 | masked | loss  3.254 | lr 8.05e-05 |  73.48M words |  3622 tok/s | ETA 3:11:33
2026-07-01 00:58:39 | [9:13:34] [#################-------]  74.4% | step   7340/9860 | ep 7 | masked | loss  3.314 | lr 7.93e-05 |  73.68M words |  3622 tok/s | ETA 3:10:03
2026-07-01 01:00:10 | [9:15:05] [#################-------]  74.6% | step   7360/9860 | ep 7 | masked | loss  3.614 | lr 7.81e-05 |  73.88M words |  3621 tok/s | ETA 3:08:33
2026-07-01 01:01:42 | [9:16:37] [#################-------]  74.8% | step   7380/9860 | ep 7 | masked | loss  3.249 | lr 7.70e-05 |  74.08M words |  3621 tok/s | ETA 3:07:02
2026-07-01 01:03:13 | [9:18:08] [##################------]  75.1% | step   7400/9860 | ep 7 | masked | loss  3.535 | lr 7.58e-05 |  74.28M words |  3621 tok/s | ETA 3:05:32
2026-07-01 01:04:44 | [9:19:39] [##################------]  75.3% | step   7420/9860 | ep 7 | masked | loss  3.083 | lr 7.46e-05 |  74.48M words |  3621 tok/s | ETA 3:04:02
2026-07-01 01:06:15 | [9:21:11] [##################------]  75.5% | step   7440/9860 | ep 7 | masked | loss  3.423 | lr 7.35e-05 |  74.68M words |  3621 tok/s | ETA 3:02:32
2026-07-01 01:07:46 | [9:22:42] [##################------]  75.7% | step   7460/9860 | ep 7 | masked | loss  3.370 | lr 7.23e-05 |  74.88M words |  3621 tok/s | ETA 3:01:01
2026-07-01 01:09:18 | [9:24:13] [##################------]  75.9% | step   7480/9860 | ep 7 | masked | loss  3.576 | lr 7.12e-05 |  75.09M words |  3621 tok/s | ETA 2:59:31
2026-07-01 01:10:49 | [9:25:44] [##################------]  76.1% | step   7500/9860 | ep 7 | masked | loss  3.100 | lr 7.00e-05 |  75.29M words |  3621 tok/s | ETA 2:58:01
2026-07-01 01:12:20 | [9:27:16] [##################------]  76.3% | step   7520/9860 | ep 7 | masked | loss  3.455 | lr 6.89e-05 |  75.49M words |  3621 tok/s | ETA 2:56:31
2026-07-01 01:13:51 | [9:28:47] [##################------]  76.5% | step   7540/9860 | ep 7 | masked | loss  3.230 | lr 6.78e-05 |  75.69M words |  3621 tok/s | ETA 2:55:00
2026-07-01 01:15:23 | [9:30:18] [##################------]  76.7% | step   7560/9860 | ep 7 | masked | loss  2.965 | lr 6.67e-05 |  75.89M words |  3621 tok/s | ETA 2:53:30
2026-07-01 01:16:54 | [9:31:49] [##################------]  76.9% | step   7580/9860 | ep 7 | masked | loss  3.847 | lr 6.56e-05 |  76.09M words |  3621 tok/s | ETA 2:52:00
2026-07-01 01:18:26 | [9:33:21] [##################------]  77.1% | step   7600/9860 | ep 7 | masked | loss  3.644 | lr 6.45e-05 |  76.29M words |  3620 tok/s | ETA 2:50:29
2026-07-01 01:19:57 | [9:34:52] [##################------]  77.3% | step   7620/9860 | ep 7 | masked | loss  3.542 | lr 6.34e-05 |  76.49M words |  3620 tok/s | ETA 2:48:59
2026-07-01 01:21:28 | [9:36:23] [##################------]  77.5% | step   7640/9860 | ep 7 | masked | loss  3.427 | lr 6.23e-05 |  76.69M words |  3620 tok/s | ETA 2:47:29
2026-07-01 01:23:00 | [9:37:55] [##################------]  77.7% | step   7660/9860 | ep 7 | masked | loss  3.232 | lr 6.13e-05 |  76.89M words |  3620 tok/s | ETA 2:45:58
2026-07-01 01:24:31 | [9:39:27] [##################------]  77.9% | step   7680/9860 | ep 7 | masked | loss  3.671 | lr 6.02e-05 |  77.09M words |  3620 tok/s | ETA 2:44:28
2026-07-01 01:26:03 | [9:40:58] [##################------]  78.1% | step   7700/9860 | ep 7 | masked | loss  2.999 | lr 5.92e-05 |  77.29M words |  3620 tok/s | ETA 2:42:58
2026-07-01 01:27:34 | [9:42:29] [##################------]  78.3% | step   7720/9860 | ep 7 | masked | loss  3.787 | lr 5.81e-05 |  77.49M words |  3620 tok/s | ETA 2:41:28
2026-07-01 01:29:05 | [9:44:00] [##################------]  78.5% | step   7740/9860 | ep 7 | masked | loss  3.152 | lr 5.71e-05 |  77.69M words |  3620 tok/s | ETA 2:39:57
2026-07-01 01:30:37 | [9:45:32] [##################------]  78.7% | step   7760/9860 | ep 7 | masked | loss  3.251 | lr 5.60e-05 |  77.90M words |  3620 tok/s | ETA 2:38:27
2026-07-01 01:32:08 | [9:47:03] [##################------]  78.9% | step   7780/9860 | ep 7 | masked | loss  3.610 | lr 5.50e-05 |  78.10M words |  3620 tok/s | ETA 2:36:57
2026-07-01 01:33:39 | [9:48:35] [##################------]  79.1% | step   7800/9860 | ep 7 | masked | loss  3.320 | lr 5.40e-05 |  78.30M words |  3620 tok/s | ETA 2:35:26
2026-07-01 01:35:10 | [9:50:06] [###################-----]  79.3% | step   7820/9860 | ep 7 | causal | loss  3.613 | lr 5.30e-05 |  78.50M words |  3619 tok/s | ETA 2:33:56
2026-07-01 01:36:42 | [9:51:37] [###################-----]  79.5% | step   7840/9860 | ep 7 | masked | loss  3.342 | lr 5.20e-05 |  78.70M words |  3619 tok/s | ETA 2:32:25
2026-07-01 01:38:13 | [9:53:08] [###################-----]  79.7% | step   7860/9860 | ep 7 | masked | loss  3.609 | lr 5.10e-05 |  78.90M words |  3619 tok/s | ETA 2:30:55
2026-07-01 01:39:44 | [9:54:39] [###################-----]  79.9% | step   7880/9860 | ep 7 | masked | loss  3.639 | lr 5.00e-05 |  79.10M words |  3619 tok/s | ETA 2:29:25
2026-07-01 01:41:16 | [9:56:11] [###################-----]  80.1% | step   7900/9860 | ep 8 | masked | loss  3.192 | lr 4.91e-05 |  79.30M words |  3619 tok/s | ETA 2:27:55
2026-07-01 01:42:47 | [9:57:43] [###################-----]  80.3% | step   7920/9860 | ep 8 | masked | loss  3.027 | lr 4.81e-05 |  79.50M words |  3619 tok/s | ETA 2:26:24
2026-07-01 01:44:19 | [9:59:14] [###################-----]  80.5% | step   7940/9860 | ep 8 | masked | loss  2.924 | lr 4.71e-05 |  79.70M words |  3619 tok/s | ETA 2:24:54
2026-07-01 01:45:50 | [10:00:46] [###################-----]  80.7% | step   7960/9860 | ep 8 | masked | loss  2.967 | lr 4.62e-05 |  79.91M words |  3619 tok/s | ETA 2:23:23
2026-07-01 01:46:36 |   >> saved checkpoint chck_80M at 80.01M words
2026-07-01 01:47:22 | [10:02:17] [###################-----]  80.9% | step   7980/9860 | ep 8 | masked | loss  3.691 | lr 4.53e-05 |  80.11M words |  3619 tok/s | ETA 2:21:53
2026-07-01 01:48:53 | [10:03:48] [###################-----]  81.1% | step   8000/9860 | ep 8 | masked | loss  3.393 | lr 4.43e-05 |  80.31M words |  3619 tok/s | ETA 2:20:23
2026-07-01 01:50:25 | [10:05:20] [###################-----]  81.3% | step   8020/9860 | ep 8 | masked | loss  3.272 | lr 4.34e-05 |  80.51M words |  3619 tok/s | ETA 2:18:52
2026-07-01 01:51:56 | [10:06:51] [###################-----]  81.5% | step   8040/9860 | ep 8 | masked | loss  3.452 | lr 4.25e-05 |  80.71M words |  3619 tok/s | ETA 2:17:22
2026-07-01 01:53:27 | [10:08:22] [###################-----]  81.7% | step   8060/9860 | ep 8 | masked | loss  3.401 | lr 4.16e-05 |  80.91M words |  3619 tok/s | ETA 2:15:51
2026-07-01 01:54:58 | [10:09:53] [###################-----]  81.9% | step   8080/9860 | ep 8 | masked | loss  3.170 | lr 4.07e-05 |  81.11M words |  3619 tok/s | ETA 2:14:21
2026-07-01 01:56:29 | [10:11:24] [###################-----]  82.2% | step   8100/9860 | ep 8 | masked | loss  3.235 | lr 3.98e-05 |  81.31M words |  3618 tok/s | ETA 2:12:51
2026-07-01 01:58:00 | [10:12:55] [###################-----]  82.4% | step   8120/9860 | ep 8 | masked | loss  2.867 | lr 3.89e-05 |  81.51M words |  3618 tok/s | ETA 2:11:20
2026-07-01 01:59:31 | [10:14:27] [###################-----]  82.6% | step   8140/9860 | ep 8 | masked | loss  3.199 | lr 3.81e-05 |  81.71M words |  3618 tok/s | ETA 2:09:50
2026-07-01 02:01:02 | [10:15:58] [###################-----]  82.8% | step   8160/9860 | ep 8 | causal | loss  3.345 | lr 3.72e-05 |  81.91M words |  3618 tok/s | ETA 2:08:19
2026-07-01 02:02:34 | [10:17:29] [###################-----]  83.0% | step   8180/9860 | ep 8 | masked | loss  2.933 | lr 3.64e-05 |  82.11M words |  3618 tok/s | ETA 2:06:49
2026-07-01 02:04:06 | [10:19:01] [###################-----]  83.2% | step   8200/9860 | ep 8 | masked | loss  3.451 | lr 3.55e-05 |  82.31M words |  3618 tok/s | ETA 2:05:18
2026-07-01 02:05:37 | [10:20:32] [####################----]  83.4% | step   8220/9860 | ep 8 | masked | loss  3.035 | lr 3.47e-05 |  82.51M words |  3618 tok/s | ETA 2:03:48
2026-07-01 02:07:08 | [10:22:03] [####################----]  83.6% | step   8240/9860 | ep 8 | masked | loss  3.258 | lr 3.39e-05 |  82.72M words |  3618 tok/s | ETA 2:02:17
2026-07-01 02:08:39 | [10:23:34] [####################----]  83.8% | step   8260/9860 | ep 8 | masked | loss  3.182 | lr 3.31e-05 |  82.92M words |  3618 tok/s | ETA 2:00:47
2026-07-01 02:10:10 | [10:25:05] [####################----]  84.0% | step   8280/9860 | ep 8 | masked | loss  3.147 | lr 3.23e-05 |  83.12M words |  3618 tok/s | ETA 1:59:16
2026-07-01 02:11:41 | [10:26:36] [####################----]  84.2% | step   8300/9860 | ep 8 | masked | loss  3.398 | lr 3.15e-05 |  83.32M words |  3618 tok/s | ETA 1:57:46
2026-07-01 02:13:12 | [10:28:07] [####################----]  84.4% | step   8320/9860 | ep 8 | masked | loss  2.901 | lr 3.07e-05 |  83.52M words |  3618 tok/s | ETA 1:56:15
2026-07-01 02:14:43 | [10:29:38] [####################----]  84.6% | step   8340/9860 | ep 8 | masked | loss  2.997 | lr 2.99e-05 |  83.72M words |  3618 tok/s | ETA 1:54:45
2026-07-01 02:16:15 | [10:31:10] [####################----]  84.8% | step   8360/9860 | ep 8 | causal | loss  3.770 | lr 2.91e-05 |  83.92M words |  3618 tok/s | ETA 1:53:14
2026-07-01 02:17:46 | [10:32:42] [####################----]  85.0% | step   8380/9860 | ep 8 | masked | loss  3.687 | lr 2.84e-05 |  84.12M words |  3618 tok/s | ETA 1:51:44
2026-07-01 02:19:18 | [10:34:13] [####################----]  85.2% | step   8400/9860 | ep 8 | masked | loss  3.436 | lr 2.76e-05 |  84.32M words |  3618 tok/s | ETA 1:50:14
2026-07-01 02:20:49 | [10:35:44] [####################----]  85.4% | step   8420/9860 | ep 8 | masked | loss  2.896 | lr 2.69e-05 |  84.52M words |  3617 tok/s | ETA 1:48:43
2026-07-01 02:22:21 | [10:37:16] [####################----]  85.6% | step   8440/9860 | ep 8 | masked | loss  3.593 | lr 2.62e-05 |  84.72M words |  3617 tok/s | ETA 1:47:13
2026-07-01 02:23:52 | [10:38:47] [####################----]  85.8% | step   8460/9860 | ep 8 | masked | loss  3.474 | lr 2.55e-05 |  84.92M words |  3617 tok/s | ETA 1:45:42
2026-07-01 02:25:24 | [10:40:19] [####################----]  86.0% | step   8480/9860 | ep 8 | masked | loss  3.410 | lr 2.47e-05 |  85.12M words |  3617 tok/s | ETA 1:44:12
2026-07-01 02:26:55 | [10:41:51] [####################----]  86.2% | step   8500/9860 | ep 8 | masked | loss  3.295 | lr 2.40e-05 |  85.32M words |  3617 tok/s | ETA 1:42:41
2026-07-01 02:28:26 | [10:43:22] [####################----]  86.4% | step   8520/9860 | ep 8 | masked | loss  3.310 | lr 2.34e-05 |  85.53M words |  3617 tok/s | ETA 1:41:11
2026-07-01 02:29:58 | [10:44:53] [####################----]  86.6% | step   8540/9860 | ep 8 | masked | loss  3.390 | lr 2.27e-05 |  85.73M words |  3617 tok/s | ETA 1:39:40
2026-07-01 02:31:29 | [10:46:24] [####################----]  86.8% | step   8560/9860 | ep 8 | masked | loss  3.318 | lr 2.20e-05 |  85.93M words |  3617 tok/s | ETA 1:38:10
2026-07-01 02:33:01 | [10:47:56] [####################----]  87.0% | step   8580/9860 | ep 8 | masked | loss  3.457 | lr 2.13e-05 |  86.13M words |  3617 tok/s | ETA 1:36:39
2026-07-01 02:34:32 | [10:49:27] [####################----]  87.2% | step   8600/9860 | ep 8 | masked | loss  2.807 | lr 2.07e-05 |  86.33M words |  3617 tok/s | ETA 1:35:09
2026-07-01 02:36:03 | [10:50:58] [####################----]  87.4% | step   8620/9860 | ep 8 | causal | loss  3.312 | lr 2.00e-05 |  86.53M words |  3617 tok/s | ETA 1:33:38
2026-07-01 02:37:34 | [10:52:29] [#####################---]  87.6% | step   8640/9860 | ep 8 | masked | loss  3.408 | lr 1.94e-05 |  86.73M words |  3617 tok/s | ETA 1:32:08
2026-07-01 02:39:05 | [10:54:00] [#####################---]  87.8% | step   8660/9860 | ep 8 | masked | loss  3.410 | lr 1.88e-05 |  86.93M words |  3617 tok/s | ETA 1:30:37
2026-07-01 02:40:37 | [10:55:32] [#####################---]  88.0% | step   8680/9860 | ep 8 | masked | loss  2.974 | lr 1.82e-05 |  87.13M words |  3617 tok/s | ETA 1:29:07
2026-07-01 02:42:08 | [10:57:03] [#####################---]  88.2% | step   8700/9860 | ep 8 | masked | loss  3.304 | lr 1.76e-05 |  87.33M words |  3616 tok/s | ETA 1:27:36
2026-07-01 02:43:39 | [10:58:34] [#####################---]  88.4% | step   8720/9860 | ep 8 | masked | loss  3.378 | lr 1.70e-05 |  87.53M words |  3616 tok/s | ETA 1:26:05
2026-07-01 02:45:11 | [11:00:06] [#####################---]  88.6% | step   8740/9860 | ep 8 | masked | loss  3.581 | lr 1.64e-05 |  87.73M words |  3616 tok/s | ETA 1:24:35
2026-07-01 02:46:42 | [11:01:38] [#####################---]  88.8% | step   8760/9860 | ep 8 | masked | loss  3.507 | lr 1.58e-05 |  87.93M words |  3616 tok/s | ETA 1:23:04
2026-07-01 02:48:14 | [11:03:09] [#####################---]  89.0% | step   8780/9860 | ep 8 | causal | loss  3.264 | lr 1.53e-05 |  88.13M words |  3616 tok/s | ETA 1:21:34
2026-07-01 02:49:45 | [11:04:40] [#####################---]  89.2% | step   8800/9860 | ep 8 | causal | loss  3.239 | lr 1.47e-05 |  88.34M words |  3616 tok/s | ETA 1:20:03
2026-07-01 02:51:16 | [11:06:11] [#####################---]  89.5% | step   8820/9860 | ep 8 | causal | loss  3.329 | lr 1.42e-05 |  88.54M words |  3616 tok/s | ETA 1:18:33
2026-07-01 02:52:47 | [11:07:42] [#####################---]  89.7% | step   8840/9860 | ep 8 | masked | loss  3.072 | lr 1.36e-05 |  88.74M words |  3616 tok/s | ETA 1:17:02
2026-07-01 02:54:19 | [11:09:14] [#####################---]  89.9% | step   8860/9860 | ep 8 | masked | loss  3.335 | lr 1.31e-05 |  88.94M words |  3616 tok/s | ETA 1:15:32
2026-07-01 02:55:51 | [11:10:46] [#####################---]  90.1% | step   8880/9860 | ep 9 | masked | loss  3.406 | lr 1.26e-05 |  89.14M words |  3616 tok/s | ETA 1:14:01
2026-07-01 02:57:22 | [11:12:18] [#####################---]  90.3% | step   8900/9860 | ep 9 | masked | loss  3.884 | lr 1.21e-05 |  89.34M words |  3616 tok/s | ETA 1:12:31
2026-07-01 02:58:54 | [11:13:49] [#####################---]  90.5% | step   8920/9860 | ep 9 | masked | loss  2.884 | lr 1.16e-05 |  89.54M words |  3616 tok/s | ETA 1:11:00
2026-07-01 03:00:25 | [11:15:21] [#####################---]  90.7% | step   8940/9860 | ep 9 | masked | loss  2.966 | lr 1.11e-05 |  89.74M words |  3616 tok/s | ETA 1:09:29
2026-07-01 03:01:57 | [11:16:52] [#####################---]  90.9% | step   8960/9860 | ep 9 | masked | loss  3.429 | lr 1.06e-05 |  89.94M words |  3616 tok/s | ETA 1:07:59
2026-07-01 03:02:25 |   >> saved checkpoint chck_90M at 90.00M words
2026-07-01 03:03:29 | [11:18:24] [#####################---]  91.1% | step   8980/9860 | ep 9 | masked | loss  3.046 | lr 1.02e-05 |  90.14M words |  3615 tok/s | ETA 1:06:28
2026-07-01 03:05:00 | [11:19:55] [#####################---]  91.3% | step   9000/9860 | ep 9 | masked | loss  3.151 | lr 9.71e-06 |  90.34M words |  3615 tok/s | ETA 1:04:58
2026-07-01 03:06:31 | [11:21:26] [#####################---]  91.5% | step   9020/9860 | ep 9 | masked | loss  3.168 | lr 9.26e-06 |  90.55M words |  3615 tok/s | ETA 1:03:27
2026-07-01 03:08:02 | [11:22:58] [######################--]  91.7% | step   9040/9860 | ep 9 | masked | loss  3.380 | lr 8.83e-06 |  90.75M words |  3615 tok/s | ETA 1:01:57
2026-07-01 03:09:33 | [11:24:28] [######################--]  91.9% | step   9060/9860 | ep 9 | masked | loss  3.175 | lr 8.41e-06 |  90.95M words |  3615 tok/s | ETA 1:00:26
2026-07-01 03:11:05 | [11:26:00] [######################--]  92.1% | step   9080/9860 | ep 9 | masked | loss  3.351 | lr 8.00e-06 |  91.15M words |  3615 tok/s | ETA 0:58:55
2026-07-01 03:12:36 | [11:27:31] [######################--]  92.3% | step   9100/9860 | ep 9 | masked | loss  3.697 | lr 7.59e-06 |  91.35M words |  3615 tok/s | ETA 0:57:25
2026-07-01 03:14:07 | [11:29:03] [######################--]  92.5% | step   9120/9860 | ep 9 | masked | loss  3.557 | lr 7.20e-06 |  91.55M words |  3615 tok/s | ETA 0:55:54
2026-07-01 03:15:39 | [11:30:34] [######################--]  92.7% | step   9140/9860 | ep 9 | masked | loss  3.473 | lr 6.82e-06 |  91.75M words |  3615 tok/s | ETA 0:54:23
2026-07-01 03:17:10 | [11:32:05] [######################--]  92.9% | step   9160/9860 | ep 9 | masked | loss  3.824 | lr 6.45e-06 |  91.95M words |  3615 tok/s | ETA 0:52:53
2026-07-01 03:18:42 | [11:33:37] [######################--]  93.1% | step   9180/9860 | ep 9 | masked | loss  3.217 | lr 6.08e-06 |  92.15M words |  3615 tok/s | ETA 0:51:22
2026-07-01 03:20:13 | [11:35:08] [######################--]  93.3% | step   9200/9860 | ep 9 | masked | loss  3.634 | lr 5.73e-06 |  92.35M words |  3615 tok/s | ETA 0:49:52
2026-07-01 03:21:44 | [11:36:40] [######################--]  93.5% | step   9220/9860 | ep 9 | masked | loss  3.358 | lr 5.39e-06 |  92.55M words |  3615 tok/s | ETA 0:48:21
2026-07-01 03:23:15 | [11:38:10] [######################--]  93.7% | step   9240/9860 | ep 9 | masked | loss  3.290 | lr 5.06e-06 |  92.75M words |  3615 tok/s | ETA 0:46:50
2026-07-01 03:24:46 | [11:39:42] [######################--]  93.9% | step   9260/9860 | ep 9 | masked | loss  2.962 | lr 4.74e-06 |  92.95M words |  3615 tok/s | ETA 0:45:20
2026-07-01 03:26:17 | [11:41:12] [######################--]  94.1% | step   9280/9860 | ep 9 | masked | loss  3.709 | lr 4.43e-06 |  93.15M words |  3615 tok/s | ETA 0:43:49
2026-07-01 03:27:48 | [11:42:44] [######################--]  94.3% | step   9300/9860 | ep 9 | masked | loss  3.198 | lr 4.13e-06 |  93.36M words |  3615 tok/s | ETA 0:42:18
2026-07-01 03:29:19 | [11:44:15] [######################--]  94.5% | step   9320/9860 | ep 9 | masked | loss  2.689 | lr 3.84e-06 |  93.56M words |  3615 tok/s | ETA 0:40:48
2026-07-01 03:30:50 | [11:45:46] [######################--]  94.7% | step   9340/9860 | ep 9 | masked | loss  3.105 | lr 3.56e-06 |  93.76M words |  3615 tok/s | ETA 0:39:17
2026-07-01 03:32:22 | [11:47:17] [######################--]  94.9% | step   9360/9860 | ep 9 | masked | loss  3.037 | lr 3.30e-06 |  93.96M words |  3615 tok/s | ETA 0:37:46
2026-07-01 03:33:52 | [11:48:47] [######################--]  95.1% | step   9380/9860 | ep 9 | causal | loss  3.252 | lr 3.04e-06 |  94.16M words |  3615 tok/s | ETA 0:36:16
2026-07-01 03:35:24 | [11:50:19] [######################--]  95.3% | step   9400/9860 | ep 9 | masked | loss  3.837 | lr 2.79e-06 |  94.36M words |  3614 tok/s | ETA 0:34:45
2026-07-01 03:36:55 | [11:51:50] [######################--]  95.5% | step   9420/9860 | ep 9 | masked | loss  3.572 | lr 2.55e-06 |  94.56M words |  3614 tok/s | ETA 0:33:14
2026-07-01 03:38:26 | [11:53:21] [######################--]  95.7% | step   9440/9860 | ep 9 | masked | loss  3.091 | lr 2.33e-06 |  94.76M words |  3614 tok/s | ETA 0:31:44
2026-07-01 03:39:57 | [11:54:52] [#######################-]  95.9% | step   9460/9860 | ep 9 | masked | loss  3.486 | lr 2.11e-06 |  94.96M words |  3614 tok/s | ETA 0:30:13
2026-07-01 03:41:29 | [11:56:24] [#######################-]  96.1% | step   9480/9860 | ep 9 | masked | loss  3.260 | lr 1.91e-06 |  95.16M words |  3614 tok/s | ETA 0:28:42
2026-07-01 03:42:59 | [11:57:54] [#######################-]  96.3% | step   9500/9860 | ep 9 | masked | loss  3.236 | lr 1.71e-06 |  95.36M words |  3614 tok/s | ETA 0:27:12
2026-07-01 03:44:30 | [11:59:26] [#######################-]  96.6% | step   9520/9860 | ep 9 | masked | loss  3.849 | lr 1.53e-06 |  95.56M words |  3614 tok/s | ETA 0:25:41
2026-07-01 03:46:02 | [12:00:57] [#######################-]  96.8% | step   9540/9860 | ep 9 | causal | loss  3.233 | lr 1.35e-06 |  95.76M words |  3614 tok/s | ETA 0:24:10
2026-07-01 03:47:33 | [12:02:28] [#######################-]  97.0% | step   9560/9860 | ep 9 | masked | loss  2.995 | lr 1.19e-06 |  95.96M words |  3614 tok/s | ETA 0:22:40
2026-07-01 03:49:05 | [12:04:00] [#######################-]  97.2% | step   9580/9860 | ep 9 | masked | loss  3.133 | lr 1.04e-06 |  96.17M words |  3614 tok/s | ETA 0:21:09
2026-07-01 03:50:36 | [12:05:31] [#######################-]  97.4% | step   9600/9860 | ep 9 | masked | loss  3.609 | lr 8.93e-07 |  96.37M words |  3614 tok/s | ETA 0:19:38
2026-07-01 03:52:07 | [12:07:02] [#######################-]  97.6% | step   9620/9860 | ep 9 | masked | loss  2.951 | lr 7.61e-07 |  96.57M words |  3614 tok/s | ETA 0:18:08
2026-07-01 03:53:39 | [12:08:34] [#######################-]  97.8% | step   9640/9860 | ep 9 | masked | loss  2.967 | lr 6.39e-07 |  96.77M words |  3614 tok/s | ETA 0:16:37
2026-07-01 03:55:10 | [12:10:05] [#######################-]  98.0% | step   9660/9860 | ep 9 | causal | loss  3.241 | lr 5.28e-07 |  96.97M words |  3614 tok/s | ETA 0:15:06
2026-07-01 03:56:41 | [12:11:36] [#######################-]  98.2% | step   9680/9860 | ep 9 | masked | loss  3.157 | lr 4.28e-07 |  97.17M words |  3614 tok/s | ETA 0:13:36
2026-07-01 03:58:12 | [12:13:07] [#######################-]  98.4% | step   9700/9860 | ep 9 | masked | loss  3.416 | lr 3.38e-07 |  97.37M words |  3614 tok/s | ETA 0:12:05
2026-07-01 03:59:44 | [12:14:39] [#######################-]  98.6% | step   9720/9860 | ep 9 | masked | loss  3.601 | lr 2.59e-07 |  97.57M words |  3614 tok/s | ETA 0:10:34
2026-07-01 04:01:16 | [12:16:11] [#######################-]  98.8% | step   9740/9860 | ep 9 | masked | loss  3.461 | lr 1.90e-07 |  97.77M words |  3614 tok/s | ETA 0:09:04
2026-07-01 04:02:47 | [12:17:42] [#######################-]  99.0% | step   9760/9860 | ep 9 | masked | loss  3.476 | lr 1.32e-07 |  97.97M words |  3614 tok/s | ETA 0:07:33
2026-07-01 04:04:19 | [12:19:14] [#######################-]  99.2% | step   9780/9860 | ep 9 | masked | loss  3.066 | lr 8.46e-08 |  98.17M words |  3613 tok/s | ETA 0:06:02
2026-07-01 04:05:49 | [12:20:45] [#######################-]  99.4% | step   9800/9860 | ep 9 | masked | loss  3.622 | lr 4.76e-08 |  98.37M words |  3613 tok/s | ETA 0:04:32
2026-07-01 04:07:21 | [12:22:16] [#######################-]  99.6% | step   9820/9860 | ep 9 | masked | loss  3.294 | lr 2.11e-08 |  98.57M words |  3613 tok/s | ETA 0:03:01
2026-07-01 04:08:52 | [12:23:47] [#######################-]  99.8% | step   9840/9860 | ep 9 | masked | loss  3.443 | lr 5.28e-09 |  98.77M words |  3613 tok/s | ETA 0:01:30
2026-07-01 04:10:23 | [12:25:18] [########################] 100.0% | step   9860/9860 | ep 9 | masked | loss  3.087 | lr 0.00e+00 |  98.98M words |  3613 tok/s | ETA 0:00:00
2026-07-01 04:10:23 | DONE: 9860 steps | 98.98M words seen | 12:25:19 elapsed | saved /Users/admin1/Downloads/babylm-eval/checkpoints/gptbert_small_span_v2/final
