2026-06-28 09:10:10 | === run 'gptbert_small_v1' | device=mps | config=small (33.0M params) ===
2026-06-28 09:10:10 | seq_len=128 batch=32 grad_accum=4 (eff batch 128) | lr=0.0005 | epochs=10
2026-06-28 09:10:10 | blocks/epoch=126,267 | steps/epoch=986 | max_steps=9,860 | ~163M tokens over 10 epochs
2026-06-28 09:10:10 | live log: /Users/admin1/Downloads/babylm-eval/checkpoints/gptbert_small_v1/train.log
2026-06-28 09:10:16 | [0:00:05] [------------------------]   0.0% | step      1/9860 | ep 0 | masked | loss  9.822 | lr 2.54e-06 |   0.01M words |  2925 tok/s | ETA 15:20:19
2026-06-28 09:11:41 | [0:01:30] [------------------------]   0.2% | step     20/9860 | ep 0 | masked | loss  8.785 | lr 5.08e-05 |   0.20M words |  3633 tok/s | ETA 12:19:35
2026-06-28 09:13:10 | [0:02:59] [------------------------]   0.4% | step     40/9860 | ep 0 | masked | loss  7.757 | lr 1.02e-04 |   0.40M words |  3656 tok/s | ETA 12:13:30
2026-06-28 09:14:38 | [0:04:27] [------------------------]   0.6% | step     60/9860 | ep 0 | masked | loss  6.790 | lr 1.52e-04 |   0.60M words |  3674 tok/s | ETA 12:08:22
2026-06-28 09:16:08 | [0:05:57] [------------------------]   0.8% | step     80/9860 | ep 0 | masked | loss  6.044 | lr 2.03e-04 |   0.80M words |  3662 tok/s | ETA 12:09:17
2026-06-28 09:17:38 | [0:07:27] [------------------------]   1.0% | step    100/9860 | ep 0 | masked | loss  5.980 | lr 2.54e-04 |   1.00M words |  3665 tok/s | ETA 12:07:11
2026-06-28 09:17:38 |   >> saved checkpoint chck_1M at 1.00M words
2026-06-28 09:19:07 | [0:08:56] [------------------------]   1.2% | step    120/9860 | ep 0 | masked | loss  5.642 | lr 3.05e-04 |   1.20M words |  3665 tok/s | ETA 12:05:39
2026-06-28 09:20:36 | [0:10:25] [------------------------]   1.4% | step    140/9860 | ep 0 | masked | loss  4.958 | lr 3.55e-04 |   1.41M words |  3668 tok/s | ETA 12:03:34
2026-06-28 09:22:05 | [0:11:54] [------------------------]   1.6% | step    160/9860 | ep 0 | masked | loss  5.368 | lr 4.06e-04 |   1.61M words |  3668 tok/s | ETA 12:02:02
2026-06-28 09:23:34 | [0:13:23] [------------------------]   1.8% | step    180/9860 | ep 0 | masked | loss  4.877 | lr 4.57e-04 |   1.81M words |  3669 tok/s | ETA 12:00:21
2026-06-28 09:25:03 | [0:14:52] [------------------------]   2.0% | step    200/9860 | ep 0 | masked | loss  4.997 | lr 5.00e-04 |   2.01M words |  3670 tok/s | ETA 11:58:46
2026-06-28 09:25:04 |   >> saved checkpoint chck_2M at 2.01M words
2026-06-28 09:26:33 | [0:16:22] [------------------------]   2.2% | step    220/9860 | ep 0 | masked | loss  4.684 | lr 5.00e-04 |   2.21M words |  3670 tok/s | ETA 11:57:18
2026-06-28 09:28:02 | [0:17:51] [------------------------]   2.4% | step    240/9860 | ep 0 | masked | loss  4.801 | lr 5.00e-04 |   2.41M words |  3670 tok/s | ETA 11:55:50
2026-06-28 09:29:31 | [0:19:20] [------------------------]   2.6% | step    260/9860 | ep 0 | masked | loss  4.520 | lr 5.00e-04 |   2.61M words |  3670 tok/s | ETA 11:54:19
2026-06-28 09:31:00 | [0:20:49] [------------------------]   2.8% | step    280/9860 | ep 0 | masked | loss  4.149 | lr 5.00e-04 |   2.81M words |  3670 tok/s | ETA 11:52:46
2026-06-28 09:32:26 |   >> saved checkpoint chck_3M at 3.00M words
2026-06-28 09:32:30 | [0:22:19] [------------------------]   3.0% | step    300/9860 | ep 0 | masked | loss  4.549 | lr 5.00e-04 |   3.01M words |  3669 tok/s | ETA 11:51:33
2026-06-28 09:33:59 | [0:23:48] [------------------------]   3.2% | step    320/9860 | ep 0 | masked | loss  4.020 | lr 5.00e-04 |   3.21M words |  3670 tok/s | ETA 11:49:52
2026-06-28 09:35:28 | [0:25:17] [------------------------]   3.4% | step    340/9860 | ep 0 | masked | loss  4.400 | lr 5.00e-04 |   3.41M words |  3670 tok/s | ETA 11:48:18
2026-06-28 09:36:57 | [0:26:46] [------------------------]   3.7% | step    360/9860 | ep 0 | masked | loss  4.517 | lr 5.00e-04 |   3.61M words |  3671 tok/s | ETA 11:46:42
2026-06-28 09:38:26 | [0:28:15] [------------------------]   3.9% | step    380/9860 | ep 0 | masked | loss  3.934 | lr 5.00e-04 |   3.81M words |  3671 tok/s | ETA 11:45:09
2026-06-28 09:39:51 |   >> saved checkpoint chck_4M at 4.00M words
2026-06-28 09:39:56 | [0:29:45] [------------------------]   4.1% | step    400/9860 | ep 0 | masked | loss  4.113 | lr 4.99e-04 |   4.01M words |  3670 tok/s | ETA 11:43:46
2026-06-28 09:41:25 | [0:31:14] [#-----------------------]   4.3% | step    420/9860 | ep 0 | masked | loss  3.811 | lr 4.99e-04 |   4.22M words |  3671 tok/s | ETA 11:42:12
2026-06-28 09:42:54 | [0:32:43] [#-----------------------]   4.5% | step    440/9860 | ep 0 | masked | loss  3.601 | lr 4.99e-04 |   4.42M words |  3671 tok/s | ETA 11:40:46
2026-06-28 09:44:24 | [0:34:13] [#-----------------------]   4.7% | step    460/9860 | ep 0 | masked | loss  4.045 | lr 4.99e-04 |   4.62M words |  3671 tok/s | ETA 11:39:14
2026-06-28 09:45:52 | [0:35:41] [#-----------------------]   4.9% | step    480/9860 | ep 0 | masked | loss  3.979 | lr 4.99e-04 |   4.82M words |  3672 tok/s | ETA 11:37:37
2026-06-28 09:47:18 |   >> saved checkpoint chck_5M at 5.01M words
2026-06-28 09:47:22 | [0:37:11] [#-----------------------]   5.1% | step    500/9860 | ep 0 | masked | loss  3.927 | lr 4.99e-04 |   5.02M words |  3671 tok/s | ETA 11:36:18
2026-06-28 09:48:51 | [0:38:40] [#-----------------------]   5.3% | step    520/9860 | ep 0 | masked | loss  3.755 | lr 4.99e-04 |   5.22M words |  3671 tok/s | ETA 11:34:41
2026-06-28 09:50:20 | [0:40:09] [#-----------------------]   5.5% | step    540/9860 | ep 0 | masked | loss  3.558 | lr 4.98e-04 |   5.42M words |  3672 tok/s | ETA 11:33:07
2026-06-28 09:51:49 | [0:41:38] [#-----------------------]   5.7% | step    560/9860 | ep 0 | masked | loss  3.906 | lr 4.98e-04 |   5.62M words |  3672 tok/s | ETA 11:31:32
2026-06-28 09:53:18 | [0:43:07] [#-----------------------]   5.9% | step    580/9860 | ep 0 | masked | loss  3.637 | lr 4.98e-04 |   5.82M words |  3672 tok/s | ETA 11:30:03
2026-06-28 09:54:39 |   >> saved checkpoint chck_6M at 6.00M words
2026-06-28 09:54:48 | [0:44:37] [#-----------------------]   6.1% | step    600/9860 | ep 0 | masked | loss  3.825 | lr 4.98e-04 |   6.02M words |  3672 tok/s | ETA 11:28:41
2026-06-28 09:56:17 | [0:46:06] [#-----------------------]   6.3% | step    620/9860 | ep 0 | masked | loss  4.155 | lr 4.98e-04 |   6.22M words |  3672 tok/s | ETA 11:27:11
2026-06-28 09:57:46 | [0:47:35] [#-----------------------]   6.5% | step    640/9860 | ep 0 | masked | loss  3.882 | lr 4.97e-04 |   6.42M words |  3672 tok/s | ETA 11:25:40
2026-06-28 09:59:15 | [0:49:04] [#-----------------------]   6.7% | step    660/9860 | ep 0 | causal | loss  3.933 | lr 4.97e-04 |   6.62M words |  3672 tok/s | ETA 11:24:08
2026-06-28 10:00:45 | [0:50:34] [#-----------------------]   6.9% | step    680/9860 | ep 0 | masked | loss  3.781 | lr 4.97e-04 |   6.82M words |  3672 tok/s | ETA 11:22:40
2026-06-28 10:02:05 |   >> saved checkpoint chck_7M at 7.00M words
2026-06-28 10:02:14 | [0:52:03] [#-----------------------]   7.1% | step    700/9860 | ep 0 | masked | loss  3.988 | lr 4.97e-04 |   7.03M words |  3672 tok/s | ETA 11:21:13
2026-06-28 10:03:43 | [0:53:32] [#-----------------------]   7.3% | step    720/9860 | ep 0 | masked | loss  3.711 | lr 4.96e-04 |   7.23M words |  3672 tok/s | ETA 11:19:46
2026-06-28 10:05:13 | [0:55:02] [#-----------------------]   7.5% | step    740/9860 | ep 0 | masked | loss  3.714 | lr 4.96e-04 |   7.43M words |  3672 tok/s | ETA 11:18:16
2026-06-28 10:06:42 | [0:56:31] [#-----------------------]   7.7% | step    760/9860 | ep 0 | masked | loss  3.788 | lr 4.96e-04 |   7.63M words |  3672 tok/s | ETA 11:16:43
2026-06-28 10:08:11 | [0:58:00] [#-----------------------]   7.9% | step    780/9860 | ep 0 | masked | loss  3.852 | lr 4.96e-04 |   7.83M words |  3672 tok/s | ETA 11:15:12
2026-06-28 10:09:31 |   >> saved checkpoint chck_8M at 8.01M words
2026-06-28 10:09:40 | [0:59:29] [#-----------------------]   8.1% | step    800/9860 | ep 0 | masked | loss  3.106 | lr 4.95e-04 |   8.03M words |  3672 tok/s | ETA 11:13:43
2026-06-28 10:11:09 | [1:00:58] [#-----------------------]   8.3% | step    820/9860 | ep 0 | masked | loss  3.791 | lr 4.95e-04 |   8.23M words |  3672 tok/s | ETA 11:12:16
2026-06-28 10:12:38 | [1:02:27] [##----------------------]   8.5% | step    840/9860 | ep 0 | masked | loss  3.509 | lr 4.95e-04 |   8.43M words |  3672 tok/s | ETA 11:10:46
2026-06-28 10:14:07 | [1:03:56] [##----------------------]   8.7% | step    860/9860 | ep 0 | masked | loss  3.807 | lr 4.94e-04 |   8.63M words |  3673 tok/s | ETA 11:09:09
2026-06-28 10:15:37 | [1:05:26] [##----------------------]   8.9% | step    880/9860 | ep 0 | masked | loss  3.667 | lr 4.94e-04 |   8.83M words |  3672 tok/s | ETA 11:07:44
2026-06-28 10:16:52 |   >> saved checkpoint chck_9M at 9.00M words
2026-06-28 10:17:06 | [1:06:55] [##----------------------]   9.1% | step    900/9860 | ep 0 | masked | loss  3.906 | lr 4.93e-04 |   9.03M words |  3672 tok/s | ETA 11:06:14
2026-06-28 10:18:35 | [1:08:24] [##----------------------]   9.3% | step    920/9860 | ep 0 | masked | loss  3.737 | lr 4.93e-04 |   9.23M words |  3672 tok/s | ETA 11:04:44
2026-06-28 10:20:04 | [1:09:53] [##----------------------]   9.5% | step    940/9860 | ep 0 | masked | loss  3.556 | lr 4.93e-04 |   9.43M words |  3672 tok/s | ETA 11:03:16
2026-06-28 10:21:33 | [1:11:22] [##----------------------]   9.7% | step    960/9860 | ep 0 | masked | loss  3.241 | lr 4.92e-04 |   9.63M words |  3673 tok/s | ETA 11:01:43
2026-06-28 10:23:03 | [1:12:52] [##----------------------]   9.9% | step    980/9860 | ep 0 | masked | loss  3.082 | lr 4.92e-04 |   9.84M words |  3672 tok/s | ETA 11:00:17
2026-06-28 10:24:20 |   >> saved checkpoint chck_10M at 10.01M words
2026-06-28 10:24:34 | [1:14:23] [##----------------------]  10.1% | step   1000/9860 | ep 1 | masked | loss  3.491 | lr 4.92e-04 |  10.04M words |  3672 tok/s | ETA 10:59:02
2026-06-28 10:26:03 | [1:15:52] [##----------------------]  10.3% | step   1020/9860 | ep 1 | masked | loss  3.594 | lr 4.91e-04 |  10.24M words |  3672 tok/s | ETA 10:57:31
2026-06-28 10:27:31 | [1:17:21] [##----------------------]  10.5% | step   1040/9860 | ep 1 | masked | loss  3.755 | lr 4.91e-04 |  10.44M words |  3672 tok/s | ETA 10:55:59
2026-06-28 10:29:01 | [1:18:50] [##----------------------]  10.8% | step   1060/9860 | ep 1 | causal | loss  4.543 | lr 4.90e-04 |  10.64M words |  3672 tok/s | ETA 10:54:29
2026-06-28 10:30:30 | [1:20:19] [##----------------------]  11.0% | step   1080/9860 | ep 1 | causal | loss  4.304 | lr 4.90e-04 |  10.84M words |  3672 tok/s | ETA 10:53:00
2026-06-28 10:32:00 | [1:21:49] [##----------------------]  11.2% | step   1100/9860 | ep 1 | causal | loss  4.154 | lr 4.89e-04 |  11.04M words |  3672 tok/s | ETA 10:51:34
2026-06-28 10:33:29 | [1:23:18] [##----------------------]  11.4% | step   1120/9860 | ep 1 | masked | loss  3.553 | lr 4.89e-04 |  11.24M words |  3672 tok/s | ETA 10:50:04
2026-06-28 10:34:58 | [1:24:47] [##----------------------]  11.6% | step   1140/9860 | ep 1 | masked | loss  2.964 | lr 4.88e-04 |  11.44M words |  3672 tok/s | ETA 10:48:33
2026-06-28 10:36:27 | [1:26:16] [##----------------------]  11.8% | step   1160/9860 | ep 1 | masked | loss  3.388 | lr 4.88e-04 |  11.64M words |  3672 tok/s | ETA 10:47:03
2026-06-28 10:37:56 | [1:27:45] [##----------------------]  12.0% | step   1180/9860 | ep 1 | masked | loss  3.367 | lr 4.87e-04 |  11.84M words |  3672 tok/s | ETA 10:45:33
2026-06-28 10:39:25 | [1:29:14] [##----------------------]  12.2% | step   1200/9860 | ep 1 | masked | loss  3.076 | lr 4.87e-04 |  12.05M words |  3672 tok/s | ETA 10:44:03
2026-06-28 10:40:54 | [1:30:43] [##----------------------]  12.4% | step   1220/9860 | ep 1 | masked | loss  3.314 | lr 4.86e-04 |  12.25M words |  3673 tok/s | ETA 10:42:29
2026-06-28 10:42:23 | [1:32:12] [###---------------------]  12.6% | step   1240/9860 | ep 1 | masked | loss  3.486 | lr 4.86e-04 |  12.45M words |  3673 tok/s | ETA 10:40:59
2026-06-28 10:43:52 | [1:33:41] [###---------------------]  12.8% | step   1260/9860 | ep 1 | masked | loss  3.850 | lr 4.85e-04 |  12.65M words |  3673 tok/s | ETA 10:39:31
2026-06-28 10:45:22 | [1:35:11] [###---------------------]  13.0% | step   1280/9860 | ep 1 | masked | loss  3.565 | lr 4.85e-04 |  12.85M words |  3673 tok/s | ETA 10:38:03
2026-06-28 10:46:51 | [1:36:40] [###---------------------]  13.2% | step   1300/9860 | ep 1 | masked | loss  3.582 | lr 4.84e-04 |  13.05M words |  3673 tok/s | ETA 10:36:31
2026-06-28 10:48:20 | [1:38:09] [###---------------------]  13.4% | step   1320/9860 | ep 1 | masked | loss  3.353 | lr 4.84e-04 |  13.25M words |  3673 tok/s | ETA 10:35:06
2026-06-28 10:49:49 | [1:39:38] [###---------------------]  13.6% | step   1340/9860 | ep 1 | masked | loss  3.481 | lr 4.83e-04 |  13.45M words |  3673 tok/s | ETA 10:33:33
2026-06-28 10:51:18 | [1:41:07] [###---------------------]  13.8% | step   1360/9860 | ep 1 | masked | loss  3.224 | lr 4.82e-04 |  13.65M words |  3673 tok/s | ETA 10:32:03
2026-06-28 10:52:47 | [1:42:36] [###---------------------]  14.0% | step   1380/9860 | ep 1 | masked | loss  3.216 | lr 4.82e-04 |  13.85M words |  3673 tok/s | ETA 10:30:33
2026-06-28 10:54:16 | [1:44:05] [###---------------------]  14.2% | step   1400/9860 | ep 1 | masked | loss  3.277 | lr 4.81e-04 |  14.05M words |  3673 tok/s | ETA 10:29:02
2026-06-28 10:55:46 | [1:45:35] [###---------------------]  14.4% | step   1420/9860 | ep 1 | masked | loss  3.656 | lr 4.80e-04 |  14.25M words |  3673 tok/s | ETA 10:27:33
2026-06-28 10:57:15 | [1:47:04] [###---------------------]  14.6% | step   1440/9860 | ep 1 | masked | loss  3.387 | lr 4.80e-04 |  14.45M words |  3673 tok/s | ETA 10:26:07
2026-06-28 10:58:45 | [1:48:34] [###---------------------]  14.8% | step   1460/9860 | ep 1 | causal | loss  4.166 | lr 4.79e-04 |  14.65M words |  3673 tok/s | ETA 10:24:38
2026-06-28 11:00:14 | [1:50:03] [###---------------------]  15.0% | step   1480/9860 | ep 1 | masked | loss  3.142 | lr 4.79e-04 |  14.86M words |  3673 tok/s | ETA 10:23:08
2026-06-28 11:01:43 | [1:51:32] [###---------------------]  15.2% | step   1500/9860 | ep 1 | masked | loss  3.468 | lr 4.78e-04 |  15.06M words |  3673 tok/s | ETA 10:21:38
2026-06-28 11:03:12 | [1:53:01] [###---------------------]  15.4% | step   1520/9860 | ep 1 | masked | loss  3.590 | lr 4.77e-04 |  15.26M words |  3673 tok/s | ETA 10:20:09
2026-06-28 11:04:41 | [1:54:30] [###---------------------]  15.6% | step   1540/9860 | ep 1 | masked | loss  3.113 | lr 4.77e-04 |  15.46M words |  3673 tok/s | ETA 10:18:39
2026-06-28 11:06:10 | [1:55:59] [###---------------------]  15.8% | step   1560/9860 | ep 1 | masked | loss  2.999 | lr 4.76e-04 |  15.66M words |  3673 tok/s | ETA 10:17:09
2026-06-28 11:07:39 | [1:57:28] [###---------------------]  16.0% | step   1580/9860 | ep 1 | causal | loss  3.725 | lr 4.75e-04 |  15.86M words |  3673 tok/s | ETA 10:15:39
2026-06-28 11:09:09 | [1:58:58] [###---------------------]  16.2% | step   1600/9860 | ep 1 | masked | loss  3.278 | lr 4.74e-04 |  16.06M words |  3673 tok/s | ETA 10:14:11
2026-06-28 11:10:38 | [2:00:27] [###---------------------]  16.4% | step   1620/9860 | ep 1 | masked | loss  3.071 | lr 4.74e-04 |  16.26M words |  3673 tok/s | ETA 10:12:42
2026-06-28 11:12:07 | [2:01:56] [###---------------------]  16.6% | step   1640/9860 | ep 1 | masked | loss  3.111 | lr 4.73e-04 |  16.46M words |  3673 tok/s | ETA 10:11:12
2026-06-28 11:13:36 | [2:03:25] [####--------------------]  16.8% | step   1660/9860 | ep 1 | masked | loss  3.484 | lr 4.72e-04 |  16.66M words |  3673 tok/s | ETA 10:09:42
2026-06-28 11:15:05 | [2:04:54] [####--------------------]  17.0% | step   1680/9860 | ep 1 | masked | loss  2.916 | lr 4.72e-04 |  16.86M words |  3673 tok/s | ETA 10:08:12
2026-06-28 11:16:34 | [2:06:23] [####--------------------]  17.2% | step   1700/9860 | ep 1 | masked | loss  2.923 | lr 4.71e-04 |  17.06M words |  3673 tok/s | ETA 10:06:40
2026-06-28 11:18:03 | [2:07:52] [####--------------------]  17.4% | step   1720/9860 | ep 1 | masked | loss  2.905 | lr 4.70e-04 |  17.26M words |  3673 tok/s | ETA 10:05:10
2026-06-28 11:19:32 | [2:09:21] [####--------------------]  17.6% | step   1740/9860 | ep 1 | masked | loss  3.529 | lr 4.69e-04 |  17.46M words |  3674 tok/s | ETA 10:03:40
2026-06-28 11:21:02 | [2:10:51] [####--------------------]  17.8% | step   1760/9860 | ep 1 | masked | loss  3.482 | lr 4.68e-04 |  17.67M words |  3673 tok/s | ETA 10:02:12
2026-06-28 11:22:31 | [2:12:20] [####--------------------]  18.1% | step   1780/9860 | ep 1 | masked | loss  3.005 | lr 4.68e-04 |  17.87M words |  3673 tok/s | ETA 10:00:46
2026-06-28 11:24:03 | [2:13:53] [####--------------------]  18.3% | step   1800/9860 | ep 1 | masked | loss  3.162 | lr 4.67e-04 |  18.07M words |  3672 tok/s | ETA 9:59:29
2026-06-28 11:25:35 | [2:15:24] [####--------------------]  18.5% | step   1820/9860 | ep 1 | masked | loss  3.382 | lr 4.66e-04 |  18.27M words |  3671 tok/s | ETA 9:58:11
2026-06-28 11:27:07 | [2:16:56] [####--------------------]  18.7% | step   1840/9860 | ep 1 | masked | loss  2.850 | lr 4.65e-04 |  18.47M words |  3669 tok/s | ETA 9:56:53
2026-06-28 11:28:39 | [2:18:28] [####--------------------]  18.9% | step   1860/9860 | ep 1 | masked | loss  2.575 | lr 4.64e-04 |  18.67M words |  3668 tok/s | ETA 9:55:36
2026-06-28 11:30:12 | [2:20:01] [####--------------------]  19.1% | step   1880/9860 | ep 1 | masked | loss  3.278 | lr 4.64e-04 |  18.87M words |  3667 tok/s | ETA 9:54:19
2026-06-28 11:31:44 | [2:21:33] [####--------------------]  19.3% | step   1900/9860 | ep 1 | causal | loss  3.932 | lr 4.63e-04 |  19.07M words |  3666 tok/s | ETA 9:53:03
2026-06-28 11:33:16 | [2:23:05] [####--------------------]  19.5% | step   1920/9860 | ep 1 | masked | loss  3.096 | lr 4.62e-04 |  19.27M words |  3664 tok/s | ETA 9:51:46
2026-06-28 11:34:48 | [2:24:37] [####--------------------]  19.7% | step   1940/9860 | ep 1 | masked | loss  3.235 | lr 4.61e-04 |  19.47M words |  3663 tok/s | ETA 9:50:26
2026-06-28 11:36:21 | [2:26:10] [####--------------------]  19.9% | step   1960/9860 | ep 1 | masked | loss  2.711 | lr 4.60e-04 |  19.67M words |  3662 tok/s | ETA 9:49:08
2026-06-28 11:37:54 | [2:27:43] [####--------------------]  20.1% | step   1980/9860 | ep 2 | causal | loss  3.999 | lr 4.59e-04 |  19.88M words |  3661 tok/s | ETA 9:47:54
2026-06-28 11:38:54 |   >> saved checkpoint chck_20M at 20.01M words
2026-06-28 11:39:27 | [2:29:16] [####--------------------]  20.3% | step   2000/9860 | ep 2 | masked | loss  3.110 | lr 4.58e-04 |  20.08M words |  3660 tok/s | ETA 9:46:38
2026-06-28 11:40:59 | [2:30:48] [####--------------------]  20.5% | step   2020/9860 | ep 2 | masked | loss  2.879 | lr 4.57e-04 |  20.28M words |  3658 tok/s | ETA 9:45:20
2026-06-28 11:42:32 | [2:32:21] [####--------------------]  20.7% | step   2040/9860 | ep 2 | masked | loss  2.967 | lr 4.56e-04 |  20.48M words |  3657 tok/s | ETA 9:44:01
2026-06-28 11:44:04 | [2:33:53] [#####-------------------]  20.9% | step   2060/9860 | ep 2 | masked | loss  3.108 | lr 4.56e-04 |  20.68M words |  3656 tok/s | ETA 9:42:41
2026-06-28 11:45:36 | [2:35:25] [#####-------------------]  21.1% | step   2080/9860 | ep 2 | causal | loss  3.667 | lr 4.55e-04 |  20.88M words |  3655 tok/s | ETA 9:41:21
2026-06-28 11:47:08 | [2:36:57] [#####-------------------]  21.3% | step   2100/9860 | ep 2 | masked | loss  3.285 | lr 4.54e-04 |  21.08M words |  3654 tok/s | ETA 9:40:01
2026-06-28 11:48:45 | [2:38:34] [#####-------------------]  21.5% | step   2120/9860 | ep 2 | masked | loss  2.961 | lr 4.53e-04 |  21.28M words |  3652 tok/s | ETA 9:38:55
2026-06-28 11:50:18 | [2:40:07] [#####-------------------]  21.7% | step   2140/9860 | ep 2 | masked | loss  2.679 | lr 4.52e-04 |  21.48M words |  3650 tok/s | ETA 9:37:39
2026-06-28 11:51:51 | [2:41:40] [#####-------------------]  21.9% | step   2160/9860 | ep 2 | masked | loss  2.943 | lr 4.51e-04 |  21.68M words |  3649 tok/s | ETA 9:36:21
2026-06-28 11:53:23 | [2:43:12] [#####-------------------]  22.1% | step   2180/9860 | ep 2 | masked | loss  3.089 | lr 4.50e-04 |  21.88M words |  3648 tok/s | ETA 9:34:56
2026-06-28 11:54:52 | [2:44:41] [#####-------------------]  22.3% | step   2200/9860 | ep 2 | masked | loss  2.479 | lr 4.49e-04 |  22.08M words |  3649 tok/s | ETA 9:33:25
2026-06-28 11:56:21 | [2:46:10] [#####-------------------]  22.5% | step   2220/9860 | ep 2 | masked | loss  2.851 | lr 4.48e-04 |  22.28M words |  3649 tok/s | ETA 9:31:54
2026-06-28 11:57:51 | [2:47:40] [#####-------------------]  22.7% | step   2240/9860 | ep 2 | masked | loss  2.983 | lr 4.47e-04 |  22.49M words |  3649 tok/s | ETA 9:30:23
2026-06-28 11:59:21 | [2:49:10] [#####-------------------]  22.9% | step   2260/9860 | ep 2 | masked | loss  2.863 | lr 4.46e-04 |  22.69M words |  3649 tok/s | ETA 9:28:53
2026-06-28 12:00:51 | [2:50:40] [#####-------------------]  23.1% | step   2280/9860 | ep 2 | masked | loss  3.402 | lr 4.45e-04 |  22.89M words |  3649 tok/s | ETA 9:27:25
2026-06-28 12:02:20 | [2:52:09] [#####-------------------]  23.3% | step   2300/9860 | ep 2 | masked | loss  3.017 | lr 4.44e-04 |  23.09M words |  3649 tok/s | ETA 9:25:54
2026-06-28 12:03:50 | [2:53:39] [#####-------------------]  23.5% | step   2320/9860 | ep 2 | masked | loss  3.093 | lr 4.43e-04 |  23.29M words |  3649 tok/s | ETA 9:24:22
2026-06-28 12:05:22 | [2:55:11] [#####-------------------]  23.7% | step   2340/9860 | ep 2 | masked | loss  2.974 | lr 4.42e-04 |  23.49M words |  3648 tok/s | ETA 9:23:01
2026-06-28 12:06:56 | [2:56:45] [#####-------------------]  23.9% | step   2360/9860 | ep 2 | masked | loss  2.899 | lr 4.41e-04 |  23.69M words |  3647 tok/s | ETA 9:21:42
2026-06-28 12:08:29 | [2:58:18] [#####-------------------]  24.1% | step   2380/9860 | ep 2 | masked | loss  2.696 | lr 4.40e-04 |  23.89M words |  3646 tok/s | ETA 9:20:22
2026-06-28 12:10:02 | [2:59:51] [#####-------------------]  24.3% | step   2400/9860 | ep 2 | masked | loss  3.007 | lr 4.39e-04 |  24.09M words |  3645 tok/s | ETA 9:19:03
2026-06-28 12:11:35 | [3:01:24] [#####-------------------]  24.5% | step   2420/9860 | ep 2 | masked | loss  2.829 | lr 4.38e-04 |  24.29M words |  3643 tok/s | ETA 9:17:43
2026-06-28 12:13:08 | [3:02:57] [#####-------------------]  24.7% | step   2440/9860 | ep 2 | masked | loss  2.846 | lr 4.36e-04 |  24.49M words |  3642 tok/s | ETA 9:16:22
2026-06-28 12:14:41 | [3:04:30] [#####-------------------]  24.9% | step   2460/9860 | ep 2 | masked | loss  3.075 | lr 4.35e-04 |  24.69M words |  3642 tok/s | ETA 9:15:00
2026-06-28 12:16:14 | [3:06:03] [######------------------]  25.2% | step   2480/9860 | ep 2 | masked | loss  3.059 | lr 4.34e-04 |  24.89M words |  3641 tok/s | ETA 9:13:39
2026-06-28 12:17:48 | [3:07:37] [######------------------]  25.4% | step   2500/9860 | ep 2 | masked | loss  2.555 | lr 4.33e-04 |  25.09M words |  3639 tok/s | ETA 9:12:21
2026-06-28 12:19:24 | [3:09:13] [######------------------]  25.6% | step   2520/9860 | ep 2 | masked | loss  3.085 | lr 4.32e-04 |  25.30M words |  3637 tok/s | ETA 9:11:10
2026-06-28 12:20:56 | [3:10:45] [######------------------]  25.8% | step   2540/9860 | ep 2 | masked | loss  2.574 | lr 4.31e-04 |  25.50M words |  3637 tok/s | ETA 9:09:44
2026-06-28 12:22:28 | [3:12:17] [######------------------]  26.0% | step   2560/9860 | ep 2 | masked | loss  2.990 | lr 4.30e-04 |  25.70M words |  3636 tok/s | ETA 9:08:19
2026-06-28 12:23:59 | [3:13:48] [######------------------]  26.2% | step   2580/9860 | ep 2 | masked | loss  2.500 | lr 4.29e-04 |  25.90M words |  3636 tok/s | ETA 9:06:53
2026-06-28 12:25:31 | [3:15:20] [######------------------]  26.4% | step   2600/9860 | ep 2 | masked | loss  2.879 | lr 4.28e-04 |  26.10M words |  3635 tok/s | ETA 9:05:26
2026-06-28 12:27:02 | [3:16:52] [######------------------]  26.6% | step   2620/9860 | ep 2 | masked | loss  2.861 | lr 4.26e-04 |  26.30M words |  3635 tok/s | ETA 9:04:00
2026-06-28 12:28:34 | [3:18:23] [######------------------]  26.8% | step   2640/9860 | ep 2 | masked | loss  3.184 | lr 4.25e-04 |  26.50M words |  3634 tok/s | ETA 9:02:35
2026-06-28 12:30:04 | [3:19:53] [######------------------]  27.0% | step   2660/9860 | ep 2 | masked | loss  2.871 | lr 4.24e-04 |  26.70M words |  3634 tok/s | ETA 9:01:04
2026-06-28 12:31:34 | [3:21:23] [######------------------]  27.2% | step   2680/9860 | ep 2 | masked | loss  2.797 | lr 4.23e-04 |  26.90M words |  3635 tok/s | ETA 8:59:32
2026-06-28 12:33:03 | [3:22:52] [######------------------]  27.4% | step   2700/9860 | ep 2 | masked | loss  2.860 | lr 4.22e-04 |  27.10M words |  3635 tok/s | ETA 8:58:00
2026-06-28 12:34:32 | [3:24:21] [######------------------]  27.6% | step   2720/9860 | ep 2 | masked | loss  2.957 | lr 4.21e-04 |  27.30M words |  3635 tok/s | ETA 8:56:27
2026-06-28 12:36:02 | [3:25:51] [######------------------]  27.8% | step   2740/9860 | ep 2 | masked | loss  2.655 | lr 4.19e-04 |  27.50M words |  3635 tok/s | ETA 8:54:54
2026-06-28 12:37:31 | [3:27:20] [######------------------]  28.0% | step   2760/9860 | ep 2 | masked | loss  2.955 | lr 4.18e-04 |  27.70M words |  3635 tok/s | ETA 8:53:23
2026-06-28 12:39:01 | [3:28:50] [######------------------]  28.2% | step   2780/9860 | ep 2 | masked | loss  2.916 | lr 4.17e-04 |  27.90M words |  3636 tok/s | ETA 8:51:50
2026-06-28 12:40:30 | [3:30:19] [######------------------]  28.4% | step   2800/9860 | ep 2 | masked | loss  2.845 | lr 4.16e-04 |  28.11M words |  3636 tok/s | ETA 8:50:18
2026-06-28 12:42:00 | [3:31:49] [######------------------]  28.6% | step   2820/9860 | ep 2 | masked | loss  2.690 | lr 4.14e-04 |  28.31M words |  3636 tok/s | ETA 8:48:47
2026-06-28 12:43:29 | [3:33:18] [######------------------]  28.8% | step   2840/9860 | ep 2 | masked | loss  2.868 | lr 4.13e-04 |  28.51M words |  3636 tok/s | ETA 8:47:15
2026-06-28 12:44:59 | [3:34:48] [######------------------]  29.0% | step   2860/9860 | ep 2 | masked | loss  2.833 | lr 4.12e-04 |  28.71M words |  3636 tok/s | ETA 8:45:44
2026-06-28 12:46:28 | [3:36:17] [#######-----------------]  29.2% | step   2880/9860 | ep 2 | causal | loss  3.678 | lr 4.11e-04 |  28.91M words |  3637 tok/s | ETA 8:44:11
2026-06-28 12:47:57 | [3:37:46] [#######-----------------]  29.4% | step   2900/9860 | ep 2 | masked | loss  2.726 | lr 4.10e-04 |  29.11M words |  3637 tok/s | ETA 8:42:40
2026-06-28 12:49:28 | [3:39:17] [#######-----------------]  29.6% | step   2920/9860 | ep 2 | causal | loss  3.642 | lr 4.08e-04 |  29.31M words |  3637 tok/s | ETA 8:41:10
2026-06-28 12:50:57 | [3:40:46] [#######-----------------]  29.8% | step   2940/9860 | ep 2 | masked | loss  2.755 | lr 4.07e-04 |  29.51M words |  3637 tok/s | ETA 8:39:39
2026-06-28 12:52:28 | [3:42:17] [#######-----------------]  30.0% | step   2960/9860 | ep 3 | masked | loss  2.938 | lr 4.06e-04 |  29.71M words |  3637 tok/s | ETA 8:38:11
2026-06-28 12:53:58 | [3:43:47] [#######-----------------]  30.2% | step   2980/9860 | ep 3 | masked | loss  2.721 | lr 4.04e-04 |  29.91M words |  3637 tok/s | ETA 8:36:40
2026-06-28 12:54:39 |   >> saved checkpoint chck_30M at 30.00M words
2026-06-28 12:55:28 | [3:45:17] [#######-----------------]  30.4% | step   3000/9860 | ep 3 | masked | loss  2.980 | lr 4.03e-04 |  30.11M words |  3637 tok/s | ETA 8:35:10
2026-06-28 12:56:57 | [3:46:46] [#######-----------------]  30.6% | step   3020/9860 | ep 3 | masked | loss  2.817 | lr 4.02e-04 |  30.32M words |  3637 tok/s | ETA 8:33:38
2026-06-28 12:58:27 | [3:48:16] [#######-----------------]  30.8% | step   3040/9860 | ep 3 | masked | loss  2.785 | lr 4.01e-04 |  30.52M words |  3637 tok/s | ETA 8:32:07
2026-06-28 12:59:57 | [3:49:46] [#######-----------------]  31.0% | step   3060/9860 | ep 3 | masked | loss  2.627 | lr 3.99e-04 |  30.72M words |  3637 tok/s | ETA 8:30:36
2026-06-28 13:01:27 | [3:51:16] [#######-----------------]  31.2% | step   3080/9860 | ep 3 | masked | loss  3.011 | lr 3.98e-04 |  30.92M words |  3637 tok/s | ETA 8:29:05
2026-06-28 13:02:57 | [3:52:46] [#######-----------------]  31.4% | step   3100/9860 | ep 3 | masked | loss  3.275 | lr 3.97e-04 |  31.12M words |  3638 tok/s | ETA 8:27:35
2026-06-28 13:04:27 | [3:54:16] [#######-----------------]  31.6% | step   3120/9860 | ep 3 | masked | loss  2.924 | lr 3.95e-04 |  31.32M words |  3638 tok/s | ETA 8:26:04
2026-06-28 13:05:56 | [3:55:45] [#######-----------------]  31.8% | step   3140/9860 | ep 3 | masked | loss  3.093 | lr 3.94e-04 |  31.52M words |  3638 tok/s | ETA 8:24:33
2026-06-28 13:07:26 | [3:57:15] [#######-----------------]  32.0% | step   3160/9860 | ep 3 | masked | loss  3.057 | lr 3.93e-04 |  31.72M words |  3638 tok/s | ETA 8:23:02
2026-06-28 13:08:55 | [3:58:44] [#######-----------------]  32.3% | step   3180/9860 | ep 3 | masked | loss  2.662 | lr 3.91e-04 |  31.92M words |  3638 tok/s | ETA 8:21:31
2026-06-28 13:10:25 | [4:00:14] [#######-----------------]  32.5% | step   3200/9860 | ep 3 | masked | loss  2.635 | lr 3.90e-04 |  32.12M words |  3638 tok/s | ETA 8:19:59
2026-06-28 13:11:54 | [4:01:43] [#######-----------------]  32.7% | step   3220/9860 | ep 3 | masked | loss  3.131 | lr 3.89e-04 |  32.32M words |  3638 tok/s | ETA 8:18:28
2026-06-28 13:13:23 | [4:03:12] [#######-----------------]  32.9% | step   3240/9860 | ep 3 | masked | loss  2.714 | lr 3.87e-04 |  32.52M words |  3639 tok/s | ETA 8:16:56
2026-06-28 13:14:53 | [4:04:42] [#######-----------------]  33.1% | step   3260/9860 | ep 3 | masked | loss  2.645 | lr 3.86e-04 |  32.72M words |  3639 tok/s | ETA 8:15:25
2026-06-28 13:16:23 | [4:06:12] [#######-----------------]  33.3% | step   3280/9860 | ep 3 | masked | loss  3.099 | lr 3.85e-04 |  32.92M words |  3639 tok/s | ETA 8:13:54
2026-06-28 13:17:52 | [4:07:41] [########----------------]  33.5% | step   3300/9860 | ep 3 | masked | loss  2.560 | lr 3.83e-04 |  33.13M words |  3639 tok/s | ETA 8:12:23
2026-06-28 13:19:23 | [4:09:12] [########----------------]  33.7% | step   3320/9860 | ep 3 | masked | loss  3.070 | lr 3.82e-04 |  33.33M words |  3639 tok/s | ETA 8:10:53
2026-06-28 13:20:52 | [4:10:41] [########----------------]  33.9% | step   3340/9860 | ep 3 | masked | loss  2.817 | lr 3.80e-04 |  33.53M words |  3639 tok/s | ETA 8:09:22
2026-06-28 13:22:22 | [4:12:11] [########----------------]  34.1% | step   3360/9860 | ep 3 | masked | loss  2.598 | lr 3.79e-04 |  33.73M words |  3639 tok/s | ETA 8:07:52
2026-06-28 13:23:51 | [4:13:41] [########----------------]  34.3% | step   3380/9860 | ep 3 | masked | loss  2.974 | lr 3.78e-04 |  33.93M words |  3639 tok/s | ETA 8:06:21
2026-06-28 13:25:21 | [4:15:10] [########----------------]  34.5% | step   3400/9860 | ep 3 | masked | loss  2.824 | lr 3.76e-04 |  34.13M words |  3639 tok/s | ETA 8:04:50
2026-06-28 13:26:51 | [4:16:40] [########----------------]  34.7% | step   3420/9860 | ep 3 | masked | loss  2.491 | lr 3.75e-04 |  34.33M words |  3639 tok/s | ETA 8:03:18
2026-06-28 13:28:20 | [4:18:09] [########----------------]  34.9% | step   3440/9860 | ep 3 | masked | loss  2.568 | lr 3.73e-04 |  34.53M words |  3639 tok/s | ETA 8:01:47
2026-06-28 13:29:50 | [4:19:39] [########----------------]  35.1% | step   3460/9860 | ep 3 | masked | loss  2.801 | lr 3.72e-04 |  34.73M words |  3639 tok/s | ETA 8:00:17
2026-06-28 13:31:19 | [4:21:08] [########----------------]  35.3% | step   3480/9860 | ep 3 | masked | loss  2.693 | lr 3.71e-04 |  34.93M words |  3640 tok/s | ETA 7:58:46
2026-06-28 13:32:49 | [4:22:38] [########----------------]  35.5% | step   3500/9860 | ep 3 | masked | loss  2.383 | lr 3.69e-04 |  35.13M words |  3640 tok/s | ETA 7:57:15
2026-06-28 13:34:19 | [4:24:08] [########----------------]  35.7% | step   3520/9860 | ep 3 | masked | loss  2.930 | lr 3.68e-04 |  35.33M words |  3640 tok/s | ETA 7:55:44
2026-06-28 13:35:48 | [4:25:37] [########----------------]  35.9% | step   3540/9860 | ep 3 | masked | loss  3.037 | lr 3.66e-04 |  35.53M words |  3640 tok/s | ETA 7:54:13
2026-06-28 13:37:18 | [4:27:07] [########----------------]  36.1% | step   3560/9860 | ep 3 | masked | loss  2.862 | lr 3.65e-04 |  35.73M words |  3640 tok/s | ETA 7:52:42
2026-06-28 13:38:47 | [4:28:36] [########----------------]  36.3% | step   3580/9860 | ep 3 | masked | loss  2.451 | lr 3.63e-04 |  35.94M words |  3640 tok/s | ETA 7:51:11
2026-06-28 13:40:17 | [4:30:06] [########----------------]  36.5% | step   3600/9860 | ep 3 | masked | loss  2.782 | lr 3.62e-04 |  36.14M words |  3640 tok/s | ETA 7:49:41
2026-06-28 13:41:46 | [4:31:35] [########----------------]  36.7% | step   3620/9860 | ep 3 | masked | loss  2.678 | lr 3.61e-04 |  36.34M words |  3640 tok/s | ETA 7:48:10
2026-06-28 13:43:16 | [4:33:05] [########----------------]  36.9% | step   3640/9860 | ep 3 | masked | loss  2.600 | lr 3.59e-04 |  36.54M words |  3640 tok/s | ETA 7:46:39
2026-06-28 13:44:46 | [4:34:35] [########----------------]  37.1% | step   3660/9860 | ep 3 | masked | loss  2.598 | lr 3.58e-04 |  36.74M words |  3640 tok/s | ETA 7:45:09
2026-06-28 13:46:16 | [4:36:05] [########----------------]  37.3% | step   3680/9860 | ep 3 | masked | loss  2.483 | lr 3.56e-04 |  36.94M words |  3641 tok/s | ETA 7:43:38
2026-06-28 13:47:46 | [4:37:35] [#########---------------]  37.5% | step   3700/9860 | ep 3 | masked | loss  2.820 | lr 3.55e-04 |  37.14M words |  3641 tok/s | ETA 7:42:08
2026-06-28 13:49:16 | [4:39:05] [#########---------------]  37.7% | step   3720/9860 | ep 3 | masked | loss  2.478 | lr 3.53e-04 |  37.34M words |  3640 tok/s | ETA 7:40:38
2026-06-28 13:50:46 | [4:40:35] [#########---------------]  37.9% | step   3740/9860 | ep 3 | masked | loss  2.700 | lr 3.52e-04 |  37.54M words |  3640 tok/s | ETA 7:39:09
2026-06-28 13:52:16 | [4:42:05] [#########---------------]  38.1% | step   3760/9860 | ep 3 | masked | loss  2.831 | lr 3.50e-04 |  37.74M words |  3640 tok/s | ETA 7:37:39
2026-06-28 13:53:46 | [4:43:35] [#########---------------]  38.3% | step   3780/9860 | ep 3 | masked | loss  3.096 | lr 3.49e-04 |  37.94M words |  3640 tok/s | ETA 7:36:08
2026-06-28 13:55:15 | [4:45:04] [#########---------------]  38.5% | step   3800/9860 | ep 3 | masked | loss  2.728 | lr 3.47e-04 |  38.14M words |  3641 tok/s | ETA 7:34:37
2026-06-28 13:56:45 | [4:46:34] [#########---------------]  38.7% | step   3820/9860 | ep 3 | masked | loss  2.718 | lr 3.46e-04 |  38.34M words |  3641 tok/s | ETA 7:33:07
2026-06-28 13:58:15 | [4:48:04] [#########---------------]  38.9% | step   3840/9860 | ep 3 | masked | loss  2.779 | lr 3.44e-04 |  38.55M words |  3641 tok/s | ETA 7:31:36
2026-06-28 13:59:44 | [4:49:33] [#########---------------]  39.1% | step   3860/9860 | ep 3 | masked | loss  2.466 | lr 3.43e-04 |  38.75M words |  3641 tok/s | ETA 7:30:05
2026-06-28 14:01:14 | [4:51:03] [#########---------------]  39.4% | step   3880/9860 | ep 3 | masked | loss  2.198 | lr 3.41e-04 |  38.95M words |  3641 tok/s | ETA 7:28:35
2026-06-28 14:02:44 | [4:52:33] [#########---------------]  39.6% | step   3900/9860 | ep 3 | masked | loss  2.935 | lr 3.40e-04 |  39.15M words |  3641 tok/s | ETA 7:27:05
2026-06-28 14:04:14 | [4:54:03] [#########---------------]  39.8% | step   3920/9860 | ep 3 | masked | loss  2.696 | lr 3.38e-04 |  39.35M words |  3641 tok/s | ETA 7:25:34
2026-06-28 14:05:43 | [4:55:32] [#########---------------]  40.0% | step   3940/9860 | ep 3 | masked | loss  2.831 | lr 3.37e-04 |  39.55M words |  3641 tok/s | ETA 7:24:04
2026-06-28 14:07:14 | [4:57:03] [#########---------------]  40.2% | step   3960/9860 | ep 4 | masked | loss  2.731 | lr 3.35e-04 |  39.75M words |  3641 tok/s | ETA 7:22:35
2026-06-28 14:08:44 | [4:58:33] [#########---------------]  40.4% | step   3980/9860 | ep 4 | masked | loss  2.556 | lr 3.34e-04 |  39.95M words |  3641 tok/s | ETA 7:21:04
2026-06-28 14:09:06 |   >> saved checkpoint chck_40M at 40.00M words
2026-06-28 14:10:13 | [5:00:02] [#########---------------]  40.6% | step   4000/9860 | ep 4 | masked | loss  2.677 | lr 3.32e-04 |  40.15M words |  3641 tok/s | ETA 7:19:34
2026-06-28 14:11:43 | [5:01:32] [#########---------------]  40.8% | step   4020/9860 | ep 4 | masked | loss  2.755 | lr 3.31e-04 |  40.35M words |  3641 tok/s | ETA 7:18:03
2026-06-28 14:13:12 | [5:03:01] [#########---------------]  41.0% | step   4040/9860 | ep 4 | masked | loss  2.691 | lr 3.29e-04 |  40.55M words |  3641 tok/s | ETA 7:16:32
2026-06-28 14:14:42 | [5:04:31] [#########---------------]  41.2% | step   4060/9860 | ep 4 | masked | loss  2.437 | lr 3.27e-04 |  40.76M words |  3641 tok/s | ETA 7:15:02
2026-06-28 14:16:14 | [5:06:03] [#########---------------]  41.4% | step   4080/9860 | ep 4 | masked | loss  2.611 | lr 3.26e-04 |  40.96M words |  3641 tok/s | ETA 7:13:34
2026-06-28 14:17:43 | [5:07:32] [#########---------------]  41.6% | step   4100/9860 | ep 4 | masked | loss  2.772 | lr 3.24e-04 |  41.16M words |  3641 tok/s | ETA 7:12:03
2026-06-28 14:19:12 | [5:09:01] [##########--------------]  41.8% | step   4120/9860 | ep 4 | masked | loss  2.816 | lr 3.23e-04 |  41.36M words |  3641 tok/s | ETA 7:10:32
2026-06-28 14:20:41 | [5:10:30] [##########--------------]  42.0% | step   4140/9860 | ep 4 | masked | loss  2.505 | lr 3.21e-04 |  41.56M words |  3642 tok/s | ETA 7:09:01
2026-06-28 14:22:13 | [5:12:02] [##########--------------]  42.2% | step   4160/9860 | ep 4 | masked | loss  2.860 | lr 3.20e-04 |  41.76M words |  3641 tok/s | ETA 7:07:32
2026-06-28 14:23:47 | [5:13:36] [##########--------------]  42.4% | step   4180/9860 | ep 4 | masked | loss  2.640 | lr 3.18e-04 |  41.96M words |  3641 tok/s | ETA 7:06:08
2026-06-28 14:25:30 | [5:15:19] [##########--------------]  42.6% | step   4200/9860 | ep 4 | causal | loss  3.403 | lr 3.17e-04 |  42.16M words |  3638 tok/s | ETA 7:04:56
2026-06-28 14:27:04 | [5:16:53] [##########--------------]  42.8% | step   4220/9860 | ep 4 | masked | loss  2.393 | lr 3.15e-04 |  42.36M words |  3637 tok/s | ETA 7:03:31
2026-06-28 14:28:35 | [5:18:24] [##########--------------]  43.0% | step   4240/9860 | ep 4 | masked | loss  2.731 | lr 3.13e-04 |  42.56M words |  3637 tok/s | ETA 7:02:02
2026-06-28 14:30:06 | [5:19:55] [##########--------------]  43.2% | step   4260/9860 | ep 4 | masked | loss  2.618 | lr 3.12e-04 |  42.76M words |  3637 tok/s | ETA 7:00:33
2026-06-28 14:31:37 | [5:21:26] [##########--------------]  43.4% | step   4280/9860 | ep 4 | masked | loss  2.415 | lr 3.10e-04 |  42.96M words |  3637 tok/s | ETA 6:59:04
2026-06-28 14:33:10 | [5:22:59] [##########--------------]  43.6% | step   4300/9860 | ep 4 | masked | loss  2.365 | lr 3.09e-04 |  43.16M words |  3636 tok/s | ETA 6:57:37
2026-06-28 14:34:41 | [5:24:30] [##########--------------]  43.8% | step   4320/9860 | ep 4 | masked | loss  2.054 | lr 3.07e-04 |  43.36M words |  3636 tok/s | ETA 6:56:08
2026-06-28 14:36:13 | [5:26:02] [##########--------------]  44.0% | step   4340/9860 | ep 4 | masked | loss  2.753 | lr 3.05e-04 |  43.57M words |  3636 tok/s | ETA 6:54:41
2026-06-28 14:37:45 | [5:27:34] [##########--------------]  44.2% | step   4360/9860 | ep 4 | masked | loss  2.303 | lr 3.04e-04 |  43.77M words |  3635 tok/s | ETA 6:53:13
2026-06-28 14:39:17 | [5:29:06] [##########--------------]  44.4% | step   4380/9860 | ep 4 | masked | loss  2.598 | lr 3.02e-04 |  43.97M words |  3635 tok/s | ETA 6:51:45
2026-06-28 14:40:47 | [5:30:36] [##########--------------]  44.6% | step   4400/9860 | ep 4 | masked | loss  2.249 | lr 3.01e-04 |  44.17M words |  3635 tok/s | ETA 6:50:15
2026-06-28 14:42:19 | [5:32:08] [##########--------------]  44.8% | step   4420/9860 | ep 4 | masked | loss  2.170 | lr 2.99e-04 |  44.37M words |  3635 tok/s | ETA 6:48:46
2026-06-28 14:43:52 | [5:33:41] [##########--------------]  45.0% | step   4440/9860 | ep 4 | masked | loss  2.388 | lr 2.98e-04 |  44.57M words |  3634 tok/s | ETA 6:47:20
2026-06-28 14:45:22 | [5:35:11] [##########--------------]  45.2% | step   4460/9860 | ep 4 | masked | loss  2.437 | lr 2.96e-04 |  44.77M words |  3634 tok/s | ETA 6:45:50
2026-06-28 14:46:55 | [5:36:44] [##########--------------]  45.4% | step   4480/9860 | ep 4 | masked | loss  2.636 | lr 2.94e-04 |  44.97M words |  3634 tok/s | ETA 6:44:23
2026-06-28 14:48:27 | [5:38:16] [##########--------------]  45.6% | step   4500/9860 | ep 4 | masked | loss  2.623 | lr 2.93e-04 |  45.17M words |  3633 tok/s | ETA 6:42:55
2026-06-28 14:50:01 | [5:39:50] [###########-------------]  45.8% | step   4520/9860 | ep 4 | masked | loss  2.358 | lr 2.91e-04 |  45.37M words |  3633 tok/s | ETA 6:41:29
2026-06-28 14:51:34 | [5:41:23] [###########-------------]  46.0% | step   4540/9860 | ep 4 | masked | loss  2.580 | lr 2.90e-04 |  45.57M words |  3632 tok/s | ETA 6:40:03
2026-06-28 14:53:06 | [5:42:55] [###########-------------]  46.2% | step   4560/9860 | ep 4 | masked | loss  2.452 | lr 2.88e-04 |  45.77M words |  3632 tok/s | ETA 6:38:34
2026-06-28 14:54:38 | [5:44:27] [###########-------------]  46.5% | step   4580/9860 | ep 4 | masked | loss  2.243 | lr 2.86e-04 |  45.97M words |  3632 tok/s | ETA 6:37:05
2026-06-28 14:56:08 | [5:45:57] [###########-------------]  46.7% | step   4600/9860 | ep 4 | masked | loss  2.761 | lr 2.85e-04 |  46.17M words |  3632 tok/s | ETA 6:35:35
2026-06-28 14:57:39 | [5:47:28] [###########-------------]  46.9% | step   4620/9860 | ep 4 | masked | loss  2.887 | lr 2.83e-04 |  46.38M words |  3631 tok/s | ETA 6:34:06
2026-06-28 14:59:11 | [5:49:00] [###########-------------]  47.1% | step   4640/9860 | ep 4 | masked | loss  2.339 | lr 2.81e-04 |  46.58M words |  3631 tok/s | ETA 6:32:38
2026-06-28 15:00:43 | [5:50:32] [###########-------------]  47.3% | step   4660/9860 | ep 4 | masked | loss  2.608 | lr 2.80e-04 |  46.78M words |  3631 tok/s | ETA 6:31:09
2026-06-28 15:02:15 | [5:52:04] [###########-------------]  47.5% | step   4680/9860 | ep 4 | masked | loss  2.673 | lr 2.78e-04 |  46.98M words |  3630 tok/s | ETA 6:29:41
2026-06-28 15:03:47 | [5:53:36] [###########-------------]  47.7% | step   4700/9860 | ep 4 | masked | loss  2.226 | lr 2.77e-04 |  47.18M words |  3630 tok/s | ETA 6:28:13
2026-06-28 15:05:21 | [5:55:10] [###########-------------]  47.9% | step   4720/9860 | ep 4 | masked | loss  2.474 | lr 2.75e-04 |  47.38M words |  3630 tok/s | ETA 6:26:47
2026-06-28 15:06:58 | [5:56:47] [###########-------------]  48.1% | step   4740/9860 | ep 4 | masked | loss  2.449 | lr 2.73e-04 |  47.58M words |  3628 tok/s | ETA 6:25:23
2026-06-28 15:08:38 | [5:58:27] [###########-------------]  48.3% | step   4760/9860 | ep 4 | masked | loss  2.722 | lr 2.72e-04 |  47.78M words |  3627 tok/s | ETA 6:24:03
2026-06-28 15:10:13 | [6:00:02] [###########-------------]  48.5% | step   4780/9860 | ep 4 | masked | loss  2.401 | lr 2.70e-04 |  47.98M words |  3626 tok/s | ETA 6:22:38
2026-06-28 15:11:44 | [6:01:33] [###########-------------]  48.7% | step   4800/9860 | ep 4 | masked | loss  2.357 | lr 2.69e-04 |  48.18M words |  3626 tok/s | ETA 6:21:08
2026-06-28 15:13:14 | [6:03:03] [###########-------------]  48.9% | step   4820/9860 | ep 4 | masked | loss  2.578 | lr 2.67e-04 |  48.38M words |  3626 tok/s | ETA 6:19:37
2026-06-28 15:14:44 | [6:04:33] [###########-------------]  49.1% | step   4840/9860 | ep 4 | masked | loss  2.516 | lr 2.65e-04 |  48.58M words |  3626 tok/s | ETA 6:18:07
2026-06-28 15:16:16 | [6:06:05] [###########-------------]  49.3% | step   4860/9860 | ep 4 | masked | loss  2.498 | lr 2.64e-04 |  48.78M words |  3626 tok/s | ETA 6:16:38
2026-06-28 15:17:48 | [6:07:37] [###########-------------]  49.5% | step   4880/9860 | ep 4 | masked | loss  2.845 | lr 2.62e-04 |  48.98M words |  3626 tok/s | ETA 6:15:09
2026-06-28 15:19:18 | [6:09:07] [###########-------------]  49.7% | step   4900/9860 | ep 4 | masked | loss  2.500 | lr 2.60e-04 |  49.19M words |  3626 tok/s | ETA 6:13:39
2026-06-28 15:20:48 | [6:10:37] [###########-------------]  49.9% | step   4920/9860 | ep 4 | masked | loss  2.503 | lr 2.59e-04 |  49.39M words |  3626 tok/s | ETA 6:12:07
2026-06-28 15:22:19 | [6:12:08] [############------------]  50.1% | step   4940/9860 | ep 5 | masked | loss  2.527 | lr 2.57e-04 |  49.59M words |  3626 tok/s | ETA 6:10:38
2026-06-28 15:23:50 | [6:13:39] [############------------]  50.3% | step   4960/9860 | ep 5 | masked | loss  2.580 | lr 2.56e-04 |  49.79M words |  3626 tok/s | ETA 6:09:08
2026-06-28 15:25:20 | [6:15:09] [############------------]  50.5% | step   4980/9860 | ep 5 | masked | loss  2.258 | lr 2.54e-04 |  49.99M words |  3626 tok/s | ETA 6:07:37
2026-06-28 15:25:24 |   >> saved checkpoint chck_50M at 50.00M words
2026-06-28 15:26:49 | [6:16:38] [############------------]  50.7% | step   5000/9860 | ep 5 | masked | loss  2.629 | lr 2.52e-04 |  50.19M words |  3626 tok/s | ETA 6:06:05
2026-06-28 15:28:17 | [6:18:06] [############------------]  50.9% | step   5020/9860 | ep 5 | masked | loss  2.661 | lr 2.51e-04 |  50.39M words |  3626 tok/s | ETA 6:04:33
2026-06-28 15:29:46 | [6:19:35] [############------------]  51.1% | step   5040/9860 | ep 5 | masked | loss  2.571 | lr 2.49e-04 |  50.59M words |  3627 tok/s | ETA 6:03:01
2026-06-28 15:31:15 | [6:21:04] [############------------]  51.3% | step   5060/9860 | ep 5 | masked | loss  2.804 | lr 2.47e-04 |  50.79M words |  3627 tok/s | ETA 6:01:29
2026-06-28 15:32:43 | [6:22:32] [############------------]  51.5% | step   5080/9860 | ep 5 | masked | loss  2.759 | lr 2.46e-04 |  50.99M words |  3627 tok/s | ETA 5:59:57
2026-06-28 15:34:11 | [6:24:00] [############------------]  51.7% | step   5100/9860 | ep 5 | masked | loss  2.608 | lr 2.44e-04 |  51.20M words |  3627 tok/s | ETA 5:58:24
2026-06-28 15:35:42 | [6:25:31] [############------------]  51.9% | step   5120/9860 | ep 5 | masked | loss  2.250 | lr 2.43e-04 |  51.40M words |  3627 tok/s | ETA 5:56:54
2026-06-28 15:37:13 | [6:27:02] [############------------]  52.1% | step   5140/9860 | ep 5 | masked | loss  2.324 | lr 2.41e-04 |  51.60M words |  3627 tok/s | ETA 5:55:24
2026-06-28 15:38:42 | [6:28:31] [############------------]  52.3% | step   5160/9860 | ep 5 | masked | loss  2.464 | lr 2.39e-04 |  51.80M words |  3627 tok/s | ETA 5:53:53
2026-06-28 15:40:12 | [6:30:01] [############------------]  52.5% | step   5180/9860 | ep 5 | masked | loss  2.532 | lr 2.38e-04 |  52.00M words |  3628 tok/s | ETA 5:52:22
2026-06-28 15:41:41 | [6:31:30] [############------------]  52.7% | step   5200/9860 | ep 5 | causal | loss  3.449 | lr 2.36e-04 |  52.20M words |  3628 tok/s | ETA 5:50:51
2026-06-28 15:43:11 | [6:33:00] [############------------]  52.9% | step   5220/9860 | ep 5 | masked | loss  2.415 | lr 2.34e-04 |  52.40M words |  3628 tok/s | ETA 5:49:20
2026-06-28 15:44:40 | [6:34:29] [############------------]  53.1% | step   5240/9860 | ep 5 | masked | loss  2.372 | lr 2.33e-04 |  52.60M words |  3628 tok/s | ETA 5:47:48
2026-06-28 15:46:10 | [6:35:59] [############------------]  53.3% | step   5260/9860 | ep 5 | masked | loss  2.187 | lr 2.31e-04 |  52.80M words |  3628 tok/s | ETA 5:46:17
2026-06-28 15:47:38 | [6:37:27] [############------------]  53.5% | step   5280/9860 | ep 5 | masked | loss  2.157 | lr 2.30e-04 |  53.00M words |  3628 tok/s | ETA 5:44:46
2026-06-28 15:49:07 | [6:38:56] [############------------]  53.8% | step   5300/9860 | ep 5 | masked | loss  2.694 | lr 2.28e-04 |  53.20M words |  3629 tok/s | ETA 5:43:14
2026-06-28 15:50:36 | [6:40:25] [############------------]  54.0% | step   5320/9860 | ep 5 | masked | loss  2.776 | lr 2.26e-04 |  53.40M words |  3629 tok/s | ETA 5:41:43
2026-06-28 15:52:06 | [6:41:55] [############------------]  54.2% | step   5340/9860 | ep 5 | masked | loss  2.329 | lr 2.25e-04 |  53.60M words |  3629 tok/s | ETA 5:40:12
2026-06-28 15:53:35 | [6:43:24] [#############-----------]  54.4% | step   5360/9860 | ep 5 | masked | loss  2.214 | lr 2.23e-04 |  53.80M words |  3629 tok/s | ETA 5:38:40
2026-06-28 15:55:04 | [6:44:53] [#############-----------]  54.6% | step   5380/9860 | ep 5 | masked | loss  2.011 | lr 2.21e-04 |  54.01M words |  3629 tok/s | ETA 5:37:09
2026-06-28 15:56:33 | [6:46:22] [#############-----------]  54.8% | step   5400/9860 | ep 5 | masked | loss  2.485 | lr 2.20e-04 |  54.21M words |  3629 tok/s | ETA 5:35:38
2026-06-28 15:58:03 | [6:47:52] [#############-----------]  55.0% | step   5420/9860 | ep 5 | masked | loss  2.341 | lr 2.18e-04 |  54.41M words |  3630 tok/s | ETA 5:34:07
2026-06-28 15:59:33 | [6:49:22] [#############-----------]  55.2% | step   5440/9860 | ep 5 | masked | loss  2.236 | lr 2.17e-04 |  54.61M words |  3629 tok/s | ETA 5:32:37
2026-06-28 16:01:02 | [6:50:51] [#############-----------]  55.4% | step   5460/9860 | ep 5 | causal | loss  3.427 | lr 2.15e-04 |  54.81M words |  3630 tok/s | ETA 5:31:05
2026-06-28 16:02:31 | [6:52:20] [#############-----------]  55.6% | step   5480/9860 | ep 5 | masked | loss  2.417 | lr 2.13e-04 |  55.01M words |  3630 tok/s | ETA 5:29:34
2026-06-28 16:04:01 | [6:53:50] [#############-----------]  55.8% | step   5500/9860 | ep 5 | masked | loss  2.530 | lr 2.12e-04 |  55.21M words |  3630 tok/s | ETA 5:28:03
2026-06-28 16:05:30 | [6:55:19] [#############-----------]  56.0% | step   5520/9860 | ep 5 | causal | loss  3.593 | lr 2.10e-04 |  55.41M words |  3630 tok/s | ETA 5:26:32
2026-06-28 16:07:00 | [6:56:49] [#############-----------]  56.2% | step   5540/9860 | ep 5 | masked | loss  2.475 | lr 2.09e-04 |  55.61M words |  3630 tok/s | ETA 5:25:01
2026-06-28 16:08:29 | [6:58:18] [#############-----------]  56.4% | step   5560/9860 | ep 5 | masked | loss  2.461 | lr 2.07e-04 |  55.81M words |  3630 tok/s | ETA 5:23:30
2026-06-28 16:09:59 | [6:59:48] [#############-----------]  56.6% | step   5580/9860 | ep 5 | masked | loss  2.299 | lr 2.05e-04 |  56.01M words |  3630 tok/s | ETA 5:22:00
2026-06-28 16:11:30 | [7:01:19] [#############-----------]  56.8% | step   5600/9860 | ep 5 | masked | loss  2.275 | lr 2.04e-04 |  56.21M words |  3630 tok/s | ETA 5:20:30
2026-06-28 16:13:02 | [7:02:51] [#############-----------]  57.0% | step   5620/9860 | ep 5 | masked | loss  2.623 | lr 2.02e-04 |  56.41M words |  3630 tok/s | ETA 5:19:01
2026-06-28 16:14:34 | [7:04:23] [#############-----------]  57.2% | step   5640/9860 | ep 5 | masked | loss  2.108 | lr 2.01e-04 |  56.61M words |  3630 tok/s | ETA 5:17:32
2026-06-28 16:16:06 | [7:05:55] [#############-----------]  57.4% | step   5660/9860 | ep 5 | masked | loss  2.387 | lr 1.99e-04 |  56.82M words |  3629 tok/s | ETA 5:16:03
2026-06-28 16:17:38 | [7:07:27] [#############-----------]  57.6% | step   5680/9860 | ep 5 | masked | loss  2.302 | lr 1.97e-04 |  57.02M words |  3629 tok/s | ETA 5:14:34
2026-06-28 16:19:10 | [7:08:59] [#############-----------]  57.8% | step   5700/9860 | ep 5 | masked | loss  2.625 | lr 1.96e-04 |  57.22M words |  3629 tok/s | ETA 5:13:05
2026-06-28 16:20:42 | [7:10:31] [#############-----------]  58.0% | step   5720/9860 | ep 5 | masked | loss  2.301 | lr 1.94e-04 |  57.42M words |  3629 tok/s | ETA 5:11:35
2026-06-28 16:22:13 | [7:12:02] [#############-----------]  58.2% | step   5740/9860 | ep 5 | masked | loss  2.473 | lr 1.93e-04 |  57.62M words |  3629 tok/s | ETA 5:10:06
2026-06-28 16:23:45 | [7:13:34] [##############----------]  58.4% | step   5760/9860 | ep 5 | masked | loss  2.244 | lr 1.91e-04 |  57.82M words |  3628 tok/s | ETA 5:08:37
2026-06-28 16:25:18 | [7:15:07] [##############----------]  58.6% | step   5780/9860 | ep 5 | masked | loss  2.579 | lr 1.90e-04 |  58.02M words |  3628 tok/s | ETA 5:07:08
2026-06-28 16:26:50 | [7:16:39] [##############----------]  58.8% | step   5800/9860 | ep 5 | masked | loss  2.248 | lr 1.88e-04 |  58.22M words |  3628 tok/s | ETA 5:05:39
2026-06-28 16:28:22 | [7:18:11] [##############----------]  59.0% | step   5820/9860 | ep 5 | masked | loss  2.280 | lr 1.86e-04 |  58.42M words |  3628 tok/s | ETA 5:04:10
2026-06-28 16:29:54 | [7:19:43] [##############----------]  59.2% | step   5840/9860 | ep 5 | masked | loss  2.511 | lr 1.85e-04 |  58.62M words |  3627 tok/s | ETA 5:02:41
2026-06-28 16:31:26 | [7:21:15] [##############----------]  59.4% | step   5860/9860 | ep 5 | causal | loss  3.216 | lr 1.83e-04 |  58.82M words |  3627 tok/s | ETA 5:01:12
2026-06-28 16:32:58 | [7:22:47] [##############----------]  59.6% | step   5880/9860 | ep 5 | masked | loss  2.486 | lr 1.82e-04 |  59.02M words |  3627 tok/s | ETA 4:59:42
2026-06-28 16:34:30 | [7:24:19] [##############----------]  59.8% | step   5900/9860 | ep 5 | masked | loss  2.122 | lr 1.80e-04 |  59.22M words |  3627 tok/s | ETA 4:58:13
2026-06-28 16:36:03 | [7:25:52] [##############----------]  60.0% | step   5920/9860 | ep 6 | masked | loss  2.224 | lr 1.79e-04 |  59.43M words |  3627 tok/s | ETA 4:56:44
2026-06-28 16:37:34 | [7:27:23] [##############----------]  60.2% | step   5940/9860 | ep 6 | masked | loss  2.421 | lr 1.77e-04 |  59.63M words |  3626 tok/s | ETA 4:55:15
2026-06-28 16:39:06 | [7:28:55] [##############----------]  60.4% | step   5960/9860 | ep 6 | masked | loss  2.206 | lr 1.75e-04 |  59.83M words |  3626 tok/s | ETA 4:53:45
2026-06-28 16:40:29 |   >> saved checkpoint chck_60M at 60.01M words
2026-06-28 16:40:38 | [7:30:27] [##############----------]  60.6% | step   5980/9860 | ep 6 | masked | loss  2.621 | lr 1.74e-04 |  60.03M words |  3626 tok/s | ETA 4:52:16
2026-06-28 16:42:10 | [7:31:59] [##############----------]  60.9% | step   6000/9860 | ep 6 | causal | loss  3.809 | lr 1.72e-04 |  60.23M words |  3626 tok/s | ETA 4:50:46
2026-06-28 16:43:42 | [7:33:31] [##############----------]  61.1% | step   6020/9860 | ep 6 | masked | loss  2.264 | lr 1.71e-04 |  60.43M words |  3626 tok/s | ETA 4:49:17
2026-06-28 16:45:13 | [7:35:02] [##############----------]  61.3% | step   6040/9860 | ep 6 | masked | loss  2.371 | lr 1.69e-04 |  60.63M words |  3625 tok/s | ETA 4:47:47
2026-06-28 16:46:44 | [7:36:33] [##############----------]  61.5% | step   6060/9860 | ep 6 | masked | loss  2.187 | lr 1.68e-04 |  60.83M words |  3625 tok/s | ETA 4:46:17
2026-06-28 16:48:16 | [7:38:05] [##############----------]  61.7% | step   6080/9860 | ep 6 | masked | loss  2.236 | lr 1.66e-04 |  61.03M words |  3625 tok/s | ETA 4:44:47
2026-06-28 16:49:47 | [7:39:36] [##############----------]  61.9% | step   6100/9860 | ep 6 | masked | loss  2.322 | lr 1.65e-04 |  61.23M words |  3625 tok/s | ETA 4:43:18
2026-06-28 16:51:18 | [7:41:07] [##############----------]  62.1% | step   6120/9860 | ep 6 | masked | loss  2.294 | lr 1.63e-04 |  61.43M words |  3625 tok/s | ETA 4:41:47
2026-06-28 16:52:50 | [7:42:39] [##############----------]  62.3% | step   6140/9860 | ep 6 | masked | loss  2.034 | lr 1.62e-04 |  61.63M words |  3625 tok/s | ETA 4:40:18
2026-06-28 16:54:22 | [7:44:11] [##############----------]  62.5% | step   6160/9860 | ep 6 | masked | loss  2.666 | lr 1.60e-04 |  61.84M words |  3625 tok/s | ETA 4:38:48
2026-06-28 16:55:53 | [7:45:42] [###############---------]  62.7% | step   6180/9860 | ep 6 | masked | loss  2.373 | lr 1.59e-04 |  62.04M words |  3624 tok/s | ETA 4:37:19
2026-06-28 16:57:25 | [7:47:14] [###############---------]  62.9% | step   6200/9860 | ep 6 | causal | loss  3.477 | lr 1.57e-04 |  62.24M words |  3624 tok/s | ETA 4:35:49
2026-06-28 16:58:57 | [7:48:46] [###############---------]  63.1% | step   6220/9860 | ep 6 | masked | loss  2.465 | lr 1.56e-04 |  62.44M words |  3624 tok/s | ETA 4:34:19
2026-06-28 17:00:29 | [7:50:18] [###############---------]  63.3% | step   6240/9860 | ep 6 | masked | loss  2.220 | lr 1.54e-04 |  62.64M words |  3624 tok/s | ETA 4:32:50
2026-06-28 17:02:01 | [7:51:50] [###############---------]  63.5% | step   6260/9860 | ep 6 | masked | loss  2.420 | lr 1.53e-04 |  62.84M words |  3624 tok/s | ETA 4:31:20
2026-06-28 17:03:32 | [7:53:21] [###############---------]  63.7% | step   6280/9860 | ep 6 | masked | loss  2.394 | lr 1.51e-04 |  63.04M words |  3624 tok/s | ETA 4:29:50
2026-06-28 17:05:04 | [7:54:53] [###############---------]  63.9% | step   6300/9860 | ep 6 | masked | loss  2.410 | lr 1.50e-04 |  63.24M words |  3623 tok/s | ETA 4:28:20
2026-06-28 17:06:35 | [7:56:24] [###############---------]  64.1% | step   6320/9860 | ep 6 | masked | loss  1.849 | lr 1.48e-04 |  63.44M words |  3623 tok/s | ETA 4:26:51
2026-06-28 17:08:07 | [7:57:56] [###############---------]  64.3% | step   6340/9860 | ep 6 | masked | loss  2.034 | lr 1.47e-04 |  63.64M words |  3623 tok/s | ETA 4:25:21
2026-06-28 17:09:38 | [7:59:27] [###############---------]  64.5% | step   6360/9860 | ep 6 | masked | loss  2.261 | lr 1.45e-04 |  63.84M words |  3623 tok/s | ETA 4:23:51
2026-06-28 17:11:10 | [8:00:59] [###############---------]  64.7% | step   6380/9860 | ep 6 | masked | loss  2.360 | lr 1.44e-04 |  64.04M words |  3623 tok/s | ETA 4:22:21
2026-06-28 17:12:41 | [8:02:30] [###############---------]  64.9% | step   6400/9860 | ep 6 | masked | loss  2.576 | lr 1.42e-04 |  64.24M words |  3623 tok/s | ETA 4:20:51
2026-06-28 17:14:13 | [8:04:02] [###############---------]  65.1% | step   6420/9860 | ep 6 | masked | loss  2.444 | lr 1.41e-04 |  64.44M words |  3623 tok/s | ETA 4:19:21
2026-06-28 17:15:44 | [8:05:33] [###############---------]  65.3% | step   6440/9860 | ep 6 | masked | loss  1.962 | lr 1.39e-04 |  64.65M words |  3623 tok/s | ETA 4:17:51
2026-06-28 17:17:16 | [8:07:05] [###############---------]  65.5% | step   6460/9860 | ep 6 | masked | loss  2.476 | lr 1.38e-04 |  64.85M words |  3622 tok/s | ETA 4:16:21
2026-06-28 17:18:47 | [8:08:36] [###############---------]  65.7% | step   6480/9860 | ep 6 | masked | loss  2.677 | lr 1.36e-04 |  65.05M words |  3622 tok/s | ETA 4:14:51
2026-06-28 17:20:19 | [8:10:08] [###############---------]  65.9% | step   6500/9860 | ep 6 | masked | loss  2.488 | lr 1.35e-04 |  65.25M words |  3622 tok/s | ETA 4:13:21
2026-06-28 17:21:50 | [8:11:39] [###############---------]  66.1% | step   6520/9860 | ep 6 | masked | loss  2.492 | lr 1.33e-04 |  65.45M words |  3622 tok/s | ETA 4:11:51
2026-06-28 17:23:22 | [8:13:11] [###############---------]  66.3% | step   6540/9860 | ep 6 | masked | loss  2.037 | lr 1.32e-04 |  65.65M words |  3622 tok/s | ETA 4:10:21
2026-06-28 17:24:53 | [8:14:42] [###############---------]  66.5% | step   6560/9860 | ep 6 | masked | loss  2.336 | lr 1.31e-04 |  65.85M words |  3622 tok/s | ETA 4:08:51
2026-06-28 17:26:25 | [8:16:14] [################--------]  66.7% | step   6580/9860 | ep 6 | masked | loss  2.346 | lr 1.29e-04 |  66.05M words |  3622 tok/s | ETA 4:07:21
2026-06-28 17:27:56 | [8:17:45] [################--------]  66.9% | step   6600/9860 | ep 6 | masked | loss  2.120 | lr 1.28e-04 |  66.25M words |  3622 tok/s | ETA 4:05:51
2026-06-28 17:29:27 | [8:19:16] [################--------]  67.1% | step   6620/9860 | ep 6 | masked | loss  2.228 | lr 1.26e-04 |  66.45M words |  3621 tok/s | ETA 4:04:21
2026-06-28 17:30:59 | [8:20:48] [################--------]  67.3% | step   6640/9860 | ep 6 | masked | loss  2.209 | lr 1.25e-04 |  66.65M words |  3621 tok/s | ETA 4:02:51
2026-06-28 17:32:30 | [8:22:19] [################--------]  67.5% | step   6660/9860 | ep 6 | masked | loss  1.681 | lr 1.24e-04 |  66.85M words |  3621 tok/s | ETA 4:01:21
2026-06-28 17:34:01 | [8:23:50] [################--------]  67.7% | step   6680/9860 | ep 6 | masked | loss  2.249 | lr 1.22e-04 |  67.05M words |  3621 tok/s | ETA 3:59:51
2026-06-28 17:35:33 | [8:25:22] [################--------]  68.0% | step   6700/9860 | ep 6 | masked | loss  2.256 | lr 1.21e-04 |  67.25M words |  3621 tok/s | ETA 3:58:21
2026-06-28 17:37:05 | [8:26:54] [################--------]  68.2% | step   6720/9860 | ep 6 | masked | loss  2.415 | lr 1.19e-04 |  67.46M words |  3621 tok/s | ETA 3:56:51
2026-06-28 17:38:36 | [8:28:25] [################--------]  68.4% | step   6740/9860 | ep 6 | masked | loss  2.245 | lr 1.18e-04 |  67.66M words |  3621 tok/s | ETA 3:55:21
2026-06-28 17:40:07 | [8:29:56] [################--------]  68.6% | step   6760/9860 | ep 6 | masked | loss  2.509 | lr 1.17e-04 |  67.86M words |  3621 tok/s | ETA 3:53:51
2026-06-28 17:41:39 | [8:31:28] [################--------]  68.8% | step   6780/9860 | ep 6 | masked | loss  2.323 | lr 1.15e-04 |  68.06M words |  3621 tok/s | ETA 3:52:21
2026-06-28 17:43:10 | [8:32:59] [################--------]  69.0% | step   6800/9860 | ep 6 | masked | loss  2.235 | lr 1.14e-04 |  68.26M words |  3620 tok/s | ETA 3:50:50
2026-06-28 17:44:42 | [8:34:31] [################--------]  69.2% | step   6820/9860 | ep 6 | causal | loss  3.223 | lr 1.12e-04 |  68.46M words |  3620 tok/s | ETA 3:49:20
2026-06-28 17:46:13 | [8:36:02] [################--------]  69.4% | step   6840/9860 | ep 6 | masked | loss  2.357 | lr 1.11e-04 |  68.66M words |  3620 tok/s | ETA 3:47:50
2026-06-28 17:47:45 | [8:37:34] [################--------]  69.6% | step   6860/9860 | ep 6 | masked | loss  2.572 | lr 1.10e-04 |  68.86M words |  3620 tok/s | ETA 3:46:20
2026-06-28 17:49:17 | [8:39:06] [################--------]  69.8% | step   6880/9860 | ep 6 | masked | loss  2.386 | lr 1.08e-04 |  69.06M words |  3620 tok/s | ETA 3:44:50
2026-06-28 17:50:47 | [8:40:36] [################--------]  70.0% | step   6900/9860 | ep 6 | masked | loss  2.037 | lr 1.07e-04 |  69.26M words |  3620 tok/s | ETA 3:43:20
2026-06-28 17:52:21 | [8:42:10] [################--------]  70.2% | step   6920/9860 | ep 7 | masked | loss  2.105 | lr 1.06e-04 |  69.47M words |  3620 tok/s | ETA 3:41:50
2026-06-28 17:53:53 | [8:43:42] [################--------]  70.4% | step   6940/9860 | ep 7 | masked | loss  2.051 | lr 1.04e-04 |  69.67M words |  3619 tok/s | ETA 3:40:21
2026-06-28 17:55:25 | [8:45:14] [################--------]  70.6% | step   6960/9860 | ep 7 | masked | loss  2.089 | lr 1.03e-04 |  69.87M words |  3619 tok/s | ETA 3:38:51
2026-06-28 17:56:30 |   >> saved checkpoint chck_70M at 70.01M words
2026-06-28 17:56:58 | [8:46:47] [################--------]  70.8% | step   6980/9860 | ep 7 | masked | loss  2.556 | lr 1.02e-04 |  70.07M words |  3619 tok/s | ETA 3:37:21
2026-06-28 17:58:30 | [8:48:19] [#################-------]  71.0% | step   7000/9860 | ep 7 | masked | loss  2.422 | lr 1.01e-04 |  70.27M words |  3619 tok/s | ETA 3:35:51
2026-06-28 18:00:02 | [8:49:51] [#################-------]  71.2% | step   7020/9860 | ep 7 | masked | loss  2.066 | lr 9.92e-05 |  70.47M words |  3619 tok/s | ETA 3:34:21
2026-06-28 18:01:34 | [8:51:23] [#################-------]  71.4% | step   7040/9860 | ep 7 | masked | loss  2.108 | lr 9.79e-05 |  70.67M words |  3619 tok/s | ETA 3:32:51
2026-06-28 18:03:06 | [8:52:55] [#################-------]  71.6% | step   7060/9860 | ep 7 | masked | loss  2.379 | lr 9.66e-05 |  70.87M words |  3618 tok/s | ETA 3:31:21
2026-06-28 18:04:38 | [8:54:27] [#################-------]  71.8% | step   7080/9860 | ep 7 | masked | loss  2.224 | lr 9.53e-05 |  71.07M words |  3618 tok/s | ETA 3:29:51
2026-06-28 18:06:10 | [8:55:59] [#################-------]  72.0% | step   7100/9860 | ep 7 | masked | loss  2.234 | lr 9.41e-05 |  71.27M words |  3618 tok/s | ETA 3:28:21
2026-06-28 18:07:42 | [8:57:31] [#################-------]  72.2% | step   7120/9860 | ep 7 | masked | loss  2.185 | lr 9.28e-05 |  71.47M words |  3618 tok/s | ETA 3:26:51
2026-06-28 18:09:14 | [8:59:03] [#################-------]  72.4% | step   7140/9860 | ep 7 | masked | loss  2.155 | lr 9.15e-05 |  71.67M words |  3618 tok/s | ETA 3:25:21
2026-06-28 18:10:46 | [9:00:35] [#################-------]  72.6% | step   7160/9860 | ep 7 | masked | loss  2.474 | lr 9.03e-05 |  71.87M words |  3618 tok/s | ETA 3:23:51
2026-06-28 18:12:18 | [9:02:07] [#################-------]  72.8% | step   7180/9860 | ep 7 | masked | loss  2.013 | lr 8.90e-05 |  72.07M words |  3617 tok/s | ETA 3:22:21
2026-06-28 18:13:50 | [9:03:39] [#################-------]  73.0% | step   7200/9860 | ep 7 | causal | loss  3.418 | lr 8.78e-05 |  72.28M words |  3617 tok/s | ETA 3:20:50
2026-06-28 18:15:21 | [9:05:10] [#################-------]  73.2% | step   7220/9860 | ep 7 | masked | loss  2.018 | lr 8.66e-05 |  72.48M words |  3617 tok/s | ETA 3:19:20
2026-06-28 18:16:53 | [9:06:42] [#################-------]  73.4% | step   7240/9860 | ep 7 | masked | loss  2.273 | lr 8.53e-05 |  72.68M words |  3617 tok/s | ETA 3:17:50
2026-06-28 18:18:24 | [9:08:13] [#################-------]  73.6% | step   7260/9860 | ep 7 | masked | loss  1.828 | lr 8.41e-05 |  72.88M words |  3617 tok/s | ETA 3:16:20
2026-06-28 18:19:55 | [9:09:44] [#################-------]  73.8% | step   7280/9860 | ep 7 | masked | loss  2.202 | lr 8.29e-05 |  73.08M words |  3617 tok/s | ETA 3:14:49
2026-06-28 18:21:27 | [9:11:16] [#################-------]  74.0% | step   7300/9860 | ep 7 | masked | loss  2.341 | lr 8.17e-05 |  73.28M words |  3617 tok/s | ETA 3:13:19
2026-06-28 18:22:59 | [9:12:48] [#################-------]  74.2% | step   7320/9860 | ep 7 | masked | loss  2.213 | lr 8.05e-05 |  73.48M words |  3617 tok/s | ETA 3:11:49
2026-06-28 18:24:31 | [9:14:20] [#################-------]  74.4% | step   7340/9860 | ep 7 | masked | loss  1.921 | lr 7.93e-05 |  73.68M words |  3617 tok/s | ETA 3:10:19
2026-06-28 18:26:03 | [9:15:52] [#################-------]  74.6% | step   7360/9860 | ep 7 | masked | loss  2.535 | lr 7.81e-05 |  73.88M words |  3616 tok/s | ETA 3:08:48
2026-06-28 18:27:34 | [9:17:23] [#################-------]  74.8% | step   7380/9860 | ep 7 | masked | loss  2.225 | lr 7.70e-05 |  74.08M words |  3616 tok/s | ETA 3:07:18
2026-06-28 18:29:06 | [9:18:55] [##################------]  75.1% | step   7400/9860 | ep 7 | masked | loss  2.405 | lr 7.58e-05 |  74.28M words |  3616 tok/s | ETA 3:05:48
2026-06-28 18:30:37 | [9:20:26] [##################------]  75.3% | step   7420/9860 | ep 7 | masked | loss  2.126 | lr 7.46e-05 |  74.48M words |  3616 tok/s | ETA 3:04:17
2026-06-28 18:32:09 | [9:21:58] [##################------]  75.5% | step   7440/9860 | ep 7 | masked | loss  2.021 | lr 7.35e-05 |  74.68M words |  3616 tok/s | ETA 3:02:47
2026-06-28 18:33:40 | [9:23:29] [##################------]  75.7% | step   7460/9860 | ep 7 | masked | loss  2.171 | lr 7.23e-05 |  74.88M words |  3616 tok/s | ETA 3:01:17
2026-06-28 18:35:12 | [9:25:01] [##################------]  75.9% | step   7480/9860 | ep 7 | causal | loss  3.306 | lr 7.12e-05 |  75.09M words |  3616 tok/s | ETA 2:59:46
2026-06-28 18:36:43 | [9:26:33] [##################------]  76.1% | step   7500/9860 | ep 7 | masked | loss  2.156 | lr 7.00e-05 |  75.29M words |  3616 tok/s | ETA 2:58:16
2026-06-28 18:38:15 | [9:28:04] [##################------]  76.3% | step   7520/9860 | ep 7 | masked | loss  2.292 | lr 6.89e-05 |  75.49M words |  3616 tok/s | ETA 2:56:46
2026-06-28 18:39:47 | [9:29:36] [##################------]  76.5% | step   7540/9860 | ep 7 | masked | loss  1.882 | lr 6.78e-05 |  75.69M words |  3615 tok/s | ETA 2:55:15
2026-06-28 18:41:19 | [9:31:08] [##################------]  76.7% | step   7560/9860 | ep 7 | masked | loss  2.128 | lr 6.67e-05 |  75.89M words |  3615 tok/s | ETA 2:53:45
2026-06-28 18:42:50 | [9:32:39] [##################------]  76.9% | step   7580/9860 | ep 7 | masked | loss  2.459 | lr 6.56e-05 |  76.09M words |  3615 tok/s | ETA 2:52:15
2026-06-28 18:44:21 | [9:34:10] [##################------]  77.1% | step   7600/9860 | ep 7 | masked | loss  2.430 | lr 6.45e-05 |  76.29M words |  3615 tok/s | ETA 2:50:44
2026-06-28 18:45:53 | [9:35:42] [##################------]  77.3% | step   7620/9860 | ep 7 | masked | loss  2.515 | lr 6.34e-05 |  76.49M words |  3615 tok/s | ETA 2:49:14
2026-06-28 18:47:24 | [9:37:13] [##################------]  77.5% | step   7640/9860 | ep 7 | masked | loss  2.374 | lr 6.23e-05 |  76.69M words |  3615 tok/s | ETA 2:47:43
2026-06-28 18:48:56 | [9:38:45] [##################------]  77.7% | step   7660/9860 | ep 7 | masked | loss  2.062 | lr 6.13e-05 |  76.89M words |  3615 tok/s | ETA 2:46:13
2026-06-28 18:50:28 | [9:40:17] [##################------]  77.9% | step   7680/9860 | ep 7 | masked | loss  2.367 | lr 6.02e-05 |  77.09M words |  3615 tok/s | ETA 2:44:43
2026-06-28 18:52:00 | [9:41:49] [##################------]  78.1% | step   7700/9860 | ep 7 | masked | loss  1.976 | lr 5.92e-05 |  77.29M words |  3615 tok/s | ETA 2:43:12
2026-06-28 18:53:31 | [9:43:20] [##################------]  78.3% | step   7720/9860 | ep 7 | masked | loss  2.292 | lr 5.81e-05 |  77.49M words |  3615 tok/s | ETA 2:41:42
2026-06-28 18:55:03 | [9:44:52] [##################------]  78.5% | step   7740/9860 | ep 7 | masked | loss  2.197 | lr 5.71e-05 |  77.69M words |  3614 tok/s | ETA 2:40:11
2026-06-28 18:56:35 | [9:46:24] [##################------]  78.7% | step   7760/9860 | ep 7 | masked | loss  2.186 | lr 5.60e-05 |  77.90M words |  3614 tok/s | ETA 2:38:41
2026-06-28 18:58:07 | [9:47:56] [##################------]  78.9% | step   7780/9860 | ep 7 | masked | loss  2.454 | lr 5.50e-05 |  78.10M words |  3614 tok/s | ETA 2:37:11
2026-06-28 18:59:38 | [9:49:27] [##################------]  79.1% | step   7800/9860 | ep 7 | masked | loss  2.167 | lr 5.40e-05 |  78.30M words |  3614 tok/s | ETA 2:35:40
2026-06-28 19:01:10 | [9:50:59] [###################-----]  79.3% | step   7820/9860 | ep 7 | masked | loss  2.358 | lr 5.30e-05 |  78.50M words |  3614 tok/s | ETA 2:34:10
2026-06-28 19:02:43 | [9:52:32] [###################-----]  79.5% | step   7840/9860 | ep 7 | masked | loss  2.166 | lr 5.20e-05 |  78.70M words |  3614 tok/s | ETA 2:32:40
2026-06-28 19:04:14 | [9:54:03] [###################-----]  79.7% | step   7860/9860 | ep 7 | masked | loss  2.283 | lr 5.10e-05 |  78.90M words |  3614 tok/s | ETA 2:31:09
2026-06-28 19:05:46 | [9:55:35] [###################-----]  79.9% | step   7880/9860 | ep 7 | masked | loss  2.355 | lr 5.00e-05 |  79.10M words |  3614 tok/s | ETA 2:29:39
2026-06-28 19:07:19 | [9:57:08] [###################-----]  80.1% | step   7900/9860 | ep 8 | masked | loss  2.294 | lr 4.91e-05 |  79.30M words |  3613 tok/s | ETA 2:28:09
2026-06-28 19:08:51 | [9:58:40] [###################-----]  80.3% | step   7920/9860 | ep 8 | masked | loss  2.044 | lr 4.81e-05 |  79.50M words |  3613 tok/s | ETA 2:26:38
2026-06-28 19:10:23 | [10:00:12] [###################-----]  80.5% | step   7940/9860 | ep 8 | masked | loss  2.072 | lr 4.71e-05 |  79.70M words |  3613 tok/s | ETA 2:25:08
2026-06-28 19:11:54 | [10:01:43] [###################-----]  80.7% | step   7960/9860 | ep 8 | masked | loss  2.074 | lr 4.62e-05 |  79.91M words |  3613 tok/s | ETA 2:23:37
2026-06-28 19:12:41 |   >> saved checkpoint chck_80M at 80.01M words
2026-06-28 19:13:27 | [10:03:16] [###################-----]  80.9% | step   7980/9860 | ep 8 | masked | loss  2.477 | lr 4.53e-05 |  80.11M words |  3613 tok/s | ETA 2:22:07
2026-06-28 19:14:59 | [10:04:48] [###################-----]  81.1% | step   8000/9860 | ep 8 | masked | loss  2.304 | lr 4.43e-05 |  80.31M words |  3613 tok/s | ETA 2:20:37
2026-06-28 19:16:31 | [10:06:20] [###################-----]  81.3% | step   8020/9860 | ep 8 | masked | loss  2.246 | lr 4.34e-05 |  80.51M words |  3613 tok/s | ETA 2:19:06
2026-06-28 19:18:02 | [10:07:51] [###################-----]  81.5% | step   8040/9860 | ep 8 | masked | loss  2.109 | lr 4.25e-05 |  80.71M words |  3613 tok/s | ETA 2:17:35
2026-06-28 19:19:33 | [10:09:22] [###################-----]  81.7% | step   8060/9860 | ep 8 | masked | loss  2.201 | lr 4.16e-05 |  80.91M words |  3613 tok/s | ETA 2:16:05
2026-06-28 19:21:05 | [10:10:54] [###################-----]  81.9% | step   8080/9860 | ep 8 | masked | loss  2.178 | lr 4.07e-05 |  81.11M words |  3613 tok/s | ETA 2:14:34
2026-06-28 19:22:37 | [10:12:26] [###################-----]  82.2% | step   8100/9860 | ep 8 | masked | loss  2.157 | lr 3.98e-05 |  81.31M words |  3612 tok/s | ETA 2:13:04
2026-06-28 19:24:08 | [10:13:57] [###################-----]  82.4% | step   8120/9860 | ep 8 | masked | loss  1.953 | lr 3.89e-05 |  81.51M words |  3612 tok/s | ETA 2:11:33
2026-06-28 19:25:40 | [10:15:29] [###################-----]  82.6% | step   8140/9860 | ep 8 | masked | loss  2.181 | lr 3.81e-05 |  81.71M words |  3612 tok/s | ETA 2:10:03
2026-06-28 19:27:11 | [10:17:00] [###################-----]  82.8% | step   8160/9860 | ep 8 | causal | loss  3.289 | lr 3.72e-05 |  81.91M words |  3612 tok/s | ETA 2:08:32
2026-06-28 19:28:42 | [10:18:31] [###################-----]  83.0% | step   8180/9860 | ep 8 | masked | loss  1.927 | lr 3.64e-05 |  82.11M words |  3612 tok/s | ETA 2:07:01
2026-06-28 19:30:13 | [10:20:02] [###################-----]  83.2% | step   8200/9860 | ep 8 | masked | loss  2.311 | lr 3.55e-05 |  82.31M words |  3612 tok/s | ETA 2:05:31
2026-06-28 19:31:45 | [10:21:34] [####################----]  83.4% | step   8220/9860 | ep 8 | masked | loss  1.997 | lr 3.47e-05 |  82.51M words |  3612 tok/s | ETA 2:04:00
2026-06-28 19:33:16 | [10:23:06] [####################----]  83.6% | step   8240/9860 | ep 8 | masked | loss  2.183 | lr 3.39e-05 |  82.72M words |  3612 tok/s | ETA 2:02:30
2026-06-28 19:34:48 | [10:24:37] [####################----]  83.8% | step   8260/9860 | ep 8 | masked | loss  1.858 | lr 3.31e-05 |  82.92M words |  3612 tok/s | ETA 2:00:59
2026-06-28 19:36:20 | [10:26:09] [####################----]  84.0% | step   8280/9860 | ep 8 | masked | loss  2.140 | lr 3.23e-05 |  83.12M words |  3612 tok/s | ETA 1:59:29
2026-06-28 19:37:51 | [10:27:40] [####################----]  84.2% | step   8300/9860 | ep 8 | masked | loss  1.983 | lr 3.15e-05 |  83.32M words |  3612 tok/s | ETA 1:57:58
2026-06-28 19:39:22 | [10:29:11] [####################----]  84.4% | step   8320/9860 | ep 8 | masked | loss  1.966 | lr 3.07e-05 |  83.52M words |  3612 tok/s | ETA 1:56:27
2026-06-28 19:40:54 | [10:30:43] [####################----]  84.6% | step   8340/9860 | ep 8 | masked | loss  2.025 | lr 2.99e-05 |  83.72M words |  3612 tok/s | ETA 1:54:57
2026-06-28 19:42:25 | [10:32:14] [####################----]  84.8% | step   8360/9860 | ep 8 | masked | loss  2.508 | lr 2.91e-05 |  83.92M words |  3612 tok/s | ETA 1:53:26
2026-06-28 19:43:57 | [10:33:46] [####################----]  85.0% | step   8380/9860 | ep 8 | masked | loss  2.445 | lr 2.84e-05 |  84.12M words |  3611 tok/s | ETA 1:51:55
2026-06-28 19:45:28 | [10:35:17] [####################----]  85.2% | step   8400/9860 | ep 8 | causal | loss  3.374 | lr 2.76e-05 |  84.32M words |  3611 tok/s | ETA 1:50:25
2026-06-28 19:47:00 | [10:36:49] [####################----]  85.4% | step   8420/9860 | ep 8 | masked | loss  1.776 | lr 2.69e-05 |  84.52M words |  3611 tok/s | ETA 1:48:54
2026-06-28 19:48:31 | [10:38:20] [####################----]  85.6% | step   8440/9860 | ep 8 | masked | loss  2.344 | lr 2.62e-05 |  84.72M words |  3611 tok/s | ETA 1:47:23
2026-06-28 19:50:03 | [10:39:52] [####################----]  85.8% | step   8460/9860 | ep 8 | causal | loss  3.495 | lr 2.55e-05 |  84.92M words |  3611 tok/s | ETA 1:45:53
2026-06-28 19:51:34 | [10:41:23] [####################----]  86.0% | step   8480/9860 | ep 8 | masked | loss  2.292 | lr 2.47e-05 |  85.12M words |  3611 tok/s | ETA 1:44:22
2026-06-28 19:53:05 | [10:42:54] [####################----]  86.2% | step   8500/9860 | ep 8 | masked | loss  2.307 | lr 2.40e-05 |  85.32M words |  3611 tok/s | ETA 1:42:51
2026-06-28 19:54:37 | [10:44:26] [####################----]  86.4% | step   8520/9860 | ep 8 | masked | loss  1.981 | lr 2.34e-05 |  85.53M words |  3611 tok/s | ETA 1:41:21
2026-06-28 19:56:08 | [10:45:57] [####################----]  86.6% | step   8540/9860 | ep 8 | masked | loss  2.519 | lr 2.27e-05 |  85.73M words |  3611 tok/s | ETA 1:39:50
2026-06-28 19:57:40 | [10:47:29] [####################----]  86.8% | step   8560/9860 | ep 8 | masked | loss  2.390 | lr 2.20e-05 |  85.93M words |  3611 tok/s | ETA 1:38:20
2026-06-28 19:59:11 | [10:49:00] [####################----]  87.0% | step   8580/9860 | ep 8 | causal | loss  3.377 | lr 2.13e-05 |  86.13M words |  3611 tok/s | ETA 1:36:49
2026-06-28 20:00:43 | [10:50:32] [####################----]  87.2% | step   8600/9860 | ep 8 | masked | loss  2.041 | lr 2.07e-05 |  86.33M words |  3611 tok/s | ETA 1:35:18
2026-06-28 20:02:14 | [10:52:03] [####################----]  87.4% | step   8620/9860 | ep 8 | masked | loss  2.130 | lr 2.00e-05 |  86.53M words |  3611 tok/s | ETA 1:33:48
2026-06-28 20:03:46 | [10:53:35] [#####################---]  87.6% | step   8640/9860 | ep 8 | masked | loss  2.371 | lr 1.94e-05 |  86.73M words |  3611 tok/s | ETA 1:32:17
2026-06-28 20:05:17 | [10:55:06] [#####################---]  87.8% | step   8660/9860 | ep 8 | causal | loss  3.468 | lr 1.88e-05 |  86.93M words |  3611 tok/s | ETA 1:30:46
2026-06-28 20:06:49 | [10:56:38] [#####################---]  88.0% | step   8680/9860 | ep 8 | masked | loss  2.020 | lr 1.82e-05 |  87.13M words |  3610 tok/s | ETA 1:29:15
2026-06-28 20:08:20 | [10:58:09] [#####################---]  88.2% | step   8700/9860 | ep 8 | masked | loss  1.919 | lr 1.76e-05 |  87.33M words |  3610 tok/s | ETA 1:27:45
2026-06-28 20:09:52 | [10:59:41] [#####################---]  88.4% | step   8720/9860 | ep 8 | masked | loss  2.200 | lr 1.70e-05 |  87.53M words |  3610 tok/s | ETA 1:26:14
2026-06-28 20:11:23 | [11:01:12] [#####################---]  88.6% | step   8740/9860 | ep 8 | masked | loss  2.233 | lr 1.64e-05 |  87.73M words |  3610 tok/s | ETA 1:24:43
2026-06-28 20:12:55 | [11:02:44] [#####################---]  88.8% | step   8760/9860 | ep 8 | masked | loss  2.205 | lr 1.58e-05 |  87.93M words |  3610 tok/s | ETA 1:23:13
2026-06-28 20:14:27 | [11:04:16] [#####################---]  89.0% | step   8780/9860 | ep 8 | masked | loss  1.961 | lr 1.53e-05 |  88.13M words |  3610 tok/s | ETA 1:21:42
2026-06-28 20:15:59 | [11:05:48] [#####################---]  89.2% | step   8800/9860 | ep 8 | masked | loss  1.994 | lr 1.47e-05 |  88.34M words |  3610 tok/s | ETA 1:20:11
2026-06-28 20:17:31 | [11:07:20] [#####################---]  89.5% | step   8820/9860 | ep 8 | masked | loss  2.201 | lr 1.42e-05 |  88.54M words |  3610 tok/s | ETA 1:18:41
2026-06-28 20:19:02 | [11:08:51] [#####################---]  89.7% | step   8840/9860 | ep 8 | masked | loss  1.933 | lr 1.36e-05 |  88.74M words |  3610 tok/s | ETA 1:17:10
2026-06-28 20:20:34 | [11:10:23] [#####################---]  89.9% | step   8860/9860 | ep 8 | masked | loss  2.190 | lr 1.31e-05 |  88.94M words |  3610 tok/s | ETA 1:15:39
2026-06-28 20:22:07 | [11:11:56] [#####################---]  90.1% | step   8880/9860 | ep 9 | masked | loss  2.366 | lr 1.26e-05 |  89.14M words |  3610 tok/s | ETA 1:14:09
2026-06-28 20:23:38 | [11:13:27] [#####################---]  90.3% | step   8900/9860 | ep 9 | masked | loss  2.426 | lr 1.21e-05 |  89.34M words |  3610 tok/s | ETA 1:12:38
2026-06-28 20:25:10 | [11:14:59] [#####################---]  90.5% | step   8920/9860 | ep 9 | masked | loss  1.816 | lr 1.16e-05 |  89.54M words |  3609 tok/s | ETA 1:11:07
2026-06-28 20:26:41 | [11:16:30] [#####################---]  90.7% | step   8940/9860 | ep 9 | masked | loss  1.975 | lr 1.11e-05 |  89.74M words |  3609 tok/s | ETA 1:09:37
2026-06-28 20:28:13 | [11:18:02] [#####################---]  90.9% | step   8960/9860 | ep 9 | masked | loss  2.224 | lr 1.06e-05 |  89.94M words |  3609 tok/s | ETA 1:08:06
2026-06-28 20:28:40 |   >> saved checkpoint chck_90M at 90.00M words
2026-06-28 20:29:45 | [11:19:34] [#####################---]  91.1% | step   8980/9860 | ep 9 | masked | loss  1.899 | lr 1.02e-05 |  90.14M words |  3609 tok/s | ETA 1:06:35
2026-06-28 20:31:16 | [11:21:05] [#####################---]  91.3% | step   9000/9860 | ep 9 | masked | loss  2.283 | lr 9.71e-06 |  90.34M words |  3609 tok/s | ETA 1:05:04
2026-06-28 20:32:48 | [11:22:37] [#####################---]  91.5% | step   9020/9860 | ep 9 | causal | loss  3.467 | lr 9.26e-06 |  90.55M words |  3609 tok/s | ETA 1:03:34
2026-06-28 20:34:19 | [11:24:08] [######################--]  91.7% | step   9040/9860 | ep 9 | masked | loss  2.156 | lr 8.83e-06 |  90.75M words |  3609 tok/s | ETA 1:02:03
2026-06-28 20:35:51 | [11:25:40] [######################--]  91.9% | step   9060/9860 | ep 9 | masked | loss  2.132 | lr 8.41e-06 |  90.95M words |  3609 tok/s | ETA 1:00:32
2026-06-28 20:37:23 | [11:27:12] [######################--]  92.1% | step   9080/9860 | ep 9 | masked | loss  1.944 | lr 8.00e-06 |  91.15M words |  3609 tok/s | ETA 0:59:01
2026-06-28 20:38:55 | [11:28:44] [######################--]  92.3% | step   9100/9860 | ep 9 | masked | loss  2.349 | lr 7.59e-06 |  91.35M words |  3609 tok/s | ETA 0:57:31
2026-06-28 20:40:26 | [11:30:15] [######################--]  92.5% | step   9120/9860 | ep 9 | masked | loss  2.225 | lr 7.20e-06 |  91.55M words |  3609 tok/s | ETA 0:56:00
2026-06-28 20:41:58 | [11:31:47] [######################--]  92.7% | step   9140/9860 | ep 9 | masked | loss  1.961 | lr 6.82e-06 |  91.75M words |  3609 tok/s | ETA 0:54:29
2026-06-28 20:43:30 | [11:33:19] [######################--]  92.9% | step   9160/9860 | ep 9 | masked | loss  2.384 | lr 6.45e-06 |  91.95M words |  3609 tok/s | ETA 0:52:58
2026-06-28 20:45:02 | [11:34:51] [######################--]  93.1% | step   9180/9860 | ep 9 | masked | loss  2.059 | lr 6.08e-06 |  92.15M words |  3608 tok/s | ETA 0:51:28
2026-06-28 20:46:33 | [11:36:22] [######################--]  93.3% | step   9200/9860 | ep 9 | masked | loss  2.047 | lr 5.73e-06 |  92.35M words |  3608 tok/s | ETA 0:49:57
2026-06-28 20:48:06 | [11:37:55] [######################--]  93.5% | step   9220/9860 | ep 9 | masked | loss  2.067 | lr 5.39e-06 |  92.55M words |  3608 tok/s | ETA 0:48:26
2026-06-28 20:49:37 | [11:39:26] [######################--]  93.7% | step   9240/9860 | ep 9 | masked | loss  2.245 | lr 5.06e-06 |  92.75M words |  3608 tok/s | ETA 0:46:55
2026-06-28 20:51:10 | [11:40:59] [######################--]  93.9% | step   9260/9860 | ep 9 | masked | loss  1.878 | lr 4.74e-06 |  92.95M words |  3608 tok/s | ETA 0:45:25
2026-06-28 20:52:41 | [11:42:30] [######################--]  94.1% | step   9280/9860 | ep 9 | masked | loss  2.409 | lr 4.43e-06 |  93.15M words |  3608 tok/s | ETA 0:43:54
2026-06-28 20:54:13 | [11:44:02] [######################--]  94.3% | step   9300/9860 | ep 9 | masked | loss  1.945 | lr 4.13e-06 |  93.36M words |  3608 tok/s | ETA 0:42:23
2026-06-28 20:55:45 | [11:45:34] [######################--]  94.5% | step   9320/9860 | ep 9 | masked | loss  1.849 | lr 3.84e-06 |  93.56M words |  3608 tok/s | ETA 0:40:52
2026-06-28 20:57:16 | [11:47:05] [######################--]  94.7% | step   9340/9860 | ep 9 | masked | loss  2.318 | lr 3.56e-06 |  93.76M words |  3608 tok/s | ETA 0:39:22
2026-06-28 20:58:48 | [11:48:37] [######################--]  94.9% | step   9360/9860 | ep 9 | masked | loss  2.113 | lr 3.30e-06 |  93.96M words |  3608 tok/s | ETA 0:37:51
2026-06-28 21:00:19 | [11:50:09] [######################--]  95.1% | step   9380/9860 | ep 9 | masked | loss  2.010 | lr 3.04e-06 |  94.16M words |  3608 tok/s | ETA 0:36:20
2026-06-28 21:01:51 | [11:51:40] [######################--]  95.3% | step   9400/9860 | ep 9 | masked | loss  2.140 | lr 2.79e-06 |  94.36M words |  3608 tok/s | ETA 0:34:49
2026-06-28 21:03:23 | [11:53:12] [######################--]  95.5% | step   9420/9860 | ep 9 | masked | loss  2.356 | lr 2.55e-06 |  94.56M words |  3608 tok/s | ETA 0:33:18
2026-06-28 21:04:54 | [11:54:43] [######################--]  95.7% | step   9440/9860 | ep 9 | masked | loss  2.205 | lr 2.33e-06 |  94.76M words |  3607 tok/s | ETA 0:31:47
2026-06-28 21:06:26 | [11:56:15] [#######################-]  95.9% | step   9460/9860 | ep 9 | masked | loss  2.247 | lr 2.11e-06 |  94.96M words |  3607 tok/s | ETA 0:30:17
2026-06-28 21:07:58 | [11:57:47] [#######################-]  96.1% | step   9480/9860 | ep 9 | masked | loss  2.158 | lr 1.91e-06 |  95.16M words |  3607 tok/s | ETA 0:28:46
2026-06-28 21:09:29 | [11:59:18] [#######################-]  96.3% | step   9500/9860 | ep 9 | masked | loss  2.027 | lr 1.71e-06 |  95.36M words |  3607 tok/s | ETA 0:27:15
2026-06-28 21:11:00 | [12:00:49] [#######################-]  96.6% | step   9520/9860 | ep 9 | masked | loss  2.346 | lr 1.53e-06 |  95.56M words |  3607 tok/s | ETA 0:25:44
2026-06-28 21:12:32 | [12:02:21] [#######################-]  96.8% | step   9540/9860 | ep 9 | masked | loss  1.888 | lr 1.35e-06 |  95.76M words |  3607 tok/s | ETA 0:24:13
2026-06-28 21:14:03 | [12:03:52] [#######################-]  97.0% | step   9560/9860 | ep 9 | masked | loss  1.964 | lr 1.19e-06 |  95.96M words |  3607 tok/s | ETA 0:22:42
2026-06-28 21:15:34 | [12:05:23] [#######################-]  97.2% | step   9580/9860 | ep 9 | masked | loss  2.272 | lr 1.04e-06 |  96.17M words |  3607 tok/s | ETA 0:21:12
2026-06-28 21:17:06 | [12:06:55] [#######################-]  97.4% | step   9600/9860 | ep 9 | masked | loss  2.505 | lr 8.93e-07 |  96.37M words |  3607 tok/s | ETA 0:19:41
2026-06-28 21:18:37 | [12:08:26] [#######################-]  97.6% | step   9620/9860 | ep 9 | causal | loss  3.265 | lr 7.61e-07 |  96.57M words |  3607 tok/s | ETA 0:18:10
2026-06-28 21:20:08 | [12:09:57] [#######################-]  97.8% | step   9640/9860 | ep 9 | masked | loss  1.904 | lr 6.39e-07 |  96.77M words |  3607 tok/s | ETA 0:16:39
2026-06-28 21:21:40 | [12:11:29] [#######################-]  98.0% | step   9660/9860 | ep 9 | masked | loss  1.944 | lr 5.28e-07 |  96.97M words |  3607 tok/s | ETA 0:15:08
2026-06-28 21:23:11 | [12:13:00] [#######################-]  98.2% | step   9680/9860 | ep 9 | masked | loss  1.607 | lr 4.28e-07 |  97.17M words |  3607 tok/s | ETA 0:13:37
2026-06-28 21:24:42 | [12:14:31] [#######################-]  98.4% | step   9700/9860 | ep 9 | masked | loss  2.197 | lr 3.38e-07 |  97.37M words |  3607 tok/s | ETA 0:12:06
2026-06-28 21:26:14 | [12:16:03] [#######################-]  98.6% | step   9720/9860 | ep 9 | masked | loss  2.211 | lr 2.59e-07 |  97.57M words |  3607 tok/s | ETA 0:10:36
2026-06-28 21:27:46 | [12:17:35] [#######################-]  98.8% | step   9740/9860 | ep 9 | masked | loss  2.273 | lr 1.90e-07 |  97.77M words |  3607 tok/s | ETA 0:09:05
2026-06-28 21:29:17 | [12:19:06] [#######################-]  99.0% | step   9760/9860 | ep 9 | masked | loss  2.194 | lr 1.32e-07 |  97.97M words |  3607 tok/s | ETA 0:07:34
2026-06-28 21:30:48 | [12:20:37] [#######################-]  99.2% | step   9780/9860 | ep 9 | masked | loss  2.151 | lr 8.46e-08 |  98.17M words |  3607 tok/s | ETA 0:06:03
2026-06-28 21:32:20 | [12:22:09] [#######################-]  99.4% | step   9800/9860 | ep 9 | masked | loss  2.235 | lr 4.76e-08 |  98.37M words |  3607 tok/s | ETA 0:04:32
2026-06-28 21:33:51 | [12:23:40] [#######################-]  99.6% | step   9820/9860 | ep 9 | causal | loss  3.514 | lr 2.11e-08 |  98.57M words |  3607 tok/s | ETA 0:03:01
2026-06-28 21:35:23 | [12:25:12] [#######################-]  99.8% | step   9840/9860 | ep 9 | masked | loss  2.223 | lr 5.28e-09 |  98.77M words |  3606 tok/s | ETA 0:01:30
2026-06-28 21:36:55 | [12:26:44] [########################] 100.0% | step   9860/9860 | ep 9 | masked | loss  2.072 | lr 0.00e+00 |  98.98M words |  3606 tok/s | ETA 0:00:00
2026-06-28 21:36:56 | DONE: 9860 steps | 98.98M words seen | 12:26:45 elapsed | saved /Users/admin1/Downloads/babylm-eval/checkpoints/gptbert_small_v1/final
