2026-07-05 23:11:05 | === MP-DPO 'gptbert_small_dpo_hardneg_b01' | device=mps ===
2026-07-05 23:11:05 | init=/Users/admin1/Downloads/babylm-eval/checkpoints/gptbert_small_v1/chck_70M
2026-07-05 23:11:05 | ref =/Users/admin1/Downloads/babylm-eval/checkpoints/gptbert_small_v1/chck_70M (frozen)
2026-07-05 23:11:05 | steps=1500 pairs/step=16 beta=0.1 lr=1e-05 mle_mix=0.5@1.0 | ckpt every 250
2026-07-05 23:11:05 | HARD NEGATIVES on | corruption weights (adj,dist,func,rand) = [0.35, 0.35, 0.25, 0.05]
2026-07-05 23:11:06 | [0:00:01] step     1/1500 | dpo 0.7022 | pref-acc 0.438 | mle    nan | margin +0.06 | lr 1.33e-07 | 0.000M words | ETA 0:36:05
2026-07-05 23:11:13 | [0:00:08] step    10/1500 | dpo 0.7163 | pref-acc 0.438 | mle    nan | margin -0.36 | lr 1.33e-06 | 0.006M words | ETA 0:21:19
2026-07-05 23:11:22 | [0:00:17] step    20/1500 | dpo 0.7752 | pref-acc 0.475 | mle  1.879 | margin -1.31 | lr 2.67e-06 | 0.015M words | ETA 0:21:08
2026-07-05 23:11:31 | [0:00:26] step    30/1500 | dpo 0.7028 | pref-acc 0.431 | mle  1.792 | margin -0.14 | lr 4.00e-06 | 0.025M words | ETA 0:21:31
2026-07-05 23:11:39 | [0:00:34] step    40/1500 | dpo 0.6748 | pref-acc 0.487 | mle  2.820 | margin +0.57 | lr 5.33e-06 | 0.033M words | ETA 0:20:45
2026-07-05 23:11:48 | [0:00:43] step    50/1500 | dpo 0.6990 | pref-acc 0.487 | mle    nan | margin -0.06 | lr 6.67e-06 | 0.043M words | ETA 0:21:02
2026-07-05 23:11:58 | [0:00:53] step    60/1500 | dpo 0.7019 | pref-acc 0.456 | mle  2.573 | margin +0.12 | lr 8.00e-06 | 0.055M words | ETA 0:21:26
2026-07-05 23:12:08 | [0:01:03] step    70/1500 | dpo 0.6843 | pref-acc 0.537 | mle  2.144 | margin +0.31 | lr 9.33e-06 | 0.066M words | ETA 0:21:42
2026-07-05 23:12:16 | [0:01:11] step    80/1500 | dpo 0.6768 | pref-acc 0.575 | mle    nan | margin +0.51 | lr 1.00e-05 | 0.074M words | ETA 0:21:10
2026-07-05 23:12:24 | [0:01:19] step    90/1500 | dpo 0.6654 | pref-acc 0.569 | mle  2.075 | margin +0.67 | lr 1.00e-05 | 0.081M words | ETA 0:20:45
2026-07-05 23:12:36 | [0:01:31] step   100/1500 | dpo 0.6535 | pref-acc 0.625 | mle  2.327 | margin +0.93 | lr 9.99e-06 | 0.094M words | ETA 0:21:14
2026-07-05 23:12:44 | [0:01:39] step   110/1500 | dpo 0.6385 | pref-acc 0.569 | mle    nan | margin +1.30 | lr 9.99e-06 | 0.103M words | ETA 0:20:59
2026-07-05 23:12:54 | [0:01:49] step   120/1500 | dpo 0.5776 | pref-acc 0.650 | mle  2.311 | margin +2.67 | lr 9.98e-06 | 0.114M words | ETA 0:21:02
2026-07-05 23:13:04 | [0:01:59] step   130/1500 | dpo 0.6935 | pref-acc 0.669 | mle  2.099 | margin +0.10 | lr 9.96e-06 | 0.124M words | ETA 0:20:55
2026-07-05 23:13:12 | [0:02:07] step   140/1500 | dpo 0.6739 | pref-acc 0.631 | mle    nan | margin +0.65 | lr 9.95e-06 | 0.133M words | ETA 0:20:40
2026-07-05 23:13:20 | [0:02:15] step   150/1500 | dpo 0.6169 | pref-acc 0.669 | mle    nan | margin +1.79 | lr 9.93e-06 | 0.141M words | ETA 0:20:20
2026-07-05 23:13:30 | [0:02:25] step   160/1500 | dpo 0.6195 | pref-acc 0.669 | mle  1.828 | margin +1.73 | lr 9.91e-06 | 0.152M words | ETA 0:20:20
2026-07-05 23:13:37 | [0:02:32] step   170/1500 | dpo 0.5897 | pref-acc 0.769 | mle  2.198 | margin +2.70 | lr 9.89e-06 | 0.158M words | ETA 0:19:55
2026-07-05 23:13:46 | [0:02:41] step   180/1500 | dpo 0.6139 | pref-acc 0.662 | mle    nan | margin +1.80 | lr 9.87e-06 | 0.167M words | ETA 0:19:43
2026-07-05 23:13:56 | [0:02:51] step   190/1500 | dpo 0.5143 | pref-acc 0.738 | mle  1.862 | margin +4.30 | lr 9.84e-06 | 0.179M words | ETA 0:19:42
2026-07-05 23:14:03 | [0:02:57] step   200/1500 | dpo 0.6079 | pref-acc 0.706 | mle    nan | margin +2.15 | lr 9.81e-06 | 0.184M words | ETA 0:19:16
2026-07-05 23:14:12 | [0:03:07] step   210/1500 | dpo 0.5462 | pref-acc 0.731 | mle    nan | margin +3.89 | lr 9.78e-06 | 0.194M words | ETA 0:19:09
2026-07-05 23:14:21 | [0:03:16] step   220/1500 | dpo 0.6115 | pref-acc 0.731 | mle  1.819 | margin +2.00 | lr 9.75e-06 | 0.204M words | ETA 0:19:03
2026-07-05 23:14:29 | [0:03:24] step   230/1500 | dpo 0.5566 | pref-acc 0.769 | mle  2.172 | margin +3.16 | lr 9.71e-06 | 0.212M words | ETA 0:18:47
2026-07-05 23:14:38 | [0:03:33] step   240/1500 | dpo 0.6098 | pref-acc 0.713 | mle  2.646 | margin +2.18 | lr 9.67e-06 | 0.222M words | ETA 0:18:41
2026-07-05 23:14:48 | [0:03:42] step   250/1500 | dpo 0.6283 | pref-acc 0.738 | mle  2.240 | margin +1.66 | lr 9.63e-06 | 0.232M words | ETA 0:18:34
2026-07-05 23:14:48 |   >> saved chck_dpo_250
2026-07-05 23:14:56 | [0:03:50] step   260/1500 | dpo 0.5911 | pref-acc 0.775 | mle    nan | margin +2.46 | lr 9.59e-06 | 0.239M words | ETA 0:18:21
2026-07-05 23:15:04 | [0:03:59] step   270/1500 | dpo 0.5374 | pref-acc 0.775 | mle    nan | margin +3.78 | lr 9.55e-06 | 0.248M words | ETA 0:18:11
2026-07-05 23:15:11 | [0:04:06] step   280/1500 | dpo 0.5617 | pref-acc 0.787 | mle  2.294 | margin +3.25 | lr 9.50e-06 | 0.255M words | ETA 0:17:53
2026-07-05 23:15:20 | [0:04:15] step   290/1500 | dpo 0.5762 | pref-acc 0.769 | mle  2.380 | margin +2.84 | lr 9.45e-06 | 0.263M words | ETA 0:17:44
2026-07-05 23:15:29 | [0:04:24] step   300/1500 | dpo 0.6472 | pref-acc 0.713 | mle  3.122 | margin +1.38 | lr 9.40e-06 | 0.273M words | ETA 0:17:37
2026-07-05 23:15:36 | [0:04:31] step   310/1500 | dpo 0.5600 | pref-acc 0.769 | mle    nan | margin +3.26 | lr 9.34e-06 | 0.280M words | ETA 0:17:20
2026-07-05 23:15:44 | [0:04:38] step   320/1500 | dpo 0.5247 | pref-acc 0.812 | mle    nan | margin +4.43 | lr 9.29e-06 | 0.287M words | ETA 0:17:08
2026-07-05 23:15:51 | [0:04:45] step   330/1500 | dpo 0.6044 | pref-acc 0.844 | mle    nan | margin +2.25 | lr 9.23e-06 | 0.294M words | ETA 0:16:53
2026-07-05 23:15:56 | [0:04:51] step   340/1500 | dpo 0.5167 | pref-acc 0.781 | mle    nan | margin +4.29 | lr 9.17e-06 | 0.297M words | ETA 0:16:34
2026-07-05 23:16:06 | [0:05:00] step   350/1500 | dpo 0.5502 | pref-acc 0.781 | mle  1.580 | margin +3.33 | lr 9.11e-06 | 0.307M words | ETA 0:16:28
2026-07-05 23:16:15 | [0:05:10] step   360/1500 | dpo 0.5177 | pref-acc 0.800 | mle  2.350 | margin +4.48 | lr 9.05e-06 | 0.318M words | ETA 0:16:22
2026-07-05 23:16:23 | [0:05:18] step   370/1500 | dpo 0.5845 | pref-acc 0.769 | mle  2.193 | margin +2.99 | lr 8.98e-06 | 0.325M words | ETA 0:16:11
2026-07-05 23:16:31 | [0:05:25] step   380/1500 | dpo 0.5598 | pref-acc 0.787 | mle    nan | margin +3.42 | lr 8.91e-06 | 0.333M words | ETA 0:16:00
2026-07-05 23:16:38 | [0:05:33] step   390/1500 | dpo 0.5718 | pref-acc 0.681 | mle    nan | margin +3.00 | lr 8.84e-06 | 0.341M words | ETA 0:15:49
2026-07-05 23:16:46 | [0:05:41] step   400/1500 | dpo 0.4969 | pref-acc 0.800 | mle  2.228 | margin +5.20 | lr 8.77e-06 | 0.348M words | ETA 0:15:39
2026-07-05 23:16:55 | [0:05:50] step   410/1500 | dpo 0.5125 | pref-acc 0.769 | mle    nan | margin +4.34 | lr 8.70e-06 | 0.357M words | ETA 0:15:30
2026-07-05 23:17:03 | [0:05:58] step   420/1500 | dpo 0.4837 | pref-acc 0.781 | mle    nan | margin +5.19 | lr 8.62e-06 | 0.366M words | ETA 0:15:22
2026-07-05 23:17:12 | [0:06:07] step   430/1500 | dpo 0.5567 | pref-acc 0.762 | mle    nan | margin +3.29 | lr 8.55e-06 | 0.374M words | ETA 0:15:13
2026-07-05 23:17:20 | [0:06:15] step   440/1500 | dpo 0.5917 | pref-acc 0.812 | mle    nan | margin +3.03 | lr 8.47e-06 | 0.383M words | ETA 0:15:04
2026-07-05 23:17:27 | [0:06:22] step   450/1500 | dpo 0.5092 | pref-acc 0.744 | mle  2.407 | margin +4.55 | lr 8.39e-06 | 0.390M words | ETA 0:14:53
2026-07-05 23:17:37 | [0:06:32] step   460/1500 | dpo 0.5633 | pref-acc 0.756 | mle  2.523 | margin +3.23 | lr 8.30e-06 | 0.400M words | ETA 0:14:46
2026-07-05 23:17:42 | [0:06:37] step   470/1500 | dpo 0.5142 | pref-acc 0.781 | mle    nan | margin +4.61 | lr 8.22e-06 | 0.404M words | ETA 0:14:31
2026-07-05 23:17:48 | [0:06:43] step   480/1500 | dpo 0.5830 | pref-acc 0.762 | mle  1.833 | margin +2.65 | lr 8.14e-06 | 0.409M words | ETA 0:14:18
2026-07-05 23:17:56 | [0:06:51] step   490/1500 | dpo 0.5989 | pref-acc 0.812 | mle    nan | margin +3.00 | lr 8.05e-06 | 0.416M words | ETA 0:14:08
2026-07-05 23:18:05 | [0:07:00] step   500/1500 | dpo 0.5249 | pref-acc 0.831 | mle    nan | margin +4.07 | lr 7.96e-06 | 0.425M words | ETA 0:14:00
2026-07-05 23:18:05 |   >> saved chck_dpo_500
2026-07-05 23:18:15 | [0:07:10] step   510/1500 | dpo 0.4759 | pref-acc 0.781 | mle    nan | margin +5.87 | lr 7.87e-06 | 0.435M words | ETA 0:13:54
2026-07-05 23:18:22 | [0:07:17] step   520/1500 | dpo 0.6080 | pref-acc 0.844 | mle    nan | margin +2.68 | lr 7.78e-06 | 0.443M words | ETA 0:13:45
2026-07-05 23:18:32 | [0:07:27] step   530/1500 | dpo 0.4612 | pref-acc 0.806 | mle  2.376 | margin +5.76 | lr 7.69e-06 | 0.453M words | ETA 0:13:38
2026-07-05 23:18:40 | [0:07:35] step   540/1500 | dpo 0.6123 | pref-acc 0.794 | mle    nan | margin +2.05 | lr 7.59e-06 | 0.462M words | ETA 0:13:30
2026-07-05 23:18:48 | [0:07:43] step   550/1500 | dpo 0.4219 | pref-acc 0.825 | mle    nan | margin +7.45 | lr 7.50e-06 | 0.469M words | ETA 0:13:20
2026-07-05 23:18:58 | [0:07:52] step   560/1500 | dpo 0.5280 | pref-acc 0.812 | mle  2.077 | margin +4.38 | lr 7.40e-06 | 0.479M words | ETA 0:13:13
2026-07-05 23:19:06 | [0:08:01] step   570/1500 | dpo 0.4965 | pref-acc 0.825 | mle  2.001 | margin +5.11 | lr 7.31e-06 | 0.488M words | ETA 0:13:05
2026-07-05 23:19:17 | [0:08:12] step   580/1500 | dpo 0.5064 | pref-acc 0.762 | mle  2.084 | margin +5.12 | lr 7.21e-06 | 0.501M words | ETA 0:13:00
2026-07-05 23:19:25 | [0:08:20] step   590/1500 | dpo 0.5836 | pref-acc 0.787 | mle  2.176 | margin +2.92 | lr 7.11e-06 | 0.510M words | ETA 0:12:52
2026-07-05 23:19:33 | [0:08:28] step   600/1500 | dpo 0.4752 | pref-acc 0.831 | mle    nan | margin +6.06 | lr 7.01e-06 | 0.517M words | ETA 0:12:42
2026-07-05 23:19:43 | [0:08:37] step   610/1500 | dpo 0.4797 | pref-acc 0.875 | mle  2.507 | margin +5.21 | lr 6.91e-06 | 0.527M words | ETA 0:12:35
2026-07-05 23:19:53 | [0:08:47] step   620/1500 | dpo 0.6140 | pref-acc 0.762 | mle  1.959 | margin +2.81 | lr 6.80e-06 | 0.539M words | ETA 0:12:29
2026-07-05 23:20:02 | [0:08:57] step   630/1500 | dpo 0.4420 | pref-acc 0.769 | mle    nan | margin +6.33 | lr 6.70e-06 | 0.549M words | ETA 0:12:22
2026-07-05 23:20:10 | [0:09:05] step   640/1500 | dpo 0.5043 | pref-acc 0.838 | mle    nan | margin +5.08 | lr 6.60e-06 | 0.556M words | ETA 0:12:12
2026-07-05 23:20:18 | [0:09:13] step   650/1500 | dpo 0.4863 | pref-acc 0.831 | mle    nan | margin +4.96 | lr 6.49e-06 | 0.565M words | ETA 0:12:04
2026-07-05 23:20:28 | [0:09:23] step   660/1500 | dpo 0.4657 | pref-acc 0.800 | mle    nan | margin +6.01 | lr 6.39e-06 | 0.575M words | ETA 0:11:56
2026-07-05 23:20:37 | [0:09:32] step   670/1500 | dpo 0.5491 | pref-acc 0.819 | mle    nan | margin +3.83 | lr 6.28e-06 | 0.585M words | ETA 0:11:49
2026-07-05 23:20:45 | [0:09:40] step   680/1500 | dpo 0.6068 | pref-acc 0.831 | mle  2.507 | margin +2.35 | lr 6.17e-06 | 0.593M words | ETA 0:11:39
2026-07-05 23:20:54 | [0:09:48] step   690/1500 | dpo 0.4376 | pref-acc 0.775 | mle    nan | margin +7.00 | lr 6.07e-06 | 0.602M words | ETA 0:11:31
2026-07-05 23:21:01 | [0:09:56] step   700/1500 | dpo 0.5179 | pref-acc 0.844 | mle    nan | margin +4.60 | lr 5.96e-06 | 0.610M words | ETA 0:11:21
2026-07-05 23:21:10 | [0:10:05] step   710/1500 | dpo 0.5065 | pref-acc 0.812 | mle    nan | margin +4.82 | lr 5.85e-06 | 0.618M words | ETA 0:11:13
2026-07-05 23:21:17 | [0:10:12] step   720/1500 | dpo 0.5517 | pref-acc 0.806 | mle    nan | margin +4.37 | lr 5.74e-06 | 0.625M words | ETA 0:11:03
2026-07-05 23:21:24 | [0:10:19] step   730/1500 | dpo 0.4741 | pref-acc 0.869 | mle    nan | margin +6.25 | lr 5.63e-06 | 0.631M words | ETA 0:10:53
2026-07-05 23:21:32 | [0:10:27] step   740/1500 | dpo 0.4940 | pref-acc 0.762 | mle    nan | margin +5.46 | lr 5.52e-06 | 0.640M words | ETA 0:10:44
2026-07-05 23:21:42 | [0:10:37] step   750/1500 | dpo 0.6042 | pref-acc 0.787 | mle  2.539 | margin +2.49 | lr 5.41e-06 | 0.650M words | ETA 0:10:37
2026-07-05 23:21:42 |   >> saved chck_dpo_750
2026-07-05 23:21:51 | [0:10:45] step   760/1500 | dpo 0.5565 | pref-acc 0.794 | mle    nan | margin +3.41 | lr 5.30e-06 | 0.659M words | ETA 0:10:28
2026-07-05 23:22:01 | [0:10:56] step   770/1500 | dpo 0.4965 | pref-acc 0.838 | mle  2.139 | margin +5.37 | lr 5.19e-06 | 0.670M words | ETA 0:10:22
2026-07-05 23:22:11 | [0:11:06] step   780/1500 | dpo 0.5129 | pref-acc 0.800 | mle  2.497 | margin +4.84 | lr 5.08e-06 | 0.681M words | ETA 0:10:14
2026-07-05 23:22:17 | [0:11:12] step   790/1500 | dpo 0.5611 | pref-acc 0.794 | mle  2.321 | margin +3.24 | lr 4.97e-06 | 0.686M words | ETA 0:10:04
2026-07-05 23:22:24 | [0:11:19] step   800/1500 | dpo 0.4753 | pref-acc 0.844 | mle    nan | margin +5.60 | lr 4.86e-06 | 0.692M words | ETA 0:09:54
2026-07-05 23:22:31 | [0:11:26] step   810/1500 | dpo 0.5412 | pref-acc 0.875 | mle    nan | margin +3.71 | lr 4.75e-06 | 0.699M words | ETA 0:09:44
2026-07-05 23:22:40 | [0:11:34] step   820/1500 | dpo 0.5008 | pref-acc 0.844 | mle    nan | margin +5.39 | lr 4.64e-06 | 0.708M words | ETA 0:09:36
2026-07-05 23:22:48 | [0:11:43] step   830/1500 | dpo 0.4087 | pref-acc 0.850 | mle    nan | margin +8.35 | lr 4.53e-06 | 0.716M words | ETA 0:09:27
2026-07-05 23:22:57 | [0:11:52] step   840/1500 | dpo 0.4413 | pref-acc 0.856 | mle  2.546 | margin +6.36 | lr 4.42e-06 | 0.726M words | ETA 0:09:20
2026-07-05 23:23:05 | [0:12:00] step   850/1500 | dpo 0.5145 | pref-acc 0.812 | mle  2.302 | margin +4.52 | lr 4.31e-06 | 0.734M words | ETA 0:09:10
2026-07-05 23:23:14 | [0:12:09] step   860/1500 | dpo 0.5848 | pref-acc 0.825 | mle  3.937 | margin +3.72 | lr 4.20e-06 | 0.744M words | ETA 0:09:03
2026-07-05 23:23:22 | [0:12:17] step   870/1500 | dpo 0.5609 | pref-acc 0.806 | mle  2.467 | margin +3.57 | lr 4.10e-06 | 0.751M words | ETA 0:08:54
2026-07-05 23:23:32 | [0:12:27] step   880/1500 | dpo 0.5563 | pref-acc 0.800 | mle  1.672 | margin +4.15 | lr 3.99e-06 | 0.763M words | ETA 0:08:46
2026-07-05 23:23:41 | [0:12:36] step   890/1500 | dpo 0.4519 | pref-acc 0.838 | mle  2.386 | margin +6.80 | lr 3.88e-06 | 0.773M words | ETA 0:08:38
2026-07-05 23:23:50 | [0:12:45] step   900/1500 | dpo 0.5755 | pref-acc 0.825 | mle    nan | margin +3.01 | lr 3.77e-06 | 0.781M words | ETA 0:08:30
2026-07-05 23:24:00 | [0:12:55] step   910/1500 | dpo 0.4771 | pref-acc 0.863 | mle    nan | margin +6.32 | lr 3.67e-06 | 0.792M words | ETA 0:08:22
2026-07-05 23:24:09 | [0:13:04] step   920/1500 | dpo 0.4699 | pref-acc 0.863 | mle  2.300 | margin +5.71 | lr 3.56e-06 | 0.803M words | ETA 0:08:14
2026-07-05 23:24:18 | [0:13:13] step   930/1500 | dpo 0.4782 | pref-acc 0.787 | mle    nan | margin +5.51 | lr 3.45e-06 | 0.811M words | ETA 0:08:06
2026-07-05 23:24:26 | [0:13:21] step   940/1500 | dpo 0.4449 | pref-acc 0.863 | mle    nan | margin +6.17 | lr 3.35e-06 | 0.819M words | ETA 0:07:57
2026-07-05 23:24:34 | [0:13:29] step   950/1500 | dpo 0.5040 | pref-acc 0.863 | mle    nan | margin +5.38 | lr 3.25e-06 | 0.827M words | ETA 0:07:48
2026-07-05 23:24:43 | [0:13:38] step   960/1500 | dpo 0.4542 | pref-acc 0.856 | mle    nan | margin +6.43 | lr 3.14e-06 | 0.836M words | ETA 0:07:40
2026-07-05 23:24:51 | [0:13:46] step   970/1500 | dpo 0.4693 | pref-acc 0.762 | mle  2.433 | margin +6.02 | lr 3.04e-06 | 0.844M words | ETA 0:07:31
2026-07-05 23:24:59 | [0:13:54] step   980/1500 | dpo 0.5499 | pref-acc 0.806 | mle  2.211 | margin +4.10 | lr 2.94e-06 | 0.853M words | ETA 0:07:22
2026-07-05 23:25:06 | [0:14:01] step   990/1500 | dpo 0.5139 | pref-acc 0.787 | mle    nan | margin +4.87 | lr 2.84e-06 | 0.859M words | ETA 0:07:13
2026-07-05 23:25:14 | [0:14:09] step  1000/1500 | dpo 0.4139 | pref-acc 0.825 | mle    nan | margin +7.68 | lr 2.74e-06 | 0.867M words | ETA 0:07:04
2026-07-05 23:25:14 |   >> saved chck_dpo_1000
2026-07-05 23:25:23 | [0:14:18] step  1010/1500 | dpo 0.4018 | pref-acc 0.863 | mle  1.907 | margin +8.26 | lr 2.64e-06 | 0.876M words | ETA 0:06:56
2026-07-05 23:25:31 | [0:14:26] step  1020/1500 | dpo 0.4681 | pref-acc 0.812 | mle    nan | margin +6.37 | lr 2.55e-06 | 0.883M words | ETA 0:06:47
2026-07-05 23:25:40 | [0:14:35] step  1030/1500 | dpo 0.6171 | pref-acc 0.769 | mle    nan | margin +2.82 | lr 2.45e-06 | 0.893M words | ETA 0:06:39
2026-07-05 23:25:48 | [0:14:43] step  1040/1500 | dpo 0.4819 | pref-acc 0.838 | mle  2.428 | margin +5.71 | lr 2.36e-06 | 0.901M words | ETA 0:06:30
2026-07-05 23:25:57 | [0:14:52] step  1050/1500 | dpo 0.4919 | pref-acc 0.869 | mle    nan | margin +5.53 | lr 2.27e-06 | 0.911M words | ETA 0:06:22
2026-07-05 23:26:07 | [0:15:02] step  1060/1500 | dpo 0.5025 | pref-acc 0.831 | mle  2.113 | margin +5.41 | lr 2.17e-06 | 0.922M words | ETA 0:06:14
2026-07-05 23:26:14 | [0:15:09] step  1070/1500 | dpo 0.4768 | pref-acc 0.856 | mle    nan | margin +5.69 | lr 2.08e-06 | 0.928M words | ETA 0:06:05
2026-07-05 23:26:23 | [0:15:18] step  1080/1500 | dpo 0.5314 | pref-acc 0.900 | mle  2.249 | margin +4.50 | lr 1.99e-06 | 0.939M words | ETA 0:05:57
2026-07-05 23:26:30 | [0:15:25] step  1090/1500 | dpo 0.4773 | pref-acc 0.806 | mle    nan | margin +5.58 | lr 1.91e-06 | 0.945M words | ETA 0:05:48
2026-07-05 23:26:38 | [0:15:33] step  1100/1500 | dpo 0.4773 | pref-acc 0.881 | mle  2.605 | margin +6.43 | lr 1.82e-06 | 0.953M words | ETA 0:05:39
2026-07-05 23:26:47 | [0:15:42] step  1110/1500 | dpo 0.5170 | pref-acc 0.869 | mle    nan | margin +4.46 | lr 1.74e-06 | 0.963M words | ETA 0:05:31
2026-07-05 23:26:57 | [0:15:51] step  1120/1500 | dpo 0.3886 | pref-acc 0.844 | mle  3.190 | margin +8.49 | lr 1.65e-06 | 0.973M words | ETA 0:05:22
2026-07-05 23:27:05 | [0:16:00] step  1130/1500 | dpo 0.3795 | pref-acc 0.875 | mle  2.503 | margin +8.51 | lr 1.57e-06 | 0.982M words | ETA 0:05:14
2026-07-05 23:27:13 | [0:16:08] step  1140/1500 | dpo 0.5456 | pref-acc 0.856 | mle  2.067 | margin +4.17 | lr 1.49e-06 | 0.989M words | ETA 0:05:05
2026-07-05 23:27:21 | [0:16:16] step  1150/1500 | dpo 0.5924 | pref-acc 0.781 | mle  2.339 | margin +2.71 | lr 1.42e-06 | 0.998M words | ETA 0:04:57
2026-07-05 23:27:28 | [0:16:23] step  1160/1500 | dpo 0.5249 | pref-acc 0.812 | mle    nan | margin +5.09 | lr 1.34e-06 | 1.005M words | ETA 0:04:48
2026-07-05 23:27:37 | [0:16:32] step  1170/1500 | dpo 0.5159 | pref-acc 0.844 | mle  2.451 | margin +4.77 | lr 1.27e-06 | 1.013M words | ETA 0:04:39
2026-07-05 23:27:44 | [0:16:39] step  1180/1500 | dpo 0.3916 | pref-acc 0.856 | mle  2.182 | margin +8.37 | lr 1.19e-06 | 1.020M words | ETA 0:04:31
2026-07-05 23:27:52 | [0:16:47] step  1190/1500 | dpo 0.4389 | pref-acc 0.819 | mle  2.513 | margin +6.98 | lr 1.12e-06 | 1.028M words | ETA 0:04:22
2026-07-05 23:28:01 | [0:16:55] step  1200/1500 | dpo 0.4499 | pref-acc 0.838 | mle    nan | margin +6.98 | lr 1.05e-06 | 1.036M words | ETA 0:04:13
2026-07-05 23:28:07 | [0:17:02] step  1210/1500 | dpo 0.4804 | pref-acc 0.856 | mle    nan | margin +6.16 | lr 9.88e-07 | 1.042M words | ETA 0:04:05
2026-07-05 23:28:19 | [0:17:14] step  1220/1500 | dpo 0.4602 | pref-acc 0.806 | mle  2.217 | margin +5.95 | lr 9.23e-07 | 1.056M words | ETA 0:03:57
2026-07-05 23:28:28 | [0:17:23] step  1230/1500 | dpo 0.4253 | pref-acc 0.856 | mle    nan | margin +7.04 | lr 8.60e-07 | 1.066M words | ETA 0:03:49
2026-07-05 23:28:38 | [0:17:33] step  1240/1500 | dpo 0.5677 | pref-acc 0.806 | mle    nan | margin +3.20 | lr 7.99e-07 | 1.078M words | ETA 0:03:40
2026-07-05 23:28:46 | [0:17:41] step  1250/1500 | dpo 0.5519 | pref-acc 0.831 | mle  2.309 | margin +3.98 | lr 7.40e-07 | 1.085M words | ETA 0:03:32
2026-07-05 23:28:46 |   >> saved chck_dpo_1250
2026-07-05 23:28:55 | [0:17:50] step  1260/1500 | dpo 0.5921 | pref-acc 0.762 | mle    nan | margin +3.25 | lr 6.84e-07 | 1.094M words | ETA 0:03:23
2026-07-05 23:29:03 | [0:17:58] step  1270/1500 | dpo 0.5235 | pref-acc 0.844 | mle    nan | margin +4.13 | lr 6.29e-07 | 1.101M words | ETA 0:03:15
2026-07-05 23:29:10 | [0:18:05] step  1280/1500 | dpo 0.3731 | pref-acc 0.912 | mle    nan | margin +8.62 | lr 5.77e-07 | 1.107M words | ETA 0:03:06
2026-07-05 23:29:16 | [0:18:11] step  1290/1500 | dpo 0.4546 | pref-acc 0.819 | mle    nan | margin +6.71 | lr 5.26e-07 | 1.112M words | ETA 0:02:57
2026-07-05 23:29:22 | [0:18:17] step  1300/1500 | dpo 0.3640 | pref-acc 0.838 | mle    nan | margin +9.78 | lr 4.78e-07 | 1.117M words | ETA 0:02:48
2026-07-05 23:29:28 | [0:18:23] step  1310/1500 | dpo 0.5310 | pref-acc 0.812 | mle  2.289 | margin +4.77 | lr 4.32e-07 | 1.122M words | ETA 0:02:40
2026-07-05 23:29:36 | [0:18:31] step  1320/1500 | dpo 0.3693 | pref-acc 0.838 | mle  1.944 | margin +9.08 | lr 3.89e-07 | 1.130M words | ETA 0:02:31
2026-07-05 23:29:46 | [0:18:41] step  1330/1500 | dpo 0.4964 | pref-acc 0.850 | mle  1.903 | margin +5.28 | lr 3.47e-07 | 1.142M words | ETA 0:02:23
2026-07-05 23:29:56 | [0:18:50] step  1340/1500 | dpo 0.4673 | pref-acc 0.844 | mle  2.513 | margin +6.28 | lr 3.08e-07 | 1.151M words | ETA 0:02:15
2026-07-05 23:30:04 | [0:18:58] step  1350/1500 | dpo 0.4868 | pref-acc 0.844 | mle    nan | margin +5.09 | lr 2.71e-07 | 1.159M words | ETA 0:02:06
2026-07-05 23:30:13 | [0:19:08] step  1360/1500 | dpo 0.4017 | pref-acc 0.856 | mle  2.290 | margin +9.94 | lr 2.36e-07 | 1.169M words | ETA 0:01:58
2026-07-05 23:30:20 | [0:19:15] step  1370/1500 | dpo 0.5690 | pref-acc 0.831 | mle    nan | margin +3.81 | lr 2.04e-07 | 1.176M words | ETA 0:01:49
2026-07-05 23:30:30 | [0:19:25] step  1380/1500 | dpo 0.4095 | pref-acc 0.844 | mle  2.254 | margin +7.89 | lr 1.74e-07 | 1.186M words | ETA 0:01:41
2026-07-05 23:30:38 | [0:19:33] step  1390/1500 | dpo 0.4466 | pref-acc 0.856 | mle  2.439 | margin +6.16 | lr 1.46e-07 | 1.195M words | ETA 0:01:32
2026-07-05 23:30:46 | [0:19:41] step  1400/1500 | dpo 0.4558 | pref-acc 0.831 | mle  2.429 | margin +6.66 | lr 1.21e-07 | 1.202M words | ETA 0:01:24
2026-07-05 23:30:53 | [0:19:48] step  1410/1500 | dpo 0.4598 | pref-acc 0.850 | mle    nan | margin +6.07 | lr 9.81e-08 | 1.209M words | ETA 0:01:15
2026-07-05 23:31:02 | [0:19:57] step  1420/1500 | dpo 0.4569 | pref-acc 0.825 | mle  2.554 | margin +6.30 | lr 7.76e-08 | 1.218M words | ETA 0:01:07
2026-07-05 23:31:11 | [0:20:06] step  1430/1500 | dpo 0.4411 | pref-acc 0.756 | mle  2.358 | margin +6.67 | lr 5.94e-08 | 1.228M words | ETA 0:00:59
2026-07-05 23:31:18 | [0:20:12] step  1440/1500 | dpo 0.5714 | pref-acc 0.850 | mle  2.134 | margin +3.33 | lr 4.37e-08 | 1.233M words | ETA 0:00:50
2026-07-05 23:31:27 | [0:20:22] step  1450/1500 | dpo 0.5515 | pref-acc 0.825 | mle  2.444 | margin +4.41 | lr 3.03e-08 | 1.243M words | ETA 0:00:42
2026-07-05 23:31:33 | [0:20:28] step  1460/1500 | dpo 0.4963 | pref-acc 0.831 | mle    nan | margin +5.98 | lr 1.94e-08 | 1.248M words | ETA 0:00:33
2026-07-05 23:31:41 | [0:20:36] step  1470/1500 | dpo 0.5312 | pref-acc 0.844 | mle  1.838 | margin +4.00 | lr 1.09e-08 | 1.255M words | ETA 0:00:25
2026-07-05 23:31:49 | [0:20:44] step  1480/1500 | dpo 0.4861 | pref-acc 0.800 | mle  1.962 | margin +5.31 | lr 4.86e-09 | 1.263M words | ETA 0:00:16
2026-07-05 23:31:57 | [0:20:52] step  1490/1500 | dpo 0.4599 | pref-acc 0.812 | mle    nan | margin +7.06 | lr 1.22e-09 | 1.270M words | ETA 0:00:08
2026-07-05 23:32:04 | [0:20:59] step  1500/1500 | dpo 0.5324 | pref-acc 0.850 | mle    nan | margin +4.69 | lr 0.00e+00 | 1.277M words | ETA 0:00:00
2026-07-05 23:32:04 |   >> saved chck_dpo_1500
2026-07-05 23:32:05 | DONE: 1500 steps | 1.277M words seen (phase) | 0:21:00 | saved /Users/admin1/Downloads/babylm-eval/checkpoints/gptbert_small_dpo_hardneg_b01/final
