2026-07-04 11:26:57 | === MP-DPO 'gptbert_small_dpo_v2' | device=mps ===
2026-07-04 11:26:57 | init=checkpoints/gptbert_small_v1/chck_70M
2026-07-04 11:26:57 | ref =checkpoints/gptbert_small_v1/chck_70M (frozen)
2026-07-04 11:26:57 | steps=1500 pairs/step=16 beta=0.2 lr=1e-05 mle_mix=0.5@1.0 | ckpt every 250
2026-07-04 11:26:57 | HARD NEGATIVES on | corruption weights (adj,dist,func,rand) = [0.35, 0.35, 0.25, 0.05]
2026-07-04 11:26:59 | [0:00:01] step     1/1500 | dpo 0.7340 | pref-acc 0.438 | mle    nan | margin +0.06 | lr 1.33e-07 | 0.000M words | ETA 0:39:32
2026-07-04 11:27:07 | [0:00:09] step    10/1500 | dpo 0.7498 | pref-acc 0.438 | mle    nan | margin -0.36 | lr 1.33e-06 | 0.006M words | ETA 0:22:35
2026-07-04 11:27:15 | [0:00:17] step    20/1500 | dpo 0.8830 | pref-acc 0.475 | mle  1.879 | margin -1.31 | lr 2.67e-06 | 0.015M words | ETA 0:21:42
2026-07-04 11:27:24 | [0:00:26] step    30/1500 | dpo 0.7166 | pref-acc 0.431 | mle  1.792 | margin -0.14 | lr 4.00e-06 | 0.025M words | ETA 0:21:56
2026-07-04 11:27:32 | [0:00:34] step    40/1500 | dpo 0.6744 | pref-acc 0.487 | mle  2.820 | margin +0.58 | lr 5.33e-06 | 0.033M words | ETA 0:21:06
2026-07-04 11:27:42 | [0:00:44] step    50/1500 | dpo 0.7082 | pref-acc 0.494 | mle    nan | margin -0.04 | lr 6.67e-06 | 0.043M words | ETA 0:21:19
2026-07-04 11:27:52 | [0:00:54] step    60/1500 | dpo 0.7369 | pref-acc 0.456 | mle  2.573 | margin +0.14 | lr 8.00e-06 | 0.055M words | ETA 0:21:41
2026-07-04 11:28:02 | [0:01:04] step    70/1500 | dpo 0.6829 | pref-acc 0.550 | mle  2.144 | margin +0.37 | lr 9.33e-06 | 0.066M words | ETA 0:21:56
2026-07-04 11:28:10 | [0:01:12] step    80/1500 | dpo 0.6745 | pref-acc 0.575 | mle    nan | margin +0.55 | lr 1.00e-05 | 0.074M words | ETA 0:21:22
2026-07-04 11:28:18 | [0:01:20] step    90/1500 | dpo 0.6419 | pref-acc 0.575 | mle  2.076 | margin +0.73 | lr 1.00e-05 | 0.081M words | ETA 0:20:54
2026-07-04 11:28:28 | [0:01:30] step   100/1500 | dpo 0.6203 | pref-acc 0.625 | mle  2.329 | margin +1.00 | lr 9.99e-06 | 0.094M words | ETA 0:21:13
2026-07-04 11:28:37 | [0:01:39] step   110/1500 | dpo 0.5975 | pref-acc 0.581 | mle    nan | margin +1.38 | lr 9.99e-06 | 0.103M words | ETA 0:20:57
2026-07-04 11:28:47 | [0:01:49] step   120/1500 | dpo 0.4923 | pref-acc 0.644 | mle  2.310 | margin +2.73 | lr 9.98e-06 | 0.114M words | ETA 0:21:00
2026-07-04 11:28:56 | [0:01:58] step   130/1500 | dpo 0.7005 | pref-acc 0.681 | mle  2.100 | margin +0.14 | lr 9.96e-06 | 0.124M words | ETA 0:20:53
2026-07-04 11:29:05 | [0:02:07] step   140/1500 | dpo 0.6766 | pref-acc 0.637 | mle    nan | margin +0.69 | lr 9.95e-06 | 0.133M words | ETA 0:20:38
2026-07-04 11:29:13 | [0:02:15] step   150/1500 | dpo 0.5596 | pref-acc 0.681 | mle    nan | margin +1.87 | lr 9.93e-06 | 0.141M words | ETA 0:20:17
2026-07-04 11:29:23 | [0:02:25] step   160/1500 | dpo 0.5706 | pref-acc 0.688 | mle  1.829 | margin +1.74 | lr 9.91e-06 | 0.152M words | ETA 0:20:19
2026-07-04 11:29:30 | [0:02:32] step   170/1500 | dpo 0.5355 | pref-acc 0.775 | mle  2.197 | margin +2.72 | lr 9.89e-06 | 0.158M words | ETA 0:19:53
2026-07-04 11:29:39 | [0:02:41] step   180/1500 | dpo 0.5525 | pref-acc 0.688 | mle    nan | margin +1.83 | lr 9.87e-06 | 0.167M words | ETA 0:19:41
2026-07-04 11:29:49 | [0:02:51] step   190/1500 | dpo 0.3923 | pref-acc 0.750 | mle  1.864 | margin +4.32 | lr 9.84e-06 | 0.179M words | ETA 0:19:40
2026-07-04 11:29:55 | [0:02:57] step   200/1500 | dpo 0.5592 | pref-acc 0.713 | mle    nan | margin +2.17 | lr 9.81e-06 | 0.184M words | ETA 0:19:13
2026-07-04 11:30:04 | [0:03:06] step   210/1500 | dpo 0.4803 | pref-acc 0.744 | mle    nan | margin +3.88 | lr 9.78e-06 | 0.194M words | ETA 0:19:07
2026-07-04 11:30:14 | [0:03:16] step   220/1500 | dpo 0.5580 | pref-acc 0.725 | mle  1.820 | margin +2.04 | lr 9.75e-06 | 0.204M words | ETA 0:19:00
2026-07-04 11:30:21 | [0:03:23] step   230/1500 | dpo 0.4584 | pref-acc 0.769 | mle  2.174 | margin +3.16 | lr 9.71e-06 | 0.212M words | ETA 0:18:45
2026-07-04 11:30:31 | [0:03:33] step   240/1500 | dpo 0.5662 | pref-acc 0.719 | mle  2.650 | margin +2.24 | lr 9.67e-06 | 0.222M words | ETA 0:18:38
2026-07-04 11:30:40 | [0:03:42] step   250/1500 | dpo 0.5928 | pref-acc 0.731 | mle  2.242 | margin +1.70 | lr 9.63e-06 | 0.232M words | ETA 0:18:32
2026-07-04 11:30:40 |   >> saved chck_dpo_250
2026-07-04 11:30:48 | [0:03:50] step   260/1500 | dpo 0.5211 | pref-acc 0.769 | mle    nan | margin +2.53 | lr 9.59e-06 | 0.239M words | ETA 0:18:19
2026-07-04 11:30:57 | [0:03:59] step   270/1500 | dpo 0.4401 | pref-acc 0.762 | mle    nan | margin +3.74 | lr 9.55e-06 | 0.248M words | ETA 0:18:09
2026-07-04 11:31:04 | [0:04:06] step   280/1500 | dpo 0.4825 | pref-acc 0.794 | mle  2.295 | margin +3.20 | lr 9.50e-06 | 0.255M words | ETA 0:17:52
2026-07-04 11:31:12 | [0:04:14] step   290/1500 | dpo 0.5082 | pref-acc 0.769 | mle  2.383 | margin +2.79 | lr 9.45e-06 | 0.263M words | ETA 0:17:42
2026-07-04 11:31:21 | [0:04:24] step   300/1500 | dpo 0.6456 | pref-acc 0.725 | mle  3.123 | margin +1.33 | lr 9.40e-06 | 0.273M words | ETA 0:17:36
2026-07-04 11:31:28 | [0:04:30] step   310/1500 | dpo 0.4815 | pref-acc 0.762 | mle    nan | margin +3.23 | lr 9.34e-06 | 0.280M words | ETA 0:17:20
2026-07-04 11:31:36 | [0:04:38] step   320/1500 | dpo 0.4417 | pref-acc 0.800 | mle    nan | margin +4.36 | lr 9.29e-06 | 0.287M words | ETA 0:17:07
2026-07-04 11:31:43 | [0:04:45] step   330/1500 | dpo 0.5648 | pref-acc 0.844 | mle    nan | margin +2.19 | lr 9.23e-06 | 0.294M words | ETA 0:16:52
2026-07-04 11:31:49 | [0:04:51] step   340/1500 | dpo 0.4138 | pref-acc 0.787 | mle    nan | margin +4.15 | lr 9.17e-06 | 0.297M words | ETA 0:16:33
2026-07-04 11:31:58 | [0:05:00] step   350/1500 | dpo 0.4448 | pref-acc 0.775 | mle  1.581 | margin +3.38 | lr 9.11e-06 | 0.307M words | ETA 0:16:27
2026-07-04 11:32:07 | [0:05:09] step   360/1500 | dpo 0.4155 | pref-acc 0.825 | mle  2.352 | margin +4.42 | lr 9.05e-06 | 0.318M words | ETA 0:16:20
2026-07-04 11:32:15 | [0:05:17] step   370/1500 | dpo 0.5447 | pref-acc 0.775 | mle  2.195 | margin +2.83 | lr 8.98e-06 | 0.325M words | ETA 0:16:09
2026-07-04 11:32:23 | [0:05:25] step   380/1500 | dpo 0.4870 | pref-acc 0.787 | mle    nan | margin +3.26 | lr 8.91e-06 | 0.333M words | ETA 0:15:58
2026-07-04 11:32:30 | [0:05:33] step   390/1500 | dpo 0.4999 | pref-acc 0.681 | mle    nan | margin +2.97 | lr 8.84e-06 | 0.341M words | ETA 0:15:47
2026-07-04 11:32:38 | [0:05:40] step   400/1500 | dpo 0.4003 | pref-acc 0.806 | mle  2.230 | margin +4.97 | lr 8.77e-06 | 0.348M words | ETA 0:15:37
2026-07-04 11:32:47 | [0:05:49] step   410/1500 | dpo 0.4014 | pref-acc 0.775 | mle    nan | margin +4.22 | lr 8.70e-06 | 0.357M words | ETA 0:15:28
2026-07-04 11:32:55 | [0:05:57] step   420/1500 | dpo 0.3749 | pref-acc 0.775 | mle    nan | margin +4.86 | lr 8.62e-06 | 0.366M words | ETA 0:15:19
2026-07-04 11:33:04 | [0:06:06] step   430/1500 | dpo 0.4805 | pref-acc 0.750 | mle    nan | margin +3.12 | lr 8.55e-06 | 0.374M words | ETA 0:15:11
2026-07-04 11:33:12 | [0:06:14] step   440/1500 | dpo 0.5624 | pref-acc 0.819 | mle    nan | margin +2.91 | lr 8.47e-06 | 0.383M words | ETA 0:15:02
2026-07-04 11:33:19 | [0:06:21] step   450/1500 | dpo 0.4032 | pref-acc 0.744 | mle  2.410 | margin +4.35 | lr 8.39e-06 | 0.390M words | ETA 0:14:50
2026-07-04 11:33:28 | [0:06:30] step   460/1500 | dpo 0.4971 | pref-acc 0.769 | mle  2.524 | margin +3.10 | lr 8.30e-06 | 0.400M words | ETA 0:14:43
2026-07-04 11:33:34 | [0:06:36] step   470/1500 | dpo 0.4172 | pref-acc 0.787 | mle    nan | margin +4.40 | lr 8.22e-06 | 0.404M words | ETA 0:14:28
2026-07-04 11:33:40 | [0:06:42] step   480/1500 | dpo 0.5250 | pref-acc 0.769 | mle  1.835 | margin +2.47 | lr 8.14e-06 | 0.409M words | ETA 0:14:15
2026-07-04 11:33:48 | [0:06:50] step   490/1500 | dpo 0.5795 | pref-acc 0.812 | mle    nan | margin +2.85 | lr 8.05e-06 | 0.416M words | ETA 0:14:05
2026-07-04 11:33:56 | [0:06:58] step   500/1500 | dpo 0.4253 | pref-acc 0.838 | mle    nan | margin +3.99 | lr 7.96e-06 | 0.425M words | ETA 0:13:57
2026-07-04 11:33:56 |   >> saved chck_dpo_500
2026-07-04 11:34:06 | [0:07:08] step   510/1500 | dpo 0.3774 | pref-acc 0.787 | mle    nan | margin +5.55 | lr 7.87e-06 | 0.435M words | ETA 0:13:51
2026-07-04 11:34:14 | [0:07:16] step   520/1500 | dpo 0.5879 | pref-acc 0.844 | mle    nan | margin +2.54 | lr 7.78e-06 | 0.443M words | ETA 0:13:42
2026-07-04 11:34:23 | [0:07:25] step   530/1500 | dpo 0.3397 | pref-acc 0.806 | mle  2.376 | margin +5.36 | lr 7.69e-06 | 0.453M words | ETA 0:13:35
2026-07-04 11:34:32 | [0:07:34] step   540/1500 | dpo 0.5726 | pref-acc 0.787 | mle    nan | margin +1.94 | lr 7.59e-06 | 0.462M words | ETA 0:13:27
2026-07-04 11:34:39 | [0:07:41] step   550/1500 | dpo 0.3117 | pref-acc 0.819 | mle    nan | margin +6.95 | lr 7.50e-06 | 0.469M words | ETA 0:13:17
2026-07-04 11:34:49 | [0:07:51] step   560/1500 | dpo 0.4349 | pref-acc 0.800 | mle  2.081 | margin +4.26 | lr 7.40e-06 | 0.479M words | ETA 0:13:11
2026-07-04 11:34:57 | [0:07:59] step   570/1500 | dpo 0.4001 | pref-acc 0.825 | mle  2.005 | margin +4.72 | lr 7.31e-06 | 0.488M words | ETA 0:13:02
2026-07-04 11:35:08 | [0:08:10] step   580/1500 | dpo 0.4380 | pref-acc 0.775 | mle  2.086 | margin +4.78 | lr 7.21e-06 | 0.501M words | ETA 0:12:58
2026-07-04 11:35:17 | [0:08:19] step   590/1500 | dpo 0.5358 | pref-acc 0.800 | mle  2.179 | margin +2.79 | lr 7.11e-06 | 0.510M words | ETA 0:12:49
2026-07-04 11:35:24 | [0:08:26] step   600/1500 | dpo 0.3905 | pref-acc 0.831 | mle    nan | margin +5.68 | lr 7.01e-06 | 0.517M words | ETA 0:12:40
2026-07-04 11:35:34 | [0:08:36] step   610/1500 | dpo 0.3531 | pref-acc 0.881 | mle  2.510 | margin +4.98 | lr 6.91e-06 | 0.527M words | ETA 0:12:33
2026-07-04 11:35:44 | [0:08:46] step   620/1500 | dpo 0.6246 | pref-acc 0.762 | mle  1.962 | margin +2.69 | lr 6.80e-06 | 0.539M words | ETA 0:12:26
2026-07-04 11:35:53 | [0:08:55] step   630/1500 | dpo 0.3022 | pref-acc 0.781 | mle    nan | margin +6.08 | lr 6.70e-06 | 0.549M words | ETA 0:12:19
2026-07-04 11:36:01 | [0:09:03] step   640/1500 | dpo 0.4083 | pref-acc 0.844 | mle    nan | margin +4.85 | lr 6.60e-06 | 0.556M words | ETA 0:12:09
2026-07-04 11:36:09 | [0:09:11] step   650/1500 | dpo 0.3659 | pref-acc 0.831 | mle    nan | margin +4.63 | lr 6.49e-06 | 0.565M words | ETA 0:12:01
2026-07-04 11:36:18 | [0:09:20] step   660/1500 | dpo 0.3491 | pref-acc 0.812 | mle    nan | margin +5.85 | lr 6.39e-06 | 0.575M words | ETA 0:11:53
2026-07-04 11:36:28 | [0:09:30] step   670/1500 | dpo 0.4843 | pref-acc 0.825 | mle    nan | margin +3.61 | lr 6.28e-06 | 0.585M words | ETA 0:11:46
2026-07-04 11:36:35 | [0:09:38] step   680/1500 | dpo 0.5578 | pref-acc 0.838 | mle  2.508 | margin +2.37 | lr 6.17e-06 | 0.593M words | ETA 0:11:37
2026-07-04 11:36:44 | [0:09:46] step   690/1500 | dpo 0.3170 | pref-acc 0.781 | mle    nan | margin +6.59 | lr 6.07e-06 | 0.602M words | ETA 0:11:28
2026-07-04 11:36:52 | [0:09:54] step   700/1500 | dpo 0.4401 | pref-acc 0.863 | mle    nan | margin +4.19 | lr 5.96e-06 | 0.610M words | ETA 0:11:19
2026-07-04 11:37:00 | [0:10:02] step   710/1500 | dpo 0.4045 | pref-acc 0.825 | mle    nan | margin +4.64 | lr 5.85e-06 | 0.618M words | ETA 0:11:10
2026-07-04 11:37:07 | [0:10:09] step   720/1500 | dpo 0.5092 | pref-acc 0.800 | mle    nan | margin +4.13 | lr 5.74e-06 | 0.625M words | ETA 0:11:00
2026-07-04 11:37:14 | [0:10:16] step   730/1500 | dpo 0.3879 | pref-acc 0.856 | mle    nan | margin +5.80 | lr 5.63e-06 | 0.631M words | ETA 0:10:50
2026-07-04 11:37:23 | [0:10:25] step   740/1500 | dpo 0.4079 | pref-acc 0.781 | mle    nan | margin +5.18 | lr 5.52e-06 | 0.640M words | ETA 0:10:42
2026-07-04 11:37:32 | [0:10:34] step   750/1500 | dpo 0.5679 | pref-acc 0.794 | mle  2.540 | margin +2.40 | lr 5.41e-06 | 0.650M words | ETA 0:10:34
2026-07-04 11:37:33 |   >> saved chck_dpo_750
2026-07-04 11:37:41 | [0:10:43] step   760/1500 | dpo 0.4827 | pref-acc 0.831 | mle    nan | margin +3.17 | lr 5.30e-06 | 0.659M words | ETA 0:10:26
2026-07-04 11:37:51 | [0:10:53] step   770/1500 | dpo 0.4149 | pref-acc 0.838 | mle  2.140 | margin +4.88 | lr 5.19e-06 | 0.670M words | ETA 0:10:19
2026-07-04 11:38:01 | [0:11:03] step   780/1500 | dpo 0.4239 | pref-acc 0.812 | mle  2.501 | margin +4.62 | lr 5.08e-06 | 0.681M words | ETA 0:10:12
2026-07-04 11:38:08 | [0:11:10] step   790/1500 | dpo 0.4724 | pref-acc 0.787 | mle  2.325 | margin +3.26 | lr 4.97e-06 | 0.686M words | ETA 0:10:02
2026-07-04 11:38:14 | [0:11:17] step   800/1500 | dpo 0.3662 | pref-acc 0.844 | mle    nan | margin +5.19 | lr 4.86e-06 | 0.692M words | ETA 0:09:52
2026-07-04 11:38:22 | [0:11:24] step   810/1500 | dpo 0.4522 | pref-acc 0.881 | mle    nan | margin +3.44 | lr 4.75e-06 | 0.699M words | ETA 0:09:42
2026-07-04 11:38:30 | [0:11:32] step   820/1500 | dpo 0.4348 | pref-acc 0.825 | mle    nan | margin +4.83 | lr 4.64e-06 | 0.708M words | ETA 0:09:34
2026-07-04 11:38:39 | [0:11:41] step   830/1500 | dpo 0.2864 | pref-acc 0.869 | mle    nan | margin +7.80 | lr 4.53e-06 | 0.716M words | ETA 0:09:25
2026-07-04 11:38:48 | [0:11:50] step   840/1500 | dpo 0.3281 | pref-acc 0.869 | mle  2.545 | margin +5.53 | lr 4.42e-06 | 0.726M words | ETA 0:09:18
2026-07-04 11:38:56 | [0:11:58] step   850/1500 | dpo 0.4204 | pref-acc 0.787 | mle  2.300 | margin +4.23 | lr 4.31e-06 | 0.734M words | ETA 0:09:09
2026-07-04 11:39:05 | [0:12:07] step   860/1500 | dpo 0.5851 | pref-acc 0.844 | mle  3.929 | margin +3.24 | lr 4.20e-06 | 0.744M words | ETA 0:09:01
2026-07-04 11:39:12 | [0:12:14] step   870/1500 | dpo 0.4940 | pref-acc 0.812 | mle  2.463 | margin +3.48 | lr 4.10e-06 | 0.751M words | ETA 0:08:52
2026-07-04 11:39:22 | [0:12:24] step   880/1500 | dpo 0.5201 | pref-acc 0.800 | mle  1.671 | margin +3.75 | lr 3.99e-06 | 0.763M words | ETA 0:08:44
2026-07-04 11:39:32 | [0:12:34] step   890/1500 | dpo 0.3541 | pref-acc 0.856 | mle  2.388 | margin +6.29 | lr 3.88e-06 | 0.773M words | ETA 0:08:36
2026-07-04 11:39:40 | [0:12:42] step   900/1500 | dpo 0.5033 | pref-acc 0.819 | mle    nan | margin +2.98 | lr 3.77e-06 | 0.781M words | ETA 0:08:28
2026-07-04 11:39:50 | [0:12:52] step   910/1500 | dpo 0.4191 | pref-acc 0.856 | mle    nan | margin +5.55 | lr 3.67e-06 | 0.792M words | ETA 0:08:20
2026-07-04 11:39:59 | [0:13:01] step   920/1500 | dpo 0.3647 | pref-acc 0.850 | mle  2.297 | margin +5.29 | lr 3.56e-06 | 0.803M words | ETA 0:08:12
2026-07-04 11:40:08 | [0:13:10] step   930/1500 | dpo 0.3739 | pref-acc 0.800 | mle    nan | margin +5.13 | lr 3.45e-06 | 0.811M words | ETA 0:08:04
2026-07-04 11:40:16 | [0:13:18] step   940/1500 | dpo 0.3138 | pref-acc 0.875 | mle    nan | margin +5.70 | lr 3.35e-06 | 0.819M words | ETA 0:07:55
2026-07-04 11:40:24 | [0:13:26] step   950/1500 | dpo 0.4632 | pref-acc 0.844 | mle    nan | margin +4.66 | lr 3.25e-06 | 0.827M words | ETA 0:07:47
2026-07-04 11:40:33 | [0:13:35] step   960/1500 | dpo 0.3548 | pref-acc 0.869 | mle    nan | margin +5.71 | lr 3.14e-06 | 0.836M words | ETA 0:07:38
2026-07-04 11:40:40 | [0:13:42] step   970/1500 | dpo 0.3695 | pref-acc 0.794 | mle  2.432 | margin +5.59 | lr 3.04e-06 | 0.844M words | ETA 0:07:29
2026-07-04 11:40:49 | [0:13:51] step   980/1500 | dpo 0.5058 | pref-acc 0.806 | mle  2.215 | margin +3.73 | lr 2.94e-06 | 0.853M words | ETA 0:07:21
2026-07-04 11:40:56 | [0:13:58] step   990/1500 | dpo 0.4239 | pref-acc 0.787 | mle    nan | margin +4.64 | lr 2.84e-06 | 0.859M words | ETA 0:07:11
2026-07-04 11:41:04 | [0:14:06] step  1000/1500 | dpo 0.2985 | pref-acc 0.806 | mle    nan | margin +6.84 | lr 2.74e-06 | 0.867M words | ETA 0:07:03
2026-07-04 11:41:04 |   >> saved chck_dpo_1000
2026-07-04 11:41:13 | [0:14:15] step  1010/1500 | dpo 0.2853 | pref-acc 0.863 | mle  1.908 | margin +7.94 | lr 2.64e-06 | 0.876M words | ETA 0:06:55
2026-07-04 11:41:21 | [0:14:23] step  1020/1500 | dpo 0.3775 | pref-acc 0.844 | mle    nan | margin +5.84 | lr 2.55e-06 | 0.883M words | ETA 0:06:46
2026-07-04 11:41:30 | [0:14:32] step  1030/1500 | dpo 0.6246 | pref-acc 0.781 | mle    nan | margin +2.47 | lr 2.45e-06 | 0.893M words | ETA 0:06:38
2026-07-04 11:41:38 | [0:14:40] step  1040/1500 | dpo 0.3874 | pref-acc 0.838 | mle  2.429 | margin +5.22 | lr 2.36e-06 | 0.901M words | ETA 0:06:29
2026-07-04 11:41:47 | [0:14:49] step  1050/1500 | dpo 0.4239 | pref-acc 0.875 | mle    nan | margin +4.88 | lr 2.27e-06 | 0.911M words | ETA 0:06:21
2026-07-04 11:41:57 | [0:14:59] step  1060/1500 | dpo 0.4251 | pref-acc 0.856 | mle  2.114 | margin +4.80 | lr 2.17e-06 | 0.922M words | ETA 0:06:13
2026-07-04 11:42:04 | [0:15:06] step  1070/1500 | dpo 0.3661 | pref-acc 0.869 | mle    nan | margin +5.38 | lr 2.08e-06 | 0.928M words | ETA 0:06:04
2026-07-04 11:42:14 | [0:15:16] step  1080/1500 | dpo 0.4776 | pref-acc 0.906 | mle  2.250 | margin +4.00 | lr 1.99e-06 | 0.939M words | ETA 0:05:56
2026-07-04 11:42:21 | [0:15:23] step  1090/1500 | dpo 0.3790 | pref-acc 0.812 | mle    nan | margin +5.22 | lr 1.91e-06 | 0.945M words | ETA 0:05:47
2026-07-04 11:42:29 | [0:15:31] step  1100/1500 | dpo 0.4190 | pref-acc 0.900 | mle  2.606 | margin +6.04 | lr 1.82e-06 | 0.953M words | ETA 0:05:38
2026-07-04 11:42:38 | [0:15:40] step  1110/1500 | dpo 0.4237 | pref-acc 0.863 | mle    nan | margin +4.31 | lr 1.74e-06 | 0.963M words | ETA 0:05:30
2026-07-04 11:42:47 | [0:15:49] step  1120/1500 | dpo 0.2666 | pref-acc 0.844 | mle  3.178 | margin +7.73 | lr 1.65e-06 | 0.973M words | ETA 0:05:22
2026-07-04 11:42:56 | [0:15:58] step  1130/1500 | dpo 0.2505 | pref-acc 0.875 | mle  2.503 | margin +7.69 | lr 1.57e-06 | 0.982M words | ETA 0:05:13
2026-07-04 11:43:03 | [0:16:05] step  1140/1500 | dpo 0.5060 | pref-acc 0.838 | mle  2.068 | margin +3.64 | lr 1.49e-06 | 0.989M words | ETA 0:05:05
2026-07-04 11:43:12 | [0:16:14] step  1150/1500 | dpo 0.5446 | pref-acc 0.781 | mle  2.338 | margin +2.54 | lr 1.42e-06 | 0.998M words | ETA 0:04:56
2026-07-04 11:43:19 | [0:16:21] step  1160/1500 | dpo 0.4832 | pref-acc 0.819 | mle    nan | margin +4.61 | lr 1.34e-06 | 1.005M words | ETA 0:04:47
2026-07-04 11:43:27 | [0:16:30] step  1170/1500 | dpo 0.4136 | pref-acc 0.869 | mle  2.451 | margin +4.61 | lr 1.27e-06 | 1.013M words | ETA 0:04:39
2026-07-04 11:43:35 | [0:16:37] step  1180/1500 | dpo 0.2566 | pref-acc 0.850 | mle  2.182 | margin +7.83 | lr 1.19e-06 | 1.020M words | ETA 0:04:30
2026-07-04 11:43:42 | [0:16:44] step  1190/1500 | dpo 0.3280 | pref-acc 0.819 | mle  2.514 | margin +6.44 | lr 1.12e-06 | 1.028M words | ETA 0:04:21
2026-07-04 11:43:51 | [0:16:53] step  1200/1500 | dpo 0.3567 | pref-acc 0.838 | mle    nan | margin +6.37 | lr 1.05e-06 | 1.036M words | ETA 0:04:13
2026-07-04 11:43:58 | [0:17:00] step  1210/1500 | dpo 0.4231 | pref-acc 0.881 | mle    nan | margin +5.45 | lr 9.88e-07 | 1.042M words | ETA 0:04:04
2026-07-04 11:44:09 | [0:17:11] step  1220/1500 | dpo 0.3467 | pref-acc 0.800 | mle  2.213 | margin +5.36 | lr 9.23e-07 | 1.056M words | ETA 0:03:56
2026-07-04 11:44:18 | [0:17:20] step  1230/1500 | dpo 0.2979 | pref-acc 0.850 | mle    nan | margin +6.39 | lr 8.60e-07 | 1.066M words | ETA 0:03:48
2026-07-04 11:44:29 | [0:17:31] step  1240/1500 | dpo 0.4959 | pref-acc 0.794 | mle    nan | margin +3.07 | lr 7.99e-07 | 1.078M words | ETA 0:03:40
2026-07-04 11:44:36 | [0:17:38] step  1250/1500 | dpo 0.4830 | pref-acc 0.819 | mle  2.309 | margin +3.82 | lr 7.40e-07 | 1.085M words | ETA 0:03:31
2026-07-04 11:44:37 |   >> saved chck_dpo_1250
2026-07-04 11:44:45 | [0:17:47] step  1260/1500 | dpo 0.5943 | pref-acc 0.781 | mle    nan | margin +2.90 | lr 6.84e-07 | 1.094M words | ETA 0:03:23
2026-07-04 11:44:53 | [0:17:55] step  1270/1500 | dpo 0.4358 | pref-acc 0.838 | mle    nan | margin +3.81 | lr 6.29e-07 | 1.101M words | ETA 0:03:14
2026-07-04 11:45:00 | [0:18:02] step  1280/1500 | dpo 0.2331 | pref-acc 0.894 | mle    nan | margin +7.95 | lr 5.77e-07 | 1.107M words | ETA 0:03:06
2026-07-04 11:45:06 | [0:18:08] step  1290/1500 | dpo 0.3486 | pref-acc 0.844 | mle    nan | margin +6.25 | lr 5.26e-07 | 1.112M words | ETA 0:02:57
2026-07-04 11:45:12 | [0:18:14] step  1300/1500 | dpo 0.2523 | pref-acc 0.838 | mle    nan | margin +8.64 | lr 4.78e-07 | 1.117M words | ETA 0:02:48
2026-07-04 11:45:18 | [0:18:20] step  1310/1500 | dpo 0.4667 | pref-acc 0.825 | mle  2.291 | margin +4.49 | lr 4.32e-07 | 1.122M words | ETA 0:02:39
2026-07-04 11:45:26 | [0:18:28] step  1320/1500 | dpo 0.2327 | pref-acc 0.819 | mle  1.944 | margin +8.58 | lr 3.89e-07 | 1.130M words | ETA 0:02:31
2026-07-04 11:45:36 | [0:18:38] step  1330/1500 | dpo 0.4231 | pref-acc 0.856 | mle  1.904 | margin +4.82 | lr 3.47e-07 | 1.142M words | ETA 0:02:22
2026-07-04 11:45:45 | [0:18:47] step  1340/1500 | dpo 0.3718 | pref-acc 0.844 | mle  2.517 | margin +5.83 | lr 3.08e-07 | 1.151M words | ETA 0:02:14
2026-07-04 11:45:53 | [0:18:55] step  1350/1500 | dpo 0.3660 | pref-acc 0.838 | mle    nan | margin +4.88 | lr 2.71e-07 | 1.159M words | ETA 0:02:06
2026-07-04 11:46:02 | [0:19:05] step  1360/1500 | dpo 0.3356 | pref-acc 0.863 | mle  2.292 | margin +8.79 | lr 2.36e-07 | 1.169M words | ETA 0:01:57
2026-07-04 11:46:09 | [0:19:12] step  1370/1500 | dpo 0.5155 | pref-acc 0.844 | mle    nan | margin +3.70 | lr 2.04e-07 | 1.176M words | ETA 0:01:49
2026-07-04 11:46:19 | [0:19:21] step  1380/1500 | dpo 0.2851 | pref-acc 0.875 | mle  2.261 | margin +7.40 | lr 1.74e-07 | 1.186M words | ETA 0:01:40
2026-07-04 11:46:27 | [0:19:29] step  1390/1500 | dpo 0.3219 | pref-acc 0.863 | mle  2.441 | margin +5.50 | lr 1.46e-07 | 1.195M words | ETA 0:01:32
2026-07-04 11:46:35 | [0:19:37] step  1400/1500 | dpo 0.3390 | pref-acc 0.825 | mle  2.431 | margin +6.21 | lr 1.21e-07 | 1.202M words | ETA 0:01:24
2026-07-04 11:46:42 | [0:19:44] step  1410/1500 | dpo 0.3449 | pref-acc 0.856 | mle    nan | margin +5.57 | lr 9.81e-08 | 1.209M words | ETA 0:01:15
2026-07-04 11:46:51 | [0:19:53] step  1420/1500 | dpo 0.3570 | pref-acc 0.850 | mle  2.556 | margin +5.77 | lr 7.76e-08 | 1.218M words | ETA 0:01:07
2026-07-04 11:47:00 | [0:20:02] step  1430/1500 | dpo 0.3340 | pref-acc 0.756 | mle  2.358 | margin +5.94 | lr 5.94e-08 | 1.228M words | ETA 0:00:58
2026-07-04 11:47:06 | [0:20:08] step  1440/1500 | dpo 0.4975 | pref-acc 0.881 | mle  2.136 | margin +3.25 | lr 4.37e-08 | 1.233M words | ETA 0:00:50
2026-07-04 11:47:15 | [0:20:17] step  1450/1500 | dpo 0.4918 | pref-acc 0.838 | mle  2.446 | margin +4.38 | lr 3.03e-08 | 1.243M words | ETA 0:00:41
2026-07-04 11:47:21 | [0:20:24] step  1460/1500 | dpo 0.4399 | pref-acc 0.856 | mle    nan | margin +5.44 | lr 1.94e-08 | 1.248M words | ETA 0:00:33
2026-07-04 11:47:29 | [0:20:31] step  1470/1500 | dpo 0.4429 | pref-acc 0.838 | mle  1.840 | margin +3.71 | lr 1.09e-08 | 1.255M words | ETA 0:00:25
2026-07-04 11:47:37 | [0:20:39] step  1480/1500 | dpo 0.3852 | pref-acc 0.806 | mle  1.964 | margin +4.78 | lr 4.86e-09 | 1.263M words | ETA 0:00:16
2026-07-04 11:47:45 | [0:20:47] step  1490/1500 | dpo 0.3859 | pref-acc 0.812 | mle    nan | margin +6.57 | lr 1.22e-09 | 1.270M words | ETA 0:00:08
2026-07-04 11:47:52 | [0:20:54] step  1500/1500 | dpo 0.4742 | pref-acc 0.850 | mle    nan | margin +4.12 | lr 0.00e+00 | 1.277M words | ETA 0:00:00
2026-07-04 11:47:52 |   >> saved chck_dpo_1500
2026-07-04 11:47:53 | DONE: 1500 steps | 1.277M words seen (phase) | 0:20:55 | saved /Users/admin1/Downloads/babylm-eval/checkpoints/gptbert_small_dpo_v2/final
