2026-07-12 13:53:07 | === MP-DPO 'gptbert_small_dpo_from30M' | device=mps ===
2026-07-12 13:53:07 | init=/Users/admin1/Downloads/babylm-eval/checkpoints/gptbert_small_v1/chck_30M
2026-07-12 13:53:07 | ref =/Users/admin1/Downloads/babylm-eval/checkpoints/gptbert_small_v1/chck_30M (frozen)
2026-07-12 13:53:07 | steps=1500 pairs/step=16 beta=0.1 lr=1e-05 mle_mix=0.5@1.0 | ckpt every 250
2026-07-12 13:53:09 | [0:00:02] step     1/1500 | dpo 0.7161 | pref-acc 0.500 | mle    nan | margin -0.29 | lr 1.33e-07 | 0.000M words | ETA 1:03:53
2026-07-12 13:53:17 | [0:00:10] step    10/1500 | dpo 0.7419 | pref-acc 0.403 | mle    nan | margin -0.86 | lr 1.33e-06 | 0.006M words | ETA 0:26:41
2026-07-12 13:53:26 | [0:00:19] step    20/1500 | dpo 0.7539 | pref-acc 0.463 | mle  2.222 | margin -0.87 | lr 2.67e-06 | 0.015M words | ETA 0:23:53
2026-07-12 13:53:35 | [0:00:28] step    30/1500 | dpo 0.6755 | pref-acc 0.500 | mle  2.242 | margin +0.43 | lr 4.00e-06 | 0.025M words | ETA 0:23:28
2026-07-12 13:53:43 | [0:00:36] step    40/1500 | dpo 0.7081 | pref-acc 0.463 | mle  3.292 | margin -0.15 | lr 5.33e-06 | 0.033M words | ETA 0:22:20
2026-07-12 13:53:53 | [0:00:46] step    50/1500 | dpo 0.7423 | pref-acc 0.487 | mle    nan | margin -0.88 | lr 6.67e-06 | 0.043M words | ETA 0:22:20
2026-07-12 13:54:03 | [0:00:56] step    60/1500 | dpo 0.6772 | pref-acc 0.481 | mle  2.907 | margin +0.51 | lr 8.00e-06 | 0.055M words | ETA 0:22:32
2026-07-12 13:54:13 | [0:01:06] step    70/1500 | dpo 0.7475 | pref-acc 0.450 | mle  2.534 | margin -0.96 | lr 9.33e-06 | 0.066M words | ETA 0:22:42
2026-07-12 13:54:21 | [0:01:14] step    80/1500 | dpo 0.6917 | pref-acc 0.556 | mle    nan | margin +0.28 | lr 1.00e-05 | 0.074M words | ETA 0:22:02
2026-07-12 13:54:29 | [0:01:22] step    90/1500 | dpo 0.7296 | pref-acc 0.588 | mle  2.579 | margin -0.62 | lr 1.00e-05 | 0.081M words | ETA 0:21:28
2026-07-12 13:54:40 | [0:01:33] step   100/1500 | dpo 0.6834 | pref-acc 0.588 | mle  2.956 | margin +0.45 | lr 9.99e-06 | 0.094M words | ETA 0:21:43
2026-07-12 13:54:48 | [0:01:41] step   110/1500 | dpo 0.6509 | pref-acc 0.556 | mle    nan | margin +1.03 | lr 9.99e-06 | 0.103M words | ETA 0:21:24
2026-07-12 13:54:58 | [0:01:51] step   120/1500 | dpo 0.6848 | pref-acc 0.594 | mle  2.649 | margin +0.24 | lr 9.98e-06 | 0.114M words | ETA 0:21:25
2026-07-12 13:55:08 | [0:02:01] step   130/1500 | dpo 0.6513 | pref-acc 0.625 | mle  2.567 | margin +0.97 | lr 9.96e-06 | 0.124M words | ETA 0:21:16
2026-07-12 13:55:16 | [0:02:09] step   140/1500 | dpo 0.6810 | pref-acc 0.606 | mle    nan | margin +0.40 | lr 9.95e-06 | 0.133M words | ETA 0:21:00
2026-07-12 13:55:24 | [0:02:17] step   150/1500 | dpo 0.6424 | pref-acc 0.606 | mle    nan | margin +1.32 | lr 9.93e-06 | 0.141M words | ETA 0:20:37
2026-07-12 13:55:34 | [0:02:27] step   160/1500 | dpo 0.6490 | pref-acc 0.675 | mle  2.249 | margin +1.07 | lr 9.91e-06 | 0.152M words | ETA 0:20:36
2026-07-12 13:55:41 | [0:02:34] step   170/1500 | dpo 0.5950 | pref-acc 0.713 | mle  2.574 | margin +2.31 | lr 9.89e-06 | 0.158M words | ETA 0:20:10
2026-07-12 13:55:50 | [0:02:43] step   180/1500 | dpo 0.5696 | pref-acc 0.688 | mle    nan | margin +2.85 | lr 9.87e-06 | 0.167M words | ETA 0:19:56
2026-07-12 13:56:00 | [0:02:53] step   190/1500 | dpo 0.5993 | pref-acc 0.637 | mle  2.151 | margin +2.30 | lr 9.84e-06 | 0.179M words | ETA 0:19:54
2026-07-12 13:56:06 | [0:02:59] step   200/1500 | dpo 0.5574 | pref-acc 0.725 | mle    nan | margin +3.05 | lr 9.81e-06 | 0.184M words | ETA 0:19:27
2026-07-12 13:56:16 | [0:03:09] step   210/1500 | dpo 0.5634 | pref-acc 0.650 | mle    nan | margin +3.24 | lr 9.78e-06 | 0.194M words | ETA 0:19:22
2026-07-12 13:56:25 | [0:03:18] step   220/1500 | dpo 0.6826 | pref-acc 0.731 | mle  2.242 | margin +0.32 | lr 9.75e-06 | 0.204M words | ETA 0:19:15
2026-07-12 13:56:33 | [0:03:26] step   230/1500 | dpo 0.6172 | pref-acc 0.762 | mle  2.543 | margin +1.80 | lr 9.71e-06 | 0.212M words | ETA 0:18:59
2026-07-12 13:56:42 | [0:03:35] step   240/1500 | dpo 0.6165 | pref-acc 0.769 | mle  3.019 | margin +1.85 | lr 9.67e-06 | 0.222M words | ETA 0:18:51
2026-07-12 13:56:52 | [0:03:44] step   250/1500 | dpo 0.6546 | pref-acc 0.662 | mle  2.577 | margin +1.17 | lr 9.63e-06 | 0.232M words | ETA 0:18:44
2026-07-12 13:56:52 |   >> saved chck_dpo_250
2026-07-12 13:57:00 | [0:03:53] step   260/1500 | dpo 0.5842 | pref-acc 0.738 | mle    nan | margin +2.56 | lr 9.59e-06 | 0.239M words | ETA 0:18:31
2026-07-12 13:57:08 | [0:04:01] step   270/1500 | dpo 0.5620 | pref-acc 0.769 | mle    nan | margin +3.07 | lr 9.55e-06 | 0.248M words | ETA 0:18:20
2026-07-12 13:57:15 | [0:04:08] step   280/1500 | dpo 0.5785 | pref-acc 0.781 | mle  2.735 | margin +2.59 | lr 9.50e-06 | 0.255M words | ETA 0:18:03
2026-07-12 13:57:24 | [0:04:17] step   290/1500 | dpo 0.6444 | pref-acc 0.719 | mle  2.891 | margin +1.35 | lr 9.45e-06 | 0.263M words | ETA 0:17:53
2026-07-12 13:57:33 | [0:04:26] step   300/1500 | dpo 0.6319 | pref-acc 0.694 | mle  3.347 | margin +1.55 | lr 9.40e-06 | 0.273M words | ETA 0:17:45
2026-07-12 13:57:40 | [0:04:33] step   310/1500 | dpo 0.6153 | pref-acc 0.725 | mle    nan | margin +1.85 | lr 9.34e-06 | 0.280M words | ETA 0:17:29
2026-07-12 13:57:48 | [0:04:41] step   320/1500 | dpo 0.5303 | pref-acc 0.750 | mle    nan | margin +3.81 | lr 9.29e-06 | 0.287M words | ETA 0:17:16
2026-07-12 13:57:55 | [0:04:48] step   330/1500 | dpo 0.6418 | pref-acc 0.794 | mle    nan | margin +1.46 | lr 9.23e-06 | 0.294M words | ETA 0:17:01
2026-07-12 13:58:00 | [0:04:53] step   340/1500 | dpo 0.5809 | pref-acc 0.738 | mle    nan | margin +2.88 | lr 9.17e-06 | 0.297M words | ETA 0:16:41
2026-07-12 13:58:10 | [0:05:02] step   350/1500 | dpo 0.5647 | pref-acc 0.838 | mle  1.971 | margin +3.00 | lr 9.11e-06 | 0.307M words | ETA 0:16:35
2026-07-12 13:58:19 | [0:05:12] step   360/1500 | dpo 0.6630 | pref-acc 0.787 | mle  2.803 | margin +0.82 | lr 9.05e-06 | 0.318M words | ETA 0:16:29
2026-07-12 13:58:27 | [0:05:20] step   370/1500 | dpo 0.5749 | pref-acc 0.762 | mle  2.807 | margin +2.68 | lr 8.98e-06 | 0.325M words | ETA 0:16:17
2026-07-12 13:58:35 | [0:05:27] step   380/1500 | dpo 0.6073 | pref-acc 0.762 | mle    nan | margin +2.08 | lr 8.91e-06 | 0.333M words | ETA 0:16:06
2026-07-12 13:58:42 | [0:05:35] step   390/1500 | dpo 0.6160 | pref-acc 0.762 | mle    nan | margin +1.70 | lr 8.84e-06 | 0.341M words | ETA 0:15:55
2026-07-12 13:58:50 | [0:05:43] step   400/1500 | dpo 0.5384 | pref-acc 0.744 | mle  2.748 | margin +3.82 | lr 8.77e-06 | 0.348M words | ETA 0:15:44
2026-07-12 13:58:59 | [0:05:52] step   410/1500 | dpo 0.5472 | pref-acc 0.762 | mle    nan | margin +3.34 | lr 8.70e-06 | 0.357M words | ETA 0:15:36
2026-07-12 13:59:08 | [0:06:00] step   420/1500 | dpo 0.5220 | pref-acc 0.762 | mle    nan | margin +4.19 | lr 8.62e-06 | 0.366M words | ETA 0:15:27
2026-07-12 13:59:16 | [0:06:09] step   430/1500 | dpo 0.4986 | pref-acc 0.769 | mle    nan | margin +4.82 | lr 8.55e-06 | 0.374M words | ETA 0:15:18
2026-07-12 13:59:25 | [0:06:17] step   440/1500 | dpo 0.6516 | pref-acc 0.762 | mle    nan | margin +1.14 | lr 8.47e-06 | 0.383M words | ETA 0:15:10
2026-07-12 13:59:32 | [0:06:25] step   450/1500 | dpo 0.5711 | pref-acc 0.787 | mle  2.930 | margin +2.80 | lr 8.39e-06 | 0.390M words | ETA 0:14:59
2026-07-12 13:59:42 | [0:06:35] step   460/1500 | dpo 0.6122 | pref-acc 0.731 | mle  2.874 | margin +1.94 | lr 8.30e-06 | 0.400M words | ETA 0:14:53
2026-07-12 13:59:48 | [0:06:40] step   470/1500 | dpo 0.6023 | pref-acc 0.806 | mle    nan | margin +2.29 | lr 8.22e-06 | 0.404M words | ETA 0:14:38
2026-07-12 13:59:54 | [0:06:47] step   480/1500 | dpo 0.6055 | pref-acc 0.787 | mle  2.090 | margin +2.21 | lr 8.14e-06 | 0.409M words | ETA 0:14:26
2026-07-12 14:00:03 | [0:06:56] step   490/1500 | dpo 0.5793 | pref-acc 0.781 | mle    nan | margin +2.83 | lr 8.05e-06 | 0.416M words | ETA 0:14:19
2026-07-12 14:00:14 | [0:07:06] step   500/1500 | dpo 0.4906 | pref-acc 0.800 | mle    nan | margin +5.02 | lr 7.96e-06 | 0.425M words | ETA 0:14:13
2026-07-12 14:00:15 |   >> saved chck_dpo_500
2026-07-12 14:00:24 | [0:07:17] step   510/1500 | dpo 0.6070 | pref-acc 0.787 | mle    nan | margin +2.38 | lr 7.87e-06 | 0.435M words | ETA 0:14:09
2026-07-12 14:00:32 | [0:07:25] step   520/1500 | dpo 0.5556 | pref-acc 0.794 | mle    nan | margin +3.35 | lr 7.78e-06 | 0.443M words | ETA 0:13:59
2026-07-12 14:00:42 | [0:07:35] step   530/1500 | dpo 0.5478 | pref-acc 0.781 | mle  2.818 | margin +3.45 | lr 7.69e-06 | 0.453M words | ETA 0:13:52
2026-07-12 14:00:51 | [0:07:43] step   540/1500 | dpo 0.6394 | pref-acc 0.756 | mle    nan | margin +1.43 | lr 7.59e-06 | 0.462M words | ETA 0:13:44
2026-07-12 14:00:58 | [0:07:51] step   550/1500 | dpo 0.5395 | pref-acc 0.787 | mle    nan | margin +3.70 | lr 7.50e-06 | 0.469M words | ETA 0:13:34
2026-07-12 14:01:08 | [0:08:01] step   560/1500 | dpo 0.5289 | pref-acc 0.775 | mle  2.522 | margin +4.21 | lr 7.40e-06 | 0.479M words | ETA 0:13:27
2026-07-12 14:01:17 | [0:08:10] step   570/1500 | dpo 0.5556 | pref-acc 0.756 | mle  2.444 | margin +3.33 | lr 7.31e-06 | 0.488M words | ETA 0:13:19
2026-07-12 14:01:28 | [0:08:20] step   580/1500 | dpo 0.5008 | pref-acc 0.781 | mle  2.445 | margin +4.89 | lr 7.21e-06 | 0.501M words | ETA 0:13:14
2026-07-12 14:01:36 | [0:08:29] step   590/1500 | dpo 0.6111 | pref-acc 0.713 | mle  2.735 | margin +2.15 | lr 7.11e-06 | 0.510M words | ETA 0:13:06
2026-07-12 14:01:44 | [0:08:37] step   600/1500 | dpo 0.5140 | pref-acc 0.794 | mle    nan | margin +4.12 | lr 7.01e-06 | 0.517M words | ETA 0:12:56
2026-07-12 14:01:54 | [0:08:46] step   610/1500 | dpo 0.5555 | pref-acc 0.800 | mle  3.149 | margin +3.47 | lr 6.91e-06 | 0.527M words | ETA 0:12:48
2026-07-12 14:02:04 | [0:08:57] step   620/1500 | dpo 0.6385 | pref-acc 0.738 | mle  2.288 | margin +1.73 | lr 6.80e-06 | 0.539M words | ETA 0:12:42
2026-07-12 14:02:13 | [0:09:06] step   630/1500 | dpo 0.5546 | pref-acc 0.731 | mle    nan | margin +3.59 | lr 6.70e-06 | 0.549M words | ETA 0:12:34
2026-07-12 14:02:21 | [0:09:14] step   640/1500 | dpo 0.5907 | pref-acc 0.825 | mle    nan | margin +2.53 | lr 6.60e-06 | 0.556M words | ETA 0:12:25
2026-07-12 14:02:30 | [0:09:23] step   650/1500 | dpo 0.6106 | pref-acc 0.769 | mle    nan | margin +2.37 | lr 6.49e-06 | 0.565M words | ETA 0:12:16
2026-07-12 14:02:39 | [0:09:32] step   660/1500 | dpo 0.5408 | pref-acc 0.756 | mle    nan | margin +4.13 | lr 6.39e-06 | 0.575M words | ETA 0:12:08
2026-07-12 14:02:49 | [0:09:42] step   670/1500 | dpo 0.5326 | pref-acc 0.775 | mle    nan | margin +4.06 | lr 6.28e-06 | 0.585M words | ETA 0:12:01
2026-07-12 14:02:57 | [0:09:50] step   680/1500 | dpo 0.5728 | pref-acc 0.775 | mle  2.967 | margin +3.15 | lr 6.17e-06 | 0.593M words | ETA 0:11:52
2026-07-12 14:03:06 | [0:09:59] step   690/1500 | dpo 0.5448 | pref-acc 0.787 | mle    nan | margin +3.50 | lr 6.07e-06 | 0.602M words | ETA 0:11:43
2026-07-12 14:03:14 | [0:10:07] step   700/1500 | dpo 0.5046 | pref-acc 0.825 | mle    nan | margin +4.69 | lr 5.96e-06 | 0.610M words | ETA 0:11:33
2026-07-12 14:03:23 | [0:10:15] step   710/1500 | dpo 0.5772 | pref-acc 0.825 | mle    nan | margin +3.12 | lr 5.85e-06 | 0.618M words | ETA 0:11:25
2026-07-12 14:03:30 | [0:10:22] step   720/1500 | dpo 0.5770 | pref-acc 0.794 | mle    nan | margin +3.69 | lr 5.74e-06 | 0.625M words | ETA 0:11:14
2026-07-12 14:03:37 | [0:10:30] step   730/1500 | dpo 0.5205 | pref-acc 0.769 | mle    nan | margin +4.67 | lr 5.63e-06 | 0.631M words | ETA 0:11:04
2026-07-12 14:03:46 | [0:10:38] step   740/1500 | dpo 0.4567 | pref-acc 0.756 | mle    nan | margin +5.96 | lr 5.52e-06 | 0.640M words | ETA 0:10:56
2026-07-12 14:03:55 | [0:10:48] step   750/1500 | dpo 0.5403 | pref-acc 0.812 | mle  2.869 | margin +3.86 | lr 5.41e-06 | 0.650M words | ETA 0:10:48
2026-07-12 14:03:55 |   >> saved chck_dpo_750
2026-07-12 14:04:04 | [0:10:57] step   760/1500 | dpo 0.6109 | pref-acc 0.744 | mle    nan | margin +2.03 | lr 5.30e-06 | 0.659M words | ETA 0:10:40
2026-07-12 14:04:15 | [0:11:07] step   770/1500 | dpo 0.5131 | pref-acc 0.825 | mle  2.517 | margin +4.32 | lr 5.19e-06 | 0.670M words | ETA 0:10:33
2026-07-12 14:04:25 | [0:11:18] step   780/1500 | dpo 0.5512 | pref-acc 0.819 | mle  2.925 | margin +3.62 | lr 5.08e-06 | 0.681M words | ETA 0:10:26
2026-07-12 14:04:31 | [0:11:24] step   790/1500 | dpo 0.6305 | pref-acc 0.738 | mle  2.702 | margin +1.56 | lr 4.97e-06 | 0.686M words | ETA 0:10:15
2026-07-12 14:04:38 | [0:11:31] step   800/1500 | dpo 0.4971 | pref-acc 0.775 | mle    nan | margin +5.18 | lr 4.86e-06 | 0.692M words | ETA 0:10:05
2026-07-12 14:04:45 | [0:11:38] step   810/1500 | dpo 0.6589 | pref-acc 0.794 | mle    nan | margin +1.06 | lr 4.75e-06 | 0.699M words | ETA 0:09:55
2026-07-12 14:04:54 | [0:11:47] step   820/1500 | dpo 0.5500 | pref-acc 0.769 | mle    nan | margin +3.67 | lr 4.64e-06 | 0.708M words | ETA 0:09:46
2026-07-12 14:05:03 | [0:11:56] step   830/1500 | dpo 0.5253 | pref-acc 0.819 | mle    nan | margin +4.18 | lr 4.53e-06 | 0.716M words | ETA 0:09:38
2026-07-12 14:05:12 | [0:12:05] step   840/1500 | dpo 0.6008 | pref-acc 0.819 | mle  2.984 | margin +2.31 | lr 4.42e-06 | 0.726M words | ETA 0:09:30
2026-07-12 14:05:20 | [0:12:13] step   850/1500 | dpo 0.5757 | pref-acc 0.806 | mle  2.773 | margin +2.76 | lr 4.31e-06 | 0.734M words | ETA 0:09:20
2026-07-12 14:05:30 | [0:12:22] step   860/1500 | dpo 0.4870 | pref-acc 0.838 | mle  4.179 | margin +5.66 | lr 4.20e-06 | 0.744M words | ETA 0:09:12
2026-07-12 14:05:37 | [0:12:30] step   870/1500 | dpo 0.5601 | pref-acc 0.731 | mle  2.930 | margin +3.49 | lr 4.10e-06 | 0.751M words | ETA 0:09:03
2026-07-12 14:05:47 | [0:12:40] step   880/1500 | dpo 0.4918 | pref-acc 0.787 | mle  1.906 | margin +5.14 | lr 3.99e-06 | 0.763M words | ETA 0:08:55
2026-07-12 14:05:57 | [0:12:50] step   890/1500 | dpo 0.5896 | pref-acc 0.769 | mle  2.843 | margin +2.98 | lr 3.88e-06 | 0.773M words | ETA 0:08:47
2026-07-12 14:06:05 | [0:12:58] step   900/1500 | dpo 0.5451 | pref-acc 0.819 | mle    nan | margin +3.62 | lr 3.77e-06 | 0.781M words | ETA 0:08:39
2026-07-12 14:06:16 | [0:13:09] step   910/1500 | dpo 0.5195 | pref-acc 0.800 | mle    nan | margin +4.15 | lr 3.67e-06 | 0.792M words | ETA 0:08:31
2026-07-12 14:06:25 | [0:13:18] step   920/1500 | dpo 0.4750 | pref-acc 0.819 | mle  2.876 | margin +5.61 | lr 3.56e-06 | 0.803M words | ETA 0:08:23
2026-07-12 14:06:34 | [0:13:27] step   930/1500 | dpo 0.5643 | pref-acc 0.812 | mle    nan | margin +3.07 | lr 3.45e-06 | 0.811M words | ETA 0:08:14
2026-07-12 14:06:42 | [0:13:35] step   940/1500 | dpo 0.4751 | pref-acc 0.863 | mle    nan | margin +5.62 | lr 3.35e-06 | 0.819M words | ETA 0:08:05
2026-07-12 14:06:51 | [0:13:43] step   950/1500 | dpo 0.4821 | pref-acc 0.819 | mle    nan | margin +5.76 | lr 3.25e-06 | 0.827M words | ETA 0:07:56
2026-07-12 14:06:59 | [0:13:52] step   960/1500 | dpo 0.5317 | pref-acc 0.831 | mle    nan | margin +3.94 | lr 3.14e-06 | 0.836M words | ETA 0:07:48
2026-07-12 14:07:07 | [0:14:00] step   970/1500 | dpo 0.5598 | pref-acc 0.769 | mle  2.803 | margin +4.04 | lr 3.04e-06 | 0.844M words | ETA 0:07:39
2026-07-12 14:07:16 | [0:14:09] step   980/1500 | dpo 0.5355 | pref-acc 0.812 | mle  2.520 | margin +3.92 | lr 2.94e-06 | 0.853M words | ETA 0:07:30
2026-07-12 14:07:23 | [0:14:16] step   990/1500 | dpo 0.5589 | pref-acc 0.838 | mle    nan | margin +3.24 | lr 2.84e-06 | 0.859M words | ETA 0:07:21
2026-07-12 14:07:31 | [0:14:24] step  1000/1500 | dpo 0.5375 | pref-acc 0.806 | mle    nan | margin +3.85 | lr 2.74e-06 | 0.867M words | ETA 0:07:12
2026-07-12 14:07:31 |   >> saved chck_dpo_1000
2026-07-12 14:07:40 | [0:14:33] step  1010/1500 | dpo 0.5006 | pref-acc 0.762 | mle  2.296 | margin +5.30 | lr 2.64e-06 | 0.876M words | ETA 0:07:03
2026-07-12 14:07:48 | [0:14:41] step  1020/1500 | dpo 0.4771 | pref-acc 0.812 | mle    nan | margin +5.23 | lr 2.55e-06 | 0.883M words | ETA 0:06:54
2026-07-12 14:07:57 | [0:14:50] step  1030/1500 | dpo 0.6025 | pref-acc 0.781 | mle    nan | margin +2.40 | lr 2.45e-06 | 0.893M words | ETA 0:06:46
2026-07-12 14:08:05 | [0:14:58] step  1040/1500 | dpo 0.6610 | pref-acc 0.787 | mle  2.988 | margin +1.29 | lr 2.36e-06 | 0.901M words | ETA 0:06:37
2026-07-12 14:08:15 | [0:15:08] step  1050/1500 | dpo 0.5700 | pref-acc 0.838 | mle    nan | margin +3.79 | lr 2.27e-06 | 0.911M words | ETA 0:06:29
2026-07-12 14:08:25 | [0:15:18] step  1060/1500 | dpo 0.5067 | pref-acc 0.738 | mle  2.475 | margin +4.91 | lr 2.17e-06 | 0.922M words | ETA 0:06:21
2026-07-12 14:08:32 | [0:15:25] step  1070/1500 | dpo 0.5031 | pref-acc 0.794 | mle    nan | margin +5.04 | lr 2.08e-06 | 0.928M words | ETA 0:06:11
2026-07-12 14:08:42 | [0:15:34] step  1080/1500 | dpo 0.5065 | pref-acc 0.812 | mle  2.694 | margin +4.80 | lr 1.99e-06 | 0.939M words | ETA 0:06:03
2026-07-12 14:08:49 | [0:15:42] step  1090/1500 | dpo 0.5669 | pref-acc 0.863 | mle    nan | margin +3.21 | lr 1.91e-06 | 0.945M words | ETA 0:05:54
2026-07-12 14:08:57 | [0:15:49] step  1100/1500 | dpo 0.5694 | pref-acc 0.812 | mle  2.954 | margin +3.54 | lr 1.82e-06 | 0.953M words | ETA 0:05:45
2026-07-12 14:09:06 | [0:15:59] step  1110/1500 | dpo 0.5550 | pref-acc 0.769 | mle    nan | margin +3.50 | lr 1.74e-06 | 0.963M words | ETA 0:05:37
2026-07-12 14:09:16 | [0:16:08] step  1120/1500 | dpo 0.4738 | pref-acc 0.844 | mle  3.353 | margin +5.71 | lr 1.65e-06 | 0.973M words | ETA 0:05:28
2026-07-12 14:09:24 | [0:16:17] step  1130/1500 | dpo 0.5066 | pref-acc 0.812 | mle  2.903 | margin +5.03 | lr 1.57e-06 | 0.982M words | ETA 0:05:20
2026-07-12 14:09:32 | [0:16:25] step  1140/1500 | dpo 0.4786 | pref-acc 0.856 | mle  2.452 | margin +5.28 | lr 1.49e-06 | 0.989M words | ETA 0:05:11
2026-07-12 14:09:41 | [0:16:34] step  1150/1500 | dpo 0.5164 | pref-acc 0.838 | mle  2.730 | margin +4.58 | lr 1.42e-06 | 0.998M words | ETA 0:05:02
2026-07-12 14:09:48 | [0:16:41] step  1160/1500 | dpo 0.5944 | pref-acc 0.769 | mle    nan | margin +3.51 | lr 1.34e-06 | 1.005M words | ETA 0:04:53
2026-07-12 14:09:56 | [0:16:49] step  1170/1500 | dpo 0.4970 | pref-acc 0.838 | mle  3.023 | margin +4.94 | lr 1.27e-06 | 1.013M words | ETA 0:04:44
2026-07-12 14:10:04 | [0:16:56] step  1180/1500 | dpo 0.5097 | pref-acc 0.850 | mle  2.522 | margin +4.51 | lr 1.19e-06 | 1.020M words | ETA 0:04:35
2026-07-12 14:10:11 | [0:17:04] step  1190/1500 | dpo 0.5421 | pref-acc 0.806 | mle  3.050 | margin +4.18 | lr 1.12e-06 | 1.028M words | ETA 0:04:26
2026-07-12 14:10:20 | [0:17:13] step  1200/1500 | dpo 0.5448 | pref-acc 0.825 | mle    nan | margin +3.91 | lr 1.05e-06 | 1.036M words | ETA 0:04:18
2026-07-12 14:10:27 | [0:17:20] step  1210/1500 | dpo 0.5452 | pref-acc 0.794 | mle    nan | margin +3.82 | lr 9.88e-07 | 1.042M words | ETA 0:04:09
2026-07-12 14:10:39 | [0:17:32] step  1220/1500 | dpo 0.5355 | pref-acc 0.825 | mle  2.621 | margin +3.86 | lr 9.23e-07 | 1.056M words | ETA 0:04:01
2026-07-12 14:10:48 | [0:17:41] step  1230/1500 | dpo 0.4863 | pref-acc 0.869 | mle    nan | margin +5.28 | lr 8.60e-07 | 1.066M words | ETA 0:03:53
2026-07-12 14:10:59 | [0:17:51] step  1240/1500 | dpo 0.6604 | pref-acc 0.731 | mle    nan | margin +1.70 | lr 7.99e-07 | 1.078M words | ETA 0:03:44
2026-07-12 14:11:06 | [0:17:59] step  1250/1500 | dpo 0.5501 | pref-acc 0.812 | mle  2.766 | margin +3.99 | lr 7.40e-07 | 1.085M words | ETA 0:03:35
2026-07-12 14:11:07 |   >> saved chck_dpo_1250
2026-07-12 14:11:16 | [0:18:08] step  1260/1500 | dpo 0.5547 | pref-acc 0.825 | mle    nan | margin +3.51 | lr 6.84e-07 | 1.094M words | ETA 0:03:27
2026-07-12 14:11:23 | [0:18:16] step  1270/1500 | dpo 0.4576 | pref-acc 0.806 | mle    nan | margin +6.02 | lr 6.29e-07 | 1.101M words | ETA 0:03:18
2026-07-12 14:11:30 | [0:18:23] step  1280/1500 | dpo 0.5215 | pref-acc 0.787 | mle    nan | margin +4.31 | lr 5.77e-07 | 1.107M words | ETA 0:03:09
2026-07-12 14:11:37 | [0:18:29] step  1290/1500 | dpo 0.5587 | pref-acc 0.812 | mle    nan | margin +4.03 | lr 5.26e-07 | 1.112M words | ETA 0:03:00
2026-07-12 14:11:43 | [0:18:36] step  1300/1500 | dpo 0.5193 | pref-acc 0.794 | mle    nan | margin +5.08 | lr 4.78e-07 | 1.117M words | ETA 0:02:51
2026-07-12 14:11:49 | [0:18:42] step  1310/1500 | dpo 0.5893 | pref-acc 0.744 | mle  2.716 | margin +2.65 | lr 4.32e-07 | 1.122M words | ETA 0:02:42
2026-07-12 14:11:57 | [0:18:50] step  1320/1500 | dpo 0.4309 | pref-acc 0.831 | mle  2.366 | margin +6.68 | lr 3.89e-07 | 1.130M words | ETA 0:02:34
2026-07-12 14:12:08 | [0:19:01] step  1330/1500 | dpo 0.5499 | pref-acc 0.744 | mle  2.335 | margin +4.53 | lr 3.47e-07 | 1.142M words | ETA 0:02:25
2026-07-12 14:12:17 | [0:19:10] step  1340/1500 | dpo 0.5657 | pref-acc 0.825 | mle  2.895 | margin +3.30 | lr 3.08e-07 | 1.151M words | ETA 0:02:17
2026-07-12 14:12:25 | [0:19:18] step  1350/1500 | dpo 0.5048 | pref-acc 0.756 | mle    nan | margin +4.57 | lr 2.71e-07 | 1.159M words | ETA 0:02:08
2026-07-12 14:12:35 | [0:19:27] step  1360/1500 | dpo 0.5055 | pref-acc 0.838 | mle  2.683 | margin +4.84 | lr 2.36e-07 | 1.169M words | ETA 0:02:00
2026-07-12 14:12:42 | [0:19:35] step  1370/1500 | dpo 0.5320 | pref-acc 0.838 | mle    nan | margin +4.32 | lr 2.04e-07 | 1.176M words | ETA 0:01:51
2026-07-12 14:12:51 | [0:19:44] step  1380/1500 | dpo 0.5127 | pref-acc 0.806 | mle  2.662 | margin +4.34 | lr 1.74e-07 | 1.186M words | ETA 0:01:43
2026-07-12 14:13:00 | [0:19:53] step  1390/1500 | dpo 0.5271 | pref-acc 0.838 | mle  2.892 | margin +4.33 | lr 1.46e-07 | 1.195M words | ETA 0:01:34
2026-07-12 14:13:08 | [0:20:01] step  1400/1500 | dpo 0.5010 | pref-acc 0.812 | mle  2.817 | margin +4.81 | lr 1.21e-07 | 1.202M words | ETA 0:01:25
2026-07-12 14:13:15 | [0:20:08] step  1410/1500 | dpo 0.4875 | pref-acc 0.794 | mle    nan | margin +5.43 | lr 9.81e-08 | 1.209M words | ETA 0:01:17
2026-07-12 14:13:24 | [0:20:16] step  1420/1500 | dpo 0.4982 | pref-acc 0.800 | mle  2.931 | margin +5.01 | lr 7.76e-08 | 1.218M words | ETA 0:01:08
2026-07-12 14:13:33 | [0:20:26] step  1430/1500 | dpo 0.5379 | pref-acc 0.825 | mle  2.725 | margin +4.06 | lr 5.94e-08 | 1.228M words | ETA 0:01:00
2026-07-12 14:13:39 | [0:20:32] step  1440/1500 | dpo 0.5007 | pref-acc 0.800 | mle  2.536 | margin +4.75 | lr 4.37e-08 | 1.233M words | ETA 0:00:51
2026-07-12 14:13:49 | [0:20:41] step  1450/1500 | dpo 0.5155 | pref-acc 0.838 | mle  2.827 | margin +4.69 | lr 3.03e-08 | 1.243M words | ETA 0:00:42
2026-07-12 14:13:55 | [0:20:48] step  1460/1500 | dpo 0.6261 | pref-acc 0.794 | mle    nan | margin +2.20 | lr 1.94e-08 | 1.248M words | ETA 0:00:34
2026-07-12 14:14:03 | [0:20:56] step  1470/1500 | dpo 0.5548 | pref-acc 0.825 | mle  2.214 | margin +3.49 | lr 1.09e-08 | 1.255M words | ETA 0:00:25
2026-07-12 14:14:11 | [0:21:03] step  1480/1500 | dpo 0.5589 | pref-acc 0.787 | mle  2.326 | margin +3.33 | lr 4.86e-09 | 1.263M words | ETA 0:00:17
2026-07-12 14:14:19 | [0:21:11] step  1490/1500 | dpo 0.5198 | pref-acc 0.769 | mle    nan | margin +4.72 | lr 1.22e-09 | 1.270M words | ETA 0:00:08
2026-07-12 14:14:26 | [0:21:18] step  1500/1500 | dpo 0.5370 | pref-acc 0.794 | mle    nan | margin +4.29 | lr 0.00e+00 | 1.277M words | ETA 0:00:00
2026-07-12 14:14:26 |   >> saved chck_dpo_1500
2026-07-12 14:14:26 | DONE: 1500 steps | 1.277M words seen (phase) | 0:21:19 | saved /Users/admin1/Downloads/babylm-eval/checkpoints/gptbert_small_dpo_from30M/final
