2026-07-05 22:42:42 | === MP-DPO 'gptbert_small_dpo_fromfinal' | device=mps ===
2026-07-05 22:42:42 | init=/Users/admin1/Downloads/babylm-eval/checkpoints/gptbert_small_v1/final
2026-07-05 22:42:42 | ref =/Users/admin1/Downloads/babylm-eval/checkpoints/gptbert_small_v1/final (frozen)
2026-07-05 22:42:42 | steps=1500 pairs/step=16 beta=0.1 lr=1e-05 mle_mix=0.5@1.0 | ckpt every 250
2026-07-05 22:42:44 | [0:00:01] step     1/1500 | dpo 0.6753 | pref-acc 0.438 | mle    nan | margin +0.54 | lr 1.33e-07 | 0.000M words | ETA 0:37:24
2026-07-05 22:42:51 | [0:00:08] step    10/1500 | dpo 0.6866 | pref-acc 0.431 | mle    nan | margin +0.22 | lr 1.33e-06 | 0.006M words | ETA 0:21:45
2026-07-05 22:43:00 | [0:00:17] step    20/1500 | dpo 0.7314 | pref-acc 0.512 | mle  1.825 | margin -0.49 | lr 2.67e-06 | 0.015M words | ETA 0:21:15
2026-07-05 22:43:09 | [0:00:26] step    30/1500 | dpo 0.6905 | pref-acc 0.438 | mle  1.751 | margin +0.13 | lr 4.00e-06 | 0.025M words | ETA 0:21:39
2026-07-05 22:43:17 | [0:00:34] step    40/1500 | dpo 0.7274 | pref-acc 0.494 | mle  2.736 | margin -0.53 | lr 5.33e-06 | 0.033M words | ETA 0:20:58
2026-07-05 22:43:26 | [0:00:44] step    50/1500 | dpo 0.7260 | pref-acc 0.463 | mle    nan | margin -0.47 | lr 6.67e-06 | 0.043M words | ETA 0:21:17
2026-07-05 22:43:37 | [0:00:54] step    60/1500 | dpo 0.6820 | pref-acc 0.438 | mle  2.515 | margin +0.44 | lr 8.00e-06 | 0.055M words | ETA 0:21:42
2026-07-05 22:43:47 | [0:01:04] step    70/1500 | dpo 0.7206 | pref-acc 0.512 | mle  2.109 | margin -0.44 | lr 9.33e-06 | 0.066M words | ETA 0:21:57
2026-07-05 22:43:55 | [0:01:12] step    80/1500 | dpo 0.6733 | pref-acc 0.575 | mle    nan | margin +0.57 | lr 1.00e-05 | 0.074M words | ETA 0:21:24
2026-07-05 22:44:02 | [0:01:20] step    90/1500 | dpo 0.7029 | pref-acc 0.550 | mle  2.029 | margin -0.12 | lr 1.00e-05 | 0.081M words | ETA 0:20:55
2026-07-05 22:44:13 | [0:01:31] step   100/1500 | dpo 0.6843 | pref-acc 0.594 | mle  2.257 | margin +0.28 | lr 9.99e-06 | 0.094M words | ETA 0:21:16
2026-07-05 22:44:22 | [0:01:39] step   110/1500 | dpo 0.6642 | pref-acc 0.519 | mle    nan | margin +0.71 | lr 9.99e-06 | 0.103M words | ETA 0:20:59
2026-07-05 22:44:32 | [0:01:49] step   120/1500 | dpo 0.6591 | pref-acc 0.588 | mle  2.255 | margin +0.84 | lr 9.98e-06 | 0.114M words | ETA 0:21:03
2026-07-05 22:44:42 | [0:01:59] step   130/1500 | dpo 0.6612 | pref-acc 0.606 | mle  2.032 | margin +0.72 | lr 9.96e-06 | 0.124M words | ETA 0:20:56
2026-07-05 22:44:50 | [0:02:07] step   140/1500 | dpo 0.6803 | pref-acc 0.619 | mle    nan | margin +0.47 | lr 9.95e-06 | 0.133M words | ETA 0:20:42
2026-07-05 22:44:58 | [0:02:15] step   150/1500 | dpo 0.6429 | pref-acc 0.631 | mle    nan | margin +1.33 | lr 9.93e-06 | 0.141M words | ETA 0:20:21
2026-07-05 22:45:08 | [0:02:25] step   160/1500 | dpo 0.6290 | pref-acc 0.662 | mle  1.745 | margin +1.66 | lr 9.91e-06 | 0.152M words | ETA 0:20:21
2026-07-05 22:45:15 | [0:02:32] step   170/1500 | dpo 0.5705 | pref-acc 0.781 | mle  2.143 | margin +3.29 | lr 9.89e-06 | 0.158M words | ETA 0:19:56
2026-07-05 22:45:24 | [0:02:41] step   180/1500 | dpo 0.5878 | pref-acc 0.588 | mle    nan | margin +2.53 | lr 9.87e-06 | 0.167M words | ETA 0:19:44
2026-07-05 22:45:34 | [0:02:51] step   190/1500 | dpo 0.5553 | pref-acc 0.662 | mle  1.822 | margin +3.21 | lr 9.84e-06 | 0.179M words | ETA 0:19:45
2026-07-05 22:45:41 | [0:02:58] step   200/1500 | dpo 0.6250 | pref-acc 0.688 | mle    nan | margin +1.60 | lr 9.81e-06 | 0.184M words | ETA 0:19:18
2026-07-05 22:45:50 | [0:03:07] step   210/1500 | dpo 0.5792 | pref-acc 0.650 | mle    nan | margin +2.96 | lr 9.78e-06 | 0.194M words | ETA 0:19:13
2026-07-05 22:45:59 | [0:03:17] step   220/1500 | dpo 0.6424 | pref-acc 0.700 | mle  1.752 | margin +1.12 | lr 9.75e-06 | 0.204M words | ETA 0:19:07
2026-07-05 22:46:07 | [0:03:25] step   230/1500 | dpo 0.5911 | pref-acc 0.681 | mle  2.110 | margin +2.36 | lr 9.71e-06 | 0.212M words | ETA 0:18:52
2026-07-05 22:46:17 | [0:03:34] step   240/1500 | dpo 0.6431 | pref-acc 0.750 | mle  2.603 | margin +1.28 | lr 9.67e-06 | 0.222M words | ETA 0:18:45
2026-07-05 22:46:26 | [0:03:43] step   250/1500 | dpo 0.6434 | pref-acc 0.681 | mle  2.185 | margin +1.42 | lr 9.63e-06 | 0.232M words | ETA 0:18:39
2026-07-05 22:46:26 |   >> saved chck_dpo_250
2026-07-05 22:46:34 | [0:03:52] step   260/1500 | dpo 0.5696 | pref-acc 0.675 | mle    nan | margin +2.96 | lr 9.59e-06 | 0.239M words | ETA 0:18:26
2026-07-05 22:46:43 | [0:04:00] step   270/1500 | dpo 0.5876 | pref-acc 0.762 | mle    nan | margin +2.90 | lr 9.55e-06 | 0.248M words | ETA 0:18:16
2026-07-05 22:46:50 | [0:04:07] step   280/1500 | dpo 0.5998 | pref-acc 0.744 | mle  2.247 | margin +2.19 | lr 9.50e-06 | 0.255M words | ETA 0:17:58
2026-07-05 22:46:59 | [0:04:16] step   290/1500 | dpo 0.6404 | pref-acc 0.769 | mle  2.305 | margin +1.63 | lr 9.45e-06 | 0.263M words | ETA 0:17:49
2026-07-05 22:47:08 | [0:04:25] step   300/1500 | dpo 0.6774 | pref-acc 0.706 | mle  3.070 | margin +0.96 | lr 9.40e-06 | 0.273M words | ETA 0:17:41
2026-07-05 22:47:15 | [0:04:32] step   310/1500 | dpo 0.5947 | pref-acc 0.750 | mle    nan | margin +2.43 | lr 9.34e-06 | 0.280M words | ETA 0:17:25
2026-07-05 22:47:22 | [0:04:40] step   320/1500 | dpo 0.5495 | pref-acc 0.806 | mle    nan | margin +4.35 | lr 9.29e-06 | 0.287M words | ETA 0:17:13
2026-07-05 22:47:30 | [0:04:47] step   330/1500 | dpo 0.6340 | pref-acc 0.781 | mle    nan | margin +1.76 | lr 9.23e-06 | 0.294M words | ETA 0:16:58
2026-07-05 22:47:35 | [0:04:52] step   340/1500 | dpo 0.5655 | pref-acc 0.756 | mle    nan | margin +3.15 | lr 9.17e-06 | 0.297M words | ETA 0:16:38
2026-07-05 22:47:44 | [0:05:02] step   350/1500 | dpo 0.5800 | pref-acc 0.838 | mle  1.535 | margin +2.79 | lr 9.11e-06 | 0.307M words | ETA 0:16:32
2026-07-05 22:47:54 | [0:05:11] step   360/1500 | dpo 0.6722 | pref-acc 0.750 | mle  2.266 | margin +1.05 | lr 9.05e-06 | 0.318M words | ETA 0:16:26
2026-07-05 22:48:02 | [0:05:19] step   370/1500 | dpo 0.5650 | pref-acc 0.781 | mle  2.153 | margin +2.94 | lr 8.98e-06 | 0.325M words | ETA 0:16:15
2026-07-05 22:48:09 | [0:05:27] step   380/1500 | dpo 0.6133 | pref-acc 0.781 | mle    nan | margin +1.86 | lr 8.91e-06 | 0.333M words | ETA 0:16:03
2026-07-05 22:48:17 | [0:05:34] step   390/1500 | dpo 0.5911 | pref-acc 0.713 | mle    nan | margin +2.53 | lr 8.84e-06 | 0.341M words | ETA 0:15:53
2026-07-05 22:48:25 | [0:05:42] step   400/1500 | dpo 0.4959 | pref-acc 0.787 | mle  2.159 | margin +4.98 | lr 8.77e-06 | 0.348M words | ETA 0:15:42
2026-07-05 22:48:34 | [0:05:51] step   410/1500 | dpo 0.5801 | pref-acc 0.756 | mle    nan | margin +2.73 | lr 8.70e-06 | 0.357M words | ETA 0:15:34
2026-07-05 22:48:42 | [0:05:59] step   420/1500 | dpo 0.5375 | pref-acc 0.769 | mle    nan | margin +3.96 | lr 8.62e-06 | 0.366M words | ETA 0:15:25
2026-07-05 22:48:51 | [0:06:08] step   430/1500 | dpo 0.4888 | pref-acc 0.794 | mle    nan | margin +5.04 | lr 8.55e-06 | 0.374M words | ETA 0:15:16
2026-07-05 22:48:59 | [0:06:16] step   440/1500 | dpo 0.6392 | pref-acc 0.738 | mle    nan | margin +1.39 | lr 8.47e-06 | 0.383M words | ETA 0:15:08
2026-07-05 22:49:06 | [0:06:23] step   450/1500 | dpo 0.5939 | pref-acc 0.681 | mle  2.349 | margin +2.55 | lr 8.39e-06 | 0.390M words | ETA 0:14:55
2026-07-05 22:49:15 | [0:06:33] step   460/1500 | dpo 0.5679 | pref-acc 0.738 | mle  2.494 | margin +3.02 | lr 8.30e-06 | 0.400M words | ETA 0:14:48
2026-07-05 22:49:21 | [0:06:38] step   470/1500 | dpo 0.6436 | pref-acc 0.681 | mle    nan | margin +1.30 | lr 8.22e-06 | 0.404M words | ETA 0:14:33
2026-07-05 22:49:27 | [0:06:44] step   480/1500 | dpo 0.5809 | pref-acc 0.756 | mle  1.772 | margin +2.96 | lr 8.14e-06 | 0.409M words | ETA 0:14:20
2026-07-05 22:49:35 | [0:06:52] step   490/1500 | dpo 0.5627 | pref-acc 0.781 | mle    nan | margin +3.33 | lr 8.05e-06 | 0.416M words | ETA 0:14:10
2026-07-05 22:49:44 | [0:07:01] step   500/1500 | dpo 0.4768 | pref-acc 0.794 | mle    nan | margin +5.94 | lr 7.96e-06 | 0.425M words | ETA 0:14:02
2026-07-05 22:49:44 |   >> saved chck_dpo_500
2026-07-05 22:49:53 | [0:07:11] step   510/1500 | dpo 0.5464 | pref-acc 0.812 | mle    nan | margin +3.73 | lr 7.87e-06 | 0.435M words | ETA 0:13:57
2026-07-05 22:50:01 | [0:07:19] step   520/1500 | dpo 0.5544 | pref-acc 0.800 | mle    nan | margin +3.40 | lr 7.78e-06 | 0.443M words | ETA 0:13:47
2026-07-05 22:50:11 | [0:07:28] step   530/1500 | dpo 0.5782 | pref-acc 0.769 | mle  2.329 | margin +2.82 | lr 7.69e-06 | 0.453M words | ETA 0:13:40
2026-07-05 22:50:19 | [0:07:37] step   540/1500 | dpo 0.5873 | pref-acc 0.738 | mle    nan | margin +2.66 | lr 7.59e-06 | 0.462M words | ETA 0:13:32
2026-07-05 22:50:27 | [0:07:44] step   550/1500 | dpo 0.5237 | pref-acc 0.806 | mle    nan | margin +4.17 | lr 7.50e-06 | 0.469M words | ETA 0:13:23
2026-07-05 22:50:37 | [0:07:54] step   560/1500 | dpo 0.5451 | pref-acc 0.806 | mle  2.052 | margin +3.94 | lr 7.40e-06 | 0.479M words | ETA 0:13:16
2026-07-05 22:50:45 | [0:08:02] step   570/1500 | dpo 0.5543 | pref-acc 0.762 | mle  1.973 | margin +3.84 | lr 7.31e-06 | 0.488M words | ETA 0:13:08
2026-07-05 22:50:56 | [0:08:13] step   580/1500 | dpo 0.5171 | pref-acc 0.762 | mle  2.016 | margin +5.10 | lr 7.21e-06 | 0.501M words | ETA 0:13:03
2026-07-05 22:51:05 | [0:08:22] step   590/1500 | dpo 0.5890 | pref-acc 0.781 | mle  2.113 | margin +2.80 | lr 7.11e-06 | 0.510M words | ETA 0:12:54
2026-07-05 22:51:12 | [0:08:29] step   600/1500 | dpo 0.4961 | pref-acc 0.775 | mle    nan | margin +5.17 | lr 7.01e-06 | 0.517M words | ETA 0:12:44
2026-07-05 22:51:22 | [0:08:39] step   610/1500 | dpo 0.4842 | pref-acc 0.812 | mle  2.474 | margin +5.03 | lr 6.91e-06 | 0.527M words | ETA 0:12:37
2026-07-05 22:51:32 | [0:08:49] step   620/1500 | dpo 0.6328 | pref-acc 0.700 | mle  1.903 | margin +2.54 | lr 6.80e-06 | 0.539M words | ETA 0:12:31
2026-07-05 22:51:41 | [0:08:58] step   630/1500 | dpo 0.5132 | pref-acc 0.731 | mle    nan | margin +4.89 | lr 6.70e-06 | 0.549M words | ETA 0:12:24
2026-07-05 22:51:49 | [0:09:06] step   640/1500 | dpo 0.5798 | pref-acc 0.794 | mle    nan | margin +2.66 | lr 6.60e-06 | 0.556M words | ETA 0:12:14
2026-07-05 22:51:58 | [0:09:15] step   650/1500 | dpo 0.5884 | pref-acc 0.787 | mle    nan | margin +2.93 | lr 6.49e-06 | 0.565M words | ETA 0:12:06
2026-07-05 22:52:07 | [0:09:24] step   660/1500 | dpo 0.5070 | pref-acc 0.794 | mle    nan | margin +4.92 | lr 6.39e-06 | 0.575M words | ETA 0:11:58
2026-07-05 22:52:17 | [0:09:34] step   670/1500 | dpo 0.5196 | pref-acc 0.794 | mle    nan | margin +4.44 | lr 6.28e-06 | 0.585M words | ETA 0:11:51
2026-07-05 22:52:25 | [0:09:42] step   680/1500 | dpo 0.6289 | pref-acc 0.825 | mle  2.469 | margin +1.97 | lr 6.17e-06 | 0.593M words | ETA 0:11:42
2026-07-05 22:52:33 | [0:09:50] step   690/1500 | dpo 0.5137 | pref-acc 0.787 | mle    nan | margin +5.40 | lr 6.07e-06 | 0.602M words | ETA 0:11:33
2026-07-05 22:52:41 | [0:09:58] step   700/1500 | dpo 0.5155 | pref-acc 0.819 | mle    nan | margin +4.27 | lr 5.96e-06 | 0.610M words | ETA 0:11:24
2026-07-05 22:52:50 | [0:10:07] step   710/1500 | dpo 0.5814 | pref-acc 0.812 | mle    nan | margin +3.25 | lr 5.85e-06 | 0.618M words | ETA 0:11:16
2026-07-05 22:52:57 | [0:10:15] step   720/1500 | dpo 0.5360 | pref-acc 0.812 | mle    nan | margin +5.08 | lr 5.74e-06 | 0.625M words | ETA 0:11:06
2026-07-05 22:53:05 | [0:10:22] step   730/1500 | dpo 0.4998 | pref-acc 0.825 | mle    nan | margin +5.39 | lr 5.63e-06 | 0.631M words | ETA 0:10:56
2026-07-05 22:53:14 | [0:10:31] step   740/1500 | dpo 0.4254 | pref-acc 0.756 | mle    nan | margin +7.12 | lr 5.52e-06 | 0.640M words | ETA 0:10:48
2026-07-05 22:53:23 | [0:10:40] step   750/1500 | dpo 0.5722 | pref-acc 0.775 | mle  2.479 | margin +3.11 | lr 5.41e-06 | 0.650M words | ETA 0:10:40
2026-07-05 22:53:23 |   >> saved chck_dpo_750
2026-07-05 22:53:32 | [0:10:49] step   760/1500 | dpo 0.6231 | pref-acc 0.806 | mle    nan | margin +2.15 | lr 5.30e-06 | 0.659M words | ETA 0:10:32
2026-07-05 22:53:42 | [0:11:00] step   770/1500 | dpo 0.5518 | pref-acc 0.794 | mle  2.088 | margin +3.77 | lr 5.19e-06 | 0.670M words | ETA 0:10:25
2026-07-05 22:53:53 | [0:11:10] step   780/1500 | dpo 0.5515 | pref-acc 0.825 | mle  2.426 | margin +3.90 | lr 5.08e-06 | 0.681M words | ETA 0:10:18
2026-07-05 22:53:59 | [0:11:16] step   790/1500 | dpo 0.5011 | pref-acc 0.769 | mle  2.283 | margin +4.73 | lr 4.97e-06 | 0.686M words | ETA 0:10:08
2026-07-05 22:54:06 | [0:11:23] step   800/1500 | dpo 0.4307 | pref-acc 0.794 | mle    nan | margin +8.02 | lr 4.86e-06 | 0.692M words | ETA 0:09:58
2026-07-05 22:54:13 | [0:11:30] step   810/1500 | dpo 0.5976 | pref-acc 0.812 | mle    nan | margin +2.46 | lr 4.75e-06 | 0.699M words | ETA 0:09:48
2026-07-05 22:54:22 | [0:11:39] step   820/1500 | dpo 0.5158 | pref-acc 0.794 | mle    nan | margin +5.05 | lr 4.64e-06 | 0.708M words | ETA 0:09:40
2026-07-05 22:54:30 | [0:11:48] step   830/1500 | dpo 0.5016 | pref-acc 0.875 | mle    nan | margin +4.78 | lr 4.53e-06 | 0.716M words | ETA 0:09:31
2026-07-05 22:54:40 | [0:11:57] step   840/1500 | dpo 0.6125 | pref-acc 0.825 | mle  2.485 | margin +2.42 | lr 4.42e-06 | 0.726M words | ETA 0:09:23
2026-07-05 22:54:48 | [0:12:05] step   850/1500 | dpo 0.5530 | pref-acc 0.819 | mle  2.257 | margin +3.44 | lr 4.31e-06 | 0.734M words | ETA 0:09:14
2026-07-05 22:54:58 | [0:12:15] step   860/1500 | dpo 0.5081 | pref-acc 0.844 | mle  3.906 | margin +5.56 | lr 4.20e-06 | 0.744M words | ETA 0:09:07
2026-07-05 22:55:05 | [0:12:23] step   870/1500 | dpo 0.4806 | pref-acc 0.775 | mle  2.450 | margin +5.76 | lr 4.10e-06 | 0.751M words | ETA 0:08:58
2026-07-05 22:55:15 | [0:12:33] step   880/1500 | dpo 0.4500 | pref-acc 0.831 | mle  1.644 | margin +6.55 | lr 3.99e-06 | 0.763M words | ETA 0:08:50
2026-07-05 22:55:25 | [0:12:42] step   890/1500 | dpo 0.5241 | pref-acc 0.800 | mle  2.306 | margin +4.65 | lr 3.88e-06 | 0.773M words | ETA 0:08:42
2026-07-05 22:55:33 | [0:12:51] step   900/1500 | dpo 0.5299 | pref-acc 0.838 | mle    nan | margin +4.03 | lr 3.77e-06 | 0.781M words | ETA 0:08:34
2026-07-05 22:55:44 | [0:13:01] step   910/1500 | dpo 0.4871 | pref-acc 0.806 | mle    nan | margin +5.66 | lr 3.67e-06 | 0.792M words | ETA 0:08:26
2026-07-05 22:55:53 | [0:13:10] step   920/1500 | dpo 0.4622 | pref-acc 0.838 | mle  2.292 | margin +6.00 | lr 3.56e-06 | 0.803M words | ETA 0:08:18
2026-07-05 22:56:02 | [0:13:19] step   930/1500 | dpo 0.5036 | pref-acc 0.769 | mle    nan | margin +4.67 | lr 3.45e-06 | 0.811M words | ETA 0:08:09
2026-07-05 22:56:09 | [0:13:27] step   940/1500 | dpo 0.4258 | pref-acc 0.831 | mle    nan | margin +7.35 | lr 3.35e-06 | 0.819M words | ETA 0:08:00
2026-07-05 22:56:18 | [0:13:35] step   950/1500 | dpo 0.4679 | pref-acc 0.781 | mle    nan | margin +6.17 | lr 3.25e-06 | 0.827M words | ETA 0:07:52
2026-07-05 22:56:27 | [0:13:44] step   960/1500 | dpo 0.5101 | pref-acc 0.800 | mle    nan | margin +4.37 | lr 3.14e-06 | 0.836M words | ETA 0:07:43
2026-07-05 22:56:34 | [0:13:52] step   970/1500 | dpo 0.4759 | pref-acc 0.762 | mle  2.413 | margin +5.50 | lr 3.04e-06 | 0.844M words | ETA 0:07:34
2026-07-05 22:56:43 | [0:14:00] step   980/1500 | dpo 0.5192 | pref-acc 0.800 | mle  2.164 | margin +4.53 | lr 2.94e-06 | 0.853M words | ETA 0:07:25
2026-07-05 22:56:50 | [0:14:07] step   990/1500 | dpo 0.4673 | pref-acc 0.856 | mle    nan | margin +5.64 | lr 2.84e-06 | 0.859M words | ETA 0:07:16
2026-07-05 22:56:58 | [0:14:15] step  1000/1500 | dpo 0.4570 | pref-acc 0.856 | mle    nan | margin +6.21 | lr 2.74e-06 | 0.867M words | ETA 0:07:07
2026-07-05 22:56:58 |   >> saved chck_dpo_1000
2026-07-05 22:57:06 | [0:14:24] step  1010/1500 | dpo 0.4637 | pref-acc 0.756 | mle  1.842 | margin +6.70 | lr 2.64e-06 | 0.876M words | ETA 0:06:59
2026-07-05 22:57:14 | [0:14:31] step  1020/1500 | dpo 0.4140 | pref-acc 0.825 | mle    nan | margin +7.45 | lr 2.55e-06 | 0.883M words | ETA 0:06:50
2026-07-05 22:57:23 | [0:14:41] step  1030/1500 | dpo 0.6041 | pref-acc 0.744 | mle    nan | margin +2.53 | lr 2.45e-06 | 0.893M words | ETA 0:06:42
2026-07-05 22:57:31 | [0:14:48] step  1040/1500 | dpo 0.5552 | pref-acc 0.738 | mle  2.366 | margin +3.96 | lr 2.36e-06 | 0.901M words | ETA 0:06:33
2026-07-05 22:57:41 | [0:14:58] step  1050/1500 | dpo 0.5450 | pref-acc 0.787 | mle    nan | margin +4.57 | lr 2.27e-06 | 0.911M words | ETA 0:06:24
2026-07-05 22:57:51 | [0:15:08] step  1060/1500 | dpo 0.4654 | pref-acc 0.787 | mle  2.060 | margin +6.20 | lr 2.17e-06 | 0.922M words | ETA 0:06:17
2026-07-05 22:57:58 | [0:15:15] step  1070/1500 | dpo 0.5086 | pref-acc 0.806 | mle    nan | margin +4.86 | lr 2.08e-06 | 0.928M words | ETA 0:06:07
2026-07-05 22:58:07 | [0:15:24] step  1080/1500 | dpo 0.4511 | pref-acc 0.812 | mle  2.192 | margin +6.76 | lr 1.99e-06 | 0.939M words | ETA 0:05:59
2026-07-05 22:58:14 | [0:15:31] step  1090/1500 | dpo 0.5556 | pref-acc 0.838 | mle    nan | margin +4.21 | lr 1.91e-06 | 0.945M words | ETA 0:05:50
2026-07-05 22:58:22 | [0:15:39] step  1100/1500 | dpo 0.4828 | pref-acc 0.806 | mle  2.494 | margin +5.54 | lr 1.82e-06 | 0.953M words | ETA 0:05:41
2026-07-05 22:58:31 | [0:15:48] step  1110/1500 | dpo 0.5120 | pref-acc 0.750 | mle    nan | margin +4.87 | lr 1.74e-06 | 0.963M words | ETA 0:05:33
2026-07-05 22:58:40 | [0:15:58] step  1120/1500 | dpo 0.4683 | pref-acc 0.806 | mle  3.187 | margin +6.06 | lr 1.65e-06 | 0.973M words | ETA 0:05:25
2026-07-05 22:58:49 | [0:16:06] step  1130/1500 | dpo 0.4839 | pref-acc 0.812 | mle  2.410 | margin +5.90 | lr 1.57e-06 | 0.982M words | ETA 0:05:16
2026-07-05 22:58:57 | [0:16:14] step  1140/1500 | dpo 0.5005 | pref-acc 0.819 | mle  1.993 | margin +4.80 | lr 1.49e-06 | 0.989M words | ETA 0:05:07
2026-07-05 22:59:05 | [0:16:22] step  1150/1500 | dpo 0.5274 | pref-acc 0.819 | mle  2.306 | margin +4.62 | lr 1.42e-06 | 0.998M words | ETA 0:04:59
2026-07-05 22:59:12 | [0:16:29] step  1160/1500 | dpo 0.6075 | pref-acc 0.775 | mle    nan | margin +3.45 | lr 1.34e-06 | 1.005M words | ETA 0:04:50
2026-07-05 22:59:21 | [0:16:38] step  1170/1500 | dpo 0.4816 | pref-acc 0.844 | mle  2.363 | margin +5.03 | lr 1.27e-06 | 1.013M words | ETA 0:04:41
2026-07-05 22:59:28 | [0:16:45] step  1180/1500 | dpo 0.4995 | pref-acc 0.850 | mle  2.098 | margin +5.27 | lr 1.19e-06 | 1.020M words | ETA 0:04:32
2026-07-05 22:59:36 | [0:16:53] step  1190/1500 | dpo 0.5186 | pref-acc 0.794 | mle  2.412 | margin +5.42 | lr 1.12e-06 | 1.028M words | ETA 0:04:23
2026-07-05 22:59:44 | [0:17:01] step  1200/1500 | dpo 0.4653 | pref-acc 0.844 | mle    nan | margin +6.47 | lr 1.05e-06 | 1.036M words | ETA 0:04:15
2026-07-05 22:59:51 | [0:17:08] step  1210/1500 | dpo 0.5297 | pref-acc 0.819 | mle    nan | margin +4.10 | lr 9.88e-07 | 1.042M words | ETA 0:04:06
2026-07-05 23:00:03 | [0:17:20] step  1220/1500 | dpo 0.5605 | pref-acc 0.819 | mle  2.166 | margin +3.73 | lr 9.23e-07 | 1.056M words | ETA 0:03:58
2026-07-05 23:00:12 | [0:17:29] step  1230/1500 | dpo 0.4285 | pref-acc 0.875 | mle    nan | margin +7.20 | lr 8.60e-07 | 1.066M words | ETA 0:03:50
2026-07-05 23:00:22 | [0:17:39] step  1240/1500 | dpo 0.6684 | pref-acc 0.725 | mle    nan | margin +2.62 | lr 7.99e-07 | 1.078M words | ETA 0:03:42
2026-07-05 23:00:30 | [0:17:47] step  1250/1500 | dpo 0.4512 | pref-acc 0.825 | mle  2.254 | margin +6.54 | lr 7.40e-07 | 1.085M words | ETA 0:03:33
2026-07-05 23:00:30 |   >> saved chck_dpo_1250
2026-07-05 23:00:39 | [0:17:56] step  1260/1500 | dpo 0.5437 | pref-acc 0.819 | mle    nan | margin +3.69 | lr 6.84e-07 | 1.094M words | ETA 0:03:24
2026-07-05 23:00:46 | [0:18:04] step  1270/1500 | dpo 0.4578 | pref-acc 0.812 | mle    nan | margin +5.96 | lr 6.29e-07 | 1.101M words | ETA 0:03:16
2026-07-05 23:00:53 | [0:18:10] step  1280/1500 | dpo 0.4879 | pref-acc 0.787 | mle    nan | margin +5.51 | lr 5.77e-07 | 1.107M words | ETA 0:03:07
2026-07-05 23:00:59 | [0:18:17] step  1290/1500 | dpo 0.5234 | pref-acc 0.812 | mle    nan | margin +5.05 | lr 5.26e-07 | 1.112M words | ETA 0:02:58
2026-07-05 23:01:06 | [0:18:23] step  1300/1500 | dpo 0.4323 | pref-acc 0.838 | mle    nan | margin +7.03 | lr 4.78e-07 | 1.117M words | ETA 0:02:49
2026-07-05 23:01:12 | [0:18:29] step  1310/1500 | dpo 0.5558 | pref-acc 0.769 | mle  2.243 | margin +3.79 | lr 4.32e-07 | 1.122M words | ETA 0:02:40
2026-07-05 23:01:20 | [0:18:37] step  1320/1500 | dpo 0.4284 | pref-acc 0.762 | mle  1.897 | margin +7.33 | lr 3.89e-07 | 1.130M words | ETA 0:02:32
2026-07-05 23:01:30 | [0:18:47] step  1330/1500 | dpo 0.5085 | pref-acc 0.762 | mle  1.864 | margin +5.02 | lr 3.47e-07 | 1.142M words | ETA 0:02:24
2026-07-05 23:01:39 | [0:18:56] step  1340/1500 | dpo 0.5623 | pref-acc 0.800 | mle  2.477 | margin +3.70 | lr 3.08e-07 | 1.151M words | ETA 0:02:15
2026-07-05 23:01:47 | [0:19:04] step  1350/1500 | dpo 0.5472 | pref-acc 0.806 | mle    nan | margin +3.86 | lr 2.71e-07 | 1.159M words | ETA 0:02:07
2026-07-05 23:01:56 | [0:19:13] step  1360/1500 | dpo 0.5213 | pref-acc 0.806 | mle  2.237 | margin +5.11 | lr 2.36e-07 | 1.169M words | ETA 0:01:58
2026-07-05 23:02:03 | [0:19:20] step  1370/1500 | dpo 0.5023 | pref-acc 0.819 | mle    nan | margin +5.20 | lr 2.04e-07 | 1.176M words | ETA 0:01:50
2026-07-05 23:02:12 | [0:19:30] step  1380/1500 | dpo 0.4625 | pref-acc 0.775 | mle  2.200 | margin +6.30 | lr 1.74e-07 | 1.186M words | ETA 0:01:41
2026-07-05 23:02:21 | [0:19:38] step  1390/1500 | dpo 0.4679 | pref-acc 0.819 | mle  2.369 | margin +5.60 | lr 1.46e-07 | 1.195M words | ETA 0:01:33
2026-07-05 23:02:29 | [0:19:46] step  1400/1500 | dpo 0.4291 | pref-acc 0.844 | mle  2.388 | margin +6.88 | lr 1.21e-07 | 1.202M words | ETA 0:01:24
2026-07-05 23:02:36 | [0:19:53] step  1410/1500 | dpo 0.4538 | pref-acc 0.775 | mle    nan | margin +7.26 | lr 9.81e-08 | 1.209M words | ETA 0:01:16
2026-07-05 23:02:44 | [0:20:01] step  1420/1500 | dpo 0.4875 | pref-acc 0.831 | mle  2.522 | margin +5.56 | lr 7.76e-08 | 1.218M words | ETA 0:01:07
2026-07-05 23:02:53 | [0:20:11] step  1430/1500 | dpo 0.5327 | pref-acc 0.794 | mle  2.291 | margin +4.47 | lr 5.94e-08 | 1.228M words | ETA 0:00:59
2026-07-05 23:03:00 | [0:20:17] step  1440/1500 | dpo 0.4791 | pref-acc 0.775 | mle  2.087 | margin +5.91 | lr 4.37e-08 | 1.233M words | ETA 0:00:50
2026-07-05 23:03:09 | [0:20:26] step  1450/1500 | dpo 0.5295 | pref-acc 0.831 | mle  2.411 | margin +4.50 | lr 3.03e-08 | 1.243M words | ETA 0:00:42
2026-07-05 23:03:15 | [0:20:33] step  1460/1500 | dpo 0.5860 | pref-acc 0.762 | mle    nan | margin +2.93 | lr 1.94e-08 | 1.248M words | ETA 0:00:33
2026-07-05 23:03:23 | [0:20:40] step  1470/1500 | dpo 0.5590 | pref-acc 0.812 | mle  1.784 | margin +3.74 | lr 1.09e-08 | 1.255M words | ETA 0:00:25
2026-07-05 23:03:31 | [0:20:48] step  1480/1500 | dpo 0.5310 | pref-acc 0.831 | mle  1.914 | margin +4.49 | lr 4.86e-09 | 1.263M words | ETA 0:00:16
2026-07-05 23:03:39 | [0:20:56] step  1490/1500 | dpo 0.5147 | pref-acc 0.781 | mle    nan | margin +4.85 | lr 1.22e-09 | 1.270M words | ETA 0:00:08
2026-07-05 23:03:46 | [0:21:03] step  1500/1500 | dpo 0.6015 | pref-acc 0.787 | mle    nan | margin +3.37 | lr 0.00e+00 | 1.277M words | ETA 0:00:00
2026-07-05 23:03:46 |   >> saved chck_dpo_1500
2026-07-05 23:03:46 | DONE: 1500 steps | 1.277M words seen (phase) | 0:21:04 | saved /Users/admin1/Downloads/babylm-eval/checkpoints/gptbert_small_dpo_fromfinal/final
