2026-07-04 00:43:36 | === MP-DPO 'gptbert_small_dpo_v1' | device=mps ===
2026-07-04 00:43:36 | init=checkpoints/gptbert_small_v1/chck_70M
2026-07-04 00:43:36 | ref =checkpoints/gptbert_small_v1/chck_70M (frozen)
2026-07-04 00:43:36 | steps=1500 pairs/step=16 beta=0.1 lr=1e-05 mle_mix=0.5@1.0 | ckpt every 250
2026-07-04 00:43:38 | [0:00:02] step     1/1500 | dpo 0.6599 | pref-acc 0.500 | mle    nan | margin +0.83 | lr 1.33e-07 | 0.000M words | ETA 0:57:33
2026-07-04 00:43:46 | [0:00:09] step    10/1500 | dpo 0.6830 | pref-acc 0.444 | mle    nan | margin +0.28 | lr 1.33e-06 | 0.006M words | ETA 0:24:40
2026-07-04 00:43:55 | [0:00:18] step    20/1500 | dpo 0.7390 | pref-acc 0.544 | mle  1.879 | margin -0.64 | lr 2.67e-06 | 0.015M words | ETA 0:22:58
2026-07-04 00:44:04 | [0:00:28] step    30/1500 | dpo 0.6754 | pref-acc 0.425 | mle  1.792 | margin +0.43 | lr 4.00e-06 | 0.025M words | ETA 0:22:58
2026-07-04 00:44:12 | [0:00:36] step    40/1500 | dpo 0.7046 | pref-acc 0.506 | mle  2.820 | margin -0.13 | lr 5.33e-06 | 0.033M words | ETA 0:22:00
2026-07-04 00:44:22 | [0:00:45] step    50/1500 | dpo 0.7283 | pref-acc 0.487 | mle    nan | margin -0.56 | lr 6.67e-06 | 0.043M words | ETA 0:22:06
2026-07-04 00:44:33 | [0:00:56] step    60/1500 | dpo 0.6869 | pref-acc 0.450 | mle  2.571 | margin +0.34 | lr 8.00e-06 | 0.055M words | ETA 0:22:39
2026-07-04 00:44:43 | [0:01:07] step    70/1500 | dpo 0.7295 | pref-acc 0.512 | mle  2.144 | margin -0.61 | lr 9.33e-06 | 0.066M words | ETA 0:22:48
2026-07-04 00:44:51 | [0:01:15] step    80/1500 | dpo 0.6690 | pref-acc 0.575 | mle    nan | margin +0.69 | lr 1.00e-05 | 0.074M words | ETA 0:22:12
2026-07-04 00:44:59 | [0:01:23] step    90/1500 | dpo 0.6951 | pref-acc 0.556 | mle  2.074 | margin +0.03 | lr 1.00e-05 | 0.081M words | ETA 0:21:43
2026-07-04 00:45:10 | [0:01:34] step   100/1500 | dpo 0.6889 | pref-acc 0.613 | mle  2.322 | margin +0.22 | lr 9.99e-06 | 0.094M words | ETA 0:22:03
2026-07-04 00:45:19 | [0:01:43] step   110/1500 | dpo 0.6742 | pref-acc 0.531 | mle    nan | margin +0.49 | lr 9.99e-06 | 0.103M words | ETA 0:21:48
2026-07-04 00:45:30 | [0:01:54] step   120/1500 | dpo 0.6409 | pref-acc 0.569 | mle  2.310 | margin +1.19 | lr 9.98e-06 | 0.114M words | ETA 0:21:53
2026-07-04 00:45:40 | [0:02:04] step   130/1500 | dpo 0.6709 | pref-acc 0.594 | mle  2.101 | margin +0.51 | lr 9.96e-06 | 0.124M words | ETA 0:21:47
2026-07-04 00:45:50 | [0:02:13] step   140/1500 | dpo 0.6760 | pref-acc 0.637 | mle    nan | margin +0.52 | lr 9.95e-06 | 0.133M words | ETA 0:21:37
2026-07-04 00:45:58 | [0:02:21] step   150/1500 | dpo 0.6372 | pref-acc 0.631 | mle    nan | margin +1.42 | lr 9.93e-06 | 0.141M words | ETA 0:21:15
2026-07-04 00:46:08 | [0:02:32] step   160/1500 | dpo 0.6379 | pref-acc 0.650 | mle  1.829 | margin +1.47 | lr 9.91e-06 | 0.152M words | ETA 0:21:14
2026-07-04 00:46:16 | [0:02:39] step   170/1500 | dpo 0.5744 | pref-acc 0.769 | mle  2.198 | margin +3.10 | lr 9.89e-06 | 0.158M words | ETA 0:20:48
2026-07-04 00:46:24 | [0:02:48] step   180/1500 | dpo 0.5835 | pref-acc 0.631 | mle    nan | margin +2.63 | lr 9.87e-06 | 0.167M words | ETA 0:20:35
2026-07-04 00:46:35 | [0:02:59] step   190/1500 | dpo 0.5616 | pref-acc 0.675 | mle  1.858 | margin +3.07 | lr 9.84e-06 | 0.179M words | ETA 0:20:34
2026-07-04 00:46:41 | [0:03:05] step   200/1500 | dpo 0.6305 | pref-acc 0.688 | mle    nan | margin +1.47 | lr 9.81e-06 | 0.184M words | ETA 0:20:06
2026-07-04 00:46:51 | [0:03:15] step   210/1500 | dpo 0.5793 | pref-acc 0.656 | mle    nan | margin +2.95 | lr 9.78e-06 | 0.194M words | ETA 0:19:59
2026-07-04 00:47:01 | [0:03:25] step   220/1500 | dpo 0.6552 | pref-acc 0.713 | mle  1.818 | margin +0.88 | lr 9.75e-06 | 0.204M words | ETA 0:19:53
2026-07-04 00:47:09 | [0:03:33] step   230/1500 | dpo 0.5983 | pref-acc 0.688 | mle  2.178 | margin +2.24 | lr 9.71e-06 | 0.212M words | ETA 0:19:37
2026-07-04 00:47:19 | [0:03:43] step   240/1500 | dpo 0.6385 | pref-acc 0.725 | mle  2.646 | margin +1.39 | lr 9.67e-06 | 0.222M words | ETA 0:19:31
2026-07-04 00:47:29 | [0:03:53] step   250/1500 | dpo 0.6463 | pref-acc 0.675 | mle  2.235 | margin +1.31 | lr 9.63e-06 | 0.232M words | ETA 0:19:25
2026-07-04 00:47:29 |   >> saved chck_dpo_250
2026-07-04 00:47:38 | [0:04:01] step   260/1500 | dpo 0.5688 | pref-acc 0.706 | mle    nan | margin +2.93 | lr 9.59e-06 | 0.239M words | ETA 0:19:12
2026-07-04 00:47:47 | [0:04:10] step   270/1500 | dpo 0.5843 | pref-acc 0.756 | mle    nan | margin +3.00 | lr 9.55e-06 | 0.248M words | ETA 0:19:03
2026-07-04 00:47:54 | [0:04:18] step   280/1500 | dpo 0.5960 | pref-acc 0.750 | mle  2.295 | margin +2.21 | lr 9.50e-06 | 0.255M words | ETA 0:18:45
2026-07-04 00:48:03 | [0:04:27] step   290/1500 | dpo 0.6334 | pref-acc 0.756 | mle  2.385 | margin +1.86 | lr 9.45e-06 | 0.263M words | ETA 0:18:35
2026-07-04 00:48:13 | [0:04:36] step   300/1500 | dpo 0.6750 | pref-acc 0.694 | mle  3.105 | margin +1.01 | lr 9.40e-06 | 0.273M words | ETA 0:18:27
2026-07-04 00:48:20 | [0:04:44] step   310/1500 | dpo 0.5950 | pref-acc 0.725 | mle    nan | margin +2.44 | lr 9.34e-06 | 0.280M words | ETA 0:18:10
2026-07-04 00:48:28 | [0:04:52] step   320/1500 | dpo 0.5355 | pref-acc 0.812 | mle    nan | margin +4.57 | lr 9.29e-06 | 0.287M words | ETA 0:17:58
2026-07-04 00:48:36 | [0:04:59] step   330/1500 | dpo 0.6372 | pref-acc 0.762 | mle    nan | margin +1.69 | lr 9.23e-06 | 0.294M words | ETA 0:17:42
2026-07-04 00:48:41 | [0:05:05] step   340/1500 | dpo 0.5587 | pref-acc 0.750 | mle    nan | margin +3.19 | lr 9.17e-06 | 0.297M words | ETA 0:17:22
2026-07-04 00:48:52 | [0:05:15] step   350/1500 | dpo 0.5920 | pref-acc 0.850 | mle  1.580 | margin +2.40 | lr 9.11e-06 | 0.307M words | ETA 0:17:17
2026-07-04 00:49:01 | [0:05:25] step   360/1500 | dpo 0.6486 | pref-acc 0.706 | mle  2.354 | margin +1.59 | lr 9.05e-06 | 0.318M words | ETA 0:17:09
2026-07-04 00:49:09 | [0:05:33] step   370/1500 | dpo 0.5621 | pref-acc 0.781 | mle  2.191 | margin +3.01 | lr 8.98e-06 | 0.325M words | ETA 0:16:57
2026-07-04 00:49:18 | [0:05:41] step   380/1500 | dpo 0.6160 | pref-acc 0.806 | mle    nan | margin +1.72 | lr 8.91e-06 | 0.333M words | ETA 0:16:47
2026-07-04 00:49:26 | [0:05:50] step   390/1500 | dpo 0.5705 | pref-acc 0.731 | mle    nan | margin +3.02 | lr 8.84e-06 | 0.341M words | ETA 0:16:36
2026-07-04 00:49:34 | [0:05:58] step   400/1500 | dpo 0.5185 | pref-acc 0.775 | mle  2.227 | margin +4.47 | lr 8.77e-06 | 0.348M words | ETA 0:16:24
2026-07-04 00:49:43 | [0:06:07] step   410/1500 | dpo 0.5931 | pref-acc 0.769 | mle    nan | margin +2.48 | lr 8.70e-06 | 0.357M words | ETA 0:16:15
2026-07-04 00:49:52 | [0:06:15] step   420/1500 | dpo 0.5321 | pref-acc 0.750 | mle    nan | margin +4.07 | lr 8.62e-06 | 0.366M words | ETA 0:16:06
2026-07-04 00:50:01 | [0:06:24] step   430/1500 | dpo 0.4918 | pref-acc 0.769 | mle    nan | margin +4.90 | lr 8.55e-06 | 0.374M words | ETA 0:15:57
2026-07-04 00:50:10 | [0:06:33] step   440/1500 | dpo 0.6323 | pref-acc 0.731 | mle    nan | margin +1.57 | lr 8.47e-06 | 0.383M words | ETA 0:15:48
2026-07-04 00:50:17 | [0:06:41] step   450/1500 | dpo 0.5934 | pref-acc 0.700 | mle  2.401 | margin +2.43 | lr 8.39e-06 | 0.390M words | ETA 0:15:36
2026-07-04 00:50:27 | [0:06:51] step   460/1500 | dpo 0.5669 | pref-acc 0.750 | mle  2.520 | margin +3.12 | lr 8.30e-06 | 0.400M words | ETA 0:15:29
2026-07-04 00:50:33 | [0:06:56] step   470/1500 | dpo 0.6543 | pref-acc 0.731 | mle    nan | margin +1.06 | lr 8.22e-06 | 0.404M words | ETA 0:15:13
2026-07-04 00:50:40 | [0:07:04] step   480/1500 | dpo 0.5960 | pref-acc 0.775 | mle  1.831 | margin +2.59 | lr 8.14e-06 | 0.409M words | ETA 0:15:01
2026-07-04 00:50:49 | [0:07:13] step   490/1500 | dpo 0.5592 | pref-acc 0.769 | mle    nan | margin +3.32 | lr 8.05e-06 | 0.416M words | ETA 0:14:52
2026-07-04 00:50:58 | [0:07:22] step   500/1500 | dpo 0.4758 | pref-acc 0.787 | mle    nan | margin +5.90 | lr 7.96e-06 | 0.425M words | ETA 0:14:44
2026-07-04 00:50:59 |   >> saved chck_dpo_500
2026-07-04 00:51:09 | [0:07:32] step   510/1500 | dpo 0.5524 | pref-acc 0.800 | mle    nan | margin +3.44 | lr 7.87e-06 | 0.435M words | ETA 0:14:38
2026-07-04 00:51:17 | [0:07:40] step   520/1500 | dpo 0.5467 | pref-acc 0.812 | mle    nan | margin +3.63 | lr 7.78e-06 | 0.443M words | ETA 0:14:28
2026-07-04 00:51:26 | [0:07:50] step   530/1500 | dpo 0.5723 | pref-acc 0.781 | mle  2.375 | margin +2.91 | lr 7.69e-06 | 0.453M words | ETA 0:14:21
2026-07-04 00:51:35 | [0:07:59] step   540/1500 | dpo 0.5893 | pref-acc 0.744 | mle    nan | margin +2.61 | lr 7.59e-06 | 0.462M words | ETA 0:14:12
2026-07-04 00:51:44 | [0:08:07] step   550/1500 | dpo 0.5335 | pref-acc 0.825 | mle    nan | margin +3.98 | lr 7.50e-06 | 0.469M words | ETA 0:14:02
2026-07-04 00:51:53 | [0:08:17] step   560/1500 | dpo 0.5503 | pref-acc 0.781 | mle  2.076 | margin +3.78 | lr 7.40e-06 | 0.479M words | ETA 0:13:54
2026-07-04 00:52:02 | [0:08:26] step   570/1500 | dpo 0.5677 | pref-acc 0.794 | mle  1.999 | margin +3.51 | lr 7.31e-06 | 0.488M words | ETA 0:13:46
2026-07-04 00:52:14 | [0:08:37] step   580/1500 | dpo 0.5090 | pref-acc 0.762 | mle  2.083 | margin +5.22 | lr 7.21e-06 | 0.501M words | ETA 0:13:41
2026-07-04 00:52:22 | [0:08:46] step   590/1500 | dpo 0.5885 | pref-acc 0.794 | mle  2.171 | margin +2.78 | lr 7.11e-06 | 0.510M words | ETA 0:13:32
2026-07-04 00:52:30 | [0:08:54] step   600/1500 | dpo 0.5071 | pref-acc 0.787 | mle    nan | margin +4.83 | lr 7.01e-06 | 0.517M words | ETA 0:13:21
2026-07-04 00:52:40 | [0:09:04] step   610/1500 | dpo 0.5009 | pref-acc 0.831 | mle  2.512 | margin +4.55 | lr 6.91e-06 | 0.527M words | ETA 0:13:14
2026-07-04 00:52:51 | [0:09:15] step   620/1500 | dpo 0.6316 | pref-acc 0.688 | mle  1.952 | margin +2.45 | lr 6.80e-06 | 0.539M words | ETA 0:13:07
2026-07-04 00:53:01 | [0:09:24] step   630/1500 | dpo 0.5122 | pref-acc 0.713 | mle    nan | margin +4.92 | lr 6.70e-06 | 0.549M words | ETA 0:13:00
2026-07-04 00:53:09 | [0:09:32] step   640/1500 | dpo 0.5907 | pref-acc 0.775 | mle    nan | margin +2.42 | lr 6.60e-06 | 0.556M words | ETA 0:12:49
2026-07-04 00:53:18 | [0:09:41] step   650/1500 | dpo 0.5808 | pref-acc 0.806 | mle    nan | margin +3.06 | lr 6.49e-06 | 0.565M words | ETA 0:12:41
2026-07-04 00:53:28 | [0:09:51] step   660/1500 | dpo 0.5286 | pref-acc 0.781 | mle    nan | margin +4.37 | lr 6.39e-06 | 0.575M words | ETA 0:12:33
2026-07-04 00:53:37 | [0:10:01] step   670/1500 | dpo 0.5212 | pref-acc 0.775 | mle    nan | margin +4.43 | lr 6.28e-06 | 0.585M words | ETA 0:12:24
2026-07-04 00:53:45 | [0:10:09] step   680/1500 | dpo 0.6525 | pref-acc 0.838 | mle  2.503 | margin +1.61 | lr 6.17e-06 | 0.593M words | ETA 0:12:14
2026-07-04 00:53:54 | [0:10:18] step   690/1500 | dpo 0.5159 | pref-acc 0.769 | mle    nan | margin +5.01 | lr 6.07e-06 | 0.602M words | ETA 0:12:05
2026-07-04 00:54:02 | [0:10:26] step   700/1500 | dpo 0.5449 | pref-acc 0.794 | mle    nan | margin +3.65 | lr 5.96e-06 | 0.610M words | ETA 0:11:55
2026-07-04 00:54:11 | [0:10:35] step   710/1500 | dpo 0.5837 | pref-acc 0.819 | mle    nan | margin +2.87 | lr 5.85e-06 | 0.618M words | ETA 0:11:46
2026-07-04 00:54:19 | [0:10:42] step   720/1500 | dpo 0.5550 | pref-acc 0.831 | mle    nan | margin +4.70 | lr 5.74e-06 | 0.625M words | ETA 0:11:36
2026-07-04 00:54:26 | [0:10:49] step   730/1500 | dpo 0.5022 | pref-acc 0.838 | mle    nan | margin +5.39 | lr 5.63e-06 | 0.631M words | ETA 0:11:25
2026-07-04 00:54:35 | [0:10:58] step   740/1500 | dpo 0.4239 | pref-acc 0.781 | mle    nan | margin +7.05 | lr 5.52e-06 | 0.640M words | ETA 0:11:16
2026-07-04 00:54:45 | [0:11:08] step   750/1500 | dpo 0.5846 | pref-acc 0.794 | mle  2.537 | margin +2.83 | lr 5.41e-06 | 0.650M words | ETA 0:11:08
2026-07-04 00:54:45 |   >> saved chck_dpo_750
2026-07-04 00:54:54 | [0:11:18] step   760/1500 | dpo 0.6195 | pref-acc 0.769 | mle    nan | margin +2.10 | lr 5.30e-06 | 0.659M words | ETA 0:11:00
2026-07-04 00:55:05 | [0:11:28] step   770/1500 | dpo 0.5245 | pref-acc 0.794 | mle  2.135 | margin +4.27 | lr 5.19e-06 | 0.670M words | ETA 0:10:52
2026-07-04 00:55:15 | [0:11:39] step   780/1500 | dpo 0.5379 | pref-acc 0.825 | mle  2.493 | margin +4.32 | lr 5.08e-06 | 0.681M words | ETA 0:10:45
2026-07-04 00:55:22 | [0:11:45] step   790/1500 | dpo 0.5267 | pref-acc 0.762 | mle  2.324 | margin +4.09 | lr 4.97e-06 | 0.686M words | ETA 0:10:34
2026-07-04 00:55:29 | [0:11:53] step   800/1500 | dpo 0.4465 | pref-acc 0.762 | mle    nan | margin +7.36 | lr 4.86e-06 | 0.692M words | ETA 0:10:24
2026-07-04 00:55:37 | [0:12:00] step   810/1500 | dpo 0.6009 | pref-acc 0.825 | mle    nan | margin +2.31 | lr 4.75e-06 | 0.699M words | ETA 0:10:13
2026-07-04 00:55:45 | [0:12:09] step   820/1500 | dpo 0.5229 | pref-acc 0.800 | mle    nan | margin +4.79 | lr 4.64e-06 | 0.708M words | ETA 0:10:04
2026-07-04 00:55:54 | [0:12:18] step   830/1500 | dpo 0.4897 | pref-acc 0.844 | mle    nan | margin +5.04 | lr 4.53e-06 | 0.716M words | ETA 0:09:55
2026-07-04 00:56:04 | [0:12:27] step   840/1500 | dpo 0.6072 | pref-acc 0.825 | mle  2.544 | margin +2.45 | lr 4.42e-06 | 0.726M words | ETA 0:09:47
2026-07-04 00:56:12 | [0:12:35] step   850/1500 | dpo 0.5586 | pref-acc 0.838 | mle  2.303 | margin +3.27 | lr 4.31e-06 | 0.734M words | ETA 0:09:38
2026-07-04 00:56:22 | [0:12:45] step   860/1500 | dpo 0.4918 | pref-acc 0.844 | mle  3.932 | margin +5.75 | lr 4.20e-06 | 0.744M words | ETA 0:09:29
2026-07-04 00:56:30 | [0:12:53] step   870/1500 | dpo 0.4828 | pref-acc 0.787 | mle  2.472 | margin +5.44 | lr 4.10e-06 | 0.751M words | ETA 0:09:20
2026-07-04 00:56:40 | [0:13:04] step   880/1500 | dpo 0.4734 | pref-acc 0.838 | mle  1.667 | margin +5.90 | lr 3.99e-06 | 0.763M words | ETA 0:09:12
2026-07-04 00:56:50 | [0:13:13] step   890/1500 | dpo 0.5311 | pref-acc 0.781 | mle  2.386 | margin +4.40 | lr 3.88e-06 | 0.773M words | ETA 0:09:03
2026-07-04 00:56:58 | [0:13:22] step   900/1500 | dpo 0.5461 | pref-acc 0.806 | mle    nan | margin +3.76 | lr 3.77e-06 | 0.781M words | ETA 0:08:55
2026-07-04 00:57:09 | [0:13:32] step   910/1500 | dpo 0.5056 | pref-acc 0.794 | mle    nan | margin +5.16 | lr 3.67e-06 | 0.792M words | ETA 0:08:47
2026-07-04 00:57:19 | [0:13:42] step   920/1500 | dpo 0.4875 | pref-acc 0.819 | mle  2.296 | margin +5.16 | lr 3.56e-06 | 0.803M words | ETA 0:08:38
2026-07-04 00:57:28 | [0:13:51] step   930/1500 | dpo 0.5081 | pref-acc 0.775 | mle    nan | margin +4.52 | lr 3.45e-06 | 0.811M words | ETA 0:08:29
2026-07-04 00:57:36 | [0:14:00] step   940/1500 | dpo 0.4368 | pref-acc 0.850 | mle    nan | margin +7.02 | lr 3.35e-06 | 0.819M words | ETA 0:08:20
2026-07-04 00:57:45 | [0:14:08] step   950/1500 | dpo 0.4640 | pref-acc 0.787 | mle    nan | margin +6.36 | lr 3.25e-06 | 0.827M words | ETA 0:08:11
2026-07-04 00:57:54 | [0:14:17] step   960/1500 | dpo 0.4934 | pref-acc 0.812 | mle    nan | margin +4.87 | lr 3.14e-06 | 0.836M words | ETA 0:08:02
2026-07-04 00:58:02 | [0:14:25] step   970/1500 | dpo 0.4766 | pref-acc 0.787 | mle  2.433 | margin +5.54 | lr 3.04e-06 | 0.844M words | ETA 0:07:53
2026-07-04 00:58:11 | [0:14:34] step   980/1500 | dpo 0.5210 | pref-acc 0.787 | mle  2.208 | margin +4.45 | lr 2.94e-06 | 0.853M words | ETA 0:07:44
2026-07-04 00:58:18 | [0:14:42] step   990/1500 | dpo 0.4604 | pref-acc 0.875 | mle    nan | margin +5.79 | lr 2.84e-06 | 0.859M words | ETA 0:07:34
2026-07-04 00:58:26 | [0:14:50] step  1000/1500 | dpo 0.4602 | pref-acc 0.850 | mle    nan | margin +5.99 | lr 2.74e-06 | 0.867M words | ETA 0:07:25
2026-07-04 00:58:27 |   >> saved chck_dpo_1000
2026-07-04 00:58:36 | [0:14:59] step  1010/1500 | dpo 0.4483 | pref-acc 0.775 | mle  1.909 | margin +7.22 | lr 2.64e-06 | 0.876M words | ETA 0:07:16
2026-07-04 00:58:44 | [0:15:08] step  1020/1500 | dpo 0.4265 | pref-acc 0.831 | mle    nan | margin +7.01 | lr 2.55e-06 | 0.883M words | ETA 0:07:07
2026-07-04 00:58:54 | [0:15:17] step  1030/1500 | dpo 0.6175 | pref-acc 0.744 | mle    nan | margin +2.42 | lr 2.45e-06 | 0.893M words | ETA 0:06:58
2026-07-04 00:59:02 | [0:15:26] step  1040/1500 | dpo 0.5749 | pref-acc 0.794 | mle  2.429 | margin +3.44 | lr 2.36e-06 | 0.901M words | ETA 0:06:49
2026-07-04 00:59:12 | [0:15:35] step  1050/1500 | dpo 0.5303 | pref-acc 0.819 | mle    nan | margin +4.60 | lr 2.27e-06 | 0.911M words | ETA 0:06:41
2026-07-04 00:59:22 | [0:15:46] step  1060/1500 | dpo 0.4594 | pref-acc 0.800 | mle  2.110 | margin +6.41 | lr 2.17e-06 | 0.922M words | ETA 0:06:32
2026-07-04 00:59:30 | [0:15:53] step  1070/1500 | dpo 0.5110 | pref-acc 0.819 | mle    nan | margin +4.80 | lr 2.08e-06 | 0.928M words | ETA 0:06:23
2026-07-04 00:59:39 | [0:16:03] step  1080/1500 | dpo 0.4371 | pref-acc 0.838 | mle  2.253 | margin +6.86 | lr 1.99e-06 | 0.939M words | ETA 0:06:14
2026-07-04 00:59:47 | [0:16:10] step  1090/1500 | dpo 0.5249 | pref-acc 0.838 | mle    nan | margin +4.71 | lr 1.91e-06 | 0.945M words | ETA 0:06:05
2026-07-04 00:59:55 | [0:16:19] step  1100/1500 | dpo 0.5174 | pref-acc 0.825 | mle  2.610 | margin +4.56 | lr 1.82e-06 | 0.953M words | ETA 0:05:56
2026-07-04 01:00:05 | [0:16:28] step  1110/1500 | dpo 0.5124 | pref-acc 0.769 | mle    nan | margin +4.84 | lr 1.74e-06 | 0.963M words | ETA 0:05:47
2026-07-04 01:00:14 | [0:16:38] step  1120/1500 | dpo 0.4614 | pref-acc 0.800 | mle  3.203 | margin +6.25 | lr 1.65e-06 | 0.973M words | ETA 0:05:38
2026-07-04 01:00:23 | [0:16:47] step  1130/1500 | dpo 0.4723 | pref-acc 0.819 | mle  2.497 | margin +6.16 | lr 1.57e-06 | 0.982M words | ETA 0:05:29
2026-07-04 01:00:32 | [0:16:55] step  1140/1500 | dpo 0.5182 | pref-acc 0.806 | mle  2.068 | margin +4.44 | lr 1.49e-06 | 0.989M words | ETA 0:05:20
2026-07-04 01:00:40 | [0:17:04] step  1150/1500 | dpo 0.5367 | pref-acc 0.844 | mle  2.338 | margin +4.33 | lr 1.42e-06 | 0.998M words | ETA 0:05:11
2026-07-04 01:00:48 | [0:17:11] step  1160/1500 | dpo 0.6190 | pref-acc 0.794 | mle    nan | margin +3.14 | lr 1.34e-06 | 1.005M words | ETA 0:05:02
2026-07-04 01:00:57 | [0:17:20] step  1170/1500 | dpo 0.5046 | pref-acc 0.869 | mle  2.448 | margin +4.49 | lr 1.27e-06 | 1.013M words | ETA 0:04:53
2026-07-04 01:01:04 | [0:17:28] step  1180/1500 | dpo 0.5027 | pref-acc 0.844 | mle  2.179 | margin +5.35 | lr 1.19e-06 | 1.020M words | ETA 0:04:44
2026-07-04 01:01:12 | [0:17:36] step  1190/1500 | dpo 0.5171 | pref-acc 0.812 | mle  2.509 | margin +5.27 | lr 1.12e-06 | 1.028M words | ETA 0:04:35
2026-07-04 01:01:21 | [0:17:45] step  1200/1500 | dpo 0.4566 | pref-acc 0.838 | mle    nan | margin +6.66 | lr 1.05e-06 | 1.036M words | ETA 0:04:26
2026-07-04 01:01:28 | [0:17:52] step  1210/1500 | dpo 0.5342 | pref-acc 0.806 | mle    nan | margin +4.01 | lr 9.88e-07 | 1.042M words | ETA 0:04:17
2026-07-04 01:01:40 | [0:18:04] step  1220/1500 | dpo 0.5530 | pref-acc 0.838 | mle  2.214 | margin +3.80 | lr 9.23e-07 | 1.056M words | ETA 0:04:08
2026-07-04 01:01:50 | [0:18:14] step  1230/1500 | dpo 0.4043 | pref-acc 0.863 | mle    nan | margin +7.88 | lr 8.60e-07 | 1.066M words | ETA 0:04:00
2026-07-04 01:02:01 | [0:18:24] step  1240/1500 | dpo 0.6518 | pref-acc 0.731 | mle    nan | margin +2.74 | lr 7.99e-07 | 1.078M words | ETA 0:03:51
2026-07-04 01:02:09 | [0:18:32] step  1250/1500 | dpo 0.4644 | pref-acc 0.825 | mle  2.308 | margin +6.07 | lr 7.40e-07 | 1.085M words | ETA 0:03:42
2026-07-04 01:02:09 |   >> saved chck_dpo_1250
2026-07-04 01:02:18 | [0:18:42] step  1260/1500 | dpo 0.5627 | pref-acc 0.825 | mle    nan | margin +3.28 | lr 6.84e-07 | 1.094M words | ETA 0:03:33
2026-07-04 01:02:26 | [0:18:50] step  1270/1500 | dpo 0.4672 | pref-acc 0.831 | mle    nan | margin +5.61 | lr 6.29e-07 | 1.101M words | ETA 0:03:24
2026-07-04 01:02:33 | [0:18:57] step  1280/1500 | dpo 0.4903 | pref-acc 0.781 | mle    nan | margin +5.36 | lr 5.77e-07 | 1.107M words | ETA 0:03:15
2026-07-04 01:02:40 | [0:19:03] step  1290/1500 | dpo 0.5356 | pref-acc 0.800 | mle    nan | margin +4.73 | lr 5.26e-07 | 1.112M words | ETA 0:03:06
2026-07-04 01:02:46 | [0:19:10] step  1300/1500 | dpo 0.4340 | pref-acc 0.819 | mle    nan | margin +6.71 | lr 4.78e-07 | 1.117M words | ETA 0:02:56
2026-07-04 01:02:53 | [0:19:16] step  1310/1500 | dpo 0.5432 | pref-acc 0.775 | mle  2.286 | margin +4.04 | lr 4.32e-07 | 1.122M words | ETA 0:02:47
2026-07-04 01:03:01 | [0:19:24] step  1320/1500 | dpo 0.4496 | pref-acc 0.794 | mle  1.936 | margin +6.59 | lr 3.89e-07 | 1.130M words | ETA 0:02:38
2026-07-04 01:03:11 | [0:19:35] step  1330/1500 | dpo 0.5292 | pref-acc 0.756 | mle  1.903 | margin +4.62 | lr 3.47e-07 | 1.142M words | ETA 0:02:30
2026-07-04 01:03:21 | [0:19:44] step  1340/1500 | dpo 0.6016 | pref-acc 0.825 | mle  2.514 | margin +2.90 | lr 3.08e-07 | 1.151M words | ETA 0:02:21
2026-07-04 01:03:29 | [0:19:52] step  1350/1500 | dpo 0.5407 | pref-acc 0.831 | mle    nan | margin +4.01 | lr 2.71e-07 | 1.159M words | ETA 0:02:12
2026-07-04 01:03:39 | [0:20:02] step  1360/1500 | dpo 0.5323 | pref-acc 0.812 | mle  2.294 | margin +4.94 | lr 2.36e-07 | 1.169M words | ETA 0:02:03
2026-07-04 01:03:46 | [0:20:10] step  1370/1500 | dpo 0.4847 | pref-acc 0.863 | mle    nan | margin +5.56 | lr 2.04e-07 | 1.176M words | ETA 0:01:54
2026-07-04 01:03:56 | [0:20:19] step  1380/1500 | dpo 0.4509 | pref-acc 0.781 | mle  2.249 | margin +6.56 | lr 1.74e-07 | 1.186M words | ETA 0:01:46
2026-07-04 01:04:05 | [0:20:28] step  1390/1500 | dpo 0.4709 | pref-acc 0.856 | mle  2.440 | margin +5.64 | lr 1.46e-07 | 1.195M words | ETA 0:01:37
2026-07-04 01:04:13 | [0:20:36] step  1400/1500 | dpo 0.4567 | pref-acc 0.794 | mle  2.439 | margin +5.97 | lr 1.21e-07 | 1.202M words | ETA 0:01:28
2026-07-04 01:04:20 | [0:20:43] step  1410/1500 | dpo 0.4445 | pref-acc 0.775 | mle    nan | margin +7.26 | lr 9.81e-08 | 1.209M words | ETA 0:01:19
2026-07-04 01:04:29 | [0:20:52] step  1420/1500 | dpo 0.5198 | pref-acc 0.825 | mle  2.548 | margin +4.79 | lr 7.76e-08 | 1.218M words | ETA 0:01:10
2026-07-04 01:04:38 | [0:21:02] step  1430/1500 | dpo 0.5331 | pref-acc 0.812 | mle  2.357 | margin +4.33 | lr 5.94e-08 | 1.228M words | ETA 0:01:01
2026-07-04 01:04:45 | [0:21:08] step  1440/1500 | dpo 0.4677 | pref-acc 0.800 | mle  2.138 | margin +6.17 | lr 4.37e-08 | 1.233M words | ETA 0:00:52
2026-07-04 01:04:55 | [0:21:18] step  1450/1500 | dpo 0.5050 | pref-acc 0.831 | mle  2.438 | margin +5.31 | lr 3.03e-08 | 1.243M words | ETA 0:00:44
2026-07-04 01:05:01 | [0:21:25] step  1460/1500 | dpo 0.5842 | pref-acc 0.762 | mle    nan | margin +3.10 | lr 1.94e-08 | 1.248M words | ETA 0:00:35
2026-07-04 01:05:09 | [0:21:33] step  1470/1500 | dpo 0.5328 | pref-acc 0.806 | mle  1.832 | margin +4.26 | lr 1.09e-08 | 1.255M words | ETA 0:00:26
2026-07-04 01:05:17 | [0:21:41] step  1480/1500 | dpo 0.5383 | pref-acc 0.831 | mle  1.955 | margin +4.34 | lr 4.86e-09 | 1.263M words | ETA 0:00:17
2026-07-04 01:05:25 | [0:21:49] step  1490/1500 | dpo 0.5098 | pref-acc 0.762 | mle    nan | margin +4.88 | lr 1.22e-09 | 1.270M words | ETA 0:00:08
2026-07-04 01:05:33 | [0:21:56] step  1500/1500 | dpo 0.5777 | pref-acc 0.769 | mle    nan | margin +3.73 | lr 0.00e+00 | 1.277M words | ETA 0:00:00
2026-07-04 01:05:33 |   >> saved chck_dpo_1500
2026-07-04 01:05:34 | DONE: 1500 steps | 1.277M words seen (phase) | 0:21:57 | saved /Users/admin1/Downloads/babylm-eval/checkpoints/gptbert_small_dpo_v1/final
