2026-07-19 17:56:35 | === MP-DPO 'gptbert_small_dpo_op_adj' | device=mps ===
2026-07-19 17:56:35 | init=/Users/admin1/Downloads/babylm-eval/checkpoints/gptbert_small_v1/chck_70M
2026-07-19 17:56:35 | ref =/Users/admin1/Downloads/babylm-eval/checkpoints/gptbert_small_v1/chck_70M (frozen)
2026-07-19 17:56:35 | steps=1500 pairs/step=16 beta=0.1 lr=1e-05 mle_mix=0.5@1.0 | ckpt every 250
2026-07-19 17:56:35 | HARD NEGATIVES on | corruption weights (adj,dist,func,rand) = [1.0, 0.0, 0.0, 0.0]
2026-07-19 17:56:37 | [0:00:01] step     1/1500 | dpo 0.6913 | pref-acc 0.500 | mle    nan | margin +0.20 | lr 1.33e-07 | 0.000M words | ETA 0:49:54
2026-07-19 17:56:45 | [0:00:09] step    10/1500 | dpo 0.7004 | pref-acc 0.375 | mle    nan | margin -0.04 | lr 1.33e-06 | 0.006M words | ETA 0:24:10
2026-07-19 17:56:53 | [0:00:18] step    20/1500 | dpo 0.7080 | pref-acc 0.494 | mle  1.879 | margin -0.13 | lr 2.67e-06 | 0.015M words | ETA 0:22:23
2026-07-19 17:57:03 | [0:00:27] step    30/1500 | dpo 0.6551 | pref-acc 0.463 | mle  1.792 | margin +0.88 | lr 4.00e-06 | 0.025M words | ETA 0:22:26
2026-07-19 17:57:10 | [0:00:35] step    40/1500 | dpo 0.6771 | pref-acc 0.531 | mle  2.821 | margin +0.46 | lr 5.33e-06 | 0.033M words | ETA 0:21:28
2026-07-19 17:57:20 | [0:00:44] step    50/1500 | dpo 0.7180 | pref-acc 0.494 | mle    nan | margin -0.36 | lr 6.67e-06 | 0.043M words | ETA 0:21:38
2026-07-19 17:57:30 | [0:00:54] step    60/1500 | dpo 0.6896 | pref-acc 0.487 | mle  2.573 | margin +0.28 | lr 8.00e-06 | 0.055M words | ETA 0:21:58
2026-07-19 17:57:40 | [0:01:04] step    70/1500 | dpo 0.7124 | pref-acc 0.544 | mle  2.144 | margin -0.22 | lr 9.33e-06 | 0.066M words | ETA 0:22:07
2026-07-19 17:57:48 | [0:01:12] step    80/1500 | dpo 0.6708 | pref-acc 0.575 | mle    nan | margin +0.59 | lr 1.00e-05 | 0.074M words | ETA 0:21:31
2026-07-19 17:57:56 | [0:01:20] step    90/1500 | dpo 0.6617 | pref-acc 0.656 | mle  2.075 | margin +0.74 | lr 1.00e-05 | 0.081M words | ETA 0:21:02
2026-07-19 17:58:07 | [0:01:31] step   100/1500 | dpo 0.7043 | pref-acc 0.637 | mle  2.330 | margin -0.08 | lr 9.99e-06 | 0.094M words | ETA 0:21:24
2026-07-19 17:58:15 | [0:01:40] step   110/1500 | dpo 0.6426 | pref-acc 0.631 | mle    nan | margin +1.19 | lr 9.99e-06 | 0.103M words | ETA 0:21:08
2026-07-19 17:58:26 | [0:01:50] step   120/1500 | dpo 0.5702 | pref-acc 0.700 | mle  2.310 | margin +2.85 | lr 9.98e-06 | 0.114M words | ETA 0:21:11
2026-07-19 17:58:35 | [0:01:59] step   130/1500 | dpo 0.6487 | pref-acc 0.762 | mle  2.098 | margin +1.07 | lr 9.96e-06 | 0.124M words | ETA 0:21:03
2026-07-19 17:58:44 | [0:02:08] step   140/1500 | dpo 0.6177 | pref-acc 0.681 | mle    nan | margin +1.75 | lr 9.95e-06 | 0.133M words | ETA 0:20:47
2026-07-19 17:58:51 | [0:02:16] step   150/1500 | dpo 0.5695 | pref-acc 0.675 | mle    nan | margin +2.81 | lr 9.93e-06 | 0.141M words | ETA 0:20:26
2026-07-19 17:59:02 | [0:02:26] step   160/1500 | dpo 0.6379 | pref-acc 0.775 | mle  1.830 | margin +1.42 | lr 9.91e-06 | 0.152M words | ETA 0:20:29
2026-07-19 17:59:09 | [0:02:33] step   170/1500 | dpo 0.6202 | pref-acc 0.794 | mle  2.196 | margin +2.04 | lr 9.89e-06 | 0.158M words | ETA 0:20:03
2026-07-19 17:59:18 | [0:02:42] step   180/1500 | dpo 0.6191 | pref-acc 0.713 | mle    nan | margin +1.73 | lr 9.87e-06 | 0.167M words | ETA 0:19:51
2026-07-19 17:59:28 | [0:02:52] step   190/1500 | dpo 0.5518 | pref-acc 0.713 | mle  1.868 | margin +3.33 | lr 9.84e-06 | 0.179M words | ETA 0:19:49
2026-07-19 17:59:34 | [0:02:59] step   200/1500 | dpo 0.6139 | pref-acc 0.706 | mle    nan | margin +1.93 | lr 9.81e-06 | 0.184M words | ETA 0:19:24
2026-07-19 17:59:44 | [0:03:08] step   210/1500 | dpo 0.6544 | pref-acc 0.769 | mle    nan | margin +1.32 | lr 9.78e-06 | 0.194M words | ETA 0:19:18
2026-07-19 17:59:53 | [0:03:17] step   220/1500 | dpo 0.6028 | pref-acc 0.744 | mle  1.821 | margin +2.15 | lr 9.75e-06 | 0.204M words | ETA 0:19:11
2026-07-19 18:00:01 | [0:03:25] step   230/1500 | dpo 0.5657 | pref-acc 0.800 | mle  2.171 | margin +3.09 | lr 9.71e-06 | 0.212M words | ETA 0:18:55
2026-07-19 18:00:10 | [0:03:34] step   240/1500 | dpo 0.5609 | pref-acc 0.825 | mle  2.645 | margin +3.39 | lr 9.67e-06 | 0.222M words | ETA 0:18:48
2026-07-19 18:00:19 | [0:03:44] step   250/1500 | dpo 0.6051 | pref-acc 0.800 | mle  2.242 | margin +2.46 | lr 9.63e-06 | 0.232M words | ETA 0:18:41
2026-07-19 18:00:20 |   >> saved chck_dpo_250
2026-07-19 18:00:27 | [0:03:52] step   260/1500 | dpo 0.5347 | pref-acc 0.787 | mle    nan | margin +3.93 | lr 9.59e-06 | 0.239M words | ETA 0:18:27
2026-07-19 18:00:36 | [0:04:00] step   270/1500 | dpo 0.5300 | pref-acc 0.800 | mle    nan | margin +3.95 | lr 9.55e-06 | 0.248M words | ETA 0:18:17
2026-07-19 18:00:43 | [0:04:07] step   280/1500 | dpo 0.5640 | pref-acc 0.825 | mle  2.293 | margin +2.86 | lr 9.50e-06 | 0.255M words | ETA 0:17:59
2026-07-19 18:00:52 | [0:04:16] step   290/1500 | dpo 0.6239 | pref-acc 0.819 | mle  2.380 | margin +1.86 | lr 9.45e-06 | 0.263M words | ETA 0:17:50
2026-07-19 18:01:01 | [0:04:25] step   300/1500 | dpo 0.6418 | pref-acc 0.794 | mle  3.147 | margin +1.71 | lr 9.40e-06 | 0.273M words | ETA 0:17:43
2026-07-19 18:01:08 | [0:04:32] step   310/1500 | dpo 0.5698 | pref-acc 0.819 | mle    nan | margin +3.09 | lr 9.34e-06 | 0.280M words | ETA 0:17:27
2026-07-19 18:01:16 | [0:04:40] step   320/1500 | dpo 0.4495 | pref-acc 0.831 | mle    nan | margin +5.94 | lr 9.29e-06 | 0.287M words | ETA 0:17:15
2026-07-19 18:01:23 | [0:04:47] step   330/1500 | dpo 0.5518 | pref-acc 0.906 | mle    nan | margin +3.61 | lr 9.23e-06 | 0.294M words | ETA 0:17:00
2026-07-19 18:01:28 | [0:04:53] step   340/1500 | dpo 0.5368 | pref-acc 0.838 | mle    nan | margin +4.09 | lr 9.17e-06 | 0.297M words | ETA 0:16:41
2026-07-19 18:01:38 | [0:05:02] step   350/1500 | dpo 0.5629 | pref-acc 0.838 | mle  1.586 | margin +3.13 | lr 9.11e-06 | 0.307M words | ETA 0:16:34
2026-07-19 18:01:47 | [0:05:12] step   360/1500 | dpo 0.5311 | pref-acc 0.881 | mle  2.353 | margin +4.30 | lr 9.05e-06 | 0.318M words | ETA 0:16:28
2026-07-19 18:01:55 | [0:05:19] step   370/1500 | dpo 0.5609 | pref-acc 0.856 | mle  2.197 | margin +3.38 | lr 8.98e-06 | 0.325M words | ETA 0:16:16
2026-07-19 18:02:03 | [0:05:27] step   380/1500 | dpo 0.4854 | pref-acc 0.863 | mle    nan | margin +5.12 | lr 8.91e-06 | 0.333M words | ETA 0:16:05
2026-07-19 18:02:10 | [0:05:35] step   390/1500 | dpo 0.5097 | pref-acc 0.819 | mle    nan | margin +4.67 | lr 8.84e-06 | 0.341M words | ETA 0:15:54
2026-07-19 18:02:18 | [0:05:43] step   400/1500 | dpo 0.4830 | pref-acc 0.825 | mle  2.224 | margin +5.46 | lr 8.77e-06 | 0.348M words | ETA 0:15:43
2026-07-19 18:02:27 | [0:05:51] step   410/1500 | dpo 0.5240 | pref-acc 0.819 | mle    nan | margin +4.23 | lr 8.70e-06 | 0.357M words | ETA 0:15:35
2026-07-19 18:02:35 | [0:06:00] step   420/1500 | dpo 0.4971 | pref-acc 0.863 | mle    nan | margin +4.86 | lr 8.62e-06 | 0.366M words | ETA 0:15:25
2026-07-19 18:02:43 | [0:06:08] step   430/1500 | dpo 0.4952 | pref-acc 0.863 | mle    nan | margin +5.10 | lr 8.55e-06 | 0.374M words | ETA 0:15:16
2026-07-19 18:02:52 | [0:06:16] step   440/1500 | dpo 0.5805 | pref-acc 0.819 | mle    nan | margin +2.75 | lr 8.47e-06 | 0.383M words | ETA 0:15:07
2026-07-19 18:02:59 | [0:06:23] step   450/1500 | dpo 0.4853 | pref-acc 0.812 | mle  2.408 | margin +5.09 | lr 8.39e-06 | 0.390M words | ETA 0:14:55
2026-07-19 18:03:08 | [0:06:33] step   460/1500 | dpo 0.5287 | pref-acc 0.819 | mle  2.521 | margin +4.02 | lr 8.30e-06 | 0.400M words | ETA 0:14:48
2026-07-19 18:03:13 | [0:06:38] step   470/1500 | dpo 0.4679 | pref-acc 0.856 | mle    nan | margin +5.68 | lr 8.22e-06 | 0.404M words | ETA 0:14:32
2026-07-19 18:03:20 | [0:06:44] step   480/1500 | dpo 0.5689 | pref-acc 0.812 | mle  1.834 | margin +3.04 | lr 8.14e-06 | 0.409M words | ETA 0:14:19
2026-07-19 18:03:27 | [0:06:52] step   490/1500 | dpo 0.4814 | pref-acc 0.869 | mle    nan | margin +5.37 | lr 8.05e-06 | 0.416M words | ETA 0:14:09
2026-07-19 18:03:36 | [0:07:00] step   500/1500 | dpo 0.4975 | pref-acc 0.800 | mle    nan | margin +5.65 | lr 7.96e-06 | 0.425M words | ETA 0:14:01
2026-07-19 18:03:36 |   >> saved chck_dpo_500
2026-07-19 18:03:45 | [0:07:10] step   510/1500 | dpo 0.4862 | pref-acc 0.850 | mle    nan | margin +5.18 | lr 7.87e-06 | 0.435M words | ETA 0:13:55
2026-07-19 18:03:53 | [0:07:18] step   520/1500 | dpo 0.5839 | pref-acc 0.863 | mle    nan | margin +2.94 | lr 7.78e-06 | 0.443M words | ETA 0:13:45
2026-07-19 18:04:03 | [0:07:27] step   530/1500 | dpo 0.5081 | pref-acc 0.831 | mle  2.368 | margin +4.63 | lr 7.69e-06 | 0.453M words | ETA 0:13:38
2026-07-19 18:04:11 | [0:07:35] step   540/1500 | dpo 0.5379 | pref-acc 0.819 | mle    nan | margin +4.37 | lr 7.59e-06 | 0.462M words | ETA 0:13:30
2026-07-19 18:04:19 | [0:07:43] step   550/1500 | dpo 0.4332 | pref-acc 0.875 | mle    nan | margin +6.91 | lr 7.50e-06 | 0.469M words | ETA 0:13:20
2026-07-19 18:04:28 | [0:07:52] step   560/1500 | dpo 0.5448 | pref-acc 0.894 | mle  2.084 | margin +3.99 | lr 7.40e-06 | 0.479M words | ETA 0:13:13
2026-07-19 18:04:36 | [0:08:01] step   570/1500 | dpo 0.4261 | pref-acc 0.856 | mle  2.008 | margin +6.99 | lr 7.31e-06 | 0.488M words | ETA 0:13:05
2026-07-19 18:04:47 | [0:08:12] step   580/1500 | dpo 0.4367 | pref-acc 0.844 | mle  2.085 | margin +7.01 | lr 7.21e-06 | 0.501M words | ETA 0:13:00
2026-07-19 18:04:56 | [0:08:20] step   590/1500 | dpo 0.5009 | pref-acc 0.844 | mle  2.186 | margin +4.65 | lr 7.11e-06 | 0.510M words | ETA 0:12:51
2026-07-19 18:05:03 | [0:08:28] step   600/1500 | dpo 0.4381 | pref-acc 0.825 | mle    nan | margin +6.44 | lr 7.01e-06 | 0.517M words | ETA 0:12:42
2026-07-19 18:05:12 | [0:08:37] step   610/1500 | dpo 0.4411 | pref-acc 0.838 | mle  2.508 | margin +6.30 | lr 6.91e-06 | 0.527M words | ETA 0:12:34
2026-07-19 18:05:22 | [0:08:47] step   620/1500 | dpo 0.5258 | pref-acc 0.844 | mle  1.964 | margin +4.40 | lr 6.80e-06 | 0.539M words | ETA 0:12:28
2026-07-19 18:05:32 | [0:08:56] step   630/1500 | dpo 0.4716 | pref-acc 0.812 | mle    nan | margin +5.37 | lr 6.70e-06 | 0.549M words | ETA 0:12:21
2026-07-19 18:05:39 | [0:09:04] step   640/1500 | dpo 0.5285 | pref-acc 0.863 | mle    nan | margin +4.47 | lr 6.60e-06 | 0.556M words | ETA 0:12:11
2026-07-19 18:05:48 | [0:09:12] step   650/1500 | dpo 0.5388 | pref-acc 0.850 | mle    nan | margin +4.08 | lr 6.49e-06 | 0.565M words | ETA 0:12:02
2026-07-19 18:05:58 | [0:09:22] step   660/1500 | dpo 0.4567 | pref-acc 0.863 | mle    nan | margin +6.22 | lr 6.39e-06 | 0.575M words | ETA 0:11:56
2026-07-19 18:06:07 | [0:09:32] step   670/1500 | dpo 0.4528 | pref-acc 0.844 | mle    nan | margin +6.72 | lr 6.28e-06 | 0.585M words | ETA 0:11:48
2026-07-19 18:06:15 | [0:09:40] step   680/1500 | dpo 0.5255 | pref-acc 0.856 | mle  2.511 | margin +4.44 | lr 6.17e-06 | 0.593M words | ETA 0:11:39
2026-07-19 18:06:24 | [0:09:48] step   690/1500 | dpo 0.4316 | pref-acc 0.844 | mle    nan | margin +7.08 | lr 6.07e-06 | 0.602M words | ETA 0:11:31
2026-07-19 18:06:32 | [0:09:56] step   700/1500 | dpo 0.4721 | pref-acc 0.887 | mle    nan | margin +5.66 | lr 5.96e-06 | 0.610M words | ETA 0:11:22
2026-07-19 18:06:40 | [0:10:05] step   710/1500 | dpo 0.5559 | pref-acc 0.825 | mle    nan | margin +4.30 | lr 5.85e-06 | 0.618M words | ETA 0:11:13
2026-07-19 18:06:47 | [0:10:12] step   720/1500 | dpo 0.5253 | pref-acc 0.838 | mle    nan | margin +5.35 | lr 5.74e-06 | 0.625M words | ETA 0:11:03
2026-07-19 18:06:55 | [0:10:19] step   730/1500 | dpo 0.4421 | pref-acc 0.850 | mle    nan | margin +7.30 | lr 5.63e-06 | 0.631M words | ETA 0:10:53
2026-07-19 18:07:03 | [0:10:28] step   740/1500 | dpo 0.4181 | pref-acc 0.812 | mle    nan | margin +7.93 | lr 5.52e-06 | 0.640M words | ETA 0:10:45
2026-07-19 18:07:13 | [0:10:37] step   750/1500 | dpo 0.4800 | pref-acc 0.850 | mle  2.541 | margin +5.39 | lr 5.41e-06 | 0.650M words | ETA 0:10:37
2026-07-19 18:07:13 |   >> saved chck_dpo_750
2026-07-19 18:07:21 | [0:10:46] step   760/1500 | dpo 0.4966 | pref-acc 0.838 | mle    nan | margin +5.73 | lr 5.30e-06 | 0.659M words | ETA 0:10:29
2026-07-19 18:07:32 | [0:10:56] step   770/1500 | dpo 0.4370 | pref-acc 0.875 | mle  2.149 | margin +6.90 | lr 5.19e-06 | 0.670M words | ETA 0:10:22
2026-07-19 18:07:42 | [0:11:06] step   780/1500 | dpo 0.4073 | pref-acc 0.919 | mle  2.504 | margin +7.77 | lr 5.08e-06 | 0.681M words | ETA 0:10:15
2026-07-19 18:07:48 | [0:11:13] step   790/1500 | dpo 0.5405 | pref-acc 0.906 | mle  2.326 | margin +4.17 | lr 4.97e-06 | 0.686M words | ETA 0:10:04
2026-07-19 18:07:55 | [0:11:20] step   800/1500 | dpo 0.5904 | pref-acc 0.850 | mle    nan | margin +2.95 | lr 4.86e-06 | 0.692M words | ETA 0:09:55
2026-07-19 18:08:02 | [0:11:27] step   810/1500 | dpo 0.4783 | pref-acc 0.894 | mle    nan | margin +5.72 | lr 4.75e-06 | 0.699M words | ETA 0:09:45
2026-07-19 18:08:11 | [0:11:35] step   820/1500 | dpo 0.4625 | pref-acc 0.881 | mle    nan | margin +6.72 | lr 4.64e-06 | 0.708M words | ETA 0:09:37
2026-07-19 18:08:20 | [0:11:44] step   830/1500 | dpo 0.4131 | pref-acc 0.906 | mle    nan | margin +7.84 | lr 4.53e-06 | 0.716M words | ETA 0:09:28
2026-07-19 18:08:29 | [0:11:53] step   840/1500 | dpo 0.4378 | pref-acc 0.881 | mle  2.547 | margin +7.64 | lr 4.42e-06 | 0.726M words | ETA 0:09:20
2026-07-19 18:08:37 | [0:12:01] step   850/1500 | dpo 0.4934 | pref-acc 0.887 | mle  2.302 | margin +5.49 | lr 4.31e-06 | 0.734M words | ETA 0:09:11
2026-07-19 18:08:46 | [0:12:10] step   860/1500 | dpo 0.4762 | pref-acc 0.856 | mle  3.990 | margin +6.38 | lr 4.20e-06 | 0.744M words | ETA 0:09:03
2026-07-19 18:08:54 | [0:12:18] step   870/1500 | dpo 0.4501 | pref-acc 0.881 | mle  2.472 | margin +6.49 | lr 4.10e-06 | 0.751M words | ETA 0:08:54
2026-07-19 18:09:04 | [0:12:28] step   880/1500 | dpo 0.4783 | pref-acc 0.838 | mle  1.672 | margin +5.95 | lr 3.99e-06 | 0.763M words | ETA 0:08:47
2026-07-19 18:09:13 | [0:12:38] step   890/1500 | dpo 0.4396 | pref-acc 0.875 | mle  2.392 | margin +6.60 | lr 3.88e-06 | 0.773M words | ETA 0:08:39
2026-07-19 18:09:22 | [0:12:46] step   900/1500 | dpo 0.4589 | pref-acc 0.812 | mle    nan | margin +6.53 | lr 3.77e-06 | 0.781M words | ETA 0:08:31
2026-07-19 18:09:32 | [0:12:56] step   910/1500 | dpo 0.4839 | pref-acc 0.875 | mle    nan | margin +5.89 | lr 3.67e-06 | 0.792M words | ETA 0:08:23
2026-07-19 18:09:41 | [0:13:06] step   920/1500 | dpo 0.3637 | pref-acc 0.875 | mle  2.304 | margin +9.49 | lr 3.56e-06 | 0.803M words | ETA 0:08:15
2026-07-19 18:09:50 | [0:13:14] step   930/1500 | dpo 0.4847 | pref-acc 0.863 | mle    nan | margin +5.45 | lr 3.45e-06 | 0.811M words | ETA 0:08:07
2026-07-19 18:09:58 | [0:13:22] step   940/1500 | dpo 0.3800 | pref-acc 0.906 | mle    nan | margin +8.57 | lr 3.35e-06 | 0.819M words | ETA 0:07:58
2026-07-19 18:10:06 | [0:13:31] step   950/1500 | dpo 0.4879 | pref-acc 0.881 | mle    nan | margin +5.54 | lr 3.25e-06 | 0.827M words | ETA 0:07:49
2026-07-19 18:10:15 | [0:13:39] step   960/1500 | dpo 0.5224 | pref-acc 0.869 | mle    nan | margin +4.67 | lr 3.14e-06 | 0.836M words | ETA 0:07:41
2026-07-19 18:10:23 | [0:13:47] step   970/1500 | dpo 0.4615 | pref-acc 0.881 | mle  2.438 | margin +6.22 | lr 3.04e-06 | 0.844M words | ETA 0:07:32
2026-07-19 18:10:31 | [0:13:56] step   980/1500 | dpo 0.5076 | pref-acc 0.894 | mle  2.212 | margin +4.80 | lr 2.94e-06 | 0.853M words | ETA 0:07:23
2026-07-19 18:10:38 | [0:14:03] step   990/1500 | dpo 0.3916 | pref-acc 0.906 | mle    nan | margin +8.16 | lr 2.84e-06 | 0.859M words | ETA 0:07:14
2026-07-19 18:10:46 | [0:14:11] step  1000/1500 | dpo 0.5072 | pref-acc 0.906 | mle    nan | margin +4.75 | lr 2.74e-06 | 0.867M words | ETA 0:07:05
2026-07-19 18:10:47 |   >> saved chck_dpo_1000
2026-07-19 18:10:55 | [0:14:20] step  1010/1500 | dpo 0.4026 | pref-acc 0.881 | mle  1.914 | margin +8.34 | lr 2.64e-06 | 0.876M words | ETA 0:06:57
2026-07-19 18:11:03 | [0:14:28] step  1020/1500 | dpo 0.3700 | pref-acc 0.869 | mle    nan | margin +8.97 | lr 2.55e-06 | 0.883M words | ETA 0:06:48
2026-07-19 18:11:13 | [0:14:37] step  1030/1500 | dpo 0.4945 | pref-acc 0.869 | mle    nan | margin +6.02 | lr 2.45e-06 | 0.893M words | ETA 0:06:40
2026-07-19 18:11:20 | [0:14:45] step  1040/1500 | dpo 0.4399 | pref-acc 0.869 | mle  2.439 | margin +7.35 | lr 2.36e-06 | 0.901M words | ETA 0:06:31
2026-07-19 18:11:30 | [0:14:54] step  1050/1500 | dpo 0.5114 | pref-acc 0.856 | mle    nan | margin +5.28 | lr 2.27e-06 | 0.911M words | ETA 0:06:23
2026-07-19 18:11:40 | [0:15:05] step  1060/1500 | dpo 0.4640 | pref-acc 0.850 | mle  2.118 | margin +6.54 | lr 2.17e-06 | 0.922M words | ETA 0:06:15
2026-07-19 18:11:47 | [0:15:12] step  1070/1500 | dpo 0.4220 | pref-acc 0.894 | mle    nan | margin +8.01 | lr 2.08e-06 | 0.928M words | ETA 0:06:06
2026-07-19 18:11:56 | [0:15:21] step  1080/1500 | dpo 0.4519 | pref-acc 0.887 | mle  2.256 | margin +6.82 | lr 1.99e-06 | 0.939M words | ETA 0:05:58
2026-07-19 18:12:03 | [0:15:28] step  1090/1500 | dpo 0.4293 | pref-acc 0.869 | mle    nan | margin +7.51 | lr 1.91e-06 | 0.945M words | ETA 0:05:49
2026-07-19 18:12:11 | [0:15:36] step  1100/1500 | dpo 0.4737 | pref-acc 0.850 | mle  2.611 | margin +6.61 | lr 1.82e-06 | 0.953M words | ETA 0:05:40
2026-07-19 18:12:21 | [0:15:45] step  1110/1500 | dpo 0.4175 | pref-acc 0.869 | mle    nan | margin +7.45 | lr 1.74e-06 | 0.963M words | ETA 0:05:32
2026-07-19 18:12:30 | [0:15:54] step  1120/1500 | dpo 0.3825 | pref-acc 0.925 | mle  3.223 | margin +8.96 | lr 1.65e-06 | 0.973M words | ETA 0:05:24
2026-07-19 18:12:39 | [0:16:03] step  1130/1500 | dpo 0.4739 | pref-acc 0.912 | mle  2.508 | margin +6.31 | lr 1.57e-06 | 0.982M words | ETA 0:05:15
2026-07-19 18:12:46 | [0:16:11] step  1140/1500 | dpo 0.5382 | pref-acc 0.875 | mle  2.069 | margin +4.25 | lr 1.49e-06 | 0.989M words | ETA 0:05:06
2026-07-19 18:12:55 | [0:16:20] step  1150/1500 | dpo 0.4500 | pref-acc 0.844 | mle  2.345 | margin +6.70 | lr 1.42e-06 | 0.998M words | ETA 0:04:58
2026-07-19 18:13:02 | [0:16:27] step  1160/1500 | dpo 0.4896 | pref-acc 0.850 | mle    nan | margin +7.12 | lr 1.34e-06 | 1.005M words | ETA 0:04:49
2026-07-19 18:13:11 | [0:16:35] step  1170/1500 | dpo 0.4788 | pref-acc 0.925 | mle  2.458 | margin +6.11 | lr 1.27e-06 | 1.013M words | ETA 0:04:40
2026-07-19 18:13:18 | [0:16:42] step  1180/1500 | dpo 0.4053 | pref-acc 0.894 | mle  2.180 | margin +7.68 | lr 1.19e-06 | 1.020M words | ETA 0:04:31
2026-07-19 18:13:26 | [0:16:50] step  1190/1500 | dpo 0.4024 | pref-acc 0.881 | mle  2.528 | margin +8.25 | lr 1.12e-06 | 1.028M words | ETA 0:04:23
2026-07-19 18:13:34 | [0:16:59] step  1200/1500 | dpo 0.4885 | pref-acc 0.925 | mle    nan | margin +5.96 | lr 1.05e-06 | 1.036M words | ETA 0:04:14
2026-07-19 18:13:41 | [0:17:06] step  1210/1500 | dpo 0.3623 | pref-acc 0.875 | mle    nan | margin +8.76 | lr 9.88e-07 | 1.042M words | ETA 0:04:05
2026-07-19 18:13:53 | [0:17:17] step  1220/1500 | dpo 0.4782 | pref-acc 0.881 | mle  2.215 | margin +5.81 | lr 9.23e-07 | 1.056M words | ETA 0:03:58
2026-07-19 18:14:02 | [0:17:27] step  1230/1500 | dpo 0.4217 | pref-acc 0.856 | mle    nan | margin +7.48 | lr 8.60e-07 | 1.066M words | ETA 0:03:49
2026-07-19 18:14:12 | [0:17:37] step  1240/1500 | dpo 0.5516 | pref-acc 0.838 | mle    nan | margin +4.01 | lr 7.99e-07 | 1.078M words | ETA 0:03:41
2026-07-19 18:14:20 | [0:17:45] step  1250/1500 | dpo 0.5160 | pref-acc 0.900 | mle  2.314 | margin +5.01 | lr 7.40e-07 | 1.085M words | ETA 0:03:33
2026-07-19 18:14:21 |   >> saved chck_dpo_1250
2026-07-19 18:14:29 | [0:17:54] step  1260/1500 | dpo 0.5275 | pref-acc 0.800 | mle    nan | margin +4.47 | lr 6.84e-07 | 1.094M words | ETA 0:03:24
2026-07-19 18:14:37 | [0:18:02] step  1270/1500 | dpo 0.4458 | pref-acc 0.887 | mle    nan | margin +6.67 | lr 6.29e-07 | 1.101M words | ETA 0:03:15
2026-07-19 18:14:44 | [0:18:08] step  1280/1500 | dpo 0.4346 | pref-acc 0.856 | mle    nan | margin +7.77 | lr 5.77e-07 | 1.107M words | ETA 0:03:07
2026-07-19 18:14:50 | [0:18:15] step  1290/1500 | dpo 0.3714 | pref-acc 0.869 | mle    nan | margin +8.86 | lr 5.26e-07 | 1.112M words | ETA 0:02:58
2026-07-19 18:14:57 | [0:18:21] step  1300/1500 | dpo 0.4268 | pref-acc 0.900 | mle    nan | margin +7.09 | lr 4.78e-07 | 1.117M words | ETA 0:02:49
2026-07-19 18:15:03 | [0:18:27] step  1310/1500 | dpo 0.4663 | pref-acc 0.869 | mle  2.299 | margin +6.20 | lr 4.32e-07 | 1.122M words | ETA 0:02:40
2026-07-19 18:15:11 | [0:18:35] step  1320/1500 | dpo 0.3639 | pref-acc 0.875 | mle  1.955 | margin +9.27 | lr 3.89e-07 | 1.130M words | ETA 0:02:32
2026-07-19 18:15:21 | [0:18:45] step  1330/1500 | dpo 0.4537 | pref-acc 0.850 | mle  1.909 | margin +6.51 | lr 3.47e-07 | 1.142M words | ETA 0:02:23
2026-07-19 18:15:30 | [0:18:54] step  1340/1500 | dpo 0.4781 | pref-acc 0.869 | mle  2.517 | margin +6.07 | lr 3.08e-07 | 1.151M words | ETA 0:02:15
2026-07-19 18:15:37 | [0:19:02] step  1350/1500 | dpo 0.4196 | pref-acc 0.825 | mle    nan | margin +7.62 | lr 2.71e-07 | 1.159M words | ETA 0:02:06
2026-07-19 18:15:47 | [0:19:11] step  1360/1500 | dpo 0.4186 | pref-acc 0.919 | mle  2.296 | margin +8.06 | lr 2.36e-07 | 1.169M words | ETA 0:01:58
2026-07-19 18:15:54 | [0:19:18] step  1370/1500 | dpo 0.5190 | pref-acc 0.881 | mle    nan | margin +4.77 | lr 2.04e-07 | 1.176M words | ETA 0:01:49
2026-07-19 18:16:03 | [0:19:27] step  1380/1500 | dpo 0.4812 | pref-acc 0.844 | mle  2.265 | margin +6.13 | lr 1.74e-07 | 1.186M words | ETA 0:01:41
2026-07-19 18:16:11 | [0:19:36] step  1390/1500 | dpo 0.3750 | pref-acc 0.912 | mle  2.446 | margin +8.87 | lr 1.46e-07 | 1.195M words | ETA 0:01:33
2026-07-19 18:16:19 | [0:19:44] step  1400/1500 | dpo 0.4148 | pref-acc 0.850 | mle  2.425 | margin +8.22 | lr 1.21e-07 | 1.202M words | ETA 0:01:24
2026-07-19 18:16:26 | [0:19:51] step  1410/1500 | dpo 0.4245 | pref-acc 0.919 | mle    nan | margin +7.88 | lr 9.81e-08 | 1.209M words | ETA 0:01:16
2026-07-19 18:16:35 | [0:19:59] step  1420/1500 | dpo 0.4072 | pref-acc 0.900 | mle  2.565 | margin +7.90 | lr 7.76e-08 | 1.218M words | ETA 0:01:07
2026-07-19 18:16:44 | [0:20:08] step  1430/1500 | dpo 0.3742 | pref-acc 0.881 | mle  2.360 | margin +8.82 | lr 5.94e-08 | 1.228M words | ETA 0:00:59
2026-07-19 18:16:50 | [0:20:15] step  1440/1500 | dpo 0.4636 | pref-acc 0.881 | mle  2.135 | margin +6.84 | lr 4.37e-08 | 1.233M words | ETA 0:00:50
2026-07-19 18:17:00 | [0:20:24] step  1450/1500 | dpo 0.4505 | pref-acc 0.869 | mle  2.447 | margin +7.56 | lr 3.03e-08 | 1.243M words | ETA 0:00:42
2026-07-19 18:17:06 | [0:20:30] step  1460/1500 | dpo 0.3992 | pref-acc 0.863 | mle    nan | margin +8.07 | lr 1.94e-08 | 1.248M words | ETA 0:00:33
2026-07-19 18:17:14 | [0:20:38] step  1470/1500 | dpo 0.5270 | pref-acc 0.881 | mle  1.842 | margin +4.31 | lr 1.09e-08 | 1.255M words | ETA 0:00:25
2026-07-19 18:17:22 | [0:20:46] step  1480/1500 | dpo 0.4083 | pref-acc 0.869 | mle  1.965 | margin +7.43 | lr 4.86e-09 | 1.263M words | ETA 0:00:16
2026-07-19 18:17:29 | [0:20:54] step  1490/1500 | dpo 0.4651 | pref-acc 0.844 | mle    nan | margin +6.39 | lr 1.22e-09 | 1.270M words | ETA 0:00:08
2026-07-19 18:17:37 | [0:21:01] step  1500/1500 | dpo 0.4641 | pref-acc 0.863 | mle    nan | margin +6.83 | lr 0.00e+00 | 1.277M words | ETA 0:00:00
2026-07-19 18:17:37 |   >> saved chck_dpo_1500
2026-07-19 18:17:37 | DONE: 1500 steps | 1.277M words seen (phase) | 0:21:02 | saved /Users/admin1/Downloads/babylm-eval/checkpoints/gptbert_small_dpo_op_adj/final
