2026-07-19 18:25:18 | === MP-DPO 'gptbert_small_dpo_op_dist' | device=mps ===
2026-07-19 18:25:18 | init=/Users/admin1/Downloads/babylm-eval/checkpoints/gptbert_small_v1/chck_70M
2026-07-19 18:25:18 | ref =/Users/admin1/Downloads/babylm-eval/checkpoints/gptbert_small_v1/chck_70M (frozen)
2026-07-19 18:25:18 | steps=1500 pairs/step=16 beta=0.1 lr=1e-05 mle_mix=0.5@1.0 | ckpt every 250
2026-07-19 18:25:18 | HARD NEGATIVES on | corruption weights (adj,dist,func,rand) = [0.0, 1.0, 0.0, 0.0]
2026-07-19 18:25:20 | [0:00:01] step     1/1500 | dpo 0.6740 | pref-acc 0.562 | mle    nan | margin +0.56 | lr 1.33e-07 | 0.000M words | ETA 0:38:31
2026-07-19 18:25:27 | [0:00:09] step    10/1500 | dpo 0.7067 | pref-acc 0.375 | mle    nan | margin -0.19 | lr 1.33e-06 | 0.006M words | ETA 0:22:31
2026-07-19 18:25:36 | [0:00:17] step    20/1500 | dpo 0.7688 | pref-acc 0.412 | mle  1.879 | margin -1.26 | lr 2.67e-06 | 0.015M words | ETA 0:21:43
2026-07-19 18:25:45 | [0:00:27] step    30/1500 | dpo 0.6535 | pref-acc 0.456 | mle  1.792 | margin +0.89 | lr 4.00e-06 | 0.025M words | ETA 0:22:04
2026-07-19 18:25:53 | [0:00:35] step    40/1500 | dpo 0.6625 | pref-acc 0.544 | mle  2.820 | margin +0.82 | lr 5.33e-06 | 0.033M words | ETA 0:21:17
2026-07-19 18:26:03 | [0:00:44] step    50/1500 | dpo 0.6884 | pref-acc 0.506 | mle    nan | margin +0.16 | lr 6.67e-06 | 0.043M words | ETA 0:21:34
2026-07-19 18:26:14 | [0:00:55] step    60/1500 | dpo 0.6915 | pref-acc 0.525 | mle  2.575 | margin +0.30 | lr 8.00e-06 | 0.055M words | ETA 0:22:12
2026-07-19 18:26:24 | [0:01:06] step    70/1500 | dpo 0.6569 | pref-acc 0.556 | mle  2.143 | margin +0.92 | lr 9.33e-06 | 0.066M words | ETA 0:22:29
2026-07-19 18:26:32 | [0:01:14] step    80/1500 | dpo 0.5997 | pref-acc 0.631 | mle    nan | margin +2.22 | lr 1.00e-05 | 0.074M words | ETA 0:21:53
2026-07-19 18:26:40 | [0:01:22] step    90/1500 | dpo 0.6550 | pref-acc 0.656 | mle  2.076 | margin +0.95 | lr 1.00e-05 | 0.081M words | ETA 0:21:24
2026-07-19 18:26:51 | [0:01:32] step   100/1500 | dpo 0.6103 | pref-acc 0.650 | mle  2.333 | margin +2.04 | lr 9.99e-06 | 0.094M words | ETA 0:21:41
2026-07-19 18:27:00 | [0:01:41] step   110/1500 | dpo 0.6294 | pref-acc 0.625 | mle    nan | margin +1.48 | lr 9.99e-06 | 0.103M words | ETA 0:21:25
2026-07-19 18:27:11 | [0:01:52] step   120/1500 | dpo 0.5642 | pref-acc 0.750 | mle  2.312 | margin +3.01 | lr 9.98e-06 | 0.114M words | ETA 0:21:29
2026-07-19 18:27:20 | [0:02:01] step   130/1500 | dpo 0.6235 | pref-acc 0.738 | mle  2.098 | margin +1.71 | lr 9.96e-06 | 0.124M words | ETA 0:21:21
2026-07-19 18:27:29 | [0:02:10] step   140/1500 | dpo 0.6299 | pref-acc 0.694 | mle    nan | margin +1.87 | lr 9.95e-06 | 0.133M words | ETA 0:21:05
2026-07-19 18:27:37 | [0:02:18] step   150/1500 | dpo 0.5645 | pref-acc 0.713 | mle    nan | margin +3.17 | lr 9.93e-06 | 0.141M words | ETA 0:20:43
2026-07-19 18:27:47 | [0:02:28] step   160/1500 | dpo 0.5930 | pref-acc 0.738 | mle  1.830 | margin +2.42 | lr 9.91e-06 | 0.152M words | ETA 0:20:41
2026-07-19 18:27:54 | [0:02:35] step   170/1500 | dpo 0.5089 | pref-acc 0.762 | mle  2.197 | margin +4.79 | lr 9.89e-06 | 0.158M words | ETA 0:20:15
2026-07-19 18:28:03 | [0:02:44] step   180/1500 | dpo 0.5266 | pref-acc 0.781 | mle    nan | margin +3.98 | lr 9.87e-06 | 0.167M words | ETA 0:20:03
2026-07-19 18:28:13 | [0:02:54] step   190/1500 | dpo 0.4831 | pref-acc 0.775 | mle  1.871 | margin +5.34 | lr 9.84e-06 | 0.179M words | ETA 0:20:02
2026-07-19 18:28:19 | [0:03:00] step   200/1500 | dpo 0.5996 | pref-acc 0.812 | mle    nan | margin +2.42 | lr 9.81e-06 | 0.184M words | ETA 0:19:34
2026-07-19 18:28:29 | [0:03:10] step   210/1500 | dpo 0.5215 | pref-acc 0.794 | mle    nan | margin +4.76 | lr 9.78e-06 | 0.194M words | ETA 0:19:27
2026-07-19 18:28:38 | [0:03:19] step   220/1500 | dpo 0.5480 | pref-acc 0.794 | mle  1.822 | margin +3.70 | lr 9.75e-06 | 0.204M words | ETA 0:19:20
2026-07-19 18:28:46 | [0:03:27] step   230/1500 | dpo 0.5466 | pref-acc 0.775 | mle  2.170 | margin +3.81 | lr 9.71e-06 | 0.212M words | ETA 0:19:05
2026-07-19 18:28:55 | [0:03:36] step   240/1500 | dpo 0.4813 | pref-acc 0.794 | mle  2.641 | margin +5.58 | lr 9.67e-06 | 0.222M words | ETA 0:18:59
2026-07-19 18:29:05 | [0:03:46] step   250/1500 | dpo 0.5196 | pref-acc 0.800 | mle  2.242 | margin +4.64 | lr 9.63e-06 | 0.232M words | ETA 0:18:52
2026-07-19 18:29:05 |   >> saved chck_dpo_250
2026-07-19 18:29:13 | [0:03:54] step   260/1500 | dpo 0.4816 | pref-acc 0.844 | mle    nan | margin +5.49 | lr 9.59e-06 | 0.239M words | ETA 0:18:39
2026-07-19 18:29:22 | [0:04:03] step   270/1500 | dpo 0.5344 | pref-acc 0.794 | mle    nan | margin +4.07 | lr 9.55e-06 | 0.248M words | ETA 0:18:31
2026-07-19 18:29:30 | [0:04:11] step   280/1500 | dpo 0.4970 | pref-acc 0.825 | mle  2.296 | margin +4.99 | lr 9.50e-06 | 0.255M words | ETA 0:18:15
2026-07-19 18:29:42 | [0:04:23] step   290/1500 | dpo 0.5676 | pref-acc 0.775 | mle  2.383 | margin +3.46 | lr 9.45e-06 | 0.263M words | ETA 0:18:19
2026-07-19 18:29:52 | [0:04:33] step   300/1500 | dpo 0.5768 | pref-acc 0.812 | mle  3.157 | margin +3.66 | lr 9.40e-06 | 0.273M words | ETA 0:18:14
2026-07-19 18:30:00 | [0:04:41] step   310/1500 | dpo 0.5564 | pref-acc 0.825 | mle    nan | margin +3.73 | lr 9.34e-06 | 0.280M words | ETA 0:17:59
2026-07-19 18:30:08 | [0:04:49] step   320/1500 | dpo 0.4761 | pref-acc 0.831 | mle    nan | margin +6.02 | lr 9.29e-06 | 0.287M words | ETA 0:17:46
2026-07-19 18:30:15 | [0:04:56] step   330/1500 | dpo 0.5058 | pref-acc 0.856 | mle    nan | margin +4.77 | lr 9.23e-06 | 0.294M words | ETA 0:17:30
2026-07-19 18:30:20 | [0:05:01] step   340/1500 | dpo 0.5343 | pref-acc 0.856 | mle    nan | margin +4.44 | lr 9.17e-06 | 0.297M words | ETA 0:17:10
2026-07-19 18:30:30 | [0:05:11] step   350/1500 | dpo 0.5321 | pref-acc 0.869 | mle  1.582 | margin +3.97 | lr 9.11e-06 | 0.307M words | ETA 0:17:03
2026-07-19 18:30:40 | [0:05:21] step   360/1500 | dpo 0.5314 | pref-acc 0.775 | mle  2.360 | margin +4.33 | lr 9.05e-06 | 0.318M words | ETA 0:16:57
2026-07-19 18:30:48 | [0:05:29] step   370/1500 | dpo 0.4612 | pref-acc 0.800 | mle  2.198 | margin +6.20 | lr 8.98e-06 | 0.325M words | ETA 0:16:46
2026-07-19 18:30:56 | [0:05:37] step   380/1500 | dpo 0.5741 | pref-acc 0.819 | mle    nan | margin +2.97 | lr 8.91e-06 | 0.333M words | ETA 0:16:35
2026-07-19 18:31:04 | [0:05:45] step   390/1500 | dpo 0.4777 | pref-acc 0.738 | mle    nan | margin +5.81 | lr 8.84e-06 | 0.341M words | ETA 0:16:24
2026-07-19 18:31:12 | [0:05:53] step   400/1500 | dpo 0.4402 | pref-acc 0.800 | mle  2.227 | margin +6.69 | lr 8.77e-06 | 0.348M words | ETA 0:16:12
2026-07-19 18:31:21 | [0:06:02] step   410/1500 | dpo 0.5061 | pref-acc 0.831 | mle    nan | margin +4.94 | lr 8.70e-06 | 0.357M words | ETA 0:16:03
2026-07-19 18:31:30 | [0:06:11] step   420/1500 | dpo 0.4036 | pref-acc 0.838 | mle    nan | margin +7.93 | lr 8.62e-06 | 0.366M words | ETA 0:15:54
2026-07-19 18:31:38 | [0:06:19] step   430/1500 | dpo 0.4287 | pref-acc 0.825 | mle    nan | margin +7.08 | lr 8.55e-06 | 0.374M words | ETA 0:15:45
2026-07-19 18:31:47 | [0:06:28] step   440/1500 | dpo 0.5233 | pref-acc 0.812 | mle    nan | margin +4.44 | lr 8.47e-06 | 0.383M words | ETA 0:15:36
2026-07-19 18:31:54 | [0:06:35] step   450/1500 | dpo 0.5503 | pref-acc 0.731 | mle  2.412 | margin +3.56 | lr 8.39e-06 | 0.390M words | ETA 0:15:23
2026-07-19 18:32:04 | [0:06:45] step   460/1500 | dpo 0.4678 | pref-acc 0.812 | mle  2.525 | margin +6.04 | lr 8.30e-06 | 0.400M words | ETA 0:15:16
2026-07-19 18:32:09 | [0:06:51] step   470/1500 | dpo 0.4867 | pref-acc 0.869 | mle    nan | margin +5.20 | lr 8.22e-06 | 0.404M words | ETA 0:15:00
2026-07-19 18:32:16 | [0:06:57] step   480/1500 | dpo 0.5087 | pref-acc 0.819 | mle  1.834 | margin +5.39 | lr 8.14e-06 | 0.409M words | ETA 0:14:47
2026-07-19 18:32:24 | [0:07:05] step   490/1500 | dpo 0.4585 | pref-acc 0.831 | mle    nan | margin +6.82 | lr 8.05e-06 | 0.416M words | ETA 0:14:37
2026-07-19 18:32:33 | [0:07:14] step   500/1500 | dpo 0.3982 | pref-acc 0.856 | mle    nan | margin +8.19 | lr 7.96e-06 | 0.425M words | ETA 0:14:28
2026-07-19 18:32:33 |   >> saved chck_dpo_500
2026-07-19 18:32:43 | [0:07:24] step   510/1500 | dpo 0.4592 | pref-acc 0.812 | mle    nan | margin +6.69 | lr 7.87e-06 | 0.435M words | ETA 0:14:22
2026-07-19 18:32:51 | [0:07:32] step   520/1500 | dpo 0.5578 | pref-acc 0.863 | mle    nan | margin +4.25 | lr 7.78e-06 | 0.443M words | ETA 0:14:12
2026-07-19 18:33:01 | [0:07:42] step   530/1500 | dpo 0.4396 | pref-acc 0.825 | mle  2.368 | margin +6.87 | lr 7.69e-06 | 0.453M words | ETA 0:14:06
2026-07-19 18:33:10 | [0:07:51] step   540/1500 | dpo 0.4194 | pref-acc 0.838 | mle    nan | margin +8.37 | lr 7.59e-06 | 0.462M words | ETA 0:13:57
2026-07-19 18:33:18 | [0:07:59] step   550/1500 | dpo 0.4752 | pref-acc 0.831 | mle    nan | margin +6.10 | lr 7.50e-06 | 0.469M words | ETA 0:13:47
2026-07-19 18:33:27 | [0:08:08] step   560/1500 | dpo 0.4433 | pref-acc 0.825 | mle  2.080 | margin +7.53 | lr 7.40e-06 | 0.479M words | ETA 0:13:40
2026-07-19 18:33:36 | [0:08:17] step   570/1500 | dpo 0.4814 | pref-acc 0.844 | mle  2.004 | margin +5.52 | lr 7.31e-06 | 0.488M words | ETA 0:13:32
2026-07-19 18:33:47 | [0:08:28] step   580/1500 | dpo 0.4687 | pref-acc 0.856 | mle  2.097 | margin +5.94 | lr 7.21e-06 | 0.501M words | ETA 0:13:27
2026-07-19 18:33:56 | [0:08:37] step   590/1500 | dpo 0.5058 | pref-acc 0.875 | mle  2.180 | margin +4.76 | lr 7.11e-06 | 0.510M words | ETA 0:13:18
2026-07-19 18:34:04 | [0:08:45] step   600/1500 | dpo 0.4008 | pref-acc 0.881 | mle    nan | margin +8.20 | lr 7.01e-06 | 0.517M words | ETA 0:13:08
2026-07-19 18:34:14 | [0:08:55] step   610/1500 | dpo 0.4106 | pref-acc 0.863 | mle  2.514 | margin +7.63 | lr 6.91e-06 | 0.527M words | ETA 0:13:00
2026-07-19 18:34:24 | [0:09:05] step   620/1500 | dpo 0.4718 | pref-acc 0.794 | mle  1.961 | margin +7.13 | lr 6.80e-06 | 0.539M words | ETA 0:12:54
2026-07-19 18:34:34 | [0:09:15] step   630/1500 | dpo 0.4375 | pref-acc 0.806 | mle    nan | margin +7.67 | lr 6.70e-06 | 0.549M words | ETA 0:12:46
2026-07-19 18:34:42 | [0:09:23] step   640/1500 | dpo 0.3527 | pref-acc 0.863 | mle    nan | margin +10.54 | lr 6.60e-06 | 0.556M words | ETA 0:12:36
2026-07-19 18:34:50 | [0:09:31] step   650/1500 | dpo 0.4896 | pref-acc 0.856 | mle    nan | margin +5.43 | lr 6.49e-06 | 0.565M words | ETA 0:12:27
2026-07-19 18:35:00 | [0:09:41] step   660/1500 | dpo 0.3805 | pref-acc 0.863 | mle    nan | margin +9.04 | lr 6.39e-06 | 0.575M words | ETA 0:12:20
2026-07-19 18:35:10 | [0:09:51] step   670/1500 | dpo 0.4461 | pref-acc 0.850 | mle    nan | margin +7.19 | lr 6.28e-06 | 0.585M words | ETA 0:12:12
2026-07-19 18:35:18 | [0:09:59] step   680/1500 | dpo 0.4818 | pref-acc 0.850 | mle  2.506 | margin +6.13 | lr 6.17e-06 | 0.593M words | ETA 0:12:02
2026-07-19 18:35:26 | [0:10:07] step   690/1500 | dpo 0.3788 | pref-acc 0.856 | mle    nan | margin +8.79 | lr 6.07e-06 | 0.602M words | ETA 0:11:53
2026-07-19 18:35:34 | [0:10:15] step   700/1500 | dpo 0.4303 | pref-acc 0.856 | mle    nan | margin +7.57 | lr 5.96e-06 | 0.610M words | ETA 0:11:43
2026-07-19 18:35:43 | [0:10:24] step   710/1500 | dpo 0.4625 | pref-acc 0.869 | mle    nan | margin +7.34 | lr 5.85e-06 | 0.618M words | ETA 0:11:35
2026-07-19 18:35:50 | [0:10:31] step   720/1500 | dpo 0.4725 | pref-acc 0.831 | mle    nan | margin +7.23 | lr 5.74e-06 | 0.625M words | ETA 0:11:24
2026-07-19 18:35:57 | [0:10:39] step   730/1500 | dpo 0.3745 | pref-acc 0.887 | mle    nan | margin +9.58 | lr 5.63e-06 | 0.631M words | ETA 0:11:14
2026-07-19 18:36:06 | [0:10:47] step   740/1500 | dpo 0.3783 | pref-acc 0.863 | mle    nan | margin +9.59 | lr 5.52e-06 | 0.640M words | ETA 0:11:05
2026-07-19 18:36:16 | [0:10:57] step   750/1500 | dpo 0.3986 | pref-acc 0.856 | mle  2.545 | margin +8.09 | lr 5.41e-06 | 0.650M words | ETA 0:10:57
2026-07-19 18:36:16 |   >> saved chck_dpo_750
2026-07-19 18:36:25 | [0:11:06] step   760/1500 | dpo 0.4690 | pref-acc 0.794 | mle    nan | margin +6.82 | lr 5.30e-06 | 0.659M words | ETA 0:10:49
2026-07-19 18:36:35 | [0:11:17] step   770/1500 | dpo 0.3630 | pref-acc 0.838 | mle  2.146 | margin +9.43 | lr 5.19e-06 | 0.670M words | ETA 0:10:41
2026-07-19 18:36:46 | [0:11:27] step   780/1500 | dpo 0.4190 | pref-acc 0.863 | mle  2.505 | margin +8.54 | lr 5.08e-06 | 0.681M words | ETA 0:10:34
2026-07-19 18:36:52 | [0:11:33] step   790/1500 | dpo 0.4692 | pref-acc 0.812 | mle  2.315 | margin +6.52 | lr 4.97e-06 | 0.686M words | ETA 0:10:23
2026-07-19 18:36:59 | [0:11:41] step   800/1500 | dpo 0.4536 | pref-acc 0.850 | mle    nan | margin +7.27 | lr 4.86e-06 | 0.692M words | ETA 0:10:13
2026-07-19 18:37:07 | [0:11:48] step   810/1500 | dpo 0.4305 | pref-acc 0.900 | mle    nan | margin +8.69 | lr 4.75e-06 | 0.699M words | ETA 0:10:03
2026-07-19 18:37:16 | [0:11:57] step   820/1500 | dpo 0.4292 | pref-acc 0.819 | mle    nan | margin +8.43 | lr 4.64e-06 | 0.708M words | ETA 0:09:54
2026-07-19 18:37:24 | [0:12:05] step   830/1500 | dpo 0.3861 | pref-acc 0.794 | mle    nan | margin +9.61 | lr 4.53e-06 | 0.716M words | ETA 0:09:45
2026-07-19 18:37:34 | [0:12:15] step   840/1500 | dpo 0.4133 | pref-acc 0.900 | mle  2.552 | margin +7.89 | lr 4.42e-06 | 0.726M words | ETA 0:09:37
2026-07-19 18:37:42 | [0:12:23] step   850/1500 | dpo 0.4651 | pref-acc 0.831 | mle  2.309 | margin +7.79 | lr 4.31e-06 | 0.734M words | ETA 0:09:28
2026-07-19 18:37:51 | [0:12:32] step   860/1500 | dpo 0.4091 | pref-acc 0.856 | mle  4.024 | margin +9.70 | lr 4.20e-06 | 0.744M words | ETA 0:09:20
2026-07-19 18:37:59 | [0:12:40] step   870/1500 | dpo 0.4027 | pref-acc 0.875 | mle  2.463 | margin +8.79 | lr 4.10e-06 | 0.751M words | ETA 0:09:10
2026-07-19 18:38:09 | [0:12:50] step   880/1500 | dpo 0.4864 | pref-acc 0.894 | mle  1.674 | margin +6.59 | lr 3.99e-06 | 0.763M words | ETA 0:09:03
2026-07-19 18:38:19 | [0:13:00] step   890/1500 | dpo 0.3623 | pref-acc 0.869 | mle  2.387 | margin +10.52 | lr 3.88e-06 | 0.773M words | ETA 0:08:54
2026-07-19 18:38:28 | [0:13:09] step   900/1500 | dpo 0.4047 | pref-acc 0.863 | mle    nan | margin +8.19 | lr 3.77e-06 | 0.781M words | ETA 0:08:46
2026-07-19 18:38:38 | [0:13:19] step   910/1500 | dpo 0.4494 | pref-acc 0.831 | mle    nan | margin +8.27 | lr 3.67e-06 | 0.792M words | ETA 0:08:38
2026-07-19 18:38:47 | [0:13:29] step   920/1500 | dpo 0.4801 | pref-acc 0.838 | mle  2.307 | margin +6.70 | lr 3.56e-06 | 0.803M words | ETA 0:08:30
2026-07-19 18:38:56 | [0:13:37] step   930/1500 | dpo 0.4377 | pref-acc 0.831 | mle    nan | margin +7.38 | lr 3.45e-06 | 0.811M words | ETA 0:08:21
2026-07-19 18:39:04 | [0:13:45] step   940/1500 | dpo 0.3557 | pref-acc 0.869 | mle    nan | margin +10.23 | lr 3.35e-06 | 0.819M words | ETA 0:08:12
2026-07-19 18:39:13 | [0:13:54] step   950/1500 | dpo 0.4501 | pref-acc 0.925 | mle    nan | margin +8.35 | lr 3.25e-06 | 0.827M words | ETA 0:08:03
2026-07-19 18:39:22 | [0:14:03] step   960/1500 | dpo 0.5181 | pref-acc 0.844 | mle    nan | margin +5.39 | lr 3.14e-06 | 0.836M words | ETA 0:07:54
2026-07-19 18:39:30 | [0:14:11] step   970/1500 | dpo 0.3843 | pref-acc 0.850 | mle  2.435 | margin +11.15 | lr 3.04e-06 | 0.844M words | ETA 0:07:45
2026-07-19 18:39:39 | [0:14:20] step   980/1500 | dpo 0.3470 | pref-acc 0.894 | mle  2.218 | margin +10.09 | lr 2.94e-06 | 0.853M words | ETA 0:07:36
2026-07-19 18:39:46 | [0:14:27] step   990/1500 | dpo 0.4802 | pref-acc 0.863 | mle    nan | margin +5.80 | lr 2.84e-06 | 0.859M words | ETA 0:07:26
2026-07-19 18:39:54 | [0:14:35] step  1000/1500 | dpo 0.3415 | pref-acc 0.875 | mle    nan | margin +9.51 | lr 2.74e-06 | 0.867M words | ETA 0:07:17
2026-07-19 18:39:54 |   >> saved chck_dpo_1000
2026-07-19 18:40:03 | [0:14:44] step  1010/1500 | dpo 0.3758 | pref-acc 0.844 | mle  1.918 | margin +10.57 | lr 2.64e-06 | 0.876M words | ETA 0:07:09
2026-07-19 18:40:11 | [0:14:52] step  1020/1500 | dpo 0.3491 | pref-acc 0.850 | mle    nan | margin +11.22 | lr 2.55e-06 | 0.883M words | ETA 0:07:00
2026-07-19 18:40:21 | [0:15:02] step  1030/1500 | dpo 0.4367 | pref-acc 0.819 | mle    nan | margin +9.40 | lr 2.45e-06 | 0.893M words | ETA 0:06:51
2026-07-19 18:40:28 | [0:15:10] step  1040/1500 | dpo 0.2910 | pref-acc 0.875 | mle  2.433 | margin +12.79 | lr 2.36e-06 | 0.901M words | ETA 0:06:42
2026-07-19 18:40:38 | [0:15:19] step  1050/1500 | dpo 0.4156 | pref-acc 0.875 | mle    nan | margin +9.06 | lr 2.27e-06 | 0.911M words | ETA 0:06:34
2026-07-19 18:40:48 | [0:15:29] step  1060/1500 | dpo 0.3849 | pref-acc 0.850 | mle  2.114 | margin +10.90 | lr 2.17e-06 | 0.922M words | ETA 0:06:26
2026-07-19 18:40:56 | [0:15:37] step  1070/1500 | dpo 0.4381 | pref-acc 0.856 | mle    nan | margin +8.30 | lr 2.08e-06 | 0.928M words | ETA 0:06:16
2026-07-19 18:41:05 | [0:15:46] step  1080/1500 | dpo 0.3844 | pref-acc 0.863 | mle  2.251 | margin +10.64 | lr 1.99e-06 | 0.939M words | ETA 0:06:08
2026-07-19 18:41:12 | [0:15:54] step  1090/1500 | dpo 0.3018 | pref-acc 0.863 | mle    nan | margin +12.49 | lr 1.91e-06 | 0.945M words | ETA 0:05:58
2026-07-19 18:41:21 | [0:16:02] step  1100/1500 | dpo 0.3710 | pref-acc 0.887 | mle  2.611 | margin +9.17 | lr 1.82e-06 | 0.953M words | ETA 0:05:49
2026-07-19 18:41:30 | [0:16:11] step  1110/1500 | dpo 0.3116 | pref-acc 0.869 | mle    nan | margin +11.37 | lr 1.74e-06 | 0.963M words | ETA 0:05:41
2026-07-19 18:41:40 | [0:16:21] step  1120/1500 | dpo 0.4256 | pref-acc 0.850 | mle  3.247 | margin +8.92 | lr 1.65e-06 | 0.973M words | ETA 0:05:32
2026-07-19 18:41:48 | [0:16:29] step  1130/1500 | dpo 0.3824 | pref-acc 0.931 | mle  2.515 | margin +9.18 | lr 1.57e-06 | 0.982M words | ETA 0:05:24
2026-07-19 18:41:56 | [0:16:37] step  1140/1500 | dpo 0.3429 | pref-acc 0.856 | mle  2.073 | margin +11.19 | lr 1.49e-06 | 0.989M words | ETA 0:05:15
2026-07-19 18:42:05 | [0:16:46] step  1150/1500 | dpo 0.4219 | pref-acc 0.844 | mle  2.347 | margin +9.84 | lr 1.42e-06 | 0.998M words | ETA 0:05:06
2026-07-19 18:42:12 | [0:16:54] step  1160/1500 | dpo 0.3913 | pref-acc 0.831 | mle    nan | margin +10.16 | lr 1.34e-06 | 1.005M words | ETA 0:04:57
2026-07-19 18:42:21 | [0:17:02] step  1170/1500 | dpo 0.4311 | pref-acc 0.856 | mle  2.458 | margin +10.12 | lr 1.27e-06 | 1.013M words | ETA 0:04:48
2026-07-19 18:42:28 | [0:17:10] step  1180/1500 | dpo 0.3450 | pref-acc 0.787 | mle  2.185 | margin +10.97 | lr 1.19e-06 | 1.020M words | ETA 0:04:39
2026-07-19 18:42:36 | [0:17:18] step  1190/1500 | dpo 0.3156 | pref-acc 0.881 | mle  2.524 | margin +11.47 | lr 1.12e-06 | 1.028M words | ETA 0:04:30
2026-07-19 18:42:45 | [0:17:26] step  1200/1500 | dpo 0.4648 | pref-acc 0.838 | mle    nan | margin +7.28 | lr 1.05e-06 | 1.036M words | ETA 0:04:21
2026-07-19 18:42:52 | [0:17:33] step  1210/1500 | dpo 0.4474 | pref-acc 0.856 | mle    nan | margin +7.10 | lr 9.88e-07 | 1.042M words | ETA 0:04:12
2026-07-19 18:43:04 | [0:17:45] step  1220/1500 | dpo 0.4984 | pref-acc 0.869 | mle  2.228 | margin +6.59 | lr 9.23e-07 | 1.056M words | ETA 0:04:04
2026-07-19 18:43:14 | [0:17:55] step  1230/1500 | dpo 0.3431 | pref-acc 0.850 | mle    nan | margin +11.06 | lr 8.60e-07 | 1.066M words | ETA 0:03:56
2026-07-19 18:43:24 | [0:18:05] step  1240/1500 | dpo 0.5030 | pref-acc 0.850 | mle    nan | margin +6.85 | lr 7.99e-07 | 1.078M words | ETA 0:03:47
2026-07-19 18:43:32 | [0:18:13] step  1250/1500 | dpo 0.4795 | pref-acc 0.900 | mle  2.327 | margin +5.93 | lr 7.40e-07 | 1.085M words | ETA 0:03:38
2026-07-19 18:43:32 |   >> saved chck_dpo_1250
2026-07-19 18:43:41 | [0:18:22] step  1260/1500 | dpo 0.5202 | pref-acc 0.838 | mle    nan | margin +6.14 | lr 6.84e-07 | 1.094M words | ETA 0:03:30
2026-07-19 18:43:49 | [0:18:30] step  1270/1500 | dpo 0.4923 | pref-acc 0.831 | mle    nan | margin +5.68 | lr 6.29e-07 | 1.101M words | ETA 0:03:21
2026-07-19 18:43:56 | [0:18:37] step  1280/1500 | dpo 0.2833 | pref-acc 0.906 | mle    nan | margin +12.86 | lr 5.77e-07 | 1.107M words | ETA 0:03:12
2026-07-19 18:44:02 | [0:18:44] step  1290/1500 | dpo 0.4046 | pref-acc 0.844 | mle    nan | margin +9.94 | lr 5.26e-07 | 1.112M words | ETA 0:03:02
2026-07-19 18:44:09 | [0:18:50] step  1300/1500 | dpo 0.4423 | pref-acc 0.869 | mle    nan | margin +6.99 | lr 4.78e-07 | 1.117M words | ETA 0:02:53
2026-07-19 18:44:15 | [0:18:56] step  1310/1500 | dpo 0.5077 | pref-acc 0.869 | mle  2.302 | margin +6.61 | lr 4.32e-07 | 1.122M words | ETA 0:02:44
2026-07-19 18:44:23 | [0:19:04] step  1320/1500 | dpo 0.3315 | pref-acc 0.800 | mle  1.943 | margin +11.16 | lr 3.89e-07 | 1.130M words | ETA 0:02:36
2026-07-19 18:44:33 | [0:19:15] step  1330/1500 | dpo 0.3442 | pref-acc 0.863 | mle  1.913 | margin +10.99 | lr 3.47e-07 | 1.142M words | ETA 0:02:27
2026-07-19 18:44:43 | [0:19:24] step  1340/1500 | dpo 0.3719 | pref-acc 0.856 | mle  2.519 | margin +8.94 | lr 3.08e-07 | 1.151M words | ETA 0:02:19
2026-07-19 18:44:51 | [0:19:32] step  1350/1500 | dpo 0.3378 | pref-acc 0.838 | mle    nan | margin +11.39 | lr 2.71e-07 | 1.159M words | ETA 0:02:10
2026-07-19 18:45:01 | [0:19:42] step  1360/1500 | dpo 0.3578 | pref-acc 0.863 | mle  2.300 | margin +12.16 | lr 2.36e-07 | 1.169M words | ETA 0:02:01
2026-07-19 18:45:08 | [0:19:49] step  1370/1500 | dpo 0.3219 | pref-acc 0.869 | mle    nan | margin +13.20 | lr 2.04e-07 | 1.176M words | ETA 0:01:52
2026-07-19 18:45:17 | [0:19:59] step  1380/1500 | dpo 0.3121 | pref-acc 0.875 | mle  2.265 | margin +13.37 | lr 1.74e-07 | 1.186M words | ETA 0:01:44
2026-07-19 18:45:26 | [0:20:07] step  1390/1500 | dpo 0.4129 | pref-acc 0.887 | mle  2.446 | margin +8.76 | lr 1.46e-07 | 1.195M words | ETA 0:01:35
2026-07-19 18:45:34 | [0:20:15] step  1400/1500 | dpo 0.4382 | pref-acc 0.819 | mle  2.439 | margin +8.31 | lr 1.21e-07 | 1.202M words | ETA 0:01:26
2026-07-19 18:45:41 | [0:20:22] step  1410/1500 | dpo 0.3739 | pref-acc 0.906 | mle    nan | margin +9.52 | lr 9.81e-08 | 1.209M words | ETA 0:01:18
2026-07-19 18:45:50 | [0:20:31] step  1420/1500 | dpo 0.2975 | pref-acc 0.863 | mle  2.556 | margin +13.90 | lr 7.76e-08 | 1.218M words | ETA 0:01:09
2026-07-19 18:45:59 | [0:20:41] step  1430/1500 | dpo 0.3901 | pref-acc 0.863 | mle  2.358 | margin +8.82 | lr 5.94e-08 | 1.228M words | ETA 0:01:00
2026-07-19 18:46:06 | [0:20:47] step  1440/1500 | dpo 0.4866 | pref-acc 0.806 | mle  2.137 | margin +6.71 | lr 4.37e-08 | 1.233M words | ETA 0:00:51
2026-07-19 18:46:15 | [0:20:57] step  1450/1500 | dpo 0.4058 | pref-acc 0.850 | mle  2.453 | margin +8.99 | lr 3.03e-08 | 1.243M words | ETA 0:00:43
2026-07-19 18:46:22 | [0:21:03] step  1460/1500 | dpo 0.3320 | pref-acc 0.869 | mle    nan | margin +11.25 | lr 1.94e-08 | 1.248M words | ETA 0:00:34
2026-07-19 18:46:30 | [0:21:11] step  1470/1500 | dpo 0.3839 | pref-acc 0.887 | mle  1.855 | margin +8.30 | lr 1.09e-08 | 1.255M words | ETA 0:00:25
2026-07-19 18:46:38 | [0:21:19] step  1480/1500 | dpo 0.4424 | pref-acc 0.856 | mle  1.971 | margin +8.18 | lr 4.86e-09 | 1.263M words | ETA 0:00:17
2026-07-19 18:46:46 | [0:21:27] step  1490/1500 | dpo 0.4475 | pref-acc 0.906 | mle    nan | margin +8.79 | lr 1.22e-09 | 1.270M words | ETA 0:00:08
2026-07-19 18:46:53 | [0:21:34] step  1500/1500 | dpo 0.4258 | pref-acc 0.850 | mle    nan | margin +8.10 | lr 0.00e+00 | 1.277M words | ETA 0:00:00
2026-07-19 18:46:53 |   >> saved chck_dpo_1500
2026-07-19 18:46:54 | DONE: 1500 steps | 1.277M words seen (phase) | 0:21:35 | saved /Users/admin1/Downloads/babylm-eval/checkpoints/gptbert_small_dpo_op_dist/final
