2026-07-19 18:54:54 | === MP-DPO 'gptbert_small_dpo_op_func' | device=mps ===
2026-07-19 18:54:54 | init=/Users/admin1/Downloads/babylm-eval/checkpoints/gptbert_small_v1/chck_70M
2026-07-19 18:54:54 | ref =/Users/admin1/Downloads/babylm-eval/checkpoints/gptbert_small_v1/chck_70M (frozen)
2026-07-19 18:54:54 | steps=1500 pairs/step=16 beta=0.1 lr=1e-05 mle_mix=0.5@1.0 | ckpt every 250
2026-07-19 18:54:54 | HARD NEGATIVES on | corruption weights (adj,dist,func,rand) = [0.0, 0.0, 1.0, 0.0]
2026-07-19 18:54:56 | [0:00:01] step     1/1500 | dpo 0.6562 | pref-acc 0.562 | mle    nan | margin +0.94 | lr 1.33e-07 | 0.000M words | ETA 0:47:14
2026-07-19 18:55:03 | [0:00:09] step    10/1500 | dpo 0.7000 | pref-acc 0.472 | mle    nan | margin -0.04 | lr 1.33e-06 | 0.006M words | ETA 0:23:27
2026-07-19 18:55:12 | [0:00:18] step    20/1500 | dpo 0.7623 | pref-acc 0.487 | mle  1.879 | margin -1.03 | lr 2.67e-06 | 0.015M words | ETA 0:22:17
2026-07-19 18:55:21 | [0:00:27] step    30/1500 | dpo 0.6371 | pref-acc 0.487 | mle  1.791 | margin +1.23 | lr 4.00e-06 | 0.025M words | ETA 0:22:28
2026-07-19 18:55:29 | [0:00:35] step    40/1500 | dpo 0.6825 | pref-acc 0.519 | mle  2.820 | margin +0.36 | lr 5.33e-06 | 0.033M words | ETA 0:21:34
2026-07-19 18:55:39 | [0:00:45] step    50/1500 | dpo 0.7076 | pref-acc 0.494 | mle    nan | margin -0.19 | lr 6.67e-06 | 0.043M words | ETA 0:21:46
2026-07-19 18:55:49 | [0:00:55] step    60/1500 | dpo 0.6869 | pref-acc 0.463 | mle  2.572 | margin +0.36 | lr 8.00e-06 | 0.055M words | ETA 0:22:09
2026-07-19 18:56:00 | [0:01:05] step    70/1500 | dpo 0.6707 | pref-acc 0.544 | mle  2.147 | margin +0.51 | lr 9.33e-06 | 0.066M words | ETA 0:22:25
2026-07-19 18:56:08 | [0:01:13] step    80/1500 | dpo 0.6732 | pref-acc 0.575 | mle    nan | margin +0.54 | lr 1.00e-05 | 0.074M words | ETA 0:21:51
2026-07-19 18:56:16 | [0:01:21] step    90/1500 | dpo 0.6911 | pref-acc 0.606 | mle  2.075 | margin +0.14 | lr 1.00e-05 | 0.081M words | ETA 0:21:22
2026-07-19 18:56:27 | [0:01:33] step   100/1500 | dpo 0.6835 | pref-acc 0.606 | mle  2.317 | margin +0.32 | lr 9.99e-06 | 0.094M words | ETA 0:21:42
2026-07-19 18:56:36 | [0:01:41] step   110/1500 | dpo 0.6579 | pref-acc 0.544 | mle    nan | margin +0.84 | lr 9.99e-06 | 0.103M words | ETA 0:21:25
2026-07-19 18:56:46 | [0:01:52] step   120/1500 | dpo 0.6350 | pref-acc 0.625 | mle  2.316 | margin +1.38 | lr 9.98e-06 | 0.114M words | ETA 0:21:28
2026-07-19 18:56:56 | [0:02:01] step   130/1500 | dpo 0.6649 | pref-acc 0.662 | mle  2.103 | margin +0.63 | lr 9.96e-06 | 0.124M words | ETA 0:21:22
2026-07-19 18:57:04 | [0:02:10] step   140/1500 | dpo 0.6395 | pref-acc 0.644 | mle    nan | margin +1.28 | lr 9.95e-06 | 0.133M words | ETA 0:21:07
2026-07-19 18:57:12 | [0:02:18] step   150/1500 | dpo 0.6067 | pref-acc 0.656 | mle    nan | margin +1.94 | lr 9.93e-06 | 0.141M words | ETA 0:20:46
2026-07-19 18:57:23 | [0:02:28] step   160/1500 | dpo 0.6428 | pref-acc 0.694 | mle  1.830 | margin +1.20 | lr 9.91e-06 | 0.152M words | ETA 0:20:46
2026-07-19 18:57:30 | [0:02:35] step   170/1500 | dpo 0.5843 | pref-acc 0.744 | mle  2.210 | margin +3.01 | lr 9.89e-06 | 0.158M words | ETA 0:20:20
2026-07-19 18:57:39 | [0:02:44] step   180/1500 | dpo 0.5988 | pref-acc 0.613 | mle    nan | margin +2.40 | lr 9.87e-06 | 0.167M words | ETA 0:20:08
2026-07-19 18:57:49 | [0:02:55] step   190/1500 | dpo 0.5634 | pref-acc 0.681 | mle  1.852 | margin +3.10 | lr 9.84e-06 | 0.179M words | ETA 0:20:07
2026-07-19 18:57:55 | [0:03:01] step   200/1500 | dpo 0.5998 | pref-acc 0.706 | mle    nan | margin +2.20 | lr 9.81e-06 | 0.184M words | ETA 0:19:39
2026-07-19 18:58:05 | [0:03:11] step   210/1500 | dpo 0.5787 | pref-acc 0.713 | mle    nan | margin +3.10 | lr 9.78e-06 | 0.194M words | ETA 0:19:33
2026-07-19 18:58:14 | [0:03:20] step   220/1500 | dpo 0.6156 | pref-acc 0.750 | mle  1.822 | margin +1.96 | lr 9.75e-06 | 0.204M words | ETA 0:19:26
2026-07-19 18:58:22 | [0:03:28] step   230/1500 | dpo 0.5935 | pref-acc 0.781 | mle  2.185 | margin +2.48 | lr 9.71e-06 | 0.212M words | ETA 0:19:11
2026-07-19 18:58:32 | [0:03:38] step   240/1500 | dpo 0.5974 | pref-acc 0.675 | mle  2.650 | margin +2.67 | lr 9.67e-06 | 0.222M words | ETA 0:19:04
2026-07-19 18:58:41 | [0:03:47] step   250/1500 | dpo 0.6246 | pref-acc 0.719 | mle  2.229 | margin +1.85 | lr 9.63e-06 | 0.232M words | ETA 0:18:57
2026-07-19 18:58:42 |   >> saved chck_dpo_250
2026-07-19 18:58:50 | [0:03:55] step   260/1500 | dpo 0.5299 | pref-acc 0.781 | mle    nan | margin +3.96 | lr 9.59e-06 | 0.239M words | ETA 0:18:44
2026-07-19 18:58:59 | [0:04:04] step   270/1500 | dpo 0.6283 | pref-acc 0.731 | mle    nan | margin +1.77 | lr 9.55e-06 | 0.248M words | ETA 0:18:34
2026-07-19 18:59:06 | [0:04:11] step   280/1500 | dpo 0.5674 | pref-acc 0.800 | mle  2.302 | margin +2.93 | lr 9.50e-06 | 0.255M words | ETA 0:18:17
2026-07-19 18:59:15 | [0:04:20] step   290/1500 | dpo 0.6034 | pref-acc 0.750 | mle  2.385 | margin +2.40 | lr 9.45e-06 | 0.263M words | ETA 0:18:07
2026-07-19 18:59:24 | [0:04:30] step   300/1500 | dpo 0.5936 | pref-acc 0.719 | mle  3.136 | margin +2.55 | lr 9.40e-06 | 0.273M words | ETA 0:18:00
2026-07-19 18:59:31 | [0:04:37] step   310/1500 | dpo 0.5614 | pref-acc 0.744 | mle    nan | margin +3.36 | lr 9.34e-06 | 0.280M words | ETA 0:17:43
2026-07-19 18:59:39 | [0:04:45] step   320/1500 | dpo 0.5559 | pref-acc 0.762 | mle    nan | margin +3.80 | lr 9.29e-06 | 0.287M words | ETA 0:17:31
2026-07-19 18:59:46 | [0:04:52] step   330/1500 | dpo 0.6972 | pref-acc 0.694 | mle    nan | margin +0.16 | lr 9.23e-06 | 0.294M words | ETA 0:17:16
2026-07-19 18:59:52 | [0:04:57] step   340/1500 | dpo 0.5766 | pref-acc 0.756 | mle    nan | margin +3.22 | lr 9.17e-06 | 0.297M words | ETA 0:16:56
2026-07-19 19:00:01 | [0:05:07] step   350/1500 | dpo 0.6566 | pref-acc 0.812 | mle  1.577 | margin +1.18 | lr 9.11e-06 | 0.307M words | ETA 0:16:50
2026-07-19 19:00:11 | [0:05:17] step   360/1500 | dpo 0.5818 | pref-acc 0.769 | mle  2.347 | margin +3.03 | lr 9.05e-06 | 0.318M words | ETA 0:16:43
2026-07-19 19:00:19 | [0:05:24] step   370/1500 | dpo 0.5941 | pref-acc 0.838 | mle  2.189 | margin +2.65 | lr 8.98e-06 | 0.325M words | ETA 0:16:32
2026-07-19 19:00:27 | [0:05:32] step   380/1500 | dpo 0.6076 | pref-acc 0.713 | mle    nan | margin +2.19 | lr 8.91e-06 | 0.333M words | ETA 0:16:21
2026-07-19 19:00:35 | [0:05:40] step   390/1500 | dpo 0.4611 | pref-acc 0.769 | mle    nan | margin +6.10 | lr 8.84e-06 | 0.341M words | ETA 0:16:10
2026-07-19 19:00:43 | [0:05:48] step   400/1500 | dpo 0.5358 | pref-acc 0.819 | mle  2.234 | margin +4.00 | lr 8.77e-06 | 0.348M words | ETA 0:15:59
2026-07-19 19:00:52 | [0:05:57] step   410/1500 | dpo 0.5465 | pref-acc 0.844 | mle    nan | margin +3.89 | lr 8.70e-06 | 0.357M words | ETA 0:15:50
2026-07-19 19:01:00 | [0:06:06] step   420/1500 | dpo 0.6001 | pref-acc 0.831 | mle    nan | margin +2.37 | lr 8.62e-06 | 0.366M words | ETA 0:15:42
2026-07-19 19:01:09 | [0:06:14] step   430/1500 | dpo 0.5727 | pref-acc 0.769 | mle    nan | margin +3.04 | lr 8.55e-06 | 0.374M words | ETA 0:15:32
2026-07-19 19:01:18 | [0:06:23] step   440/1500 | dpo 0.5841 | pref-acc 0.762 | mle    nan | margin +2.89 | lr 8.47e-06 | 0.383M words | ETA 0:15:24
2026-07-19 19:01:26 | [0:06:32] step   450/1500 | dpo 0.5503 | pref-acc 0.794 | mle  2.404 | margin +3.75 | lr 8.39e-06 | 0.390M words | ETA 0:15:15
2026-07-19 19:01:36 | [0:06:41] step   460/1500 | dpo 0.5717 | pref-acc 0.781 | mle  2.530 | margin +3.16 | lr 8.30e-06 | 0.400M words | ETA 0:15:08
2026-07-19 19:01:41 | [0:06:47] step   470/1500 | dpo 0.5675 | pref-acc 0.825 | mle    nan | margin +3.12 | lr 8.22e-06 | 0.404M words | ETA 0:14:52
2026-07-19 19:01:47 | [0:06:53] step   480/1500 | dpo 0.5293 | pref-acc 0.819 | mle  1.832 | margin +3.95 | lr 8.14e-06 | 0.409M words | ETA 0:14:38
2026-07-19 19:01:56 | [0:07:01] step   490/1500 | dpo 0.5058 | pref-acc 0.825 | mle    nan | margin +4.59 | lr 8.05e-06 | 0.416M words | ETA 0:14:29
2026-07-19 19:02:04 | [0:07:10] step   500/1500 | dpo 0.4972 | pref-acc 0.769 | mle    nan | margin +5.23 | lr 7.96e-06 | 0.425M words | ETA 0:14:20
2026-07-19 19:02:05 |   >> saved chck_dpo_500
2026-07-19 19:02:14 | [0:07:20] step   510/1500 | dpo 0.5551 | pref-acc 0.756 | mle    nan | margin +4.21 | lr 7.87e-06 | 0.435M words | ETA 0:14:15
2026-07-19 19:02:22 | [0:07:28] step   520/1500 | dpo 0.5507 | pref-acc 0.781 | mle    nan | margin +4.09 | lr 7.78e-06 | 0.443M words | ETA 0:14:05
2026-07-19 19:02:32 | [0:07:38] step   530/1500 | dpo 0.5527 | pref-acc 0.812 | mle  2.387 | margin +3.60 | lr 7.69e-06 | 0.453M words | ETA 0:13:58
2026-07-19 19:02:41 | [0:07:46] step   540/1500 | dpo 0.5204 | pref-acc 0.850 | mle    nan | margin +4.54 | lr 7.59e-06 | 0.462M words | ETA 0:13:49
2026-07-19 19:02:49 | [0:07:54] step   550/1500 | dpo 0.5027 | pref-acc 0.825 | mle    nan | margin +4.66 | lr 7.50e-06 | 0.469M words | ETA 0:13:40
2026-07-19 19:02:58 | [0:08:04] step   560/1500 | dpo 0.5175 | pref-acc 0.812 | mle  2.070 | margin +4.16 | lr 7.40e-06 | 0.479M words | ETA 0:13:33
2026-07-19 19:03:07 | [0:08:13] step   570/1500 | dpo 0.4800 | pref-acc 0.787 | mle  2.000 | margin +5.55 | lr 7.31e-06 | 0.488M words | ETA 0:13:24
2026-07-19 19:03:18 | [0:08:24] step   580/1500 | dpo 0.5527 | pref-acc 0.812 | mle  2.078 | margin +4.09 | lr 7.21e-06 | 0.501M words | ETA 0:13:19
2026-07-19 19:03:27 | [0:08:32] step   590/1500 | dpo 0.4801 | pref-acc 0.819 | mle  2.172 | margin +6.47 | lr 7.11e-06 | 0.510M words | ETA 0:13:11
2026-07-19 19:03:35 | [0:08:40] step   600/1500 | dpo 0.4310 | pref-acc 0.812 | mle    nan | margin +7.76 | lr 7.01e-06 | 0.517M words | ETA 0:13:01
2026-07-19 19:03:44 | [0:08:50] step   610/1500 | dpo 0.5110 | pref-acc 0.838 | mle  2.500 | margin +5.58 | lr 6.91e-06 | 0.527M words | ETA 0:12:53
2026-07-19 19:03:54 | [0:09:00] step   620/1500 | dpo 0.5024 | pref-acc 0.775 | mle  1.956 | margin +6.68 | lr 6.80e-06 | 0.539M words | ETA 0:12:47
2026-07-19 19:04:04 | [0:09:10] step   630/1500 | dpo 0.5235 | pref-acc 0.787 | mle    nan | margin +4.63 | lr 6.70e-06 | 0.549M words | ETA 0:12:39
2026-07-19 19:04:12 | [0:09:18] step   640/1500 | dpo 0.5355 | pref-acc 0.794 | mle    nan | margin +4.15 | lr 6.60e-06 | 0.556M words | ETA 0:12:30
2026-07-19 19:04:21 | [0:09:26] step   650/1500 | dpo 0.5419 | pref-acc 0.775 | mle    nan | margin +4.02 | lr 6.49e-06 | 0.565M words | ETA 0:12:21
2026-07-19 19:04:30 | [0:09:36] step   660/1500 | dpo 0.4106 | pref-acc 0.844 | mle    nan | margin +8.39 | lr 6.39e-06 | 0.575M words | ETA 0:12:13
2026-07-19 19:04:40 | [0:09:45] step   670/1500 | dpo 0.6678 | pref-acc 0.794 | mle    nan | margin +1.18 | lr 6.28e-06 | 0.585M words | ETA 0:12:05
2026-07-19 19:04:48 | [0:09:54] step   680/1500 | dpo 0.5458 | pref-acc 0.819 | mle  2.506 | margin +4.54 | lr 6.17e-06 | 0.593M words | ETA 0:11:56
2026-07-19 19:04:57 | [0:10:02] step   690/1500 | dpo 0.4656 | pref-acc 0.844 | mle    nan | margin +6.54 | lr 6.07e-06 | 0.602M words | ETA 0:11:47
2026-07-19 19:05:05 | [0:10:10] step   700/1500 | dpo 0.5437 | pref-acc 0.806 | mle    nan | margin +3.66 | lr 5.96e-06 | 0.610M words | ETA 0:11:38
2026-07-19 19:05:14 | [0:10:19] step   710/1500 | dpo 0.4156 | pref-acc 0.806 | mle    nan | margin +7.45 | lr 5.85e-06 | 0.618M words | ETA 0:11:29
2026-07-19 19:05:21 | [0:10:26] step   720/1500 | dpo 0.5025 | pref-acc 0.838 | mle    nan | margin +4.90 | lr 5.74e-06 | 0.625M words | ETA 0:11:18
2026-07-19 19:05:28 | [0:10:33] step   730/1500 | dpo 0.4376 | pref-acc 0.838 | mle    nan | margin +7.73 | lr 5.63e-06 | 0.631M words | ETA 0:11:08
2026-07-19 19:05:37 | [0:10:42] step   740/1500 | dpo 0.5413 | pref-acc 0.806 | mle    nan | margin +5.07 | lr 5.52e-06 | 0.640M words | ETA 0:10:59
2026-07-19 19:05:46 | [0:10:52] step   750/1500 | dpo 0.4586 | pref-acc 0.806 | mle  2.540 | margin +5.93 | lr 5.41e-06 | 0.650M words | ETA 0:10:52
2026-07-19 19:05:46 |   >> saved chck_dpo_750
2026-07-19 19:05:55 | [0:11:01] step   760/1500 | dpo 0.5516 | pref-acc 0.812 | mle    nan | margin +4.05 | lr 5.30e-06 | 0.659M words | ETA 0:10:43
2026-07-19 19:06:06 | [0:11:11] step   770/1500 | dpo 0.4296 | pref-acc 0.806 | mle  2.139 | margin +8.73 | lr 5.19e-06 | 0.670M words | ETA 0:10:36
2026-07-19 19:06:16 | [0:11:22] step   780/1500 | dpo 0.5158 | pref-acc 0.838 | mle  2.497 | margin +6.08 | lr 5.08e-06 | 0.681M words | ETA 0:10:29
2026-07-19 19:06:22 | [0:11:28] step   790/1500 | dpo 0.6442 | pref-acc 0.787 | mle  2.319 | margin +2.14 | lr 4.97e-06 | 0.686M words | ETA 0:10:18
2026-07-19 19:06:30 | [0:11:35] step   800/1500 | dpo 0.4659 | pref-acc 0.806 | mle    nan | margin +6.21 | lr 4.86e-06 | 0.692M words | ETA 0:10:08
2026-07-19 19:06:37 | [0:11:42] step   810/1500 | dpo 0.5540 | pref-acc 0.819 | mle    nan | margin +3.73 | lr 4.75e-06 | 0.699M words | ETA 0:09:58
2026-07-19 19:06:46 | [0:11:51] step   820/1500 | dpo 0.4845 | pref-acc 0.831 | mle    nan | margin +5.63 | lr 4.64e-06 | 0.708M words | ETA 0:09:50
2026-07-19 19:06:55 | [0:12:00] step   830/1500 | dpo 0.4290 | pref-acc 0.894 | mle    nan | margin +7.40 | lr 4.53e-06 | 0.716M words | ETA 0:09:41
2026-07-19 19:07:04 | [0:12:10] step   840/1500 | dpo 0.4725 | pref-acc 0.794 | mle  2.545 | margin +6.06 | lr 4.42e-06 | 0.726M words | ETA 0:09:33
2026-07-19 19:07:12 | [0:12:18] step   850/1500 | dpo 0.4895 | pref-acc 0.819 | mle  2.300 | margin +6.47 | lr 4.31e-06 | 0.734M words | ETA 0:09:24
2026-07-19 19:07:21 | [0:12:27] step   860/1500 | dpo 0.4348 | pref-acc 0.850 | mle  4.011 | margin +7.43 | lr 4.20e-06 | 0.744M words | ETA 0:09:16
2026-07-19 19:07:29 | [0:12:35] step   870/1500 | dpo 0.4348 | pref-acc 0.781 | mle  2.488 | margin +6.65 | lr 4.10e-06 | 0.751M words | ETA 0:09:06
2026-07-19 19:07:39 | [0:12:45] step   880/1500 | dpo 0.4919 | pref-acc 0.806 | mle  1.674 | margin +5.75 | lr 3.99e-06 | 0.763M words | ETA 0:08:59
2026-07-19 19:07:49 | [0:12:54] step   890/1500 | dpo 0.5873 | pref-acc 0.794 | mle  2.383 | margin +2.95 | lr 3.88e-06 | 0.773M words | ETA 0:08:50
2026-07-19 19:07:57 | [0:13:03] step   900/1500 | dpo 0.5953 | pref-acc 0.806 | mle    nan | margin +3.24 | lr 3.77e-06 | 0.781M words | ETA 0:08:42
2026-07-19 19:08:08 | [0:13:13] step   910/1500 | dpo 0.4243 | pref-acc 0.869 | mle    nan | margin +7.82 | lr 3.67e-06 | 0.792M words | ETA 0:08:34
2026-07-19 19:08:17 | [0:13:23] step   920/1500 | dpo 0.5266 | pref-acc 0.794 | mle  2.300 | margin +4.35 | lr 3.56e-06 | 0.803M words | ETA 0:08:26
2026-07-19 19:08:26 | [0:13:32] step   930/1500 | dpo 0.4684 | pref-acc 0.819 | mle    nan | margin +5.70 | lr 3.45e-06 | 0.811M words | ETA 0:08:17
2026-07-19 19:08:34 | [0:13:39] step   940/1500 | dpo 0.3908 | pref-acc 0.869 | mle    nan | margin +9.07 | lr 3.35e-06 | 0.819M words | ETA 0:08:08
2026-07-19 19:08:43 | [0:13:48] step   950/1500 | dpo 0.3760 | pref-acc 0.844 | mle    nan | margin +10.07 | lr 3.25e-06 | 0.827M words | ETA 0:07:59
2026-07-19 19:08:52 | [0:13:57] step   960/1500 | dpo 0.4682 | pref-acc 0.819 | mle    nan | margin +6.23 | lr 3.14e-06 | 0.836M words | ETA 0:07:51
2026-07-19 19:09:00 | [0:14:05] step   970/1500 | dpo 0.4966 | pref-acc 0.794 | mle  2.432 | margin +5.18 | lr 3.04e-06 | 0.844M words | ETA 0:07:42
2026-07-19 19:09:08 | [0:14:14] step   980/1500 | dpo 0.4982 | pref-acc 0.825 | mle  2.202 | margin +5.98 | lr 2.94e-06 | 0.853M words | ETA 0:07:33
2026-07-19 19:09:15 | [0:14:21] step   990/1500 | dpo 0.4020 | pref-acc 0.869 | mle    nan | margin +7.63 | lr 2.84e-06 | 0.859M words | ETA 0:07:23
2026-07-19 19:09:23 | [0:14:29] step  1000/1500 | dpo 0.4472 | pref-acc 0.831 | mle    nan | margin +7.04 | lr 2.74e-06 | 0.867M words | ETA 0:07:14
2026-07-19 19:09:24 |   >> saved chck_dpo_1000
2026-07-19 19:09:33 | [0:14:38] step  1010/1500 | dpo 0.4228 | pref-acc 0.838 | mle  1.902 | margin +8.22 | lr 2.64e-06 | 0.876M words | ETA 0:07:06
2026-07-19 19:09:41 | [0:14:46] step  1020/1500 | dpo 0.4702 | pref-acc 0.838 | mle    nan | margin +6.37 | lr 2.55e-06 | 0.883M words | ETA 0:06:57
2026-07-19 19:09:50 | [0:14:56] step  1030/1500 | dpo 0.4633 | pref-acc 0.856 | mle    nan | margin +6.41 | lr 2.45e-06 | 0.893M words | ETA 0:06:48
2026-07-19 19:09:58 | [0:15:04] step  1040/1500 | dpo 0.5106 | pref-acc 0.812 | mle  2.427 | margin +8.15 | lr 2.36e-06 | 0.901M words | ETA 0:06:39
2026-07-19 19:10:08 | [0:15:13] step  1050/1500 | dpo 0.4350 | pref-acc 0.838 | mle    nan | margin +8.09 | lr 2.27e-06 | 0.911M words | ETA 0:06:31
2026-07-19 19:10:18 | [0:15:24] step  1060/1500 | dpo 0.4553 | pref-acc 0.856 | mle  2.113 | margin +6.40 | lr 2.17e-06 | 0.922M words | ETA 0:06:23
2026-07-19 19:10:25 | [0:15:31] step  1070/1500 | dpo 0.5330 | pref-acc 0.800 | mle    nan | margin +4.57 | lr 2.08e-06 | 0.928M words | ETA 0:06:14
2026-07-19 19:10:35 | [0:15:41] step  1080/1500 | dpo 0.3681 | pref-acc 0.831 | mle  2.237 | margin +10.07 | lr 1.99e-06 | 0.939M words | ETA 0:06:05
2026-07-19 19:10:42 | [0:15:48] step  1090/1500 | dpo 0.4031 | pref-acc 0.844 | mle    nan | margin +8.89 | lr 1.91e-06 | 0.945M words | ETA 0:05:56
2026-07-19 19:10:50 | [0:15:56] step  1100/1500 | dpo 0.5220 | pref-acc 0.800 | mle  2.605 | margin +4.45 | lr 1.82e-06 | 0.953M words | ETA 0:05:47
2026-07-19 19:11:00 | [0:16:05] step  1110/1500 | dpo 0.3541 | pref-acc 0.912 | mle    nan | margin +10.17 | lr 1.74e-06 | 0.963M words | ETA 0:05:39
2026-07-19 19:11:09 | [0:16:15] step  1120/1500 | dpo 0.4879 | pref-acc 0.838 | mle  3.332 | margin +5.36 | lr 1.65e-06 | 0.973M words | ETA 0:05:30
2026-07-19 19:11:18 | [0:16:24] step  1130/1500 | dpo 0.4480 | pref-acc 0.850 | mle  2.478 | margin +6.75 | lr 1.57e-06 | 0.982M words | ETA 0:05:22
2026-07-19 19:11:26 | [0:16:32] step  1140/1500 | dpo 0.4310 | pref-acc 0.844 | mle  2.068 | margin +8.70 | lr 1.49e-06 | 0.989M words | ETA 0:05:13
2026-07-19 19:11:35 | [0:16:40] step  1150/1500 | dpo 0.5563 | pref-acc 0.819 | mle  2.334 | margin +4.66 | lr 1.42e-06 | 0.998M words | ETA 0:05:04
2026-07-19 19:11:42 | [0:16:48] step  1160/1500 | dpo 0.5770 | pref-acc 0.819 | mle    nan | margin +4.36 | lr 1.34e-06 | 1.005M words | ETA 0:04:55
2026-07-19 19:11:51 | [0:16:56] step  1170/1500 | dpo 0.5838 | pref-acc 0.856 | mle  2.434 | margin +3.45 | lr 1.27e-06 | 1.013M words | ETA 0:04:46
2026-07-19 19:11:58 | [0:17:04] step  1180/1500 | dpo 0.4760 | pref-acc 0.794 | mle  2.176 | margin +6.87 | lr 1.19e-06 | 1.020M words | ETA 0:04:37
2026-07-19 19:12:06 | [0:17:12] step  1190/1500 | dpo 0.4447 | pref-acc 0.794 | mle  2.511 | margin +6.10 | lr 1.12e-06 | 1.028M words | ETA 0:04:28
2026-07-19 19:12:15 | [0:17:20] step  1200/1500 | dpo 0.4798 | pref-acc 0.812 | mle    nan | margin +5.78 | lr 1.05e-06 | 1.036M words | ETA 0:04:20
2026-07-19 19:12:22 | [0:17:27] step  1210/1500 | dpo 0.4674 | pref-acc 0.850 | mle    nan | margin +6.39 | lr 9.88e-07 | 1.042M words | ETA 0:04:11
2026-07-19 19:12:34 | [0:17:39] step  1220/1500 | dpo 0.4015 | pref-acc 0.856 | mle  2.209 | margin +7.86 | lr 9.23e-07 | 1.056M words | ETA 0:04:03
2026-07-19 19:12:43 | [0:17:49] step  1230/1500 | dpo 0.4240 | pref-acc 0.806 | mle    nan | margin +7.51 | lr 8.60e-07 | 1.066M words | ETA 0:03:54
2026-07-19 19:12:54 | [0:17:59] step  1240/1500 | dpo 0.4326 | pref-acc 0.831 | mle    nan | margin +8.50 | lr 7.99e-07 | 1.078M words | ETA 0:03:46
2026-07-19 19:13:01 | [0:18:07] step  1250/1500 | dpo 0.4893 | pref-acc 0.838 | mle  2.313 | margin +6.96 | lr 7.40e-07 | 1.085M words | ETA 0:03:37
2026-07-19 19:13:02 |   >> saved chck_dpo_1250
2026-07-19 19:13:11 | [0:18:16] step  1260/1500 | dpo 0.4623 | pref-acc 0.875 | mle    nan | margin +5.92 | lr 6.84e-07 | 1.094M words | ETA 0:03:28
2026-07-19 19:13:18 | [0:18:24] step  1270/1500 | dpo 0.5087 | pref-acc 0.819 | mle    nan | margin +6.52 | lr 6.29e-07 | 1.101M words | ETA 0:03:20
2026-07-19 19:13:26 | [0:18:31] step  1280/1500 | dpo 0.4292 | pref-acc 0.819 | mle    nan | margin +9.12 | lr 5.77e-07 | 1.107M words | ETA 0:03:11
2026-07-19 19:13:32 | [0:18:37] step  1290/1500 | dpo 0.5261 | pref-acc 0.825 | mle    nan | margin +5.19 | lr 5.26e-07 | 1.112M words | ETA 0:03:01
2026-07-19 19:13:38 | [0:18:44] step  1300/1500 | dpo 0.4452 | pref-acc 0.863 | mle    nan | margin +7.42 | lr 4.78e-07 | 1.117M words | ETA 0:02:52
2026-07-19 19:13:45 | [0:18:50] step  1310/1500 | dpo 0.5040 | pref-acc 0.863 | mle  2.279 | margin +4.88 | lr 4.32e-07 | 1.122M words | ETA 0:02:43
2026-07-19 19:13:53 | [0:18:58] step  1320/1500 | dpo 0.3800 | pref-acc 0.856 | mle  1.935 | margin +10.64 | lr 3.89e-07 | 1.130M words | ETA 0:02:35
2026-07-19 19:14:03 | [0:19:09] step  1330/1500 | dpo 0.6196 | pref-acc 0.825 | mle  1.900 | margin +2.83 | lr 3.47e-07 | 1.142M words | ETA 0:02:26
2026-07-19 19:14:12 | [0:19:18] step  1340/1500 | dpo 0.3215 | pref-acc 0.781 | mle  2.507 | margin +11.61 | lr 3.08e-07 | 1.151M words | ETA 0:02:18
2026-07-19 19:14:20 | [0:19:26] step  1350/1500 | dpo 0.5141 | pref-acc 0.825 | mle    nan | margin +5.07 | lr 2.71e-07 | 1.159M words | ETA 0:02:09
2026-07-19 19:14:30 | [0:19:36] step  1360/1500 | dpo 0.5334 | pref-acc 0.844 | mle  2.290 | margin +5.06 | lr 2.36e-07 | 1.169M words | ETA 0:02:01
2026-07-19 19:14:37 | [0:19:43] step  1370/1500 | dpo 0.4480 | pref-acc 0.769 | mle    nan | margin +7.96 | lr 2.04e-07 | 1.176M words | ETA 0:01:52
2026-07-19 19:14:47 | [0:19:52] step  1380/1500 | dpo 0.4934 | pref-acc 0.794 | mle  2.255 | margin +5.52 | lr 1.74e-07 | 1.186M words | ETA 0:01:43
2026-07-19 19:14:56 | [0:20:01] step  1390/1500 | dpo 0.4927 | pref-acc 0.850 | mle  2.449 | margin +5.44 | lr 1.46e-07 | 1.195M words | ETA 0:01:35
2026-07-19 19:15:04 | [0:20:09] step  1400/1500 | dpo 0.4201 | pref-acc 0.825 | mle  2.445 | margin +7.81 | lr 1.21e-07 | 1.202M words | ETA 0:01:26
2026-07-19 19:15:11 | [0:20:16] step  1410/1500 | dpo 0.4122 | pref-acc 0.825 | mle    nan | margin +8.07 | lr 9.81e-08 | 1.209M words | ETA 0:01:17
2026-07-19 19:15:19 | [0:20:25] step  1420/1500 | dpo 0.4898 | pref-acc 0.856 | mle  2.561 | margin +6.39 | lr 7.76e-08 | 1.218M words | ETA 0:01:09
2026-07-19 19:15:29 | [0:20:35] step  1430/1500 | dpo 0.4944 | pref-acc 0.781 | mle  2.374 | margin +6.09 | lr 5.94e-08 | 1.228M words | ETA 0:01:00
2026-07-19 19:15:35 | [0:20:41] step  1440/1500 | dpo 0.4765 | pref-acc 0.838 | mle  2.143 | margin +6.63 | lr 4.37e-08 | 1.233M words | ETA 0:00:51
2026-07-19 19:15:45 | [0:20:50] step  1450/1500 | dpo 0.3538 | pref-acc 0.844 | mle  2.435 | margin +9.45 | lr 3.03e-08 | 1.243M words | ETA 0:00:43
2026-07-19 19:15:51 | [0:20:57] step  1460/1500 | dpo 0.4477 | pref-acc 0.850 | mle    nan | margin +8.00 | lr 1.94e-08 | 1.248M words | ETA 0:00:34
2026-07-19 19:15:59 | [0:21:05] step  1470/1500 | dpo 0.4015 | pref-acc 0.900 | mle  1.829 | margin +8.51 | lr 1.09e-08 | 1.255M words | ETA 0:00:25
2026-07-19 19:16:07 | [0:21:13] step  1480/1500 | dpo 0.3441 | pref-acc 0.856 | mle  1.955 | margin +11.19 | lr 4.86e-09 | 1.263M words | ETA 0:00:17
2026-07-19 19:16:15 | [0:21:21] step  1490/1500 | dpo 0.3747 | pref-acc 0.812 | mle    nan | margin +9.99 | lr 1.22e-09 | 1.270M words | ETA 0:00:08
2026-07-19 19:16:22 | [0:21:28] step  1500/1500 | dpo 0.4271 | pref-acc 0.863 | mle    nan | margin +8.20 | lr 0.00e+00 | 1.277M words | ETA 0:00:00
2026-07-19 19:16:23 |   >> saved chck_dpo_1500
2026-07-19 19:16:23 | DONE: 1500 steps | 1.277M words seen (phase) | 0:21:29 | saved /Users/admin1/Downloads/babylm-eval/checkpoints/gptbert_small_dpo_op_func/final
