2026-07-19 19:24:20 | === MP-DPO 'gptbert_small_dpo_op_rand' | device=mps ===
2026-07-19 19:24:20 | init=/Users/admin1/Downloads/babylm-eval/checkpoints/gptbert_small_v1/chck_70M
2026-07-19 19:24:20 | ref =/Users/admin1/Downloads/babylm-eval/checkpoints/gptbert_small_v1/chck_70M (frozen)
2026-07-19 19:24:20 | steps=1500 pairs/step=16 beta=0.1 lr=1e-05 mle_mix=0.5@1.0 | ckpt every 250
2026-07-19 19:24:20 | HARD NEGATIVES on | corruption weights (adj,dist,func,rand) = [0.0, 0.0, 0.0, 1.0]
2026-07-19 19:24:22 | [0:00:01] step     1/1500 | dpo 0.6717 | pref-acc 0.438 | mle    nan | margin +0.76 | lr 1.33e-07 | 0.000M words | ETA 0:47:59
2026-07-19 19:24:30 | [0:00:09] step    10/1500 | dpo 0.6676 | pref-acc 0.444 | mle    nan | margin +0.60 | lr 1.33e-06 | 0.006M words | ETA 0:23:22
2026-07-19 19:24:38 | [0:00:18] step    20/1500 | dpo 0.7677 | pref-acc 0.450 | mle  1.879 | margin -1.21 | lr 2.67e-06 | 0.015M words | ETA 0:22:13
2026-07-19 19:24:48 | [0:00:27] step    30/1500 | dpo 0.6834 | pref-acc 0.438 | mle  1.791 | margin +0.30 | lr 4.00e-06 | 0.025M words | ETA 0:22:23
2026-07-19 19:24:56 | [0:00:35] step    40/1500 | dpo 0.6951 | pref-acc 0.537 | mle  2.820 | margin +0.07 | lr 5.33e-06 | 0.033M words | ETA 0:21:31
2026-07-19 19:25:05 | [0:00:44] step    50/1500 | dpo 0.6981 | pref-acc 0.525 | mle    nan | margin +0.01 | lr 6.67e-06 | 0.043M words | ETA 0:21:41
2026-07-19 19:25:16 | [0:00:55] step    60/1500 | dpo 0.7319 | pref-acc 0.419 | mle  2.569 | margin -0.56 | lr 8.00e-06 | 0.055M words | ETA 0:22:04
2026-07-19 19:25:26 | [0:01:05] step    70/1500 | dpo 0.6933 | pref-acc 0.487 | mle  2.148 | margin +0.09 | lr 9.33e-06 | 0.066M words | ETA 0:22:15
2026-07-19 19:25:34 | [0:01:13] step    80/1500 | dpo 0.6916 | pref-acc 0.569 | mle    nan | margin +0.17 | lr 1.00e-05 | 0.074M words | ETA 0:21:41
2026-07-19 19:25:42 | [0:01:21] step    90/1500 | dpo 0.6712 | pref-acc 0.594 | mle  2.076 | margin +0.54 | lr 1.00e-05 | 0.081M words | ETA 0:21:13
2026-07-19 19:25:53 | [0:01:32] step   100/1500 | dpo 0.6546 | pref-acc 0.606 | mle  2.314 | margin +0.92 | lr 9.99e-06 | 0.094M words | ETA 0:21:33
2026-07-19 19:26:01 | [0:01:41] step   110/1500 | dpo 0.6594 | pref-acc 0.575 | mle    nan | margin +0.76 | lr 9.99e-06 | 0.103M words | ETA 0:21:17
2026-07-19 19:26:12 | [0:01:51] step   120/1500 | dpo 0.6307 | pref-acc 0.669 | mle  2.312 | margin +1.48 | lr 9.98e-06 | 0.114M words | ETA 0:21:20
2026-07-19 19:26:21 | [0:02:00] step   130/1500 | dpo 0.6472 | pref-acc 0.662 | mle  2.104 | margin +1.00 | lr 9.96e-06 | 0.124M words | ETA 0:21:13
2026-07-19 19:26:30 | [0:02:09] step   140/1500 | dpo 0.6718 | pref-acc 0.669 | mle    nan | margin +0.55 | lr 9.95e-06 | 0.133M words | ETA 0:20:58
2026-07-19 19:26:38 | [0:02:17] step   150/1500 | dpo 0.5876 | pref-acc 0.706 | mle    nan | margin +2.44 | lr 9.93e-06 | 0.141M words | ETA 0:20:37
2026-07-19 19:26:48 | [0:02:27] step   160/1500 | dpo 0.6604 | pref-acc 0.738 | mle  1.835 | margin +0.93 | lr 9.91e-06 | 0.152M words | ETA 0:20:37
2026-07-19 19:26:55 | [0:02:34] step   170/1500 | dpo 0.5939 | pref-acc 0.750 | mle  2.201 | margin +2.59 | lr 9.89e-06 | 0.158M words | ETA 0:20:12
2026-07-19 19:27:04 | [0:02:43] step   180/1500 | dpo 0.6222 | pref-acc 0.650 | mle    nan | margin +1.68 | lr 9.87e-06 | 0.167M words | ETA 0:19:59
2026-07-19 19:27:14 | [0:02:53] step   190/1500 | dpo 0.5794 | pref-acc 0.713 | mle  1.858 | margin +2.56 | lr 9.84e-06 | 0.179M words | ETA 0:19:58
2026-07-19 19:27:21 | [0:03:00] step   200/1500 | dpo 0.5877 | pref-acc 0.719 | mle    nan | margin +2.70 | lr 9.81e-06 | 0.184M words | ETA 0:19:31
2026-07-19 19:27:30 | [0:03:09] step   210/1500 | dpo 0.6111 | pref-acc 0.719 | mle    nan | margin +2.31 | lr 9.78e-06 | 0.194M words | ETA 0:19:24
2026-07-19 19:27:39 | [0:03:19] step   220/1500 | dpo 0.5617 | pref-acc 0.781 | mle  1.823 | margin +3.35 | lr 9.75e-06 | 0.204M words | ETA 0:19:17
2026-07-19 19:27:47 | [0:03:26] step   230/1500 | dpo 0.6135 | pref-acc 0.762 | mle  2.191 | margin +2.02 | lr 9.71e-06 | 0.212M words | ETA 0:19:02
2026-07-19 19:27:57 | [0:03:36] step   240/1500 | dpo 0.6224 | pref-acc 0.787 | mle  2.656 | margin +1.88 | lr 9.67e-06 | 0.222M words | ETA 0:18:56
2026-07-19 19:28:06 | [0:03:45] step   250/1500 | dpo 0.5646 | pref-acc 0.713 | mle  2.236 | margin +3.17 | lr 9.63e-06 | 0.232M words | ETA 0:18:49
2026-07-19 19:28:07 |   >> saved chck_dpo_250
2026-07-19 19:28:15 | [0:03:54] step   260/1500 | dpo 0.5969 | pref-acc 0.819 | mle    nan | margin +2.34 | lr 9.59e-06 | 0.239M words | ETA 0:18:36
2026-07-19 19:28:23 | [0:04:02] step   270/1500 | dpo 0.5642 | pref-acc 0.825 | mle    nan | margin +3.49 | lr 9.55e-06 | 0.248M words | ETA 0:18:26
2026-07-19 19:28:30 | [0:04:09] step   280/1500 | dpo 0.5556 | pref-acc 0.794 | mle  2.308 | margin +3.16 | lr 9.50e-06 | 0.255M words | ETA 0:18:08
2026-07-19 19:28:39 | [0:04:18] step   290/1500 | dpo 0.5601 | pref-acc 0.781 | mle  2.401 | margin +3.32 | lr 9.45e-06 | 0.263M words | ETA 0:17:58
2026-07-19 19:28:48 | [0:04:27] step   300/1500 | dpo 0.5728 | pref-acc 0.794 | mle  3.140 | margin +2.89 | lr 9.40e-06 | 0.273M words | ETA 0:17:51
2026-07-19 19:28:55 | [0:04:34] step   310/1500 | dpo 0.5440 | pref-acc 0.769 | mle    nan | margin +3.64 | lr 9.34e-06 | 0.280M words | ETA 0:17:35
2026-07-19 19:29:03 | [0:04:42] step   320/1500 | dpo 0.4625 | pref-acc 0.850 | mle    nan | margin +5.70 | lr 9.29e-06 | 0.287M words | ETA 0:17:22
2026-07-19 19:29:10 | [0:04:49] step   330/1500 | dpo 0.5987 | pref-acc 0.787 | mle    nan | margin +2.40 | lr 9.23e-06 | 0.294M words | ETA 0:17:07
2026-07-19 19:29:16 | [0:04:55] step   340/1500 | dpo 0.5566 | pref-acc 0.806 | mle    nan | margin +3.86 | lr 9.17e-06 | 0.297M words | ETA 0:16:48
2026-07-19 19:29:25 | [0:05:04] step   350/1500 | dpo 0.4969 | pref-acc 0.825 | mle  1.587 | margin +4.97 | lr 9.11e-06 | 0.307M words | ETA 0:16:41
2026-07-19 19:29:35 | [0:05:14] step   360/1500 | dpo 0.5051 | pref-acc 0.850 | mle  2.369 | margin +5.47 | lr 9.05e-06 | 0.318M words | ETA 0:16:34
2026-07-19 19:29:42 | [0:05:22] step   370/1500 | dpo 0.4967 | pref-acc 0.775 | mle  2.195 | margin +4.97 | lr 8.98e-06 | 0.325M words | ETA 0:16:23
2026-07-19 19:29:50 | [0:05:30] step   380/1500 | dpo 0.5758 | pref-acc 0.856 | mle    nan | margin +2.81 | lr 8.91e-06 | 0.333M words | ETA 0:16:12
2026-07-19 19:29:59 | [0:05:38] step   390/1500 | dpo 0.5119 | pref-acc 0.744 | mle    nan | margin +4.76 | lr 8.84e-06 | 0.341M words | ETA 0:16:02
2026-07-19 19:30:07 | [0:05:46] step   400/1500 | dpo 0.5121 | pref-acc 0.787 | mle  2.249 | margin +5.13 | lr 8.77e-06 | 0.348M words | ETA 0:15:51
2026-07-19 19:30:15 | [0:05:54] step   410/1500 | dpo 0.5140 | pref-acc 0.850 | mle    nan | margin +4.90 | lr 8.70e-06 | 0.357M words | ETA 0:15:43
2026-07-19 19:30:24 | [0:06:03] step   420/1500 | dpo 0.5665 | pref-acc 0.781 | mle    nan | margin +3.82 | lr 8.62e-06 | 0.366M words | ETA 0:15:34
2026-07-19 19:30:32 | [0:06:11] step   430/1500 | dpo 0.5015 | pref-acc 0.812 | mle    nan | margin +4.99 | lr 8.55e-06 | 0.374M words | ETA 0:15:25
2026-07-19 19:30:41 | [0:06:20] step   440/1500 | dpo 0.5999 | pref-acc 0.838 | mle    nan | margin +3.01 | lr 8.47e-06 | 0.383M words | ETA 0:15:16
2026-07-19 19:30:48 | [0:06:27] step   450/1500 | dpo 0.5071 | pref-acc 0.800 | mle  2.404 | margin +4.80 | lr 8.39e-06 | 0.390M words | ETA 0:15:04
2026-07-19 19:30:57 | [0:06:37] step   460/1500 | dpo 0.5301 | pref-acc 0.825 | mle  2.524 | margin +4.20 | lr 8.30e-06 | 0.400M words | ETA 0:14:57
2026-07-19 19:31:03 | [0:06:42] step   470/1500 | dpo 0.4774 | pref-acc 0.812 | mle    nan | margin +6.33 | lr 8.22e-06 | 0.404M words | ETA 0:14:42
2026-07-19 19:31:09 | [0:06:48] step   480/1500 | dpo 0.5496 | pref-acc 0.856 | mle  1.835 | margin +3.68 | lr 8.14e-06 | 0.409M words | ETA 0:14:29
2026-07-19 19:31:17 | [0:06:56] step   490/1500 | dpo 0.5017 | pref-acc 0.838 | mle    nan | margin +4.81 | lr 8.05e-06 | 0.416M words | ETA 0:14:19
2026-07-19 19:31:26 | [0:07:05] step   500/1500 | dpo 0.4583 | pref-acc 0.831 | mle    nan | margin +6.78 | lr 7.96e-06 | 0.425M words | ETA 0:14:11
2026-07-19 19:31:26 |   >> saved chck_dpo_500
2026-07-19 19:31:36 | [0:07:15] step   510/1500 | dpo 0.5642 | pref-acc 0.812 | mle    nan | margin +3.27 | lr 7.87e-06 | 0.435M words | ETA 0:14:05
2026-07-19 19:31:44 | [0:07:23] step   520/1500 | dpo 0.5219 | pref-acc 0.806 | mle    nan | margin +4.35 | lr 7.78e-06 | 0.443M words | ETA 0:13:55
2026-07-19 19:31:53 | [0:07:32] step   530/1500 | dpo 0.5194 | pref-acc 0.812 | mle  2.407 | margin +4.67 | lr 7.69e-06 | 0.453M words | ETA 0:13:48
2026-07-19 19:32:02 | [0:07:41] step   540/1500 | dpo 0.5604 | pref-acc 0.819 | mle    nan | margin +4.05 | lr 7.59e-06 | 0.462M words | ETA 0:13:40
2026-07-19 19:32:10 | [0:07:49] step   550/1500 | dpo 0.4153 | pref-acc 0.812 | mle    nan | margin +8.11 | lr 7.50e-06 | 0.469M words | ETA 0:13:30
2026-07-19 19:32:19 | [0:07:58] step   560/1500 | dpo 0.4712 | pref-acc 0.769 | mle  2.090 | margin +6.57 | lr 7.40e-06 | 0.479M words | ETA 0:13:23
2026-07-19 19:32:28 | [0:08:07] step   570/1500 | dpo 0.4623 | pref-acc 0.844 | mle  2.008 | margin +6.49 | lr 7.31e-06 | 0.488M words | ETA 0:13:15
2026-07-19 19:32:39 | [0:08:18] step   580/1500 | dpo 0.5190 | pref-acc 0.856 | mle  2.094 | margin +5.71 | lr 7.21e-06 | 0.501M words | ETA 0:13:10
2026-07-19 19:32:47 | [0:08:27] step   590/1500 | dpo 0.4518 | pref-acc 0.844 | mle  2.164 | margin +7.81 | lr 7.11e-06 | 0.510M words | ETA 0:13:02
2026-07-19 19:32:55 | [0:08:34] step   600/1500 | dpo 0.3103 | pref-acc 0.819 | mle    nan | margin +12.76 | lr 7.01e-06 | 0.517M words | ETA 0:12:52
2026-07-19 19:33:05 | [0:08:44] step   610/1500 | dpo 0.4397 | pref-acc 0.831 | mle  2.515 | margin +7.17 | lr 6.91e-06 | 0.527M words | ETA 0:12:45
2026-07-19 19:33:15 | [0:08:54] step   620/1500 | dpo 0.4121 | pref-acc 0.781 | mle  1.947 | margin +8.98 | lr 6.80e-06 | 0.539M words | ETA 0:12:38
2026-07-19 19:33:24 | [0:09:04] step   630/1500 | dpo 0.3842 | pref-acc 0.863 | mle    nan | margin +9.58 | lr 6.70e-06 | 0.549M words | ETA 0:12:31
2026-07-19 19:33:32 | [0:09:11] step   640/1500 | dpo 0.5258 | pref-acc 0.844 | mle    nan | margin +4.55 | lr 6.60e-06 | 0.556M words | ETA 0:12:21
2026-07-19 19:33:41 | [0:09:20] step   650/1500 | dpo 0.3704 | pref-acc 0.819 | mle    nan | margin +9.34 | lr 6.49e-06 | 0.565M words | ETA 0:12:13
2026-07-19 19:33:50 | [0:09:29] step   660/1500 | dpo 0.4846 | pref-acc 0.825 | mle    nan | margin +7.07 | lr 6.39e-06 | 0.575M words | ETA 0:12:05
2026-07-19 19:34:00 | [0:09:39] step   670/1500 | dpo 0.4438 | pref-acc 0.850 | mle    nan | margin +6.89 | lr 6.28e-06 | 0.585M words | ETA 0:11:57
2026-07-19 19:34:08 | [0:09:47] step   680/1500 | dpo 0.4423 | pref-acc 0.894 | mle  2.514 | margin +8.23 | lr 6.17e-06 | 0.593M words | ETA 0:11:48
2026-07-19 19:34:16 | [0:09:55] step   690/1500 | dpo 0.3142 | pref-acc 0.838 | mle    nan | margin +16.20 | lr 6.07e-06 | 0.602M words | ETA 0:11:39
2026-07-19 19:34:24 | [0:10:03] step   700/1500 | dpo 0.4371 | pref-acc 0.831 | mle    nan | margin +7.83 | lr 5.96e-06 | 0.610M words | ETA 0:11:29
2026-07-19 19:34:33 | [0:10:12] step   710/1500 | dpo 0.4623 | pref-acc 0.825 | mle    nan | margin +7.90 | lr 5.85e-06 | 0.618M words | ETA 0:11:21
2026-07-19 19:34:40 | [0:10:19] step   720/1500 | dpo 0.4050 | pref-acc 0.831 | mle    nan | margin +9.37 | lr 5.74e-06 | 0.625M words | ETA 0:11:11
2026-07-19 19:34:47 | [0:10:26] step   730/1500 | dpo 0.4062 | pref-acc 0.863 | mle    nan | margin +8.12 | lr 5.63e-06 | 0.631M words | ETA 0:11:00
2026-07-19 19:34:56 | [0:10:35] step   740/1500 | dpo 0.4161 | pref-acc 0.819 | mle    nan | margin +9.85 | lr 5.52e-06 | 0.640M words | ETA 0:10:52
2026-07-19 19:35:05 | [0:10:44] step   750/1500 | dpo 0.4610 | pref-acc 0.881 | mle  2.551 | margin +7.36 | lr 5.41e-06 | 0.650M words | ETA 0:10:44
2026-07-19 19:35:06 |   >> saved chck_dpo_750
2026-07-19 19:35:14 | [0:10:53] step   760/1500 | dpo 0.4555 | pref-acc 0.825 | mle    nan | margin +9.26 | lr 5.30e-06 | 0.659M words | ETA 0:10:36
2026-07-19 19:35:24 | [0:11:04] step   770/1500 | dpo 0.4694 | pref-acc 0.794 | mle  2.134 | margin +8.64 | lr 5.19e-06 | 0.670M words | ETA 0:10:29
2026-07-19 19:35:35 | [0:11:14] step   780/1500 | dpo 0.3548 | pref-acc 0.831 | mle  2.491 | margin +12.03 | lr 5.08e-06 | 0.681M words | ETA 0:10:22
2026-07-19 19:35:41 | [0:11:20] step   790/1500 | dpo 0.4839 | pref-acc 0.825 | mle  2.334 | margin +8.40 | lr 4.97e-06 | 0.686M words | ETA 0:10:11
2026-07-19 19:35:48 | [0:11:27] step   800/1500 | dpo 0.3322 | pref-acc 0.850 | mle    nan | margin +12.72 | lr 4.86e-06 | 0.692M words | ETA 0:10:01
2026-07-19 19:35:55 | [0:11:35] step   810/1500 | dpo 0.4177 | pref-acc 0.875 | mle    nan | margin +8.43 | lr 4.75e-06 | 0.699M words | ETA 0:09:52
2026-07-19 19:36:04 | [0:11:43] step   820/1500 | dpo 0.5877 | pref-acc 0.806 | mle    nan | margin +6.59 | lr 4.64e-06 | 0.708M words | ETA 0:09:43
2026-07-19 19:36:13 | [0:11:52] step   830/1500 | dpo 0.4505 | pref-acc 0.825 | mle    nan | margin +8.61 | lr 4.53e-06 | 0.716M words | ETA 0:09:35
2026-07-19 19:36:22 | [0:12:01] step   840/1500 | dpo 0.5584 | pref-acc 0.800 | mle  2.562 | margin +4.20 | lr 4.42e-06 | 0.726M words | ETA 0:09:27
2026-07-19 19:36:30 | [0:12:09] step   850/1500 | dpo 0.3689 | pref-acc 0.863 | mle  2.319 | margin +12.48 | lr 4.31e-06 | 0.734M words | ETA 0:09:17
2026-07-19 19:36:39 | [0:12:18] step   860/1500 | dpo 0.2991 | pref-acc 0.881 | mle  4.202 | margin +12.52 | lr 4.20e-06 | 0.744M words | ETA 0:09:09
2026-07-19 19:36:47 | [0:12:26] step   870/1500 | dpo 0.4808 | pref-acc 0.800 | mle  2.510 | margin +11.79 | lr 4.10e-06 | 0.751M words | ETA 0:09:00
2026-07-19 19:36:57 | [0:12:36] step   880/1500 | dpo 0.3657 | pref-acc 0.844 | mle  1.671 | margin +11.17 | lr 3.99e-06 | 0.763M words | ETA 0:08:53
2026-07-19 19:37:07 | [0:12:46] step   890/1500 | dpo 0.4299 | pref-acc 0.819 | mle  2.400 | margin +9.04 | lr 3.88e-06 | 0.773M words | ETA 0:08:45
2026-07-19 19:37:15 | [0:12:54] step   900/1500 | dpo 0.3293 | pref-acc 0.831 | mle    nan | margin +12.54 | lr 3.77e-06 | 0.781M words | ETA 0:08:36
2026-07-19 19:37:25 | [0:13:05] step   910/1500 | dpo 0.5392 | pref-acc 0.831 | mle    nan | margin +4.88 | lr 3.67e-06 | 0.792M words | ETA 0:08:29
2026-07-19 19:37:35 | [0:13:14] step   920/1500 | dpo 0.3422 | pref-acc 0.838 | mle  2.292 | margin +12.80 | lr 3.56e-06 | 0.803M words | ETA 0:08:20
2026-07-19 19:37:44 | [0:13:23] step   930/1500 | dpo 0.4829 | pref-acc 0.844 | mle    nan | margin +8.01 | lr 3.45e-06 | 0.811M words | ETA 0:08:12
2026-07-19 19:37:51 | [0:13:31] step   940/1500 | dpo 0.3296 | pref-acc 0.881 | mle    nan | margin +13.94 | lr 3.35e-06 | 0.819M words | ETA 0:08:03
2026-07-19 19:38:00 | [0:13:39] step   950/1500 | dpo 0.5198 | pref-acc 0.806 | mle    nan | margin +7.14 | lr 3.25e-06 | 0.827M words | ETA 0:07:54
2026-07-19 19:38:09 | [0:13:48] step   960/1500 | dpo 0.4538 | pref-acc 0.812 | mle    nan | margin +9.31 | lr 3.14e-06 | 0.836M words | ETA 0:07:46
2026-07-19 19:38:17 | [0:13:56] step   970/1500 | dpo 0.3454 | pref-acc 0.919 | mle  2.446 | margin +11.72 | lr 3.04e-06 | 0.844M words | ETA 0:07:37
2026-07-19 19:38:25 | [0:14:05] step   980/1500 | dpo 0.3728 | pref-acc 0.850 | mle  2.223 | margin +13.83 | lr 2.94e-06 | 0.853M words | ETA 0:07:28
2026-07-19 19:38:33 | [0:14:12] step   990/1500 | dpo 0.3768 | pref-acc 0.875 | mle    nan | margin +11.45 | lr 2.84e-06 | 0.859M words | ETA 0:07:18
2026-07-19 19:38:40 | [0:14:20] step  1000/1500 | dpo 0.3696 | pref-acc 0.906 | mle    nan | margin +12.23 | lr 2.74e-06 | 0.867M words | ETA 0:07:10
2026-07-19 19:38:41 |   >> saved chck_dpo_1000
2026-07-19 19:38:49 | [0:14:29] step  1010/1500 | dpo 0.3927 | pref-acc 0.850 | mle  1.908 | margin +11.97 | lr 2.64e-06 | 0.876M words | ETA 0:07:01
2026-07-19 19:38:57 | [0:14:37] step  1020/1500 | dpo 0.3708 | pref-acc 0.869 | mle    nan | margin +12.51 | lr 2.55e-06 | 0.883M words | ETA 0:06:52
2026-07-19 19:39:07 | [0:14:46] step  1030/1500 | dpo 0.3964 | pref-acc 0.819 | mle    nan | margin +13.01 | lr 2.45e-06 | 0.893M words | ETA 0:06:44
2026-07-19 19:39:15 | [0:14:54] step  1040/1500 | dpo 0.3412 | pref-acc 0.863 | mle  2.439 | margin +14.05 | lr 2.36e-06 | 0.901M words | ETA 0:06:35
2026-07-19 19:39:25 | [0:15:04] step  1050/1500 | dpo 0.3916 | pref-acc 0.894 | mle    nan | margin +11.42 | lr 2.27e-06 | 0.911M words | ETA 0:06:27
2026-07-19 19:39:35 | [0:15:14] step  1060/1500 | dpo 0.3417 | pref-acc 0.856 | mle  2.110 | margin +12.59 | lr 2.17e-06 | 0.922M words | ETA 0:06:19
2026-07-19 19:39:42 | [0:15:21] step  1070/1500 | dpo 0.3268 | pref-acc 0.887 | mle    nan | margin +12.40 | lr 2.08e-06 | 0.928M words | ETA 0:06:10
2026-07-19 19:39:51 | [0:15:30] step  1080/1500 | dpo 0.4341 | pref-acc 0.863 | mle  2.252 | margin +8.83 | lr 1.99e-06 | 0.939M words | ETA 0:06:02
2026-07-19 19:39:59 | [0:15:38] step  1090/1500 | dpo 0.2786 | pref-acc 0.863 | mle    nan | margin +18.02 | lr 1.91e-06 | 0.945M words | ETA 0:05:52
2026-07-19 19:40:06 | [0:15:46] step  1100/1500 | dpo 0.3002 | pref-acc 0.894 | mle  2.615 | margin +17.79 | lr 1.82e-06 | 0.953M words | ETA 0:05:44
2026-07-19 19:40:16 | [0:15:55] step  1110/1500 | dpo 0.3926 | pref-acc 0.819 | mle    nan | margin +12.07 | lr 1.74e-06 | 0.963M words | ETA 0:05:35
2026-07-19 19:40:25 | [0:16:04] step  1120/1500 | dpo 0.2371 | pref-acc 0.831 | mle  3.476 | margin +17.59 | lr 1.65e-06 | 0.973M words | ETA 0:05:27
2026-07-19 19:40:34 | [0:16:13] step  1130/1500 | dpo 0.3506 | pref-acc 0.875 | mle  2.500 | margin +12.55 | lr 1.57e-06 | 0.982M words | ETA 0:05:18
2026-07-19 19:40:42 | [0:16:21] step  1140/1500 | dpo 0.2184 | pref-acc 0.863 | mle  2.085 | margin +23.71 | lr 1.49e-06 | 0.989M words | ETA 0:05:09
2026-07-19 19:40:50 | [0:16:29] step  1150/1500 | dpo 0.4363 | pref-acc 0.812 | mle  2.337 | margin +11.53 | lr 1.42e-06 | 0.998M words | ETA 0:05:01
2026-07-19 19:40:58 | [0:16:37] step  1160/1500 | dpo 0.3212 | pref-acc 0.875 | mle    nan | margin +13.68 | lr 1.34e-06 | 1.005M words | ETA 0:04:52
2026-07-19 19:41:06 | [0:16:45] step  1170/1500 | dpo 0.3002 | pref-acc 0.838 | mle  2.441 | margin +16.53 | lr 1.27e-06 | 1.013M words | ETA 0:04:43
2026-07-19 19:41:13 | [0:16:53] step  1180/1500 | dpo 0.4059 | pref-acc 0.863 | mle  2.180 | margin +9.84 | lr 1.19e-06 | 1.020M words | ETA 0:04:34
2026-07-19 19:41:21 | [0:17:01] step  1190/1500 | dpo 0.3287 | pref-acc 0.875 | mle  2.512 | margin +13.62 | lr 1.12e-06 | 1.028M words | ETA 0:04:25
2026-07-19 19:41:30 | [0:17:09] step  1200/1500 | dpo 0.4070 | pref-acc 0.819 | mle    nan | margin +13.01 | lr 1.05e-06 | 1.036M words | ETA 0:04:17
2026-07-19 19:41:37 | [0:17:16] step  1210/1500 | dpo 0.3145 | pref-acc 0.869 | mle    nan | margin +15.81 | lr 9.88e-07 | 1.042M words | ETA 0:04:08
2026-07-19 19:41:49 | [0:17:28] step  1220/1500 | dpo 0.3140 | pref-acc 0.856 | mle  2.209 | margin +15.84 | lr 9.23e-07 | 1.056M words | ETA 0:04:00
2026-07-19 19:41:58 | [0:17:37] step  1230/1500 | dpo 0.3041 | pref-acc 0.794 | mle    nan | margin +14.52 | lr 8.60e-07 | 1.066M words | ETA 0:03:52
2026-07-19 19:42:09 | [0:17:48] step  1240/1500 | dpo 0.5532 | pref-acc 0.838 | mle    nan | margin +6.67 | lr 7.99e-07 | 1.078M words | ETA 0:03:43
2026-07-19 19:42:16 | [0:17:55] step  1250/1500 | dpo 0.4281 | pref-acc 0.819 | mle  2.300 | margin +9.90 | lr 7.40e-07 | 1.085M words | ETA 0:03:35
2026-07-19 19:42:17 |   >> saved chck_dpo_1250
2026-07-19 19:42:25 | [0:18:04] step  1260/1500 | dpo 0.2409 | pref-acc 0.812 | mle    nan | margin +19.81 | lr 6.84e-07 | 1.094M words | ETA 0:03:26
2026-07-19 19:42:33 | [0:18:12] step  1270/1500 | dpo 0.4082 | pref-acc 0.794 | mle    nan | margin +14.53 | lr 6.29e-07 | 1.101M words | ETA 0:03:17
2026-07-19 19:42:40 | [0:18:19] step  1280/1500 | dpo 0.2721 | pref-acc 0.900 | mle    nan | margin +15.81 | lr 5.77e-07 | 1.107M words | ETA 0:03:09
2026-07-19 19:42:46 | [0:18:26] step  1290/1500 | dpo 0.3832 | pref-acc 0.887 | mle    nan | margin +10.69 | lr 5.26e-07 | 1.112M words | ETA 0:03:00
2026-07-19 19:42:53 | [0:18:32] step  1300/1500 | dpo 0.2438 | pref-acc 0.856 | mle    nan | margin +17.05 | lr 4.78e-07 | 1.117M words | ETA 0:02:51
2026-07-19 19:42:59 | [0:18:38] step  1310/1500 | dpo 0.4619 | pref-acc 0.850 | mle  2.292 | margin +6.48 | lr 4.32e-07 | 1.122M words | ETA 0:02:42
2026-07-19 19:43:07 | [0:18:46] step  1320/1500 | dpo 0.4208 | pref-acc 0.831 | mle  1.930 | margin +12.63 | lr 3.89e-07 | 1.130M words | ETA 0:02:33
2026-07-19 19:43:17 | [0:18:56] step  1330/1500 | dpo 0.3528 | pref-acc 0.812 | mle  1.900 | margin +14.67 | lr 3.47e-07 | 1.142M words | ETA 0:02:25
2026-07-19 19:43:26 | [0:19:06] step  1340/1500 | dpo 0.2447 | pref-acc 0.869 | mle  2.529 | margin +19.84 | lr 3.08e-07 | 1.151M words | ETA 0:02:16
2026-07-19 19:43:34 | [0:19:14] step  1350/1500 | dpo 0.5409 | pref-acc 0.819 | mle    nan | margin +5.31 | lr 2.71e-07 | 1.159M words | ETA 0:02:08
2026-07-19 19:43:44 | [0:19:23] step  1360/1500 | dpo 0.5525 | pref-acc 0.887 | mle  2.297 | margin +6.96 | lr 2.36e-07 | 1.169M words | ETA 0:01:59
2026-07-19 19:43:51 | [0:19:30] step  1370/1500 | dpo 0.4398 | pref-acc 0.831 | mle    nan | margin +12.38 | lr 2.04e-07 | 1.176M words | ETA 0:01:51
2026-07-19 19:44:01 | [0:19:40] step  1380/1500 | dpo 0.3514 | pref-acc 0.863 | mle  2.239 | margin +13.18 | lr 1.74e-07 | 1.186M words | ETA 0:01:42
2026-07-19 19:44:09 | [0:19:48] step  1390/1500 | dpo 0.3124 | pref-acc 0.863 | mle  2.449 | margin +16.71 | lr 1.46e-07 | 1.195M words | ETA 0:01:34
2026-07-19 19:44:17 | [0:19:56] step  1400/1500 | dpo 0.2404 | pref-acc 0.931 | mle  2.465 | margin +18.15 | lr 1.21e-07 | 1.202M words | ETA 0:01:25
2026-07-19 19:44:24 | [0:20:03] step  1410/1500 | dpo 0.3589 | pref-acc 0.863 | mle    nan | margin +12.38 | lr 9.81e-08 | 1.209M words | ETA 0:01:16
2026-07-19 19:44:33 | [0:20:12] step  1420/1500 | dpo 0.4502 | pref-acc 0.912 | mle  2.545 | margin +9.55 | lr 7.76e-08 | 1.218M words | ETA 0:01:08
2026-07-19 19:44:42 | [0:20:21] step  1430/1500 | dpo 0.3782 | pref-acc 0.838 | mle  2.362 | margin +14.54 | lr 5.94e-08 | 1.228M words | ETA 0:00:59
2026-07-19 19:44:48 | [0:20:28] step  1440/1500 | dpo 0.4133 | pref-acc 0.850 | mle  2.142 | margin +10.25 | lr 4.37e-08 | 1.233M words | ETA 0:00:51
2026-07-19 19:44:58 | [0:20:37] step  1450/1500 | dpo 0.3192 | pref-acc 0.875 | mle  2.429 | margin +16.92 | lr 3.03e-08 | 1.243M words | ETA 0:00:42
2026-07-19 19:45:04 | [0:20:44] step  1460/1500 | dpo 0.4398 | pref-acc 0.863 | mle    nan | margin +8.85 | lr 1.94e-08 | 1.248M words | ETA 0:00:34
2026-07-19 19:45:12 | [0:20:51] step  1470/1500 | dpo 0.4868 | pref-acc 0.838 | mle  1.849 | margin +11.52 | lr 1.09e-08 | 1.255M words | ETA 0:00:25
2026-07-19 19:45:20 | [0:20:59] step  1480/1500 | dpo 0.4004 | pref-acc 0.881 | mle  1.948 | margin +10.73 | lr 4.86e-09 | 1.263M words | ETA 0:00:17
2026-07-19 19:45:28 | [0:21:07] step  1490/1500 | dpo 0.4252 | pref-acc 0.881 | mle    nan | margin +11.50 | lr 1.22e-09 | 1.270M words | ETA 0:00:08
2026-07-19 19:45:35 | [0:21:14] step  1500/1500 | dpo 0.4400 | pref-acc 0.856 | mle    nan | margin +11.37 | lr 0.00e+00 | 1.277M words | ETA 0:00:00
2026-07-19 19:45:36 |   >> saved chck_dpo_1500
2026-07-19 19:45:36 | DONE: 1500 steps | 1.277M words seen (phase) | 0:21:15 | saved /Users/admin1/Downloads/babylm-eval/checkpoints/gptbert_small_dpo_op_rand/final
