2026-07-05 22:13:21 | === MP-DPO 'gptbert_small_dpo_s44' | device=mps ===
2026-07-05 22:13:21 | init=/Users/admin1/Downloads/babylm-eval/checkpoints/gptbert_small_v1/chck_70M
2026-07-05 22:13:21 | ref =/Users/admin1/Downloads/babylm-eval/checkpoints/gptbert_small_v1/chck_70M (frozen)
2026-07-05 22:13:21 | steps=1500 pairs/step=16 beta=0.1 lr=1e-05 mle_mix=0.5@1.0 | ckpt every 250
2026-07-05 22:13:23 | [0:00:02] step     1/1500 | dpo 0.7487 | pref-acc 0.375 | mle    nan | margin -0.95 | lr 1.33e-07 | 0.000M words | ETA 0:52:24
2026-07-05 22:13:33 | [0:00:11] step    10/1500 | dpo 0.7355 | pref-acc 0.514 | mle  1.801 | margin -0.68 | lr 1.33e-06 | 0.009M words | ETA 0:29:20
2026-07-05 22:13:42 | [0:00:21] step    20/1500 | dpo 0.6757 | pref-acc 0.481 | mle  1.864 | margin +0.52 | lr 2.67e-06 | 0.019M words | ETA 0:26:18
2026-07-05 22:13:51 | [0:00:30] step    30/1500 | dpo 0.7128 | pref-acc 0.400 | mle    nan | margin -0.28 | lr 4.00e-06 | 0.028M words | ETA 0:24:35
2026-07-05 22:14:01 | [0:00:39] step    40/1500 | dpo 0.6844 | pref-acc 0.438 | mle    nan | margin +0.25 | lr 5.33e-06 | 0.038M words | ETA 0:24:09
2026-07-05 22:14:11 | [0:00:49] step    50/1500 | dpo 0.7115 | pref-acc 0.475 | mle    nan | margin -0.13 | lr 6.67e-06 | 0.050M words | ETA 0:24:05
2026-07-05 22:14:20 | [0:00:59] step    60/1500 | dpo 0.6737 | pref-acc 0.506 | mle    nan | margin +0.56 | lr 8.00e-06 | 0.060M words | ETA 0:23:44
2026-07-05 22:14:31 | [0:01:09] step    70/1500 | dpo 0.7464 | pref-acc 0.550 | mle    nan | margin -0.91 | lr 9.33e-06 | 0.072M words | ETA 0:23:42
2026-07-05 22:14:40 | [0:01:18] step    80/1500 | dpo 0.6780 | pref-acc 0.519 | mle    nan | margin +0.51 | lr 1.00e-05 | 0.080M words | ETA 0:23:17
2026-07-05 22:14:48 | [0:01:27] step    90/1500 | dpo 0.6722 | pref-acc 0.556 | mle  1.622 | margin +0.70 | lr 1.00e-05 | 0.089M words | ETA 0:22:50
2026-07-05 22:14:56 | [0:01:35] step   100/1500 | dpo 0.6531 | pref-acc 0.662 | mle  2.125 | margin +1.01 | lr 9.99e-06 | 0.097M words | ETA 0:22:16
2026-07-05 22:15:04 | [0:01:43] step   110/1500 | dpo 0.6374 | pref-acc 0.688 | mle  2.258 | margin +1.41 | lr 9.99e-06 | 0.104M words | ETA 0:21:44
2026-07-05 22:15:13 | [0:01:52] step   120/1500 | dpo 0.6292 | pref-acc 0.625 | mle  2.156 | margin +1.54 | lr 9.98e-06 | 0.114M words | ETA 0:21:32
2026-07-05 22:15:22 | [0:02:00] step   130/1500 | dpo 0.6008 | pref-acc 0.650 | mle    nan | margin +2.19 | lr 9.96e-06 | 0.123M words | ETA 0:21:15
2026-07-05 22:15:32 | [0:02:10] step   140/1500 | dpo 0.5987 | pref-acc 0.637 | mle  2.124 | margin +2.25 | lr 9.95e-06 | 0.134M words | ETA 0:21:12
2026-07-05 22:15:40 | [0:02:19] step   150/1500 | dpo 0.6620 | pref-acc 0.675 | mle    nan | margin +0.79 | lr 9.93e-06 | 0.143M words | ETA 0:20:55
2026-07-05 22:15:47 | [0:02:25] step   160/1500 | dpo 0.7112 | pref-acc 0.619 | mle    nan | margin -0.19 | lr 9.91e-06 | 0.148M words | ETA 0:20:21
2026-07-05 22:15:57 | [0:02:36] step   170/1500 | dpo 0.6510 | pref-acc 0.700 | mle  1.959 | margin +1.07 | lr 9.89e-06 | 0.160M words | ETA 0:20:20
2026-07-05 22:16:04 | [0:02:43] step   180/1500 | dpo 0.6083 | pref-acc 0.713 | mle    nan | margin +1.86 | lr 9.87e-06 | 0.166M words | ETA 0:19:55
2026-07-05 22:16:13 | [0:02:52] step   190/1500 | dpo 0.5719 | pref-acc 0.725 | mle  2.187 | margin +2.80 | lr 9.84e-06 | 0.176M words | ETA 0:19:48
2026-07-05 22:16:22 | [0:03:01] step   200/1500 | dpo 0.6701 | pref-acc 0.669 | mle  1.786 | margin +0.57 | lr 9.81e-06 | 0.185M words | ETA 0:19:37
2026-07-05 22:16:32 | [0:03:11] step   210/1500 | dpo 0.6631 | pref-acc 0.694 | mle  2.345 | margin +0.92 | lr 9.78e-06 | 0.196M words | ETA 0:19:34
2026-07-05 22:16:42 | [0:03:21] step   220/1500 | dpo 0.6381 | pref-acc 0.738 | mle  2.188 | margin +1.33 | lr 9.75e-06 | 0.207M words | ETA 0:19:30
2026-07-05 22:16:52 | [0:03:31] step   230/1500 | dpo 0.6455 | pref-acc 0.694 | mle  2.042 | margin +1.11 | lr 9.71e-06 | 0.218M words | ETA 0:19:27
2026-07-05 22:17:01 | [0:03:39] step   240/1500 | dpo 0.6342 | pref-acc 0.662 | mle    nan | margin +1.55 | lr 9.67e-06 | 0.227M words | ETA 0:19:14
2026-07-05 22:17:09 | [0:03:47] step   250/1500 | dpo 0.7010 | pref-acc 0.662 | mle    nan | margin +0.19 | lr 9.63e-06 | 0.235M words | ETA 0:18:58
2026-07-05 22:17:09 |   >> saved chck_dpo_250
2026-07-05 22:17:15 | [0:03:54] step   260/1500 | dpo 0.5568 | pref-acc 0.694 | mle    nan | margin +3.36 | lr 9.59e-06 | 0.240M words | ETA 0:18:38
2026-07-05 22:17:24 | [0:04:03] step   270/1500 | dpo 0.6113 | pref-acc 0.781 | mle  1.997 | margin +1.94 | lr 9.55e-06 | 0.249M words | ETA 0:18:27
2026-07-05 22:17:32 | [0:04:10] step   280/1500 | dpo 0.5843 | pref-acc 0.738 | mle    nan | margin +2.58 | lr 9.50e-06 | 0.257M words | ETA 0:18:12
2026-07-05 22:17:37 | [0:04:16] step   290/1500 | dpo 0.6163 | pref-acc 0.731 | mle    nan | margin +1.86 | lr 9.45e-06 | 0.261M words | ETA 0:17:50
2026-07-05 22:17:46 | [0:04:25] step   300/1500 | dpo 0.5707 | pref-acc 0.769 | mle  2.259 | margin +2.95 | lr 9.40e-06 | 0.270M words | ETA 0:17:41
2026-07-05 22:17:54 | [0:04:33] step   310/1500 | dpo 0.5901 | pref-acc 0.700 | mle    nan | margin +2.63 | lr 9.34e-06 | 0.277M words | ETA 0:17:29
2026-07-05 22:18:02 | [0:04:41] step   320/1500 | dpo 0.5362 | pref-acc 0.756 | mle    nan | margin +3.93 | lr 9.29e-06 | 0.285M words | ETA 0:17:16
2026-07-05 22:18:12 | [0:04:50] step   330/1500 | dpo 0.6114 | pref-acc 0.750 | mle  1.837 | margin +2.09 | lr 9.23e-06 | 0.295M words | ETA 0:17:10
2026-07-05 22:18:24 | [0:05:02] step   340/1500 | dpo 0.5953 | pref-acc 0.806 | mle  1.886 | margin +2.22 | lr 9.17e-06 | 0.309M words | ETA 0:17:12
2026-07-05 22:18:34 | [0:05:12] step   350/1500 | dpo 0.5970 | pref-acc 0.750 | mle  2.933 | margin +2.40 | lr 9.11e-06 | 0.320M words | ETA 0:17:07
2026-07-05 22:18:42 | [0:05:21] step   360/1500 | dpo 0.5682 | pref-acc 0.812 | mle  1.976 | margin +2.96 | lr 9.05e-06 | 0.329M words | ETA 0:16:58
2026-07-05 22:18:51 | [0:05:30] step   370/1500 | dpo 0.5891 | pref-acc 0.750 | mle    nan | margin +2.63 | lr 8.98e-06 | 0.338M words | ETA 0:16:48
2026-07-05 22:18:59 | [0:05:38] step   380/1500 | dpo 0.5732 | pref-acc 0.719 | mle    nan | margin +2.76 | lr 8.91e-06 | 0.347M words | ETA 0:16:38
2026-07-05 22:19:09 | [0:05:47] step   390/1500 | dpo 0.6716 | pref-acc 0.725 | mle    nan | margin +0.73 | lr 8.84e-06 | 0.357M words | ETA 0:16:30
2026-07-05 22:19:18 | [0:05:56] step   400/1500 | dpo 0.5821 | pref-acc 0.744 | mle  2.003 | margin +2.74 | lr 8.77e-06 | 0.366M words | ETA 0:16:20
2026-07-05 22:19:24 | [0:06:02] step   410/1500 | dpo 0.5512 | pref-acc 0.825 | mle    nan | margin +3.58 | lr 8.70e-06 | 0.371M words | ETA 0:16:04
2026-07-05 22:19:31 | [0:06:10] step   420/1500 | dpo 0.6003 | pref-acc 0.781 | mle    nan | margin +2.48 | lr 8.62e-06 | 0.379M words | ETA 0:15:52
2026-07-05 22:19:39 | [0:06:18] step   430/1500 | dpo 0.5614 | pref-acc 0.775 | mle    nan | margin +3.42 | lr 8.55e-06 | 0.386M words | ETA 0:15:41
2026-07-05 22:19:50 | [0:06:29] step   440/1500 | dpo 0.5265 | pref-acc 0.738 | mle  2.092 | margin +4.09 | lr 8.47e-06 | 0.399M words | ETA 0:15:37
2026-07-05 22:19:58 | [0:06:36] step   450/1500 | dpo 0.5926 | pref-acc 0.713 | mle    nan | margin +2.55 | lr 8.39e-06 | 0.406M words | ETA 0:15:25
2026-07-05 22:20:06 | [0:06:45] step   460/1500 | dpo 0.6412 | pref-acc 0.725 | mle    nan | margin +1.46 | lr 8.30e-06 | 0.415M words | ETA 0:15:16
2026-07-05 22:20:14 | [0:06:52] step   470/1500 | dpo 0.5722 | pref-acc 0.756 | mle    nan | margin +3.10 | lr 8.22e-06 | 0.423M words | ETA 0:15:04
2026-07-05 22:20:23 | [0:07:02] step   480/1500 | dpo 0.5732 | pref-acc 0.825 | mle    nan | margin +2.84 | lr 8.14e-06 | 0.433M words | ETA 0:14:57
2026-07-05 22:20:32 | [0:07:10] step   490/1500 | dpo 0.6045 | pref-acc 0.838 | mle    nan | margin +2.22 | lr 8.05e-06 | 0.442M words | ETA 0:14:47
2026-07-05 22:20:41 | [0:07:19] step   500/1500 | dpo 0.6389 | pref-acc 0.744 | mle    nan | margin +1.89 | lr 7.96e-06 | 0.452M words | ETA 0:14:39
2026-07-05 22:20:41 |   >> saved chck_dpo_500
2026-07-05 22:20:49 | [0:07:28] step   510/1500 | dpo 0.6276 | pref-acc 0.744 | mle    nan | margin +1.61 | lr 7.87e-06 | 0.459M words | ETA 0:14:29
2026-07-05 22:20:56 | [0:07:34] step   520/1500 | dpo 0.5787 | pref-acc 0.769 | mle  2.259 | margin +3.02 | lr 7.78e-06 | 0.466M words | ETA 0:14:17
2026-07-05 22:21:04 | [0:07:42] step   530/1500 | dpo 0.5626 | pref-acc 0.756 | mle  1.985 | margin +3.37 | lr 7.69e-06 | 0.473M words | ETA 0:14:06
2026-07-05 22:21:12 | [0:07:51] step   540/1500 | dpo 0.5184 | pref-acc 0.762 | mle    nan | margin +4.23 | lr 7.59e-06 | 0.482M words | ETA 0:13:57
2026-07-05 22:21:19 | [0:07:58] step   550/1500 | dpo 0.5593 | pref-acc 0.762 | mle    nan | margin +3.42 | lr 7.50e-06 | 0.489M words | ETA 0:13:46
2026-07-05 22:21:27 | [0:08:06] step   560/1500 | dpo 0.5413 | pref-acc 0.794 | mle  2.533 | margin +3.91 | lr 7.40e-06 | 0.496M words | ETA 0:13:36
2026-07-05 22:21:36 | [0:08:14] step   570/1500 | dpo 0.5209 | pref-acc 0.794 | mle    nan | margin +4.20 | lr 7.31e-06 | 0.505M words | ETA 0:13:27
2026-07-05 22:21:44 | [0:08:23] step   580/1500 | dpo 0.5586 | pref-acc 0.725 | mle    nan | margin +3.68 | lr 7.21e-06 | 0.514M words | ETA 0:13:18
2026-07-05 22:21:54 | [0:08:32] step   590/1500 | dpo 0.5538 | pref-acc 0.781 | mle    nan | margin +3.98 | lr 7.11e-06 | 0.524M words | ETA 0:13:11
2026-07-05 22:22:02 | [0:08:41] step   600/1500 | dpo 0.5969 | pref-acc 0.794 | mle    nan | margin +2.73 | lr 7.01e-06 | 0.533M words | ETA 0:13:02
2026-07-05 22:22:12 | [0:08:50] step   610/1500 | dpo 0.5419 | pref-acc 0.750 | mle  2.396 | margin +3.85 | lr 6.91e-06 | 0.543M words | ETA 0:12:54
2026-07-05 22:22:22 | [0:09:01] step   620/1500 | dpo 0.5392 | pref-acc 0.787 | mle    nan | margin +3.81 | lr 6.80e-06 | 0.555M words | ETA 0:12:48
2026-07-05 22:22:33 | [0:09:12] step   630/1500 | dpo 0.5651 | pref-acc 0.769 | mle  2.037 | margin +3.62 | lr 6.70e-06 | 0.567M words | ETA 0:12:42
2026-07-05 22:22:43 | [0:09:21] step   640/1500 | dpo 0.5938 | pref-acc 0.762 | mle  2.182 | margin +3.00 | lr 6.60e-06 | 0.578M words | ETA 0:12:34
2026-07-05 22:22:53 | [0:09:31] step   650/1500 | dpo 0.5086 | pref-acc 0.863 | mle  2.130 | margin +4.41 | lr 6.49e-06 | 0.589M words | ETA 0:12:27
2026-07-05 22:23:04 | [0:09:42] step   660/1500 | dpo 0.5097 | pref-acc 0.800 | mle    nan | margin +4.90 | lr 6.39e-06 | 0.602M words | ETA 0:12:21
2026-07-05 22:23:13 | [0:09:52] step   670/1500 | dpo 0.7261 | pref-acc 0.750 | mle  2.225 | margin +0.12 | lr 6.28e-06 | 0.612M words | ETA 0:12:13
2026-07-05 22:23:23 | [0:10:01] step   680/1500 | dpo 0.5860 | pref-acc 0.725 | mle  2.451 | margin +3.36 | lr 6.17e-06 | 0.622M words | ETA 0:12:05
2026-07-05 22:23:31 | [0:10:10] step   690/1500 | dpo 0.4691 | pref-acc 0.775 | mle    nan | margin +5.84 | lr 6.07e-06 | 0.631M words | ETA 0:11:56
2026-07-05 22:23:43 | [0:10:22] step   700/1500 | dpo 0.4945 | pref-acc 0.738 | mle  2.260 | margin +5.61 | lr 5.96e-06 | 0.645M words | ETA 0:11:51
2026-07-05 22:23:53 | [0:10:31] step   710/1500 | dpo 0.6573 | pref-acc 0.819 | mle  2.368 | margin +1.99 | lr 5.85e-06 | 0.655M words | ETA 0:11:42
2026-07-05 22:24:01 | [0:10:40] step   720/1500 | dpo 0.5301 | pref-acc 0.775 | mle  2.028 | margin +3.87 | lr 5.74e-06 | 0.664M words | ETA 0:11:33
2026-07-05 22:24:10 | [0:10:48] step   730/1500 | dpo 0.5544 | pref-acc 0.787 | mle  2.563 | margin +3.79 | lr 5.63e-06 | 0.673M words | ETA 0:11:24
2026-07-05 22:24:18 | [0:10:57] step   740/1500 | dpo 0.5222 | pref-acc 0.812 | mle  1.728 | margin +4.95 | lr 5.52e-06 | 0.681M words | ETA 0:11:15
2026-07-05 22:24:28 | [0:11:06] step   750/1500 | dpo 0.5243 | pref-acc 0.800 | mle  2.492 | margin +3.98 | lr 5.41e-06 | 0.691M words | ETA 0:11:06
2026-07-05 22:24:28 |   >> saved chck_dpo_750
2026-07-05 22:24:38 | [0:11:17] step   760/1500 | dpo 0.5255 | pref-acc 0.775 | mle    nan | margin +4.04 | lr 5.30e-06 | 0.703M words | ETA 0:10:59
2026-07-05 22:24:48 | [0:11:26] step   770/1500 | dpo 0.5066 | pref-acc 0.819 | mle  2.118 | margin +4.84 | lr 5.19e-06 | 0.713M words | ETA 0:10:51
2026-07-05 22:24:56 | [0:11:34] step   780/1500 | dpo 0.5009 | pref-acc 0.831 | mle    nan | margin +4.73 | lr 5.08e-06 | 0.720M words | ETA 0:10:41
2026-07-05 22:25:05 | [0:11:43] step   790/1500 | dpo 0.5587 | pref-acc 0.806 | mle  2.407 | margin +3.87 | lr 4.97e-06 | 0.730M words | ETA 0:10:32
2026-07-05 22:25:16 | [0:11:54] step   800/1500 | dpo 0.6221 | pref-acc 0.756 | mle  2.204 | margin +1.92 | lr 4.86e-06 | 0.743M words | ETA 0:10:25
2026-07-05 22:25:25 | [0:12:03] step   810/1500 | dpo 0.4347 | pref-acc 0.844 | mle  2.028 | margin +7.16 | lr 4.75e-06 | 0.753M words | ETA 0:10:16
2026-07-05 22:25:31 | [0:12:10] step   820/1500 | dpo 0.5466 | pref-acc 0.775 | mle    nan | margin +3.72 | lr 4.64e-06 | 0.758M words | ETA 0:10:05
2026-07-05 22:25:41 | [0:12:20] step   830/1500 | dpo 0.5061 | pref-acc 0.762 | mle  1.616 | margin +4.93 | lr 4.53e-06 | 0.769M words | ETA 0:09:57
2026-07-05 22:25:51 | [0:12:30] step   840/1500 | dpo 0.6174 | pref-acc 0.781 | mle  1.907 | margin +1.91 | lr 4.42e-06 | 0.780M words | ETA 0:09:49
2026-07-05 22:25:58 | [0:12:37] step   850/1500 | dpo 0.4109 | pref-acc 0.762 | mle    nan | margin +7.99 | lr 4.31e-06 | 0.787M words | ETA 0:09:39
2026-07-05 22:26:06 | [0:12:44] step   860/1500 | dpo 0.5453 | pref-acc 0.819 | mle  2.291 | margin +3.77 | lr 4.20e-06 | 0.794M words | ETA 0:09:29
2026-07-05 22:26:15 | [0:12:54] step   870/1500 | dpo 0.5152 | pref-acc 0.806 | mle    nan | margin +5.35 | lr 4.10e-06 | 0.805M words | ETA 0:09:20
2026-07-05 22:26:24 | [0:13:02] step   880/1500 | dpo 0.4559 | pref-acc 0.825 | mle  2.616 | margin +6.20 | lr 3.99e-06 | 0.813M words | ETA 0:09:11
2026-07-05 22:26:31 | [0:13:10] step   890/1500 | dpo 0.4678 | pref-acc 0.800 | mle    nan | margin +5.78 | lr 3.88e-06 | 0.821M words | ETA 0:09:01
2026-07-05 22:26:40 | [0:13:19] step   900/1500 | dpo 0.4805 | pref-acc 0.838 | mle    nan | margin +5.46 | lr 3.77e-06 | 0.831M words | ETA 0:08:53
2026-07-05 22:26:47 | [0:13:25] step   910/1500 | dpo 0.5572 | pref-acc 0.762 | mle    nan | margin +3.68 | lr 3.67e-06 | 0.836M words | ETA 0:08:42
2026-07-05 22:26:54 | [0:13:33] step   920/1500 | dpo 0.6331 | pref-acc 0.812 | mle    nan | margin +1.65 | lr 3.56e-06 | 0.844M words | ETA 0:08:32
2026-07-05 22:27:03 | [0:13:41] step   930/1500 | dpo 0.5678 | pref-acc 0.800 | mle  1.884 | margin +3.16 | lr 3.45e-06 | 0.852M words | ETA 0:08:23
2026-07-05 22:27:14 | [0:13:52] step   940/1500 | dpo 0.4773 | pref-acc 0.844 | mle  2.258 | margin +5.46 | lr 3.35e-06 | 0.865M words | ETA 0:08:16
2026-07-05 22:27:24 | [0:14:02] step   950/1500 | dpo 0.4407 | pref-acc 0.844 | mle    nan | margin +7.09 | lr 3.25e-06 | 0.876M words | ETA 0:08:07
2026-07-05 22:27:33 | [0:14:12] step   960/1500 | dpo 0.4610 | pref-acc 0.756 | mle    nan | margin +6.45 | lr 3.14e-06 | 0.886M words | ETA 0:07:59
2026-07-05 22:27:41 | [0:14:19] step   970/1500 | dpo 0.5003 | pref-acc 0.794 | mle    nan | margin +4.98 | lr 3.04e-06 | 0.894M words | ETA 0:07:49
2026-07-05 22:27:49 | [0:14:28] step   980/1500 | dpo 0.5128 | pref-acc 0.831 | mle    nan | margin +4.49 | lr 2.94e-06 | 0.903M words | ETA 0:07:40
2026-07-05 22:28:00 | [0:14:39] step   990/1500 | dpo 0.5215 | pref-acc 0.838 | mle  3.471 | margin +4.40 | lr 2.84e-06 | 0.914M words | ETA 0:07:33
2026-07-05 22:28:10 | [0:14:48] step  1000/1500 | dpo 0.4464 | pref-acc 0.875 | mle  1.639 | margin +5.99 | lr 2.74e-06 | 0.924M words | ETA 0:07:24
2026-07-05 22:28:10 |   >> saved chck_dpo_1000
2026-07-05 22:28:20 | [0:14:59] step  1010/1500 | dpo 0.5681 | pref-acc 0.781 | mle  2.046 | margin +3.98 | lr 2.64e-06 | 0.933M words | ETA 0:07:16
2026-07-05 22:28:28 | [0:15:07] step  1020/1500 | dpo 0.5814 | pref-acc 0.787 | mle  1.874 | margin +2.77 | lr 2.55e-06 | 0.941M words | ETA 0:07:06
2026-07-05 22:28:35 | [0:15:14] step  1030/1500 | dpo 0.4687 | pref-acc 0.831 | mle    nan | margin +5.46 | lr 2.45e-06 | 0.947M words | ETA 0:06:57
2026-07-05 22:28:44 | [0:15:22] step  1040/1500 | dpo 0.5124 | pref-acc 0.738 | mle    nan | margin +4.58 | lr 2.36e-06 | 0.955M words | ETA 0:06:48
2026-07-05 22:28:51 | [0:15:30] step  1050/1500 | dpo 0.4768 | pref-acc 0.787 | mle    nan | margin +6.03 | lr 2.27e-06 | 0.963M words | ETA 0:06:38
2026-07-05 22:28:58 | [0:15:37] step  1060/1500 | dpo 0.5815 | pref-acc 0.794 | mle  2.002 | margin +3.67 | lr 2.17e-06 | 0.969M words | ETA 0:06:29
2026-07-05 22:29:05 | [0:15:44] step  1070/1500 | dpo 0.5593 | pref-acc 0.781 | mle    nan | margin +4.17 | lr 2.08e-06 | 0.976M words | ETA 0:06:19
2026-07-05 22:29:13 | [0:15:52] step  1080/1500 | dpo 0.5618 | pref-acc 0.825 | mle    nan | margin +3.26 | lr 1.99e-06 | 0.983M words | ETA 0:06:10
2026-07-05 22:29:20 | [0:15:59] step  1090/1500 | dpo 0.4958 | pref-acc 0.806 | mle    nan | margin +4.78 | lr 1.91e-06 | 0.989M words | ETA 0:06:00
2026-07-05 22:29:29 | [0:16:08] step  1100/1500 | dpo 0.5045 | pref-acc 0.781 | mle    nan | margin +5.09 | lr 1.82e-06 | 0.998M words | ETA 0:05:52
2026-07-05 22:29:37 | [0:16:16] step  1110/1500 | dpo 0.4496 | pref-acc 0.819 | mle    nan | margin +6.50 | lr 1.74e-06 | 1.006M words | ETA 0:05:42
2026-07-05 22:29:48 | [0:16:27] step  1120/1500 | dpo 0.5701 | pref-acc 0.825 | mle  2.359 | margin +2.75 | lr 1.65e-06 | 1.019M words | ETA 0:05:34
2026-07-05 22:29:58 | [0:16:37] step  1130/1500 | dpo 0.6017 | pref-acc 0.806 | mle  2.111 | margin +2.86 | lr 1.57e-06 | 1.030M words | ETA 0:05:26
2026-07-05 22:30:08 | [0:16:47] step  1140/1500 | dpo 0.5489 | pref-acc 0.787 | mle  1.874 | margin +3.71 | lr 1.49e-06 | 1.041M words | ETA 0:05:18
2026-07-05 22:30:18 | [0:16:57] step  1150/1500 | dpo 0.5573 | pref-acc 0.831 | mle  2.582 | margin +3.41 | lr 1.42e-06 | 1.053M words | ETA 0:05:09
2026-07-05 22:30:27 | [0:17:06] step  1160/1500 | dpo 0.4506 | pref-acc 0.800 | mle  2.217 | margin +6.43 | lr 1.34e-06 | 1.062M words | ETA 0:05:00
2026-07-05 22:30:34 | [0:17:13] step  1170/1500 | dpo 0.5617 | pref-acc 0.806 | mle  2.099 | margin +3.81 | lr 1.27e-06 | 1.068M words | ETA 0:04:51
2026-07-05 22:30:44 | [0:17:23] step  1180/1500 | dpo 0.5245 | pref-acc 0.800 | mle  2.183 | margin +4.32 | lr 1.19e-06 | 1.079M words | ETA 0:04:43
2026-07-05 22:30:53 | [0:17:31] step  1190/1500 | dpo 0.6123 | pref-acc 0.787 | mle  2.004 | margin +2.39 | lr 1.12e-06 | 1.087M words | ETA 0:04:33
2026-07-05 22:31:01 | [0:17:40] step  1200/1500 | dpo 0.5150 | pref-acc 0.806 | mle  2.165 | margin +4.39 | lr 1.05e-06 | 1.096M words | ETA 0:04:25
2026-07-05 22:31:09 | [0:17:48] step  1210/1500 | dpo 0.5026 | pref-acc 0.781 | mle  2.237 | margin +5.71 | lr 9.88e-07 | 1.103M words | ETA 0:04:16
2026-07-05 22:31:17 | [0:17:55] step  1220/1500 | dpo 0.4781 | pref-acc 0.825 | mle  2.275 | margin +6.16 | lr 9.23e-07 | 1.111M words | ETA 0:04:06
2026-07-05 22:31:24 | [0:18:02] step  1230/1500 | dpo 0.4466 | pref-acc 0.819 | mle  2.436 | margin +6.83 | lr 8.60e-07 | 1.117M words | ETA 0:03:57
2026-07-05 22:31:34 | [0:18:12] step  1240/1500 | dpo 0.4846 | pref-acc 0.819 | mle  2.853 | margin +5.05 | lr 7.99e-07 | 1.128M words | ETA 0:03:49
2026-07-05 22:31:41 | [0:18:19] step  1250/1500 | dpo 0.5898 | pref-acc 0.750 | mle    nan | margin +3.32 | lr 7.40e-07 | 1.135M words | ETA 0:03:39
2026-07-05 22:31:41 |   >> saved chck_dpo_1250
2026-07-05 22:31:49 | [0:18:27] step  1260/1500 | dpo 0.4211 | pref-acc 0.806 | mle    nan | margin +7.22 | lr 6.84e-07 | 1.142M words | ETA 0:03:31
2026-07-05 22:31:56 | [0:18:34] step  1270/1500 | dpo 0.6032 | pref-acc 0.831 | mle    nan | margin +3.49 | lr 6.29e-07 | 1.149M words | ETA 0:03:21
2026-07-05 22:32:07 | [0:18:45] step  1280/1500 | dpo 0.5663 | pref-acc 0.781 | mle  2.638 | margin +3.53 | lr 5.77e-07 | 1.162M words | ETA 0:03:13
2026-07-05 22:32:16 | [0:18:54] step  1290/1500 | dpo 0.4311 | pref-acc 0.850 | mle    nan | margin +6.91 | lr 5.26e-07 | 1.172M words | ETA 0:03:04
2026-07-05 22:32:23 | [0:19:01] step  1300/1500 | dpo 0.4956 | pref-acc 0.794 | mle    nan | margin +5.27 | lr 4.78e-07 | 1.178M words | ETA 0:02:55
2026-07-05 22:32:30 | [0:19:08] step  1310/1500 | dpo 0.5230 | pref-acc 0.794 | mle    nan | margin +4.57 | lr 4.32e-07 | 1.184M words | ETA 0:02:46
2026-07-05 22:32:36 | [0:19:14] step  1320/1500 | dpo 0.4044 | pref-acc 0.787 | mle    nan | margin +8.33 | lr 3.89e-07 | 1.190M words | ETA 0:02:37
2026-07-05 22:32:43 | [0:19:22] step  1330/1500 | dpo 0.5850 | pref-acc 0.819 | mle    nan | margin +3.30 | lr 3.47e-07 | 1.197M words | ETA 0:02:28
2026-07-05 22:32:53 | [0:19:32] step  1340/1500 | dpo 0.5571 | pref-acc 0.806 | mle  2.105 | margin +4.31 | lr 3.08e-07 | 1.209M words | ETA 0:02:20
2026-07-05 22:33:01 | [0:19:40] step  1350/1500 | dpo 0.4829 | pref-acc 0.812 | mle  1.733 | margin +5.44 | lr 2.71e-07 | 1.216M words | ETA 0:02:11
2026-07-05 22:33:12 | [0:19:51] step  1360/1500 | dpo 0.5927 | pref-acc 0.781 | mle  2.347 | margin +2.82 | lr 2.36e-07 | 1.229M words | ETA 0:02:02
2026-07-05 22:33:21 | [0:19:59] step  1370/1500 | dpo 0.5528 | pref-acc 0.794 | mle    nan | margin +3.63 | lr 2.04e-07 | 1.238M words | ETA 0:01:53
2026-07-05 22:33:31 | [0:20:10] step  1380/1500 | dpo 0.4869 | pref-acc 0.800 | mle  3.567 | margin +5.31 | lr 1.74e-07 | 1.250M words | ETA 0:01:45
2026-07-05 22:33:40 | [0:20:19] step  1390/1500 | dpo 0.4925 | pref-acc 0.781 | mle  2.343 | margin +6.22 | lr 1.46e-07 | 1.261M words | ETA 0:01:36
2026-07-05 22:33:51 | [0:20:30] step  1400/1500 | dpo 0.5199 | pref-acc 0.850 | mle  2.646 | margin +4.51 | lr 1.21e-07 | 1.273M words | ETA 0:01:27
2026-07-05 22:33:58 | [0:20:37] step  1410/1500 | dpo 0.4671 | pref-acc 0.812 | mle  2.471 | margin +6.21 | lr 9.81e-08 | 1.280M words | ETA 0:01:18
2026-07-05 22:34:07 | [0:20:46] step  1420/1500 | dpo 0.5354 | pref-acc 0.831 | mle    nan | margin +4.65 | lr 7.76e-08 | 1.289M words | ETA 0:01:10
2026-07-05 22:34:15 | [0:20:53] step  1430/1500 | dpo 0.5690 | pref-acc 0.850 | mle    nan | margin +3.63 | lr 5.94e-08 | 1.296M words | ETA 0:01:01
2026-07-05 22:34:24 | [0:21:03] step  1440/1500 | dpo 0.5513 | pref-acc 0.812 | mle  2.295 | margin +3.47 | lr 4.37e-08 | 1.306M words | ETA 0:00:52
2026-07-05 22:34:33 | [0:21:12] step  1450/1500 | dpo 0.5969 | pref-acc 0.825 | mle    nan | margin +2.94 | lr 3.03e-08 | 1.317M words | ETA 0:00:43
2026-07-05 22:34:41 | [0:21:20] step  1460/1500 | dpo 0.5573 | pref-acc 0.806 | mle    nan | margin +3.67 | lr 1.94e-08 | 1.324M words | ETA 0:00:35
2026-07-05 22:34:51 | [0:21:30] step  1470/1500 | dpo 0.5375 | pref-acc 0.838 | mle  1.575 | margin +4.25 | lr 1.09e-08 | 1.336M words | ETA 0:00:26
2026-07-05 22:34:59 | [0:21:38] step  1480/1500 | dpo 0.5146 | pref-acc 0.825 | mle    nan | margin +5.18 | lr 4.86e-09 | 1.343M words | ETA 0:00:17
2026-07-05 22:35:08 | [0:21:46] step  1490/1500 | dpo 0.4352 | pref-acc 0.781 | mle  2.260 | margin +6.85 | lr 1.22e-09 | 1.352M words | ETA 0:00:08
2026-07-05 22:35:15 | [0:21:54] step  1500/1500 | dpo 0.4582 | pref-acc 0.875 | mle    nan | margin +6.46 | lr 0.00e+00 | 1.360M words | ETA 0:00:00
2026-07-05 22:35:16 |   >> saved chck_dpo_1500
2026-07-05 22:35:16 | DONE: 1500 steps | 1.360M words seen (phase) | 0:21:55 | saved /Users/admin1/Downloads/babylm-eval/checkpoints/gptbert_small_dpo_s44/final
