2026-07-05 21:43:56 | === MP-DPO 'gptbert_small_dpo_s43' | device=mps ===
2026-07-05 21:43:56 | init=/Users/admin1/Downloads/babylm-eval/checkpoints/gptbert_small_v1/chck_70M
2026-07-05 21:43:56 | ref =/Users/admin1/Downloads/babylm-eval/checkpoints/gptbert_small_v1/chck_70M (frozen)
2026-07-05 21:43:56 | steps=1500 pairs/step=16 beta=0.1 lr=1e-05 mle_mix=0.5@1.0 | ckpt every 250
2026-07-05 21:44:00 | [0:00:03] step     1/1500 | dpo 0.6855 | pref-acc 0.438 | mle  1.849 | margin +0.28 | lr 1.33e-07 | 0.001M words | ETA 1:34:31
2026-07-05 21:44:09 | [0:00:12] step    10/1500 | dpo 0.6676 | pref-acc 0.479 | mle  3.668 | margin +0.64 | lr 1.33e-06 | 0.010M words | ETA 0:30:06
2026-07-05 21:44:19 | [0:00:22] step    20/1500 | dpo 0.6444 | pref-acc 0.438 | mle  2.280 | margin +1.22 | lr 2.67e-06 | 0.021M words | ETA 0:27:57
2026-07-05 21:44:28 | [0:00:31] step    30/1500 | dpo 0.7253 | pref-acc 0.394 | mle    nan | margin -0.50 | lr 4.00e-06 | 0.031M words | ETA 0:25:33
2026-07-05 21:44:36 | [0:00:39] step    40/1500 | dpo 0.7117 | pref-acc 0.456 | mle    nan | margin -0.28 | lr 5.33e-06 | 0.040M words | ETA 0:24:16
2026-07-05 21:44:47 | [0:00:50] step    50/1500 | dpo 0.7331 | pref-acc 0.463 | mle  2.299 | margin -0.68 | lr 6.67e-06 | 0.052M words | ETA 0:24:34
2026-07-05 21:44:55 | [0:00:58] step    60/1500 | dpo 0.7313 | pref-acc 0.531 | mle    nan | margin -0.55 | lr 8.00e-06 | 0.060M words | ETA 0:23:30
2026-07-05 21:45:04 | [0:01:07] step    70/1500 | dpo 0.7224 | pref-acc 0.519 | mle  1.685 | margin -0.43 | lr 9.33e-06 | 0.069M words | ETA 0:22:56
2026-07-05 21:45:12 | [0:01:15] step    80/1500 | dpo 0.7256 | pref-acc 0.537 | mle  2.257 | margin -0.44 | lr 1.00e-05 | 0.076M words | ETA 0:22:16
2026-07-05 21:45:21 | [0:01:24] step    90/1500 | dpo 0.6857 | pref-acc 0.525 | mle  2.083 | margin +0.26 | lr 1.00e-05 | 0.087M words | ETA 0:22:06
2026-07-05 21:45:31 | [0:01:34] step   100/1500 | dpo 0.6997 | pref-acc 0.556 | mle  1.487 | margin +0.06 | lr 9.99e-06 | 0.097M words | ETA 0:21:58
2026-07-05 21:45:40 | [0:01:43] step   110/1500 | dpo 0.6757 | pref-acc 0.600 | mle    nan | margin +0.50 | lr 9.99e-06 | 0.107M words | ETA 0:21:52
2026-07-05 21:45:51 | [0:01:54] step   120/1500 | dpo 0.6886 | pref-acc 0.569 | mle  2.002 | margin +0.35 | lr 9.98e-06 | 0.120M words | ETA 0:22:00
2026-07-05 21:46:00 | [0:02:03] step   130/1500 | dpo 0.6647 | pref-acc 0.606 | mle    nan | margin +0.89 | lr 9.96e-06 | 0.128M words | ETA 0:21:38
2026-07-05 21:46:08 | [0:02:10] step   140/1500 | dpo 0.6248 | pref-acc 0.681 | mle  2.140 | margin +1.55 | lr 9.95e-06 | 0.136M words | ETA 0:21:12
2026-07-05 21:46:16 | [0:02:19] step   150/1500 | dpo 0.6278 | pref-acc 0.688 | mle    nan | margin +1.55 | lr 9.93e-06 | 0.145M words | ETA 0:20:57
2026-07-05 21:46:24 | [0:02:27] step   160/1500 | dpo 0.6281 | pref-acc 0.700 | mle    nan | margin +1.69 | lr 9.91e-06 | 0.153M words | ETA 0:20:35
2026-07-05 21:46:33 | [0:02:36] step   170/1500 | dpo 0.6206 | pref-acc 0.675 | mle  2.038 | margin +1.71 | lr 9.89e-06 | 0.162M words | ETA 0:20:21
2026-07-05 21:46:43 | [0:02:46] step   180/1500 | dpo 0.6535 | pref-acc 0.681 | mle  3.893 | margin +1.16 | lr 9.87e-06 | 0.174M words | ETA 0:20:18
2026-07-05 21:46:53 | [0:02:56] step   190/1500 | dpo 0.6007 | pref-acc 0.662 | mle  2.558 | margin +2.11 | lr 9.84e-06 | 0.185M words | ETA 0:20:16
2026-07-05 21:46:59 | [0:03:02] step   200/1500 | dpo 0.6260 | pref-acc 0.706 | mle    nan | margin +1.95 | lr 9.81e-06 | 0.190M words | ETA 0:19:47
2026-07-05 21:47:09 | [0:03:12] step   210/1500 | dpo 0.5731 | pref-acc 0.731 | mle  2.147 | margin +2.87 | lr 9.78e-06 | 0.201M words | ETA 0:19:44
2026-07-05 21:47:18 | [0:03:21] step   220/1500 | dpo 0.6682 | pref-acc 0.775 | mle    nan | margin +0.74 | lr 9.75e-06 | 0.210M words | ETA 0:19:31
2026-07-05 21:47:26 | [0:03:29] step   230/1500 | dpo 0.5364 | pref-acc 0.700 | mle  2.360 | margin +3.64 | lr 9.71e-06 | 0.217M words | ETA 0:19:14
2026-07-05 21:47:35 | [0:03:38] step   240/1500 | dpo 0.5818 | pref-acc 0.725 | mle  2.149 | margin +2.61 | lr 9.67e-06 | 0.228M words | ETA 0:19:07
2026-07-05 21:47:41 | [0:03:44] step   250/1500 | dpo 0.6616 | pref-acc 0.688 | mle    nan | margin +0.96 | lr 9.63e-06 | 0.233M words | ETA 0:18:43
2026-07-05 21:47:42 |   >> saved chck_dpo_250
2026-07-05 21:47:50 | [0:03:52] step   260/1500 | dpo 0.5833 | pref-acc 0.688 | mle    nan | margin +2.61 | lr 9.59e-06 | 0.240M words | ETA 0:18:31
2026-07-05 21:47:57 | [0:04:00] step   270/1500 | dpo 0.5882 | pref-acc 0.744 | mle  3.175 | margin +2.48 | lr 9.55e-06 | 0.248M words | ETA 0:18:16
2026-07-05 21:48:08 | [0:04:11] step   280/1500 | dpo 0.6037 | pref-acc 0.694 | mle  1.856 | margin +2.07 | lr 9.50e-06 | 0.261M words | ETA 0:18:16
2026-07-05 21:48:17 | [0:04:20] step   290/1500 | dpo 0.6789 | pref-acc 0.706 | mle    nan | margin +0.73 | lr 9.45e-06 | 0.270M words | ETA 0:18:05
2026-07-05 21:48:26 | [0:04:29] step   300/1500 | dpo 0.6150 | pref-acc 0.738 | mle    nan | margin +1.84 | lr 9.40e-06 | 0.280M words | ETA 0:17:58
2026-07-05 21:48:33 | [0:04:36] step   310/1500 | dpo 0.5995 | pref-acc 0.744 | mle  2.419 | margin +2.38 | lr 9.34e-06 | 0.287M words | ETA 0:17:41
2026-07-05 21:48:42 | [0:04:45] step   320/1500 | dpo 0.6043 | pref-acc 0.675 | mle  2.333 | margin +2.39 | lr 9.29e-06 | 0.295M words | ETA 0:17:31
2026-07-05 21:48:48 | [0:04:51] step   330/1500 | dpo 0.5788 | pref-acc 0.769 | mle    nan | margin +2.85 | lr 9.23e-06 | 0.300M words | ETA 0:17:13
2026-07-05 21:48:59 | [0:05:02] step   340/1500 | dpo 0.6359 | pref-acc 0.762 | mle  2.481 | margin +1.70 | lr 9.17e-06 | 0.313M words | ETA 0:17:11
2026-07-05 21:49:09 | [0:05:12] step   350/1500 | dpo 0.5273 | pref-acc 0.762 | mle  2.023 | margin +3.85 | lr 9.11e-06 | 0.324M words | ETA 0:17:07
2026-07-05 21:49:16 | [0:05:19] step   360/1500 | dpo 0.5622 | pref-acc 0.713 | mle    nan | margin +3.38 | lr 9.05e-06 | 0.330M words | ETA 0:16:52
2026-07-05 21:49:22 | [0:05:25] step   370/1500 | dpo 0.5689 | pref-acc 0.775 | mle    nan | margin +3.02 | lr 8.98e-06 | 0.334M words | ETA 0:16:32
2026-07-05 21:49:30 | [0:05:33] step   380/1500 | dpo 0.5402 | pref-acc 0.713 | mle  2.211 | margin +3.54 | lr 8.91e-06 | 0.343M words | ETA 0:16:23
2026-07-05 21:49:40 | [0:05:43] step   390/1500 | dpo 0.5472 | pref-acc 0.756 | mle  2.321 | margin +3.68 | lr 8.84e-06 | 0.355M words | ETA 0:16:18
2026-07-05 21:49:49 | [0:05:52] step   400/1500 | dpo 0.5073 | pref-acc 0.850 | mle    nan | margin +4.69 | lr 8.77e-06 | 0.363M words | ETA 0:16:09
2026-07-05 21:49:57 | [0:06:00] step   410/1500 | dpo 0.6755 | pref-acc 0.794 | mle  2.640 | margin +0.71 | lr 8.70e-06 | 0.371M words | ETA 0:15:57
2026-07-05 21:50:03 | [0:06:06] step   420/1500 | dpo 0.5855 | pref-acc 0.738 | mle    nan | margin +2.95 | lr 8.62e-06 | 0.376M words | ETA 0:15:42
2026-07-05 21:50:11 | [0:06:14] step   430/1500 | dpo 0.6148 | pref-acc 0.806 | mle    nan | margin +2.11 | lr 8.55e-06 | 0.384M words | ETA 0:15:31
2026-07-05 21:50:20 | [0:06:22] step   440/1500 | dpo 0.6168 | pref-acc 0.781 | mle    nan | margin +1.83 | lr 8.47e-06 | 0.393M words | ETA 0:15:22
2026-07-05 21:50:29 | [0:06:32] step   450/1500 | dpo 0.5135 | pref-acc 0.787 | mle    nan | margin +4.93 | lr 8.39e-06 | 0.403M words | ETA 0:15:15
2026-07-05 21:50:35 | [0:06:38] step   460/1500 | dpo 0.5591 | pref-acc 0.806 | mle  2.151 | margin +3.41 | lr 8.30e-06 | 0.408M words | ETA 0:15:00
2026-07-05 21:50:43 | [0:06:46] step   470/1500 | dpo 0.5815 | pref-acc 0.762 | mle  2.253 | margin +3.11 | lr 8.22e-06 | 0.415M words | ETA 0:14:50
2026-07-05 21:50:51 | [0:06:54] step   480/1500 | dpo 0.5616 | pref-acc 0.775 | mle    nan | margin +3.38 | lr 8.14e-06 | 0.424M words | ETA 0:14:41
2026-07-05 21:50:58 | [0:07:01] step   490/1500 | dpo 0.4636 | pref-acc 0.775 | mle  3.013 | margin +6.09 | lr 8.05e-06 | 0.431M words | ETA 0:14:29
2026-07-05 21:51:07 | [0:07:10] step   500/1500 | dpo 0.6113 | pref-acc 0.762 | mle  2.285 | margin +2.29 | lr 7.96e-06 | 0.440M words | ETA 0:14:20
2026-07-05 21:51:07 |   >> saved chck_dpo_500
2026-07-05 21:51:18 | [0:07:21] step   510/1500 | dpo 0.5144 | pref-acc 0.762 | mle  2.584 | margin +4.83 | lr 7.87e-06 | 0.451M words | ETA 0:14:16
2026-07-05 21:51:28 | [0:07:31] step   520/1500 | dpo 0.6658 | pref-acc 0.787 | mle  2.030 | margin +1.20 | lr 7.78e-06 | 0.462M words | ETA 0:14:11
2026-07-05 21:51:38 | [0:07:41] step   530/1500 | dpo 0.6019 | pref-acc 0.713 | mle  2.292 | margin +2.73 | lr 7.69e-06 | 0.473M words | ETA 0:14:03
2026-07-05 21:51:45 | [0:07:48] step   540/1500 | dpo 0.5486 | pref-acc 0.825 | mle    nan | margin +3.51 | lr 7.59e-06 | 0.479M words | ETA 0:13:52
2026-07-05 21:51:52 | [0:07:55] step   550/1500 | dpo 0.5299 | pref-acc 0.838 | mle    nan | margin +4.04 | lr 7.50e-06 | 0.486M words | ETA 0:13:40
2026-07-05 21:52:01 | [0:08:03] step   560/1500 | dpo 0.6457 | pref-acc 0.744 | mle  2.751 | margin +1.42 | lr 7.40e-06 | 0.495M words | ETA 0:13:32
2026-07-05 21:52:09 | [0:08:12] step   570/1500 | dpo 0.5704 | pref-acc 0.856 | mle    nan | margin +3.16 | lr 7.31e-06 | 0.503M words | ETA 0:13:23
2026-07-05 21:52:16 | [0:08:19] step   580/1500 | dpo 0.5598 | pref-acc 0.800 | mle    nan | margin +3.43 | lr 7.21e-06 | 0.510M words | ETA 0:13:12
2026-07-05 21:52:25 | [0:08:28] step   590/1500 | dpo 0.5440 | pref-acc 0.775 | mle    nan | margin +3.90 | lr 7.11e-06 | 0.519M words | ETA 0:13:03
2026-07-05 21:52:34 | [0:08:37] step   600/1500 | dpo 0.5835 | pref-acc 0.787 | mle  2.068 | margin +2.89 | lr 7.01e-06 | 0.529M words | ETA 0:12:56
2026-07-05 21:52:43 | [0:08:46] step   610/1500 | dpo 0.6044 | pref-acc 0.781 | mle    nan | margin +2.34 | lr 6.91e-06 | 0.538M words | ETA 0:12:47
2026-07-05 21:52:50 | [0:08:53] step   620/1500 | dpo 0.6495 | pref-acc 0.794 | mle  1.780 | margin +1.52 | lr 6.80e-06 | 0.544M words | ETA 0:12:36
2026-07-05 21:53:01 | [0:09:04] step   630/1500 | dpo 0.4622 | pref-acc 0.831 | mle  1.922 | margin +5.46 | lr 6.70e-06 | 0.557M words | ETA 0:12:31
2026-07-05 21:53:10 | [0:09:13] step   640/1500 | dpo 0.5700 | pref-acc 0.800 | mle  2.050 | margin +3.77 | lr 6.60e-06 | 0.567M words | ETA 0:12:24
2026-07-05 21:53:17 | [0:09:20] step   650/1500 | dpo 0.5869 | pref-acc 0.787 | mle  2.105 | margin +2.75 | lr 6.49e-06 | 0.573M words | ETA 0:12:13
2026-07-05 21:53:27 | [0:09:30] step   660/1500 | dpo 0.5575 | pref-acc 0.787 | mle    nan | margin +3.50 | lr 6.39e-06 | 0.583M words | ETA 0:12:05
2026-07-05 21:53:35 | [0:09:38] step   670/1500 | dpo 0.5370 | pref-acc 0.819 | mle    nan | margin +4.60 | lr 6.28e-06 | 0.591M words | ETA 0:11:56
2026-07-05 21:53:43 | [0:09:46] step   680/1500 | dpo 0.5663 | pref-acc 0.787 | mle    nan | margin +3.15 | lr 6.17e-06 | 0.600M words | ETA 0:11:47
2026-07-05 21:53:51 | [0:09:54] step   690/1500 | dpo 0.5671 | pref-acc 0.800 | mle    nan | margin +3.32 | lr 6.07e-06 | 0.606M words | ETA 0:11:37
2026-07-05 21:53:59 | [0:10:02] step   700/1500 | dpo 0.6082 | pref-acc 0.838 | mle    nan | margin +2.51 | lr 5.96e-06 | 0.615M words | ETA 0:11:28
2026-07-05 21:54:11 | [0:10:13] step   710/1500 | dpo 0.5143 | pref-acc 0.775 | mle    nan | margin +4.76 | lr 5.85e-06 | 0.628M words | ETA 0:11:23
2026-07-05 21:54:22 | [0:10:25] step   720/1500 | dpo 0.5139 | pref-acc 0.825 | mle  2.109 | margin +4.37 | lr 5.74e-06 | 0.642M words | ETA 0:11:17
2026-07-05 21:54:31 | [0:10:34] step   730/1500 | dpo 0.5566 | pref-acc 0.787 | mle    nan | margin +3.17 | lr 5.63e-06 | 0.651M words | ETA 0:11:09
2026-07-05 21:54:38 | [0:10:41] step   740/1500 | dpo 0.4979 | pref-acc 0.787 | mle    nan | margin +5.25 | lr 5.52e-06 | 0.657M words | ETA 0:10:58
2026-07-05 21:54:46 | [0:10:49] step   750/1500 | dpo 0.5849 | pref-acc 0.750 | mle  2.576 | margin +2.95 | lr 5.41e-06 | 0.665M words | ETA 0:10:49
2026-07-05 21:54:47 |   >> saved chck_dpo_750
2026-07-05 21:54:54 | [0:10:57] step   760/1500 | dpo 0.5331 | pref-acc 0.756 | mle  2.049 | margin +4.11 | lr 5.30e-06 | 0.671M words | ETA 0:10:39
2026-07-05 21:55:02 | [0:11:05] step   770/1500 | dpo 0.5955 | pref-acc 0.738 | mle  2.410 | margin +2.91 | lr 5.19e-06 | 0.680M words | ETA 0:10:31
2026-07-05 21:55:11 | [0:11:14] step   780/1500 | dpo 0.4783 | pref-acc 0.831 | mle    nan | margin +5.35 | lr 5.08e-06 | 0.688M words | ETA 0:10:22
2026-07-05 21:55:21 | [0:11:24] step   790/1500 | dpo 0.4539 | pref-acc 0.825 | mle    nan | margin +6.45 | lr 4.97e-06 | 0.699M words | ETA 0:10:14
2026-07-05 21:55:30 | [0:11:33] step   800/1500 | dpo 0.5196 | pref-acc 0.750 | mle    nan | margin +4.13 | lr 4.86e-06 | 0.709M words | ETA 0:10:07
2026-07-05 21:55:41 | [0:11:44] step   810/1500 | dpo 0.4549 | pref-acc 0.844 | mle  1.870 | margin +6.29 | lr 4.75e-06 | 0.720M words | ETA 0:09:59
2026-07-05 21:55:49 | [0:11:52] step   820/1500 | dpo 0.4541 | pref-acc 0.744 | mle    nan | margin +6.64 | lr 4.64e-06 | 0.728M words | ETA 0:09:50
2026-07-05 21:55:59 | [0:12:02] step   830/1500 | dpo 0.4775 | pref-acc 0.825 | mle    nan | margin +5.91 | lr 4.53e-06 | 0.738M words | ETA 0:09:42
2026-07-05 21:56:07 | [0:12:10] step   840/1500 | dpo 0.4558 | pref-acc 0.787 | mle    nan | margin +5.78 | lr 4.42e-06 | 0.747M words | ETA 0:09:33
2026-07-05 21:56:16 | [0:12:19] step   850/1500 | dpo 0.5272 | pref-acc 0.831 | mle  1.895 | margin +4.68 | lr 4.31e-06 | 0.756M words | ETA 0:09:25
2026-07-05 21:56:24 | [0:12:27] step   860/1500 | dpo 0.5497 | pref-acc 0.794 | mle    nan | margin +3.95 | lr 4.20e-06 | 0.763M words | ETA 0:09:15
2026-07-05 21:56:31 | [0:12:34] step   870/1500 | dpo 0.5266 | pref-acc 0.844 | mle    nan | margin +4.77 | lr 4.10e-06 | 0.771M words | ETA 0:09:06
2026-07-05 21:56:41 | [0:12:44] step   880/1500 | dpo 0.5176 | pref-acc 0.781 | mle  2.038 | margin +4.67 | lr 3.99e-06 | 0.782M words | ETA 0:08:58
2026-07-05 21:56:49 | [0:12:52] step   890/1500 | dpo 0.5208 | pref-acc 0.794 | mle  2.066 | margin +4.40 | lr 3.88e-06 | 0.790M words | ETA 0:08:49
2026-07-05 21:56:58 | [0:13:01] step   900/1500 | dpo 0.5697 | pref-acc 0.794 | mle    nan | margin +3.26 | lr 3.77e-06 | 0.800M words | ETA 0:08:41
2026-07-05 21:57:07 | [0:13:10] step   910/1500 | dpo 0.5466 | pref-acc 0.775 | mle  2.287 | margin +4.14 | lr 3.67e-06 | 0.809M words | ETA 0:08:32
2026-07-05 21:57:16 | [0:13:18] step   920/1500 | dpo 0.5513 | pref-acc 0.838 | mle  2.625 | margin +3.75 | lr 3.56e-06 | 0.818M words | ETA 0:08:23
2026-07-05 21:57:24 | [0:13:27] step   930/1500 | dpo 0.5729 | pref-acc 0.838 | mle  2.355 | margin +3.14 | lr 3.45e-06 | 0.827M words | ETA 0:08:14
2026-07-05 21:57:35 | [0:13:38] step   940/1500 | dpo 0.5507 | pref-acc 0.800 | mle  2.030 | margin +3.77 | lr 3.35e-06 | 0.840M words | ETA 0:08:07
2026-07-05 21:57:45 | [0:13:48] step   950/1500 | dpo 0.5427 | pref-acc 0.775 | mle  2.313 | margin +4.52 | lr 3.25e-06 | 0.851M words | ETA 0:07:59
2026-07-05 21:57:54 | [0:13:57] step   960/1500 | dpo 0.5228 | pref-acc 0.775 | mle    nan | margin +4.69 | lr 3.14e-06 | 0.860M words | ETA 0:07:50
2026-07-05 21:58:02 | [0:14:05] step   970/1500 | dpo 0.5281 | pref-acc 0.769 | mle    nan | margin +4.56 | lr 3.04e-06 | 0.868M words | ETA 0:07:41
2026-07-05 21:58:09 | [0:14:12] step   980/1500 | dpo 0.5355 | pref-acc 0.831 | mle    nan | margin +4.10 | lr 2.94e-06 | 0.874M words | ETA 0:07:32
2026-07-05 21:58:19 | [0:14:22] step   990/1500 | dpo 0.4521 | pref-acc 0.838 | mle  1.790 | margin +6.54 | lr 2.84e-06 | 0.885M words | ETA 0:07:24
2026-07-05 21:58:28 | [0:14:30] step  1000/1500 | dpo 0.4788 | pref-acc 0.838 | mle  2.019 | margin +5.75 | lr 2.74e-06 | 0.894M words | ETA 0:07:15
2026-07-05 21:58:28 |   >> saved chck_dpo_1000
2026-07-05 21:58:37 | [0:14:39] step  1010/1500 | dpo 0.4368 | pref-acc 0.831 | mle    nan | margin +6.78 | lr 2.64e-06 | 0.903M words | ETA 0:07:06
2026-07-05 21:58:44 | [0:14:46] step  1020/1500 | dpo 0.4610 | pref-acc 0.787 | mle  2.063 | margin +6.31 | lr 2.55e-06 | 0.909M words | ETA 0:06:57
2026-07-05 21:58:53 | [0:14:56] step  1030/1500 | dpo 0.5581 | pref-acc 0.838 | mle  2.155 | margin +3.66 | lr 2.45e-06 | 0.920M words | ETA 0:06:49
2026-07-05 21:59:00 | [0:15:03] step  1040/1500 | dpo 0.6632 | pref-acc 0.769 | mle    nan | margin +1.86 | lr 2.36e-06 | 0.926M words | ETA 0:06:39
2026-07-05 21:59:09 | [0:15:12] step  1050/1500 | dpo 0.5467 | pref-acc 0.831 | mle  1.964 | margin +3.99 | lr 2.27e-06 | 0.936M words | ETA 0:06:31
2026-07-05 21:59:20 | [0:15:23] step  1060/1500 | dpo 0.5547 | pref-acc 0.794 | mle  2.268 | margin +4.60 | lr 2.17e-06 | 0.949M words | ETA 0:06:23
2026-07-05 21:59:26 | [0:15:29] step  1070/1500 | dpo 0.5564 | pref-acc 0.856 | mle    nan | margin +3.45 | lr 2.08e-06 | 0.954M words | ETA 0:06:13
2026-07-05 21:59:36 | [0:15:39] step  1080/1500 | dpo 0.5454 | pref-acc 0.781 | mle    nan | margin +3.66 | lr 1.99e-06 | 0.964M words | ETA 0:06:05
2026-07-05 21:59:44 | [0:15:46] step  1090/1500 | dpo 0.4804 | pref-acc 0.831 | mle  2.402 | margin +5.55 | lr 1.91e-06 | 0.971M words | ETA 0:05:56
2026-07-05 21:59:53 | [0:15:56] step  1100/1500 | dpo 0.5182 | pref-acc 0.794 | mle    nan | margin +4.50 | lr 1.82e-06 | 0.981M words | ETA 0:05:47
2026-07-05 22:00:02 | [0:16:05] step  1110/1500 | dpo 0.5978 | pref-acc 0.775 | mle  2.452 | margin +2.67 | lr 1.74e-06 | 0.992M words | ETA 0:05:39
2026-07-05 22:00:11 | [0:16:14] step  1120/1500 | dpo 0.4769 | pref-acc 0.787 | mle  1.802 | margin +5.37 | lr 1.65e-06 | 1.000M words | ETA 0:05:30
2026-07-05 22:00:20 | [0:16:22] step  1130/1500 | dpo 0.5475 | pref-acc 0.806 | mle  1.887 | margin +4.25 | lr 1.57e-06 | 1.009M words | ETA 0:05:21
2026-07-05 22:00:27 | [0:16:30] step  1140/1500 | dpo 0.5800 | pref-acc 0.819 | mle  2.274 | margin +3.30 | lr 1.49e-06 | 1.016M words | ETA 0:05:12
2026-07-05 22:00:36 | [0:16:39] step  1150/1500 | dpo 0.5800 | pref-acc 0.900 | mle    nan | margin +3.21 | lr 1.42e-06 | 1.026M words | ETA 0:05:04
2026-07-05 22:00:45 | [0:16:48] step  1160/1500 | dpo 0.4584 | pref-acc 0.856 | mle  1.878 | margin +5.88 | lr 1.34e-06 | 1.034M words | ETA 0:04:55
2026-07-05 22:00:55 | [0:16:57] step  1170/1500 | dpo 0.6317 | pref-acc 0.800 | mle  1.945 | margin +1.83 | lr 1.27e-06 | 1.045M words | ETA 0:04:47
2026-07-05 22:01:04 | [0:17:07] step  1180/1500 | dpo 0.5023 | pref-acc 0.775 | mle  2.251 | margin +4.97 | lr 1.19e-06 | 1.055M words | ETA 0:04:38
2026-07-05 22:01:11 | [0:17:14] step  1190/1500 | dpo 0.5211 | pref-acc 0.806 | mle    nan | margin +5.20 | lr 1.12e-06 | 1.061M words | ETA 0:04:29
2026-07-05 22:01:18 | [0:17:21] step  1200/1500 | dpo 0.4478 | pref-acc 0.812 | mle    nan | margin +6.50 | lr 1.05e-06 | 1.068M words | ETA 0:04:20
2026-07-05 22:01:27 | [0:17:30] step  1210/1500 | dpo 0.4647 | pref-acc 0.850 | mle    nan | margin +5.70 | lr 9.88e-07 | 1.078M words | ETA 0:04:11
2026-07-05 22:01:36 | [0:17:39] step  1220/1500 | dpo 0.4937 | pref-acc 0.825 | mle  2.136 | margin +5.69 | lr 9.23e-07 | 1.087M words | ETA 0:04:03
2026-07-05 22:01:45 | [0:17:48] step  1230/1500 | dpo 0.4778 | pref-acc 0.806 | mle  2.530 | margin +5.81 | lr 8.60e-07 | 1.097M words | ETA 0:03:54
2026-07-05 22:01:55 | [0:17:58] step  1240/1500 | dpo 0.4777 | pref-acc 0.787 | mle    nan | margin +6.56 | lr 7.99e-07 | 1.107M words | ETA 0:03:46
2026-07-05 22:02:02 | [0:18:05] step  1250/1500 | dpo 0.4832 | pref-acc 0.787 | mle    nan | margin +5.73 | lr 7.40e-07 | 1.113M words | ETA 0:03:37
2026-07-05 22:02:03 |   >> saved chck_dpo_1250
2026-07-05 22:02:12 | [0:18:15] step  1260/1500 | dpo 0.4283 | pref-acc 0.775 | mle    nan | margin +7.21 | lr 6.84e-07 | 1.124M words | ETA 0:03:28
2026-07-05 22:02:22 | [0:18:25] step  1270/1500 | dpo 0.5197 | pref-acc 0.787 | mle  2.401 | margin +4.83 | lr 6.29e-07 | 1.134M words | ETA 0:03:20
2026-07-05 22:02:28 | [0:18:31] step  1280/1500 | dpo 0.5318 | pref-acc 0.769 | mle    nan | margin +4.27 | lr 5.77e-07 | 1.139M words | ETA 0:03:10
2026-07-05 22:02:37 | [0:18:40] step  1290/1500 | dpo 0.4292 | pref-acc 0.819 | mle  3.559 | margin +7.39 | lr 5.26e-07 | 1.149M words | ETA 0:03:02
2026-07-05 22:02:46 | [0:18:49] step  1300/1500 | dpo 0.6551 | pref-acc 0.825 | mle    nan | margin +1.31 | lr 4.78e-07 | 1.159M words | ETA 0:02:53
2026-07-05 22:02:58 | [0:19:01] step  1310/1500 | dpo 0.5466 | pref-acc 0.806 | mle  1.533 | margin +3.70 | lr 4.32e-07 | 1.173M words | ETA 0:02:45
2026-07-05 22:03:04 | [0:19:07] step  1320/1500 | dpo 0.4405 | pref-acc 0.794 | mle  2.112 | margin +7.39 | lr 3.89e-07 | 1.178M words | ETA 0:02:36
2026-07-05 22:03:12 | [0:19:15] step  1330/1500 | dpo 0.5178 | pref-acc 0.838 | mle    nan | margin +4.69 | lr 3.47e-07 | 1.185M words | ETA 0:02:27
2026-07-05 22:03:22 | [0:19:25] step  1340/1500 | dpo 0.4243 | pref-acc 0.806 | mle    nan | margin +7.00 | lr 3.08e-07 | 1.195M words | ETA 0:02:19
2026-07-05 22:03:31 | [0:19:34] step  1350/1500 | dpo 0.5453 | pref-acc 0.756 | mle  2.057 | margin +4.40 | lr 2.71e-07 | 1.205M words | ETA 0:02:10
2026-07-05 22:03:42 | [0:19:45] step  1360/1500 | dpo 0.5229 | pref-acc 0.819 | mle  1.982 | margin +4.15 | lr 2.36e-07 | 1.217M words | ETA 0:02:02
2026-07-05 22:03:52 | [0:19:55] step  1370/1500 | dpo 0.6184 | pref-acc 0.806 | mle    nan | margin +2.28 | lr 2.04e-07 | 1.228M words | ETA 0:01:53
2026-07-05 22:04:00 | [0:20:03] step  1380/1500 | dpo 0.6420 | pref-acc 0.781 | mle    nan | margin +2.51 | lr 1.74e-07 | 1.236M words | ETA 0:01:44
2026-07-05 22:04:09 | [0:20:12] step  1390/1500 | dpo 0.6325 | pref-acc 0.756 | mle  2.201 | margin +1.67 | lr 1.46e-07 | 1.246M words | ETA 0:01:35
2026-07-05 22:04:18 | [0:20:21] step  1400/1500 | dpo 0.4964 | pref-acc 0.812 | mle    nan | margin +6.29 | lr 1.21e-07 | 1.255M words | ETA 0:01:27
2026-07-05 22:04:26 | [0:20:29] step  1410/1500 | dpo 0.4918 | pref-acc 0.806 | mle    nan | margin +5.32 | lr 9.81e-08 | 1.263M words | ETA 0:01:18
2026-07-05 22:04:34 | [0:20:37] step  1420/1500 | dpo 0.5335 | pref-acc 0.794 | mle    nan | margin +3.97 | lr 7.76e-08 | 1.272M words | ETA 0:01:09
2026-07-05 22:04:43 | [0:20:46] step  1430/1500 | dpo 0.4425 | pref-acc 0.794 | mle    nan | margin +6.85 | lr 5.94e-08 | 1.281M words | ETA 0:01:01
2026-07-05 22:04:52 | [0:20:54] step  1440/1500 | dpo 0.5651 | pref-acc 0.800 | mle    nan | margin +3.45 | lr 4.37e-08 | 1.289M words | ETA 0:00:52
2026-07-05 22:05:00 | [0:21:03] step  1450/1500 | dpo 0.4562 | pref-acc 0.831 | mle  1.923 | margin +6.36 | lr 3.03e-08 | 1.298M words | ETA 0:00:43
2026-07-05 22:05:08 | [0:21:11] step  1460/1500 | dpo 0.4980 | pref-acc 0.819 | mle    nan | margin +5.27 | lr 1.94e-08 | 1.306M words | ETA 0:00:34
2026-07-05 22:05:19 | [0:21:22] step  1470/1500 | dpo 0.5410 | pref-acc 0.775 | mle    nan | margin +3.87 | lr 1.09e-08 | 1.319M words | ETA 0:00:26
2026-07-05 22:05:29 | [0:21:32] step  1480/1500 | dpo 0.4458 | pref-acc 0.794 | mle  1.935 | margin +6.70 | lr 4.86e-09 | 1.329M words | ETA 0:00:17
2026-07-05 22:05:36 | [0:21:39] step  1490/1500 | dpo 0.6358 | pref-acc 0.794 | mle    nan | margin +1.78 | lr 1.22e-09 | 1.335M words | ETA 0:00:08
2026-07-05 22:05:46 | [0:21:49] step  1500/1500 | dpo 0.4650 | pref-acc 0.762 | mle    nan | margin +6.70 | lr 0.00e+00 | 1.347M words | ETA 0:00:00
2026-07-05 22:05:47 |   >> saved chck_dpo_1500
2026-07-05 22:05:47 | DONE: 1500 steps | 1.347M words seen (phase) | 0:21:50 | saved /Users/admin1/Downloads/babylm-eval/checkpoints/gptbert_small_dpo_s43/final
